 
****************************************
Report : qor
Design : dlx
Version: W-2024.09-SP2
Date   : Thu Sep 17 15:15:35 2026
****************************************


  Timing Path Group 'clk'
  -----------------------------------
  Levels of Logic:              30.00
  Critical Path Length:          1.62
  Critical Path Slack:           0.00
  Critical Path Clk Period:      1.89
  Total Negative Slack:          0.00
  No. of Violating Paths:        0.00
  Worst Hold Violation:          0.00
  Total Hold Violation:          0.00
  No. of Hold Violations:        0.00
  -----------------------------------


  Cell Count
  -----------------------------------
  Hierarchical Cell Count:         54
  Hierarchical Port Count:        572
  Leaf Cell Count:              13068
  Buf/Inv Cell Count:            1183
  Buf Cell Count:                 159
  Inv Cell Count:                1024
  CT Buf/Inv Cell Count:            0
  Combinational Cell Count:     10411
  Sequential Cell Count:         2657
  Macro Count:                      0
  -----------------------------------


  Area
  -----------------------------------
  Combinational Area:    11839.660066
  Noncombinational Area: 12011.229581
  Buf/Inv Area:            693.462003
  Total Buffer Area:           142.31
  Total Inverter Area:         551.15
  Macro/Black Box Area:      0.000000
  Net Area:                  0.000000
  -----------------------------------
  Cell Area:             23850.889647
  Design Area:           23850.889647


  Design Rules
  -----------------------------------
  Total Number of Nets:         13419
  Nets With Violations:             0
  Max Trans Violations:             0
  Max Cap Violations:               0
  -----------------------------------


  Hostname: microsys.openstack.polito

  Compile CPU Statistics
  -----------------------------------------
  Resource Sharing:                    0.01
  Logic Optimization:                  0.47
  Mapping Optimization:                8.49
  -----------------------------------------
  Overall Compile Time:               19.00
  Overall Compile Wall Clock Time:    19.42

  --------------------------------------------------------------------

  Design  WNS: 0.00  TNS: 0.00  Number of Violating Paths: 0


  Design (Hold)  WNS: 0.00  TNS: 0.00  Number of Violating Paths: 0

  --------------------------------------------------------------------


1
