 
****************************************
Report : qor
Design : dlx
Version: W-2024.09-SP2
Date   : Thu Sep 17 15:15:13 2026
****************************************


  Timing Path Group 'clk'
  -----------------------------------
  Levels of Logic:              33.00
  Critical Path Length:          1.71
  Critical Path Slack:           0.00
  Critical Path Clk Period:      1.88
  Total Negative Slack:          0.00
  No. of Violating Paths:        0.00
  Worst Hold Violation:          0.00
  Total Hold Violation:          0.00
  No. of Hold Violations:        0.00
  -----------------------------------


  Cell Count
  -----------------------------------
  Hierarchical Cell Count:        102
  Hierarchical Port Count:        717
  Leaf Cell Count:              13302
  Buf/Inv Cell Count:            1115
  Buf Cell Count:                 189
  Inv Cell Count:                 926
  CT Buf/Inv Cell Count:            0
  Combinational Cell Count:     10597
  Sequential Cell Count:         2705
  Macro Count:                      0
  -----------------------------------


  Area
  -----------------------------------
  Combinational Area:    12001.122053
  Noncombinational Area: 12174.287589
  Buf/Inv Area:            663.138002
  Total Buffer Area:           160.93
  Total Inverter Area:         502.21
  Macro/Black Box Area:      0.000000
  Net Area:                  0.000000
  -----------------------------------
  Cell Area:             24175.409642
  Design Area:           24175.409642


  Design Rules
  -----------------------------------
  Total Number of Nets:         13647
  Nets With Violations:             0
  Max Trans Violations:             0
  Max Cap Violations:               0
  -----------------------------------


  Hostname: microsys.openstack.polito

  Compile CPU Statistics
  -----------------------------------------
  Resource Sharing:                    0.01
  Logic Optimization:                  0.44
  Mapping Optimization:               18.96
  -----------------------------------------
  Overall Compile Time:               32.44
  Overall Compile Wall Clock Time:    32.94

  --------------------------------------------------------------------

  Design  WNS: 0.00  TNS: 0.00  Number of Violating Paths: 0


  Design (Hold)  WNS: 0.00  TNS: 0.00  Number of Violating Paths: 0

  --------------------------------------------------------------------


1
