 
****************************************
Report : timing
        -path full
        -delay min
        -nworst 5
        -max_paths 20
Design : dlx
Version: W-2024.09-SP2
Date   : Thu Sep 17 15:14:23 2026
****************************************

 # A fanout number of 1000 was used for high fanout net computations.

Operating Conditions: typical   Library: NangateOpenCellLibrary
Wire Load Model Mode: top

  Startpoint: R_14 (rising edge-triggered flip-flop clocked by clk)
  Endpoint: R_1310 (rising edge-triggered flip-flop clocked by clk)
  Path Group: clk
  Path Type: min

  Des/Clust/Port     Wire Load Model       Library
  ------------------------------------------------
  dlx                5K_hvratio_1_1        NangateOpenCellLibrary

  Point                                    Incr       Path
  -----------------------------------------------------------
  clock clk (rise edge)                    0.00       0.00
  clock network delay (ideal)              0.00       0.00
  R_14/CK (DFF_X1)                         0.00 #     0.00 r
  R_14/QN (DFF_X1)                         0.07       0.07 r
  R_1310/D (DFF_X1)                        0.01       0.08 r
  data arrival time                                   0.08

  clock clk (rise edge)                    0.00       0.00
  clock network delay (ideal)              0.00       0.00
  R_1310/CK (DFF_X1)                       0.00       0.00 r
  library hold time                        0.01       0.01
  data required time                                  0.01
  -----------------------------------------------------------
  data required time                                  0.01
  data arrival time                                  -0.08
  -----------------------------------------------------------
  slack (MET)                                         0.07


  Startpoint: R_14 (rising edge-triggered flip-flop clocked by clk)
  Endpoint: R_1310 (rising edge-triggered flip-flop clocked by clk)
  Path Group: clk
  Path Type: min

  Des/Clust/Port     Wire Load Model       Library
  ------------------------------------------------
  dlx                5K_hvratio_1_1        NangateOpenCellLibrary

  Point                                    Incr       Path
  -----------------------------------------------------------
  clock clk (rise edge)                    0.00       0.00
  clock network delay (ideal)              0.00       0.00
  R_14/CK (DFF_X1)                         0.00 #     0.00 r
  R_14/QN (DFF_X1)                         0.07       0.07 f
  R_1310/D (DFF_X1)                        0.01       0.08 f
  data arrival time                                   0.08

  clock clk (rise edge)                    0.00       0.00
  clock network delay (ideal)              0.00       0.00
  R_1310/CK (DFF_X1)                       0.00       0.00 r
  library hold time                        0.00       0.00
  data required time                                  0.00
  -----------------------------------------------------------
  data required time                                  0.00
  data arrival time                                  -0.08
  -----------------------------------------------------------
  slack (MET)                                         0.08


  Startpoint: if_stage_inst/current_pc_reg/reg_data_reg[0]
              (rising edge-triggered flip-flop clocked by clk)
  Endpoint: R_1015 (rising edge-triggered flip-flop clocked by clk)
  Path Group: clk
  Path Type: min

  Des/Clust/Port     Wire Load Model       Library
  ------------------------------------------------
  dlx                5K_hvratio_1_1        NangateOpenCellLibrary

  Point                                                   Incr       Path
  --------------------------------------------------------------------------
  clock clk (rise edge)                                   0.00       0.00
  clock network delay (ideal)                             0.00       0.00
  if_stage_inst/current_pc_reg/reg_data_reg[0]/CK (DFF_X1)
                                                          0.00 #     0.00 r
  if_stage_inst/current_pc_reg/reg_data_reg[0]/Q (DFF_X1)
                                                          0.08       0.08 f
  R_1015/D (DFF_X1)                                       0.01       0.10 f
  data arrival time                                                  0.10

  clock clk (rise edge)                                   0.00       0.00
  clock network delay (ideal)                             0.00       0.00
  R_1015/CK (DFF_X1)                                      0.00       0.00 r
  library hold time                                       0.00       0.00
  data required time                                                 0.00
  --------------------------------------------------------------------------
  data required time                                                 0.00
  data arrival time                                                 -0.10
  --------------------------------------------------------------------------
  slack (MET)                                                        0.09


  Startpoint: if_stage_inst/current_pc_reg/reg_data_reg[1]
              (rising edge-triggered flip-flop clocked by clk)
  Endpoint: R_1316 (rising edge-triggered flip-flop clocked by clk)
  Path Group: clk
  Path Type: min

  Des/Clust/Port     Wire Load Model       Library
  ------------------------------------------------
  dlx                5K_hvratio_1_1        NangateOpenCellLibrary

  Point                                                   Incr       Path
  --------------------------------------------------------------------------
  clock clk (rise edge)                                   0.00       0.00
  clock network delay (ideal)                             0.00       0.00
  if_stage_inst/current_pc_reg/reg_data_reg[1]/CK (DFF_X1)
                                                          0.00 #     0.00 r
  if_stage_inst/current_pc_reg/reg_data_reg[1]/Q (DFF_X1)
                                                          0.09       0.09 f
  R_1316/D (DFF_X1)                                       0.01       0.10 f
  data arrival time                                                  0.10

  clock clk (rise edge)                                   0.00       0.00
  clock network delay (ideal)                             0.00       0.00
  R_1316/CK (DFF_X1)                                      0.00       0.00 r
  library hold time                                       0.00       0.00
  data required time                                                 0.00
  --------------------------------------------------------------------------
  data required time                                                 0.00
  data arrival time                                                 -0.10
  --------------------------------------------------------------------------
  slack (MET)                                                        0.10


  Startpoint: id_stage_inst/immediate_reg/reg_data_reg[20]
              (rising edge-triggered flip-flop clocked by clk)
  Endpoint: id_stage_inst/immediate_reg/reg_data_reg[20]
            (rising edge-triggered flip-flop clocked by clk)
  Path Group: clk
  Path Type: min

  Des/Clust/Port     Wire Load Model       Library
  ------------------------------------------------
  dlx                5K_hvratio_1_1        NangateOpenCellLibrary

  Point                                                   Incr       Path
  --------------------------------------------------------------------------
  clock clk (rise edge)                                   0.00       0.00
  clock network delay (ideal)                             0.00       0.00
  id_stage_inst/immediate_reg/reg_data_reg[20]/CK (DFF_X1)
                                                          0.00 #     0.00 r
  id_stage_inst/immediate_reg/reg_data_reg[20]/QN (DFF_X1)
                                                          0.06       0.06 r
  U13768/ZN (OAI21_X1)                                    0.03       0.09 f
  id_stage_inst/immediate_reg/reg_data_reg[20]/D (DFF_X1)
                                                          0.01       0.10 f
  data arrival time                                                  0.10

  clock clk (rise edge)                                   0.00       0.00
  clock network delay (ideal)                             0.00       0.00
  id_stage_inst/immediate_reg/reg_data_reg[20]/CK (DFF_X1)
                                                          0.00       0.00 r
  library hold time                                       0.00       0.00
  data required time                                                 0.00
  --------------------------------------------------------------------------
  data required time                                                 0.00
  data arrival time                                                 -0.10
  --------------------------------------------------------------------------
  slack (MET)                                                        0.10


  Startpoint: id_stage_inst/immediate_reg/reg_data_reg[28]
              (rising edge-triggered flip-flop clocked by clk)
  Endpoint: id_stage_inst/immediate_reg/reg_data_reg[28]
            (rising edge-triggered flip-flop clocked by clk)
  Path Group: clk
  Path Type: min

  Des/Clust/Port     Wire Load Model       Library
  ------------------------------------------------
  dlx                5K_hvratio_1_1        NangateOpenCellLibrary

  Point                                                   Incr       Path
  --------------------------------------------------------------------------
  clock clk (rise edge)                                   0.00       0.00
  clock network delay (ideal)                             0.00       0.00
  id_stage_inst/immediate_reg/reg_data_reg[28]/CK (DFF_X1)
                                                          0.00 #     0.00 r
  id_stage_inst/immediate_reg/reg_data_reg[28]/QN (DFF_X1)
                                                          0.06       0.06 r
  U14065/ZN (OAI21_X1)                                    0.03       0.09 f
  id_stage_inst/immediate_reg/reg_data_reg[28]/D (DFF_X1)
                                                          0.01       0.10 f
  data arrival time                                                  0.10

  clock clk (rise edge)                                   0.00       0.00
  clock network delay (ideal)                             0.00       0.00
  id_stage_inst/immediate_reg/reg_data_reg[28]/CK (DFF_X1)
                                                          0.00       0.00 r
  library hold time                                       0.00       0.00
  data required time                                                 0.00
  --------------------------------------------------------------------------
  data required time                                                 0.00
  data arrival time                                                 -0.10
  --------------------------------------------------------------------------
  slack (MET)                                                        0.10


  Startpoint: id_stage_inst/immediate_reg/reg_data_reg[24]
              (rising edge-triggered flip-flop clocked by clk)
  Endpoint: id_stage_inst/immediate_reg/reg_data_reg[24]
            (rising edge-triggered flip-flop clocked by clk)
  Path Group: clk
  Path Type: min

  Des/Clust/Port     Wire Load Model       Library
  ------------------------------------------------
  dlx                5K_hvratio_1_1        NangateOpenCellLibrary

  Point                                                   Incr       Path
  --------------------------------------------------------------------------
  clock clk (rise edge)                                   0.00       0.00
  clock network delay (ideal)                             0.00       0.00
  id_stage_inst/immediate_reg/reg_data_reg[24]/CK (DFF_X1)
                                                          0.00 #     0.00 r
  id_stage_inst/immediate_reg/reg_data_reg[24]/QN (DFF_X1)
                                                          0.06       0.06 r
  U13911/ZN (OAI21_X1)                                    0.03       0.09 f
  id_stage_inst/immediate_reg/reg_data_reg[24]/D (DFF_X1)
                                                          0.01       0.10 f
  data arrival time                                                  0.10

  clock clk (rise edge)                                   0.00       0.00
  clock network delay (ideal)                             0.00       0.00
  id_stage_inst/immediate_reg/reg_data_reg[24]/CK (DFF_X1)
                                                          0.00       0.00 r
  library hold time                                       0.00       0.00
  data required time                                                 0.00
  --------------------------------------------------------------------------
  data required time                                                 0.00
  data arrival time                                                 -0.10
  --------------------------------------------------------------------------
  slack (MET)                                                        0.10


  Startpoint: id_stage_inst/immediate_reg/reg_data_reg[21]
              (rising edge-triggered flip-flop clocked by clk)
  Endpoint: id_stage_inst/immediate_reg/reg_data_reg[21]
            (rising edge-triggered flip-flop clocked by clk)
  Path Group: clk
  Path Type: min

  Des/Clust/Port     Wire Load Model       Library
  ------------------------------------------------
  dlx                5K_hvratio_1_1        NangateOpenCellLibrary

  Point                                                   Incr       Path
  --------------------------------------------------------------------------
  clock clk (rise edge)                                   0.00       0.00
  clock network delay (ideal)                             0.00       0.00
  id_stage_inst/immediate_reg/reg_data_reg[21]/CK (DFF_X1)
                                                          0.00 #     0.00 r
  id_stage_inst/immediate_reg/reg_data_reg[21]/QN (DFF_X1)
                                                          0.06       0.06 r
  U13763/ZN (OAI21_X1)                                    0.03       0.09 f
  id_stage_inst/immediate_reg/reg_data_reg[21]/D (DFF_X1)
                                                          0.01       0.10 f
  data arrival time                                                  0.10

  clock clk (rise edge)                                   0.00       0.00
  clock network delay (ideal)                             0.00       0.00
  id_stage_inst/immediate_reg/reg_data_reg[21]/CK (DFF_X1)
                                                          0.00       0.00 r
  library hold time                                       0.00       0.00
  data required time                                                 0.00
  --------------------------------------------------------------------------
  data required time                                                 0.00
  data arrival time                                                 -0.10
  --------------------------------------------------------------------------
  slack (MET)                                                        0.10


  Startpoint: id_stage_inst/immediate_reg/reg_data_reg[23]
              (rising edge-triggered flip-flop clocked by clk)
  Endpoint: id_stage_inst/immediate_reg/reg_data_reg[23]
            (rising edge-triggered flip-flop clocked by clk)
  Path Group: clk
  Path Type: min

  Des/Clust/Port     Wire Load Model       Library
  ------------------------------------------------
  dlx                5K_hvratio_1_1        NangateOpenCellLibrary

  Point                                                   Incr       Path
  --------------------------------------------------------------------------
  clock clk (rise edge)                                   0.00       0.00
  clock network delay (ideal)                             0.00       0.00
  id_stage_inst/immediate_reg/reg_data_reg[23]/CK (DFF_X1)
                                                          0.00 #     0.00 r
  id_stage_inst/immediate_reg/reg_data_reg[23]/QN (DFF_X1)
                                                          0.06       0.06 r
  U13589/ZN (OAI21_X1)                                    0.03       0.09 f
  id_stage_inst/immediate_reg/reg_data_reg[23]/D (DFF_X1)
                                                          0.01       0.10 f
  data arrival time                                                  0.10

  clock clk (rise edge)                                   0.00       0.00
  clock network delay (ideal)                             0.00       0.00
  id_stage_inst/immediate_reg/reg_data_reg[23]/CK (DFF_X1)
                                                          0.00       0.00 r
  library hold time                                       0.00       0.00
  data required time                                                 0.00
  --------------------------------------------------------------------------
  data required time                                                 0.00
  data arrival time                                                 -0.10
  --------------------------------------------------------------------------
  slack (MET)                                                        0.10


  Startpoint: id_stage_inst/immediate_reg/reg_data_reg[22]
              (rising edge-triggered flip-flop clocked by clk)
  Endpoint: id_stage_inst/immediate_reg/reg_data_reg[22]
            (rising edge-triggered flip-flop clocked by clk)
  Path Group: clk
  Path Type: min

  Des/Clust/Port     Wire Load Model       Library
  ------------------------------------------------
  dlx                5K_hvratio_1_1        NangateOpenCellLibrary

  Point                                                   Incr       Path
  --------------------------------------------------------------------------
  clock clk (rise edge)                                   0.00       0.00
  clock network delay (ideal)                             0.00       0.00
  id_stage_inst/immediate_reg/reg_data_reg[22]/CK (DFF_X1)
                                                          0.00 #     0.00 r
  id_stage_inst/immediate_reg/reg_data_reg[22]/QN (DFF_X1)
                                                          0.06       0.06 r
  U13594/ZN (OAI21_X1)                                    0.03       0.09 f
  id_stage_inst/immediate_reg/reg_data_reg[22]/D (DFF_X1)
                                                          0.01       0.10 f
  data arrival time                                                  0.10

  clock clk (rise edge)                                   0.00       0.00
  clock network delay (ideal)                             0.00       0.00
  id_stage_inst/immediate_reg/reg_data_reg[22]/CK (DFF_X1)
                                                          0.00       0.00 r
  library hold time                                       0.00       0.00
  data required time                                                 0.00
  --------------------------------------------------------------------------
  data required time                                                 0.00
  data arrival time                                                 -0.10
  --------------------------------------------------------------------------
  slack (MET)                                                        0.10


  Startpoint: id_stage_inst/reg_file_inst/reg_file_reg[8][0]
              (rising edge-triggered flip-flop clocked by clk)
  Endpoint: id_stage_inst/reg_file_inst/reg_file_reg[8][0]
            (rising edge-triggered flip-flop clocked by clk)
  Path Group: clk
  Path Type: min

  Des/Clust/Port     Wire Load Model       Library
  ------------------------------------------------
  dlx                5K_hvratio_1_1        NangateOpenCellLibrary

  Point                                                   Incr       Path
  --------------------------------------------------------------------------
  clock clk (rise edge)                                   0.00       0.00
  clock network delay (ideal)                             0.00       0.00
  id_stage_inst/reg_file_inst/reg_file_reg[8][0]/CK (DFF_X1)
                                                          0.00 #     0.00 r
  id_stage_inst/reg_file_inst/reg_file_reg[8][0]/QN (DFF_X1)
                                                          0.06       0.06 r
  id_stage_inst/reg_file_inst/U3026/ZN (OAI21_X1)         0.03       0.09 f
  id_stage_inst/reg_file_inst/reg_file_reg[8][0]/D (DFF_X1)
                                                          0.01       0.10 f
  data arrival time                                                  0.10

  clock clk (rise edge)                                   0.00       0.00
  clock network delay (ideal)                             0.00       0.00
  id_stage_inst/reg_file_inst/reg_file_reg[8][0]/CK (DFF_X1)
                                                          0.00       0.00 r
  library hold time                                       0.00       0.00
  data required time                                                 0.00
  --------------------------------------------------------------------------
  data required time                                                 0.00
  data arrival time                                                 -0.10
  --------------------------------------------------------------------------
  slack (MET)                                                        0.10


  Startpoint: id_stage_inst/immediate_reg/reg_data_reg[16]
              (rising edge-triggered flip-flop clocked by clk)
  Endpoint: id_stage_inst/immediate_reg/reg_data_reg[16]
            (rising edge-triggered flip-flop clocked by clk)
  Path Group: clk
  Path Type: min

  Des/Clust/Port     Wire Load Model       Library
  ------------------------------------------------
  dlx                5K_hvratio_1_1        NangateOpenCellLibrary

  Point                                                   Incr       Path
  --------------------------------------------------------------------------
  clock clk (rise edge)                                   0.00       0.00
  clock network delay (ideal)                             0.00       0.00
  id_stage_inst/immediate_reg/reg_data_reg[16]/CK (DFF_X1)
                                                          0.00 #     0.00 r
  id_stage_inst/immediate_reg/reg_data_reg[16]/QN (DFF_X1)
                                                          0.06       0.06 r
  U13636/ZN (OAI21_X1)                                    0.03       0.09 f
  id_stage_inst/immediate_reg/reg_data_reg[16]/D (DFF_X1)
                                                          0.01       0.10 f
  data arrival time                                                  0.10

  clock clk (rise edge)                                   0.00       0.00
  clock network delay (ideal)                             0.00       0.00
  id_stage_inst/immediate_reg/reg_data_reg[16]/CK (DFF_X1)
                                                          0.00       0.00 r
  library hold time                                       0.00       0.00
  data required time                                                 0.00
  --------------------------------------------------------------------------
  data required time                                                 0.00
  data arrival time                                                 -0.10
  --------------------------------------------------------------------------
  slack (MET)                                                        0.10


  Startpoint: id_stage_inst/immediate_reg/reg_data_reg[25]
              (rising edge-triggered flip-flop clocked by clk)
  Endpoint: id_stage_inst/immediate_reg/reg_data_reg[25]
            (rising edge-triggered flip-flop clocked by clk)
  Path Group: clk
  Path Type: min

  Des/Clust/Port     Wire Load Model       Library
  ------------------------------------------------
  dlx                5K_hvratio_1_1        NangateOpenCellLibrary

  Point                                                   Incr       Path
  --------------------------------------------------------------------------
  clock clk (rise edge)                                   0.00       0.00
  clock network delay (ideal)                             0.00       0.00
  id_stage_inst/immediate_reg/reg_data_reg[25]/CK (DFF_X1)
                                                          0.00 #     0.00 r
  id_stage_inst/immediate_reg/reg_data_reg[25]/QN (DFF_X1)
                                                          0.06       0.06 r
  U13916/ZN (OAI21_X1)                                    0.03       0.09 f
  id_stage_inst/immediate_reg/reg_data_reg[25]/D (DFF_X1)
                                                          0.01       0.10 f
  data arrival time                                                  0.10

  clock clk (rise edge)                                   0.00       0.00
  clock network delay (ideal)                             0.00       0.00
  id_stage_inst/immediate_reg/reg_data_reg[25]/CK (DFF_X1)
                                                          0.00       0.00 r
  library hold time                                       0.00       0.00
  data required time                                                 0.00
  --------------------------------------------------------------------------
  data required time                                                 0.00
  data arrival time                                                 -0.10
  --------------------------------------------------------------------------
  slack (MET)                                                        0.10


  Startpoint: id_stage_inst/immediate_reg/reg_data_reg[17]
              (rising edge-triggered flip-flop clocked by clk)
  Endpoint: id_stage_inst/immediate_reg/reg_data_reg[17]
            (rising edge-triggered flip-flop clocked by clk)
  Path Group: clk
  Path Type: min

  Des/Clust/Port     Wire Load Model       Library
  ------------------------------------------------
  dlx                5K_hvratio_1_1        NangateOpenCellLibrary

  Point                                                   Incr       Path
  --------------------------------------------------------------------------
  clock clk (rise edge)                                   0.00       0.00
  clock network delay (ideal)                             0.00       0.00
  id_stage_inst/immediate_reg/reg_data_reg[17]/CK (DFF_X1)
                                                          0.00 #     0.00 r
  id_stage_inst/immediate_reg/reg_data_reg[17]/QN (DFF_X1)
                                                          0.06       0.06 r
  U13613/ZN (OAI21_X1)                                    0.03       0.09 f
  id_stage_inst/immediate_reg/reg_data_reg[17]/D (DFF_X1)
                                                          0.01       0.10 f
  data arrival time                                                  0.10

  clock clk (rise edge)                                   0.00       0.00
  clock network delay (ideal)                             0.00       0.00
  id_stage_inst/immediate_reg/reg_data_reg[17]/CK (DFF_X1)
                                                          0.00       0.00 r
  library hold time                                       0.00       0.00
  data required time                                                 0.00
  --------------------------------------------------------------------------
  data required time                                                 0.00
  data arrival time                                                 -0.10
  --------------------------------------------------------------------------
  slack (MET)                                                        0.10


  Startpoint: id_stage_inst/immediate_reg/reg_data_reg[19]
              (rising edge-triggered flip-flop clocked by clk)
  Endpoint: id_stage_inst/immediate_reg/reg_data_reg[19]
            (rising edge-triggered flip-flop clocked by clk)
  Path Group: clk
  Path Type: min

  Des/Clust/Port     Wire Load Model       Library
  ------------------------------------------------
  dlx                5K_hvratio_1_1        NangateOpenCellLibrary

  Point                                                   Incr       Path
  --------------------------------------------------------------------------
  clock clk (rise edge)                                   0.00       0.00
  clock network delay (ideal)                             0.00       0.00
  id_stage_inst/immediate_reg/reg_data_reg[19]/CK (DFF_X1)
                                                          0.00 #     0.00 r
  id_stage_inst/immediate_reg/reg_data_reg[19]/QN (DFF_X1)
                                                          0.06       0.06 r
  U13618/ZN (OAI21_X1)                                    0.03       0.09 f
  id_stage_inst/immediate_reg/reg_data_reg[19]/D (DFF_X1)
                                                          0.01       0.10 f
  data arrival time                                                  0.10

  clock clk (rise edge)                                   0.00       0.00
  clock network delay (ideal)                             0.00       0.00
  id_stage_inst/immediate_reg/reg_data_reg[19]/CK (DFF_X1)
                                                          0.00       0.00 r
  library hold time                                       0.00       0.00
  data required time                                                 0.00
  --------------------------------------------------------------------------
  data required time                                                 0.00
  data arrival time                                                 -0.10
  --------------------------------------------------------------------------
  slack (MET)                                                        0.10


  Startpoint: id_stage_inst/immediate_reg/reg_data_reg[18]
              (rising edge-triggered flip-flop clocked by clk)
  Endpoint: id_stage_inst/immediate_reg/reg_data_reg[18]
            (rising edge-triggered flip-flop clocked by clk)
  Path Group: clk
  Path Type: min

  Des/Clust/Port     Wire Load Model       Library
  ------------------------------------------------
  dlx                5K_hvratio_1_1        NangateOpenCellLibrary

  Point                                                   Incr       Path
  --------------------------------------------------------------------------
  clock clk (rise edge)                                   0.00       0.00
  clock network delay (ideal)                             0.00       0.00
  id_stage_inst/immediate_reg/reg_data_reg[18]/CK (DFF_X1)
                                                          0.00 #     0.00 r
  id_stage_inst/immediate_reg/reg_data_reg[18]/QN (DFF_X1)
                                                          0.06       0.06 r
  U13620/ZN (OAI21_X1)                                    0.03       0.09 f
  id_stage_inst/immediate_reg/reg_data_reg[18]/D (DFF_X1)
                                                          0.01       0.10 f
  data arrival time                                                  0.10

  clock clk (rise edge)                                   0.00       0.00
  clock network delay (ideal)                             0.00       0.00
  id_stage_inst/immediate_reg/reg_data_reg[18]/CK (DFF_X1)
                                                          0.00       0.00 r
  library hold time                                       0.00       0.00
  data required time                                                 0.00
  --------------------------------------------------------------------------
  data required time                                                 0.00
  data arrival time                                                 -0.10
  --------------------------------------------------------------------------
  slack (MET)                                                        0.10


  Startpoint: id_stage_inst/reg_file_inst/reg_file_reg[6][0]
              (rising edge-triggered flip-flop clocked by clk)
  Endpoint: id_stage_inst/reg_file_inst/reg_file_reg[6][0]
            (rising edge-triggered flip-flop clocked by clk)
  Path Group: clk
  Path Type: min

  Des/Clust/Port     Wire Load Model       Library
  ------------------------------------------------
  dlx                5K_hvratio_1_1        NangateOpenCellLibrary

  Point                                                   Incr       Path
  --------------------------------------------------------------------------
  clock clk (rise edge)                                   0.00       0.00
  clock network delay (ideal)                             0.00       0.00
  id_stage_inst/reg_file_inst/reg_file_reg[6][0]/CK (DFF_X1)
                                                          0.00 #     0.00 r
  id_stage_inst/reg_file_inst/reg_file_reg[6][0]/QN (DFF_X1)
                                                          0.06       0.06 r
  id_stage_inst/reg_file_inst/U3034/ZN (OAI21_X1)         0.03       0.09 f
  id_stage_inst/reg_file_inst/reg_file_reg[6][0]/D (DFF_X1)
                                                          0.01       0.10 f
  data arrival time                                                  0.10

  clock clk (rise edge)                                   0.00       0.00
  clock network delay (ideal)                             0.00       0.00
  id_stage_inst/reg_file_inst/reg_file_reg[6][0]/CK (DFF_X1)
                                                          0.00       0.00 r
  library hold time                                       0.00       0.00
  data required time                                                 0.00
  --------------------------------------------------------------------------
  data required time                                                 0.00
  data arrival time                                                 -0.10
  --------------------------------------------------------------------------
  slack (MET)                                                        0.10


  Startpoint: id_stage_inst/reg_file_inst/reg_file_reg[14][0]
              (rising edge-triggered flip-flop clocked by clk)
  Endpoint: id_stage_inst/reg_file_inst/reg_file_reg[14][0]
            (rising edge-triggered flip-flop clocked by clk)
  Path Group: clk
  Path Type: min

  Des/Clust/Port     Wire Load Model       Library
  ------------------------------------------------
  dlx                5K_hvratio_1_1        NangateOpenCellLibrary

  Point                                                   Incr       Path
  --------------------------------------------------------------------------
  clock clk (rise edge)                                   0.00       0.00
  clock network delay (ideal)                             0.00       0.00
  id_stage_inst/reg_file_inst/reg_file_reg[14][0]/CK (DFF_X1)
                                                          0.00 #     0.00 r
  id_stage_inst/reg_file_inst/reg_file_reg[14][0]/QN (DFF_X1)
                                                          0.06       0.06 r
  id_stage_inst/reg_file_inst/U3040/ZN (OAI21_X1)         0.03       0.09 f
  id_stage_inst/reg_file_inst/reg_file_reg[14][0]/D (DFF_X1)
                                                          0.01       0.10 f
  data arrival time                                                  0.10

  clock clk (rise edge)                                   0.00       0.00
  clock network delay (ideal)                             0.00       0.00
  id_stage_inst/reg_file_inst/reg_file_reg[14][0]/CK (DFF_X1)
                                                          0.00       0.00 r
  library hold time                                       0.00       0.00
  data required time                                                 0.00
  --------------------------------------------------------------------------
  data required time                                                 0.00
  data arrival time                                                 -0.10
  --------------------------------------------------------------------------
  slack (MET)                                                        0.10


  Startpoint: id_stage_inst/reg_file_inst/reg_file_reg[22][0]
              (rising edge-triggered flip-flop clocked by clk)
  Endpoint: id_stage_inst/reg_file_inst/reg_file_reg[22][0]
            (rising edge-triggered flip-flop clocked by clk)
  Path Group: clk
  Path Type: min

  Des/Clust/Port     Wire Load Model       Library
  ------------------------------------------------
  dlx                5K_hvratio_1_1        NangateOpenCellLibrary

  Point                                                   Incr       Path
  --------------------------------------------------------------------------
  clock clk (rise edge)                                   0.00       0.00
  clock network delay (ideal)                             0.00       0.00
  id_stage_inst/reg_file_inst/reg_file_reg[22][0]/CK (DFF_X1)
                                                          0.00 #     0.00 r
  id_stage_inst/reg_file_inst/reg_file_reg[22][0]/QN (DFF_X1)
                                                          0.06       0.06 r
  id_stage_inst/reg_file_inst/U3048/ZN (OAI21_X1)         0.03       0.09 f
  id_stage_inst/reg_file_inst/reg_file_reg[22][0]/D (DFF_X1)
                                                          0.01       0.10 f
  data arrival time                                                  0.10

  clock clk (rise edge)                                   0.00       0.00
  clock network delay (ideal)                             0.00       0.00
  id_stage_inst/reg_file_inst/reg_file_reg[22][0]/CK (DFF_X1)
                                                          0.00       0.00 r
  library hold time                                       0.00       0.00
  data required time                                                 0.00
  --------------------------------------------------------------------------
  data required time                                                 0.00
  data arrival time                                                 -0.10
  --------------------------------------------------------------------------
  slack (MET)                                                        0.10


  Startpoint: id_stage_inst/pc_plus4_reg/reg_data_reg[31]
              (rising edge-triggered flip-flop clocked by clk)
  Endpoint: id_stage_inst/pc_plus4_reg/reg_data_reg[31]
            (rising edge-triggered flip-flop clocked by clk)
  Path Group: clk
  Path Type: min

  Des/Clust/Port     Wire Load Model       Library
  ------------------------------------------------
  dlx                5K_hvratio_1_1        NangateOpenCellLibrary

  Point                                                   Incr       Path
  --------------------------------------------------------------------------
  clock clk (rise edge)                                   0.00       0.00
  clock network delay (ideal)                             0.00       0.00
  id_stage_inst/pc_plus4_reg/reg_data_reg[31]/CK (DFF_X1)
                                                          0.00 #     0.00 r
  id_stage_inst/pc_plus4_reg/reg_data_reg[31]/QN (DFF_X1)
                                                          0.06       0.06 r
  U14693/ZN (OAI21_X1)                                    0.03       0.09 f
  id_stage_inst/pc_plus4_reg/reg_data_reg[31]/D (DFF_X1)
                                                          0.01       0.10 f
  data arrival time                                                  0.10

  clock clk (rise edge)                                   0.00       0.00
  clock network delay (ideal)                             0.00       0.00
  id_stage_inst/pc_plus4_reg/reg_data_reg[31]/CK (DFF_X1)
                                                          0.00       0.00 r
  library hold time                                       0.00       0.00
  data required time                                                 0.00
  --------------------------------------------------------------------------
  data required time                                                 0.00
  data arrival time                                                 -0.10
  --------------------------------------------------------------------------
  slack (MET)                                                        0.10


1
