Information: Updating design information... (UID-85)
 
****************************************
Report : qor
Design : dlx
Version: W-2024.09-SP2
Date   : Wed Sep 16 04:56:23 2026
****************************************


  Timing Path Group 'clk'
  -----------------------------------
  Levels of Logic:              33.00
  Critical Path Length:          1.74
  Critical Path Slack:          -0.77
  Critical Path Clk Period:      1.00
  Total Negative Slack:       -582.44
  No. of Violating Paths:     1351.00
  Worst Hold Violation:          0.00
  Total Hold Violation:          0.00
  No. of Hold Violations:        0.00
  -----------------------------------


  Cell Count
  -----------------------------------
  Hierarchical Cell Count:         55
  Hierarchical Port Count:        575
  Leaf Cell Count:              14175
  Buf/Inv Cell Count:            1329
  Buf Cell Count:                 178
  Inv Cell Count:                1151
  CT Buf/Inv Cell Count:            0
  Combinational Cell Count:     11492
  Sequential Cell Count:         2683
  Macro Count:                      0
  -----------------------------------


  Area
  -----------------------------------
  Combinational Area:    12935.846026
  Noncombinational Area: 12159.391580
  Buf/Inv Area:            784.168003
  Total Buffer Area:           156.41
  Total Inverter Area:         627.76
  Macro/Black Box Area:      0.000000
  Net Area:                  0.000000
  -----------------------------------
  Cell Area:             25095.237606
  Design Area:           25095.237606


  Design Rules
  -----------------------------------
  Total Number of Nets:         14646
  Nets With Violations:             0
  Max Trans Violations:             0
  Max Cap Violations:               0
  -----------------------------------


  Hostname: microsys.openstack.polito

  Compile CPU Statistics
  -----------------------------------------
  Resource Sharing:                    0.01
  Logic Optimization:                  0.48
  Mapping Optimization:               20.59
  -----------------------------------------
  Overall Compile Time:               35.95
  Overall Compile Wall Clock Time:    36.53

  --------------------------------------------------------------------

  Design  WNS: 0.77  TNS: 582.44  Number of Violating Paths: 1351


  Design (Hold)  WNS: 0.00  TNS: 0.00  Number of Violating Paths: 0

  --------------------------------------------------------------------


1
