###############################################################
#  Generated by:      Cadence Innovus 23.35-s106_1
#  OS:                Linux x86_64(Host ID microsys.openstack.polito)
#  Generated on:      Fri Sep 18 15:45:33 2026
#  Design:            dlx
#  Command:           report_ccopt_clock_trees -file reports/final/clock_trees.rpt
###############################################################

Clock DAG stats:
================

---------------------------------------------------------
Cell type                 Count    Area       Capacitance
---------------------------------------------------------
Buffers                    362     438.900      484.262
Inverters                  154     181.944      813.520
Integrated Clock Gates       0       0.000        0.000
Discrete Clock Gates        52      79.002      100.749
Clock Logic                  0       0.000        0.000
All                        568     699.846     1398.531
---------------------------------------------------------

Clock DAG miscellaneous counts:
===============================

------------------------------
Type                     Count
------------------------------
Roots                      1
Preserved Ports            0
Multiple Clock Inputs      0
------------------------------


Clock DAG sink counts:
======================

-------------------------
Sink type           Count
-------------------------
Regular             2600
Enable Latch          52
Load Capacitance       0
Antenna Diode          0
Node Sink              0
Total               2652
-------------------------


Clock DAG wire lengths:
=======================

--------------------
Type     Wire Length
--------------------
Top           0.000
Trunk      6488.535
Leaf      11499.280
Total     17987.815
--------------------


Clock DAG hp wire lengths:
==========================

-----------------------
Type     hp Wire Length
-----------------------
Top            0.000
Trunk       6013.460
Leaf        7064.000
Total      13077.460
-----------------------


Clock DAG capacitances:
=======================

-----------------------------------------
Type     Gate        Wire        Total
-----------------------------------------
Top         0.000       0.000       0.000
Trunk    1447.705     729.659    2177.364
Leaf     2364.786    1355.260    3720.046
Total    3812.491    2084.919    5897.410
-----------------------------------------


Clock DAG sink capacitances:
============================

--------------------------------------------------
Total       Average    Std. Dev.    Min      Max
--------------------------------------------------
2413.960     0.910       0.005      0.890    0.946
--------------------------------------------------


Clock DAG net violations:
=========================

------------------------------------------------------------------------------------------------------------------------------------------------------
Type                    Units    Count    Average    Std. Dev.    Sum      Top 10 violations
------------------------------------------------------------------------------------------------------------------------------------------------------
Remaining Transition    ns        144      0.004       0.003      0.600    [0.015, 0.012, 0.011, 0.011, 0.010, 0.010, 0.009, 0.009, 0.009, 0.009, ...]
------------------------------------------------------------------------------------------------------------------------------------------------------


Clock DAG primary half-corner transition distribution:
======================================================

---------------------------------------------------------------------------------------------------------------------------------------------------------------------------------------------------------------------------------
Net Type    Target    Count    Average    Std. Dev.    Min      Max      Distribution                                                                    Over Target
---------------------------------------------------------------------------------------------------------------------------------------------------------------------------------------------------------------------------------
Trunk       0.050      295      0.032       0.012      0.003    0.061    {165 <= 0.030ns, 43 <= 0.040ns, 22 <= 0.045ns, 18 <= 0.048ns, 16 <= 0.050ns}    {8 <= 0.052ns, 13 <= 0.055ns, 9 <= 0.060ns, 1 <= 0.075ns, 0 > 0.075ns}
Leaf        0.050      274      0.048       0.007      0.024    0.065    {3 <= 0.030ns, 24 <= 0.040ns, 66 <= 0.045ns, 35 <= 0.048ns, 33 <= 0.050ns}      {40 <= 0.052ns, 37 <= 0.055ns, 32 <= 0.060ns, 4 <= 0.075ns, 0 > 0.075ns}
---------------------------------------------------------------------------------------------------------------------------------------------------------------------------------------------------------------------------------


Clock DAG library cell distribution:
====================================

--------------------------------------------
Name         Type        Inst     Inst Area 
                         Count    (um^2)
--------------------------------------------
CLKBUF_X3    buffer       223      296.590
CLKBUF_X2    buffer       118      125.552
CLKBUF_X1    buffer        21       16.758
INV_X4       inverter     112      148.960
INV_X2       inverter      40       31.920
INV_X1       inverter       2        1.064
AND2_X4      dcg           11       26.334
AND2_X2      dcg           34       45.220
AND2_X1      dcg            7        7.448
--------------------------------------------



Please note that the following tables reflect only the defined clock trees, so the flop counts might not include all flops in your design.

Clock Tree Summary:
===================

---------------------------------------------------------------------------------------------------------------------------
Clock Tree  Clock  Bufs  Invs  Other  Max       Max     Max     Max          Standard   Wire      Gate      Clock Tree Root
Name        Gates              Clock  Non-leaf  Leaf    Length  Source-sink  cell area  cap       cap       
                               Cells  Fanout    Fanout  (um)    Resistance   (um^2)     (fF)      (fF)      
                                                                (Ohms)                                      
---------------------------------------------------------------------------------------------------------------------------
clk          52    362   154     0       7        14    128.96    3268.11     699.846   2084.919  3812.491  clk
---------------------------------------------------------------------------------------------------------------------------

Clock Sink Summary:
===================

-------------------------------------------------------------------------------------------------------------------------------------------
Clock Tree  Explicit      Implicit      Explicit     Implicit     Explicit   Implicit   Posedge  Negedge  Memory  Enable  Non enable  Other
Name        exclude pins  exclude pins  ignore pins  ignore pins  stop pins  stop pins  Flops    Flops    Clock   Latch   Latch       Sinks
                                                                                                          Pins    Sinks   Sinks       
-------------------------------------------------------------------------------------------------------------------------------------------
clk              0             0             0            0           0          0       2600       0       0       52        0         0
-------------------------------------------------------------------------------------------------------------------------------------------

Summary across all clock trees:
===============================

------------------------------------------------------------------------------------------------------------------
Clock  Bufs  Invs  Other  Max       Average   Max     Average  Max      Max          Standard   Wire      Gate
Gates              Clock  Non-leaf  Non-leaf  Leaf    Leaf     Length   Source-sink  cell area  cap       cap
                   Cells  Fanout    Fanout    Fanout  Fanout   (um)     Resistance   (um^2)     (fF)      (fF)
                                                                        (Ohms)                            
------------------------------------------------------------------------------------------------------------------
 52    362   154     0       7      2.10169     14    9.48905  128.960    326.811     699.846   2084.919  3812.491
------------------------------------------------------------------------------------------------------------------

Clock Sink Summary across all clock trees:
==========================================

-------------------------------------------------------------------------------------------------------------------------------
Explicit      Implicit      Explicit     Implicit     Explicit   Implicit   Posedge  Negedge  Memory  Enable  Non enable  Other
exclude pins  exclude pins  ignore pins  ignore pins  stop pins  stop pins  Flops    Flops    Clock   Latch   Latch       Sinks
                                                                                              Pins    Sinks   Sinks       
-------------------------------------------------------------------------------------------------------------------------------
     0             0             0            0           0          0       2600       0       0       52        0         0
-------------------------------------------------------------------------------------------------------------------------------

Physical metrics across all clock trees:
========================================

-----------------------------------------------------------------------
Metric                               Minimum  Average  Maximum  Std.dev
-----------------------------------------------------------------------
Source-sink routed net length (um)    0.190   22.037   128.960  19.237
Source-sink manhattan distance (um)   0.545   20.493   128.570  18.447
Source-sink resistance (Ohm)          1.031   93.320   326.811  62.152
-----------------------------------------------------------------------

Transition distribution for half-corner ht-wc:setup.late:
=========================================================

---------------------------------------------------------------------------------------------------------------------------------------------------------------------------------------------------------------------------------
Net Type    Target    Count    Average    Std. Dev.    Min      Max      Distribution                                                                    Over Target
---------------------------------------------------------------------------------------------------------------------------------------------------------------------------------------------------------------------------------
Trunk       0.050      295      0.032       0.012      0.003    0.061    {165 <= 0.030ns, 43 <= 0.040ns, 22 <= 0.045ns, 18 <= 0.048ns, 16 <= 0.050ns}    {8 <= 0.052ns, 13 <= 0.055ns, 9 <= 0.060ns, 1 <= 0.075ns, 0 > 0.075ns}
Leaf        0.050      274      0.048       0.007      0.024    0.065    {3 <= 0.030ns, 24 <= 0.040ns, 66 <= 0.045ns, 35 <= 0.048ns, 33 <= 0.050ns}      {40 <= 0.052ns, 37 <= 0.055ns, 32 <= 0.060ns, 4 <= 0.075ns, 0 > 0.075ns}
---------------------------------------------------------------------------------------------------------------------------------------------------------------------------------------------------------------------------------

Count of violations across all clock trees:
===========================================

---------------------------------------------------------------------------------------
Clock Tree  # Max capacitance  # Max resistance  # Max length  # Max fanout  # Slew
Name        violations         violations        violations    violations    violations
---------------------------------------------------------------------------------------
clk                 0                 0               0             0           1444
---------------------------------------------------------------------------------------
Total               0                 0               0             0           1444
---------------------------------------------------------------------------------------

Note the above table per clock tree is based on CCOpt clock tree view. The violations are counted across half corners.

Found a total of 0 clock tree pins with max capacitance violations.
Found a total of 0 clock tree nets with max resistance violations.
Found a total of 0 clock tree nets with max length violations.
Found a total of 0 clock tree nets with max fanout violations.
Found a total of 1444 clock tree pins with a slew violation.

Slew violation summary across all clock trees - Top 10 violating pins:
======================================================================

Target and measured clock slews (in ns):

---------------------------------------------------------------------------------------------------------------------
Half corner       Violation  Slew    Slew      Dont   Ideal  Target    Pin
                  amount     target  achieved  touch  net?   source    
                                               net?                    
---------------------------------------------------------------------------------------------------------------------
ht-wc:setup.late    0.015    0.050    0.065    N      N      explicit  if_stage_inst/btb_inst/btb_reg[14][TAG][6]/CK
ht-wc:setup.late    0.015    0.050    0.065    N      N      explicit  if_stage_inst/btb_inst/btb_reg[14][TAG][7]/CK
ht-wc:setup.late    0.015    0.050    0.065    N      N      explicit  if_stage_inst/btb_inst/btb_reg[14][TAG][8]/CK
ht-wc:setup.late    0.015    0.050    0.065    N      N      explicit  if_stage_inst/btb_inst/btb_reg[14][TAG][12]/CK
ht-wc:setup.late    0.015    0.050    0.065    N      N      explicit  if_stage_inst/btb_inst/btb_reg[14][TAG][18]/CK
ht-wc:setup.late    0.015    0.050    0.065    N      N      explicit  if_stage_inst/btb_inst/btb_reg[14][TAG][19]/CK
ht-wc:setup.late    0.015    0.050    0.065    N      N      explicit  if_stage_inst/btb_inst/btb_reg[14][TAG][20]/CK
ht-wc:setup.late    0.015    0.050    0.065    N      N      explicit  if_stage_inst/btb_inst/btb_reg[14][TAG][21]/CK
ht-wc:setup.late    0.015    0.050    0.065    N      N      explicit  if_stage_inst/btb_inst/btb_reg[14][TAG][17]/CK
ht-wc:setup.late    0.015    0.050    0.065    N      N      explicit  CTS_ccl_a_buf_00097/Z
---------------------------------------------------------------------------------------------------------------------

Target sources:
auto extracted - target was extracted from SDC.
auto computed - target was computed when balancing trees.
explicit - target is explicitly set via target_max_trans property.
pin explicit - target is explicitly set for this pin via pin_target_max_trans property.
liberty explicit - target is explicitly set via max_transition from liberty library.

Found 0 pins on nets marked dont_touch that have slew violations.
Found 0 pins on nets marked dont_touch that do not have slew violations.
Found 0 pins on nets marked ideal_network that have slew violations.
Found 0 pins on nets marked ideal_network that do not have slew violations.


Report for clock tree: clk:
===========================

Clock Tree Gating Structure (Logical):

# Full cycle clock gates   : 52
Minimum clock gating depth :  1
Maximum clock gating depth :  1
Clock gate area (um^2)     : 79.002

Clock Tree Buffering Structure (Logical):

# Buffers             : 362
# Inverters           : 154
  Total               : 516
Minimum depth         :   0
Maximum depth         :  19
Buffering area (um^2) : 620.844

Clock Tree Level Structure (Logical):

-----------------------------------------------------------------
Level  Full   Posedge  Negedge  Memory  Enable  Non enable  Other
       Cycle  Flops    Flops    Clock   Latch   Latch       Sinks
                                Pins    Sinks   Sinks       
-----------------------------------------------------------------
root    52       34       0       0       52        0         0
  1      0     2566       0       0        0        0         0
-----------------------------------------------------------------
Total   52     2600       0       0       52        0         0
-----------------------------------------------------------------

Target and measured clock slews (in ns):

-----------------------------------------------------------------------------------------------------------------------------
Timing Corner       Worst Rising  Worst Falling  Worst Rising  Worst Falling  Leaf Slew    Leaf Slew  Trunk Slew   Trunk Slew
                    Leaf Slew     Leaf Slew      Trunk Slew    Trunk Slew     Target Type  Target     Target Type  Target
-----------------------------------------------------------------------------------------------------------------------------
ht-wc:setup.early      0.065          0.043         0.061          0.034      ignored          -      ignored          -
ht-wc:setup.late       0.065          0.043         0.061          0.034      explicit     *0.050     explicit     *0.050
lt-bc:hold.early       0.012          0.015         0.010          0.012      ignored          -      ignored          -
lt-bc:hold.late        0.012          0.015         0.010          0.012      ignored          -      ignored          -
std-typ:both.early     0.020          0.019         0.018          0.015      ignored          -      ignored          -
std-typ:both.late      0.020          0.019         0.018          0.015      ignored          -      ignored          -
-----------------------------------------------------------------------------------------------------------------------------

* - indicates that target was not met.

auto extracted - target was extracted from SDC.
auto computed - target was computed when balancing trees.

