###############################################################
#  Generated by:      Cadence Innovus 23.35-s106_1
#  OS:                Linux x86_64(Host ID microsys.openstack.polito)
#  Generated on:      Fri Sep 18 15:45:10 2026
#  Design:            dlx
#  Command:           summaryReport -noHtml -outfile reports/final/design_summary.rpt
###############################################################


==============================
General Design Information
==============================
Design Status: Routed  
Design Name: dlx  
# Instances: 22343  
# Hard Macros: 0  
# Std Cells: 22343  
    ------------------------------
    Standard Cells in Netlist
    ------------------------------
               Cell Type   Instance Count  Area (um^2)  
                 AND2_X1              691         735.2240  
                 AND2_X2              302         401.6600  
                 AND2_X4              219         524.2860  
                 AND3_X1               67          89.1100  
                 AND3_X2               41          65.4360  
                 AND3_X4                7          20.4820  
                 AND4_X1               51          81.3960  
                 AND4_X2              105         195.5100  
                 AND4_X4                2           6.9160  
                AOI21_X1              123         130.8720  
                AOI21_X2               41          76.3420  
                AOI21_X4               58         200.5640  
                AOI22_X1             1544        2053.5200  
                AOI22_X2               75         179.5500  
                AOI22_X4               31         140.1820  
                  BUF_X1              390         311.2200  
                 BUF_X16               18         119.7000  
                  BUF_X2              259         275.5760  
                 BUF_X32                3          39.1020  
                  BUF_X4              227         422.6740  
                  BUF_X8               67         231.6860  
               CLKBUF_X1              948         756.5040  
               CLKBUF_X2              159         169.1760  
               CLKBUF_X3              246         327.1800  
                  DFF_X1             2548       11522.0560  
                  DFF_X2               19          96.0260  
                  DLL_X1               52         138.3200  
                   FA_X1                5          21.2800  
                   HA_X1                2           5.3200  
                  INV_X1             2843        1512.4760  
                 INV_X16               16          72.3520  
                  INV_X2              914         729.3720  
                  INV_X4              497         661.0100  
                  INV_X8              106         253.7640  
                 MUX2_X1               73         135.9260  
                 MUX2_X2                4           9.5760  
                NAND2_X1             2789        2225.6220  
                NAND2_X2             1693        2251.6900  
                NAND2_X4             1098        2628.6120  
                NAND3_X1              506         538.3840  
                NAND3_X2              334         621.9080  
                NAND3_X4              248         857.5840  
                NAND4_X1              264         351.1200  
                NAND4_X2               39          93.3660  
                NAND4_X4              110         526.6800  
                 NOR2_X1              459         366.2820  
                 NOR2_X2              190         252.7000  
                 NOR2_X4              174         416.5560  
                 NOR3_X1                7           7.4480  
                 NOR3_X4                3          11.1720  
                 NOR4_X1                2           2.6600  
               OAI211_X1               16          21.2800  
               OAI211_X2               15          35.9100  
               OAI211_X4               12          54.2640  
                OAI21_X1              223         237.2720  
                OAI21_X2              144         268.1280  
                OAI21_X4               64         221.3120  
               OAI221_X1                1           1.5960  
               OAI221_X2                1           2.9260  
                OAI22_X1               60          79.8000  
                OAI22_X2               14          33.5160  
                OAI22_X4                5          22.6100  
                  OR2_X1              436         463.9040  
                  OR2_X2              156         207.4800  
                  OR2_X4               86         205.8840  
                  OR3_X1               42          55.8600  
                  OR3_X2                2           3.1920  
                  OR4_X1                1           1.5960  
                 SDFF_X1               33         201.8940  
                 TBUF_X1               32          68.0960  
                XNOR2_X1              236         376.6560  
                XNOR2_X2               62         164.9200  
                 XOR2_X1               28          44.6880  
                 XOR2_X2                5          11.9700  
# Pads: 0  
# Net: 22997  
# Special Net: 2  
# IO Pins: 
    ------------------------------
    Issued IO Information
    ------------------------------
    # Unplaced IO Pin  0  
    # Floating IO  0  
    # IO Connected to Non-IO Inst  
        ------------------------------
        IO Connected to Non-IO Inst
        ------------------------------
                     IO Name      Non-IO Inst Name  
                dram_data[0]  mem_if_inst/dram_data_io_tri[0]  
                dram_data[1]  mem_if_inst/dram_data_io_tri[1]  
                dram_data[2]  mem_if_inst/dram_data_io_tri[2]  
                dram_data[3]  mem_if_inst/dram_data_io_tri[3]  
                dram_data[4]  mem_if_inst/dram_data_io_tri[4]  
                dram_data[5]  mem_if_inst/dram_data_io_tri[5]  
                dram_data[6]  mem_if_inst/dram_data_io_tri[6]  
                dram_data[7]  mem_if_inst/dram_data_io_tri[7]  
                dram_data[8]  mem_if_inst/dram_data_io_tri[8]  
                dram_data[9]  mem_if_inst/dram_data_io_tri[9]  
               dram_data[10]  mem_if_inst/dram_data_io_tri[10]  
               dram_data[11]  mem_if_inst/dram_data_io_tri[11]  
               dram_data[12]  mem_if_inst/dram_data_io_tri[12]  
               dram_data[13]  mem_if_inst/dram_data_io_tri[13]  
               dram_data[14]  mem_if_inst/dram_data_io_tri[14]  
               dram_data[15]  mem_if_inst/dram_data_io_tri[15]  
               dram_data[16]  mem_if_inst/dram_data_io_tri[16]  
               dram_data[17]  mem_if_inst/dram_data_io_tri[17]  
               dram_data[18]  mem_if_inst/dram_data_io_tri[18]  
               dram_data[19]  mem_if_inst/dram_data_io_tri[19]  
               dram_data[20]  mem_if_inst/dram_data_io_tri[20]  
               dram_data[21]  mem_if_inst/dram_data_io_tri[21]  
               dram_data[22]  mem_if_inst/dram_data_io_tri[22]  
               dram_data[23]  mem_if_inst/dram_data_io_tri[23]  
               dram_data[24]  mem_if_inst/dram_data_io_tri[24]  
               dram_data[25]  mem_if_inst/dram_data_io_tri[25]  
               dram_data[26]  mem_if_inst/dram_data_io_tri[26]  
               dram_data[27]  mem_if_inst/dram_data_io_tri[27]  
               dram_data[28]  mem_if_inst/dram_data_io_tri[28]  
               dram_data[29]  mem_if_inst/dram_data_io_tri[29]  
               dram_data[30]  mem_if_inst/dram_data_io_tri[30]  
               dram_data[31]  mem_if_inst/dram_data_io_tri[31]  
             dram_store_byte       mem_if_inst/U11  
                  dram_ready  FE_PHC3706_dram_ready  
           dram_readnotwrite        mem_if_inst/U9  
                  dram_issue  mem_if_inst/FE_RC_10639_0  
             dram_address[0]                U13581  
             dram_address[1]                U13582  
             dram_address[2]  FE_OCPC1996_dram_address_2  
             dram_address[3]  FE_OCPC1994_dram_address_3  
             dram_address[4]         FE_RC_15788_0  
             dram_address[5]  FE_OCPC1205_dram_address_5  
             dram_address[6]  FE_OCPC1998_dram_address_6  
             dram_address[7]  FE_OCPC2003_dram_address_7  
             dram_address[8]  FE_OCPC1991_dram_address_8  
             dram_address[9]  FE_OFC1523_dram_address_9  
            dram_address[10]  FE_OFC1498_dram_address_10  
            dram_address[11]  FE_OFC1309_dram_address_11  
            dram_address[12]  FE_OFC1331_dram_address_12  
            dram_address[13]  FE_OFC1328_dram_address_13  
            dram_address[14]  FE_OFC669_dram_address_14  
            dram_address[15]  FE_OFC1329_dram_address_15  
            dram_address[16]  FE_OFC1333_dram_address_16  
            dram_address[17]  FE_OFC1378_dram_address_17  
            dram_address[18]  FE_OFC1339_dram_address_18  
            dram_address[19]  FE_OFC1608_dram_address_19  
            dram_address[20]  FE_OFC1337_dram_address_20  
            dram_address[21]  FE_OFC1330_dram_address_21  
            dram_address[22]  FE_OFC1332_dram_address_22  
            dram_address[23]  FE_OFC1581_dram_address_23  
            dram_address[24]  FE_OFC3036_dram_address_24  
            dram_address[25]  FE_OCPC2027_dram_address_25  
            dram_address[26]  FE_OFC1338_dram_address_26  
            dram_address[27]  FE_OFC1327_dram_address_27  
            dram_address[28]  FE_OFC2908_dram_address_28  
            dram_address[29]  FE_OFC1610_dram_address_29  
            dram_address[30]  FE_OFC2968_dram_address_30  
            dram_address[31]                U13926  
                iram_data[0]  FE_PHC3731_iram_data_0  
                iram_data[1]  FE_PHC3730_iram_data_1  
                iram_data[2]  FE_PHC3688_iram_data_2  
                iram_data[3]  FE_PHC3825_iram_data_3  
                iram_data[4]  FE_PHC3826_iram_data_4  
                iram_data[5]  FE_PHC3823_iram_data_5  
                iram_data[6]  FE_PHC3801_iram_data_6  
                iram_data[7]  FE_PHC3732_iram_data_7  
                iram_data[8]  FE_PHC3728_iram_data_8  
                iram_data[9]  FE_PHC3729_iram_data_9  
               iram_data[10]  FE_PHC3519_iram_data_10  
               iram_data[11]  FE_PHC3833_iram_data_11  
               iram_data[12]  FE_PHC3798_iram_data_12  
               iram_data[13]  FE_PHC3827_iram_data_13  
               iram_data[14]  FE_PHC3690_iram_data_14  
               iram_data[15]  FE_PHC3802_iram_data_15  
               iram_data[16]                U12535  
               iram_data[17]                U12536  
               iram_data[18]  FE_PHC3786_iram_data_18  
               iram_data[19]  FE_PHC3822_iram_data_19  
               iram_data[20]                U12541  
               iram_data[21]  FE_PHC3665_iram_data_21  
               iram_data[22]  FE_PHC3538_iram_data_22  
               iram_data[23]  FE_PHC3662_iram_data_23  
               iram_data[24]  FE_PHC3593_iram_data_24  
               iram_data[25]  FE_PHC3598_iram_data_25  
               iram_data[26]  FE_PHC3661_iram_data_26  
               iram_data[27]  FE_PHC3667_iram_data_27  
               iram_data[28]  FE_PHC3666_iram_data_28  
               iram_data[29]  FE_PHC3602_iram_data_29  
               iram_data[30]  FE_PHC3599_iram_data_30  
               iram_data[31]  FE_PHC3736_iram_data_31  
                  iram_ready  mem_if_inst/FE_PHC3669_iram_ready  
                  iram_issue        mem_if_inst/U9  
             iram_address[0]  if_stage_inst/pc_reg_inst/reg_data_reg[0]  
             iram_address[1]  if_stage_inst/pc_reg_inst/reg_data_reg[1]  
             iram_address[2]  if_stage_inst/pc_reg_inst/reg_data_reg[2]  
             iram_address[3]  FE_OFC1377_iram_address_3  
             iram_address[4]  FE_OFC1582_iram_address_4  
             iram_address[5]  FE_OFC2907_iram_address_5  
             iram_address[6]  FE_OFC3000_iram_address_6  
             iram_address[7]  FE_OFC1326_iram_address_7  
             iram_address[8]  if_stage_inst/pc_reg_inst/reg_data_reg[8]  
             iram_address[9]  FE_OFC1335_iram_address_9  
            iram_address[10]  FE_OFC1585_iram_address_10  
            iram_address[11]  if_stage_inst/pc_reg_inst/reg_data_reg[11]  
            iram_address[12]                U11152  
            iram_address[13]                U10338  
            iram_address[14]          FE_RC_9680_0  
            iram_address[15]  FE_OFC736_iram_address_15  
            iram_address[16]  FE_OFC1316_imem_addr_s_16  
            iram_address[17]          FE_RC_4336_0  
            iram_address[18]          FE_RC_4338_0  
            iram_address[19]                U11140  
            iram_address[20]                U11154  
            iram_address[21]                U11138  
            iram_address[22]          FE_RC_7155_0  
            iram_address[23]          FE_RC_7154_0  
            iram_address[24]                U11148  
            iram_address[25]  if_stage_inst/current_pc_reg/reg_data_reg[25]  
            iram_address[26]  if_stage_inst/pc_reg_inst/reg_data_reg[26]  
            iram_address[27]                U11139  
            iram_address[28]  if_stage_inst/pc_reg_inst/reg_data_reg[28]  
            iram_address[29]  if_stage_inst/current_pc_reg/reg_data_reg[29]  
            iram_address[30]                U11142  
            iram_address[31]                U11145  
                         rst        FE_PHC3843_rst  
                         clk   CTS_ccl_a_buf_00348  136  136  
# Pins: 
    ------------------------------
    Correctness of Pin Connectivity for All Instances
    ------------------------------
    # Floating Terms  
        ------------------------------
        Floating Terms
        ------------------------------
          Floating Term Name             Term Type         Instance Name         Instance Type  
                           D  TieLo                Input  ex_stage_inst/result_reg/reg_data_reg[5]                        
                           D  TieLo                Input  ex_stage_inst/mult_pp_inst/inst_reg_rd/reg_data_reg[1]                        
                          SI  TieLo                Input  id_stage_inst/immediate_reg/reg_data_reg[2]                        
                          SE  TieLo                Input  id_stage_inst/immediate_reg/reg_data_reg[2]                        
                           D  TieLo                Input  id_stage_inst/pc_plus4_reg/reg_data_reg[7]                        
                          SI  TieHi                Input  id_stage_inst/rs1_reg/reg_data_reg[2]                        
                          SI  TieHi                Input  id_stage_inst/rd_addr_reg/reg_data_reg[4]                        
                           D  TieLo                Input  if_stage_inst/current_pc_reg/reg_data_reg[25]                        
                           D  TieLo                Input  ex_stage_inst/mult_pp_inst/tree_i/layer_4_r_reg[0][6]                        
                           D  TieLo                Input  ex_stage_inst/result_reg/reg_data_reg[8]                        
                           D  TieLo                Input  id_stage_inst/immediate_reg/reg_data_reg[6]                        
                           D  TieLo                Input  if_stage_inst/current_pc_reg/reg_data_reg[26]                        
                           D  TieLo                Input  id_stage_inst/pc_plus4_reg/reg_data_reg[31]                        
                           D  TieLo                Input  if_stage_inst/current_pc_reg/reg_data_reg[29]                        
                           D  TieLo                Input  if_stage_inst/current_pc_reg/reg_data_reg[28]                        
                           D  TieLo                Input  ex_stage_inst/rs_addr_reg/reg_data_reg[3]                        
                           D  TieLo                Input  id_stage_inst/pc_plus4_reg/reg_data_reg[6]                        
                           D  TieLo                Input  id_stage_inst/pc_plus4_reg/reg_data_reg[8]                        
                           D  TieLo                Input  id_stage_inst/pc_plus4_reg/reg_data_reg[12]                        
                           D  TieLo                Input  id_stage_inst/pc_plus4_reg/reg_data_reg[15]                        
                           D  TieLo                Input  id_stage_inst/pc_plus4_reg/reg_data_reg[16]                        
                           D  TieLo                Input  id_stage_inst/pc_plus4_reg/reg_data_reg[18]                        
                           D  TieLo                Input  id_stage_inst/pc_plus4_reg/reg_data_reg[19]                        
                           D  TieLo                Input  id_stage_inst/pc_plus4_reg/reg_data_reg[21]                        
                           D  TieLo                Input  id_stage_inst/pc_plus4_reg/reg_data_reg[22]                        
                           D  TieLo                Input  id_stage_inst/pc_plus4_reg/reg_data_reg[24]                        
                           D  TieLo                Input  id_stage_inst/pc_plus4_reg/reg_data_reg[28]                        
                           D  TieLo                Input  id_stage_inst/pc_plus4_reg/reg_data_reg[9]                        
                           D  TieLo                Input  id_stage_inst/pc_plus4_reg/reg_data_reg[14]                        
                           D  TieLo                Input  id_stage_inst/pc_plus4_reg/reg_data_reg[10]                        
                           D  TieLo                Input  id_stage_inst/pc_plus4_reg/reg_data_reg[23]                        
                           D  TieLo                Input  id_stage_inst/pc_plus4_reg/reg_data_reg[25]                        
                           D  TieLo                Input  id_stage_inst/pc_plus4_reg/reg_data_reg[26]                        
                           D  TieLo                Input  id_stage_inst/pc_plus4_reg/reg_data_reg[20]                        34  
    # Output Term Marked Tie Hi/Lo  0  
    # Output Term Shorted to PG Net  0  67388  
# PG Pins: 
    ------------------------------
    Correctness of PG Pin Connectivity for All Instances
    ------------------------------
    # Instances that No Net Defined for Any PG Pin  0  
    # Floating PG Terms  0  
    # PG Pins Connect to Non-PG Net  0  
    # Power Pins Connect Ground Net  0  
    # Ground Pins Connect Power Net  0  44686  
Average Pins Per Net(Signal): 2.930  

==============================
General Library Information
==============================
# Routing Layers: 10  
# Masterslice Layers: 2  
# Pin Layers: 
    General Caution:
        1) Library have metal1, metal2, metal3, metal5, metal7 and metal9 pins, you should setPlaceMode -prerouteAsObs {1 2 3}                                 to ensure these pins are accessible after placement

    ------------------------------
    Pin Layers
    ------------------------------
    metal9  
    metal7  
    metal5  
    metal3  
    metal2  
    metal1  6  
# Layers: 
    ------------------------------
    Layer OVERLAP Information
    ------------------------------
    Type  Overlap  
    ------------------------------
    Layer metal10 Information
    ------------------------------
    Type  Routing  
    Wire Pitch X  1.600 um  
    Wire Pitch Y  1.600 um  
    Offset X  0.095 um  
    Offset Y  0.070 um  
    Wire Width  0.800 um  
    Spacing  0.800 um  
    ------------------------------
    Layer via9 Information
    ------------------------------
    Type  Cut  
    Wire Width  0.800 um  
    Vias  
        ------------------------------
        Via list in layer via9
        ------------------------------
                Vias in via9  Default  
                      via9_0      Yes  For complete list click here  
    Multiple Orientation Vias  CAUTION: There is only one default via in this layer  
    ------------------------------
    Layer metal9 Information
    ------------------------------
    Type  Routing  
    Wire Pitch X  1.600 um  
    Wire Pitch Y  1.600 um  
    Offset X  0.095 um  
    Offset Y  0.070 um  
    Wire Width  0.800 um  
    Spacing  0.800 um  
    ------------------------------
    Layer via8 Information
    ------------------------------
    Type  Cut  
    Wire Width  0.400 um  
    Vias  
        ------------------------------
        Via list in layer via8
        ------------------------------
                Vias in via8  Default  
                      via8_0      Yes  For complete list click here  
    Multiple Orientation Vias  CAUTION: There is only one default via in this layer  
    ------------------------------
    Layer metal8 Information
    ------------------------------
    Type  Routing  
    Wire Pitch X  0.800 um  
    Wire Pitch Y  0.800 um  
    Offset X  0.095 um  
    Offset Y  0.070 um  
    Wire Width  0.400 um  
    Spacing  0.400 um  
    ------------------------------
    Layer via7 Information
    ------------------------------
    Type  Cut  
    Wire Width  0.400 um  
    Vias  
        ------------------------------
        Via list in layer via7
        ------------------------------
                Vias in via7  Default  
                      via7_0      Yes  For complete list click here  
    Multiple Orientation Vias  CAUTION: There is only one default via in this layer  
    ------------------------------
    Layer metal7 Information
    ------------------------------
    Type  Routing  
    Wire Pitch X  0.800 um  
    Wire Pitch Y  0.800 um  
    Offset X  0.095 um  
    Offset Y  0.070 um  
    Wire Width  0.400 um  
    Spacing  0.400 um  
    ------------------------------
    Layer via6 Information
    ------------------------------
    Type  Cut  
    Wire Width  0.140 um  
    Vias  
        ------------------------------
        Via list in layer via6
        ------------------------------
                Vias in via6  Default  
                      via6_0      Yes  For complete list click here  
    Multiple Orientation Vias  CAUTION: There is only one default via in this layer  
    ------------------------------
    Layer metal6 Information
    ------------------------------
    Type  Routing  
    Wire Pitch X  0.280 um  
    Wire Pitch Y  0.280 um  
    Offset X  0.095 um  
    Offset Y  0.070 um  
    Wire Width  0.140 um  
    Spacing  0.140 um  
    ------------------------------
    Layer via5 Information
    ------------------------------
    Type  Cut  
    Wire Width  0.140 um  
    Vias  
        ------------------------------
        Via list in layer via5
        ------------------------------
                Vias in via5  Default  
                      via5_0      Yes  For complete list click here  
    Multiple Orientation Vias  CAUTION: There is only one default via in this layer  
    ------------------------------
    Layer metal5 Information
    ------------------------------
    Type  Routing  
    Wire Pitch X  0.280 um  
    Wire Pitch Y  0.280 um  
    Offset X  0.095 um  
    Offset Y  0.070 um  
    Wire Width  0.140 um  
    Spacing  0.140 um  
    ------------------------------
    Layer via4 Information
    ------------------------------
    Type  Cut  
    Wire Width  0.140 um  
    Vias  
        ------------------------------
        Via list in layer via4
        ------------------------------
                Vias in via4  Default  
                      via4_0      Yes  For complete list click here  
    Multiple Orientation Vias  CAUTION: There is only one default via in this layer  
    ------------------------------
    Layer metal4 Information
    ------------------------------
    Type  Routing  
    Wire Pitch X  0.280 um  
    Wire Pitch Y  0.280 um  
    Offset X  0.095 um  
    Offset Y  0.070 um  
    Wire Width  0.140 um  
    Spacing  0.140 um  
    ------------------------------
    Layer via3 Information
    ------------------------------
    Type  Cut  
    Wire Width  0.070 um  
    Vias  
        ------------------------------
        Via list in layer via3
        ------------------------------
                Vias in via3  Default  
                      via3_1      Yes  
                      via3_0      Yes  
                      via3_2      Yes  For complete list click here  
    ------------------------------
    Layer metal3 Information
    ------------------------------
    Type  Routing  
    Wire Pitch X  0.140 um  
    Wire Pitch Y  0.140 um  
    Offset X  0.095 um  
    Offset Y  0.070 um  
    Wire Width  0.070 um  
    Spacing  0.070 um  
    ------------------------------
    Layer via2 Information
    ------------------------------
    Type  Cut  
    Wire Width  0.070 um  
    Vias  
        ------------------------------
        Via list in layer via2
        ------------------------------
                Vias in via2  Default  
                      via2_3      Yes  
                      via2_2      Yes  
                      via2_1      Yes  
                      via2_0      Yes  
                      via2_6      Yes  
                      via2_7      Yes  
                      via2_5      Yes  
                      via2_4      Yes  
                      via2_8      Yes  For complete list click here  
    ------------------------------
    Layer metal2 Information
    ------------------------------
    Type  Routing  
    Wire Pitch X  0.190 um  
    Wire Pitch Y  0.190 um  
    Offset X  0.095 um  
    Offset Y  0.070 um  
    Wire Width  0.070 um  
    Spacing  0.070 um  
    ------------------------------
    Layer via1 Information
    ------------------------------
    Type  Cut  
    Wire Width  0.070 um  
    Vias  
        ------------------------------
        Via list in layer via1
        ------------------------------
                Vias in via1  Default  
                      via1_8      Yes  
                      via1_7      Yes  
                      via1_6      Yes  
                      via1_5      Yes  
                      via1_3      Yes  
                      via1_2      Yes  
                      via1_1      Yes  
                      via1_0      Yes  
                      via1_4      Yes  For complete list click here  
    ------------------------------
    Layer metal1 Information
    ------------------------------
    Type  Routing  
    Wire Pitch X  0.140 um  
    Wire Pitch Y  0.140 um  
    Offset X  0.095 um  
    Offset Y  0.070 um  
    Wire Width  0.070 um  
    Spacing  0.065 um  
    ------------------------------
    Layer active Information
    ------------------------------
    Type  Masterslice  
    ------------------------------
    Layer poly Information
    ------------------------------
    Type  Masterslice  22  
# Pins without Physical Port: 0  
# Pins in Library without Timing Lib: 0  
# Pins Missing Direction: 0  
Antenna Summary Report: 
    General Caution:
        1) All Antenna Constructs are absent for the layer section of LEF.
    ------------------------------
    These Pins have antenna info
    ------------------------------
               Cell Name      List of Pin Name  
                 AND2_X1                    ZN  
                 AND2_X1                    A2  
                 AND2_X1                    A1  
                 AND2_X2                    ZN  
                 AND2_X2                    A2  
                 AND2_X2                    A1  
                 AND2_X4                    ZN  
                 AND2_X4                    A2  
                 AND2_X4                    A1  
                 AND3_X1                    ZN  
                 AND3_X1                    A3  
                 AND3_X1                    A2  
                 AND3_X1                    A1  
                 AND3_X2                    ZN  
                 AND3_X2                    A3  
                 AND3_X2                    A2  
                 AND3_X2                    A1  
                 AND3_X4                    ZN  
                 AND3_X4                    A3  
                 AND3_X4                    A2  
                 AND3_X4                    A1  
                 AND4_X1                    ZN  
                 AND4_X1                    A4  
                 AND4_X1                    A3  
                 AND4_X1                    A2  
                 AND4_X1                    A1  
                 AND4_X2                    ZN  
                 AND4_X2                    A4  
                 AND4_X2                    A3  
                 AND4_X2                    A2  
                 AND4_X2                    A1  
                 AND4_X4                    ZN  
                 AND4_X4                    A4  
                 AND4_X4                    A3  
                 AND4_X4                    A2  
                 AND4_X4                    A1  
              ANTENNA_X1                     A  
               AOI211_X1                    ZN  
               AOI211_X1                    C2  
               AOI211_X1                    C1  
               AOI211_X1                     B  
               AOI211_X1                     A  
               AOI211_X2                    ZN  
               AOI211_X2                    C2  
               AOI211_X2                    C1  
               AOI211_X2                     B  
               AOI211_X2                     A  
               AOI211_X4                    ZN  
               AOI211_X4                    C2  
               AOI211_X4                    C1  
               AOI211_X4                     B  
               AOI211_X4                     A  
                AOI21_X1                    ZN  
                AOI21_X1                    B2  
                AOI21_X1                    B1  
                AOI21_X1                     A  
                AOI21_X2                    ZN  
                AOI21_X2                    B2  
                AOI21_X2                    B1  
                AOI21_X2                     A  
                AOI21_X4                    ZN  
                AOI21_X4                    B2  
                AOI21_X4                    B1  
                AOI21_X4                     A  
               AOI221_X1                    ZN  
               AOI221_X1                    C2  
               AOI221_X1                    C1  
               AOI221_X1                    B2  
               AOI221_X1                    B1  
               AOI221_X1                     A  
               AOI221_X2                    ZN  
               AOI221_X2                    C2  
               AOI221_X2                    C1  
               AOI221_X2                    B2  
               AOI221_X2                    B1  
               AOI221_X2                     A  
               AOI221_X4                    ZN  
               AOI221_X4                    C2  
               AOI221_X4                    C1  
               AOI221_X4                    B2  
               AOI221_X4                    B1  
               AOI221_X4                     A  
               AOI222_X1                    ZN  
               AOI222_X1                    C2  
               AOI222_X1                    C1  
               AOI222_X1                    B2  
               AOI222_X1                    B1  
               AOI222_X1                    A2  
               AOI222_X1                    A1  
               AOI222_X2                    ZN  
               AOI222_X2                    C2  
               AOI222_X2                    C1  
               AOI222_X2                    B2  
               AOI222_X2                    B1  
               AOI222_X2                    A2  
               AOI222_X2                    A1  
               AOI222_X4                    ZN  
               AOI222_X4                    C2  
               AOI222_X4                    C1  
               AOI222_X4                    B2  
               AOI222_X4                    B1  
               AOI222_X4                    A2  
               AOI222_X4                    A1  
                AOI22_X1                    ZN  
                AOI22_X1                    B2  
                AOI22_X1                    B1  
                AOI22_X1                    A2  
                AOI22_X1                    A1  
                AOI22_X2                    ZN  
                AOI22_X2                    B2  
                AOI22_X2                    B1  
                AOI22_X2                    A2  
                AOI22_X2                    A1  
                AOI22_X4                    ZN  
                AOI22_X4                    B2  
                AOI22_X4                    B1  
                AOI22_X4                    A2  
                AOI22_X4                    A1  
                  BUF_X1                     Z  
                  BUF_X1                     A  
                 BUF_X16                     Z  
                 BUF_X16                     A  
                  BUF_X2                     Z  
                  BUF_X2                     A  
                 BUF_X32                     Z  
                 BUF_X32                     A  
                  BUF_X4                     Z  
                  BUF_X4                     A  
                  BUF_X8                     Z  
                  BUF_X8                     A  
               CLKBUF_X1                     Z  
               CLKBUF_X1                     A  
               CLKBUF_X2                     Z  
               CLKBUF_X2                     A  
               CLKBUF_X3                     Z  
               CLKBUF_X3                     A  
           CLKGATETST_X1                   GCK  
           CLKGATETST_X1                    SE  
           CLKGATETST_X1                     E  
           CLKGATETST_X1                    CK  
           CLKGATETST_X2                   GCK  
           CLKGATETST_X2                    SE  
           CLKGATETST_X2                     E  
           CLKGATETST_X2                    CK  
           CLKGATETST_X4                   GCK  
           CLKGATETST_X4                    SE  
           CLKGATETST_X4                     E  
           CLKGATETST_X4                    CK  
           CLKGATETST_X8                   GCK  
           CLKGATETST_X8                    SE  
           CLKGATETST_X8                     E  
           CLKGATETST_X8                    CK  
              CLKGATE_X1                   GCK  
              CLKGATE_X1                     E  
              CLKGATE_X1                    CK  
              CLKGATE_X2                   GCK  
              CLKGATE_X2                     E  
              CLKGATE_X2                    CK  
              CLKGATE_X4                   GCK  
              CLKGATE_X4                     E  
              CLKGATE_X4                    CK  
              CLKGATE_X8                   GCK  
              CLKGATE_X8                     E  
              CLKGATE_X8                    CK  
                DFFRS_X1                    QN  
                DFFRS_X1                     Q  
                DFFRS_X1                    CK  
                DFFRS_X1                    SN  
                DFFRS_X1                    RN  
                DFFRS_X1                     D  
                DFFRS_X2                    QN  
                DFFRS_X2                     Q  
                DFFRS_X2                    CK  
                DFFRS_X2                    SN  
                DFFRS_X2                    RN  
                DFFRS_X2                     D  
                 DFFR_X1                    QN  
                 DFFR_X1                     Q  
                 DFFR_X1                    CK  
                 DFFR_X1                    RN  
                 DFFR_X1                     D  
                 DFFR_X2                    QN  
                 DFFR_X2                     Q  
                 DFFR_X2                    CK  
                 DFFR_X2                    RN  
                 DFFR_X2                     D  
                 DFFS_X1                    QN  
                 DFFS_X1                     Q  
                 DFFS_X1                    CK  
                 DFFS_X1                    SN  
                 DFFS_X1                     D  
                 DFFS_X2                    QN  
                 DFFS_X2                     Q  
                 DFFS_X2                    CK  
                 DFFS_X2                    SN  
                 DFFS_X2                     D  
                  DFF_X1                    QN  
                  DFF_X1                     Q  
                  DFF_X1                    CK  
                  DFF_X1                     D  
                  DFF_X2                    QN  
                  DFF_X2                     Q  
                  DFF_X2                    CK  
                  DFF_X2                     D  
                  DLH_X1                     Q  
                  DLH_X1                     G  
                  DLH_X1                     D  
                  DLH_X2                     Q  
                  DLH_X2                     G  
                  DLH_X2                     D  
                  DLL_X1                     Q  
                  DLL_X1                    GN  
                  DLL_X1                     D  
                  DLL_X2                     Q  
                  DLL_X2                    GN  
                  DLL_X2                     D  
                   FA_X1                     S  
                   FA_X1                    CO  
                   FA_X1                    CI  
                   FA_X1                     B  
                   FA_X1                     A  
                   HA_X1                     S  
                   HA_X1                    CO  
                   HA_X1                     B  
                   HA_X1                     A  
                  INV_X1                    ZN  
                  INV_X1                     A  
                 INV_X16                    ZN  
                 INV_X16                     A  
                  INV_X2                    ZN  
                  INV_X2                     A  
                 INV_X32                    ZN  
                 INV_X32                     A  
                  INV_X4                    ZN  
                  INV_X4                     A  
                  INV_X8                    ZN  
                  INV_X8                     A  
               LOGIC0_X1                     Z  
               LOGIC1_X1                     Z  
                 MUX2_X1                     Z  
                 MUX2_X1                     S  
                 MUX2_X1                     B  
                 MUX2_X1                     A  
                 MUX2_X2                     Z  
                 MUX2_X2                     S  
                 MUX2_X2                     B  
                 MUX2_X2                     A  
                NAND2_X1                    ZN  
                NAND2_X1                    A2  
                NAND2_X1                    A1  
                NAND2_X2                    ZN  
                NAND2_X2                    A2  
                NAND2_X2                    A1  
                NAND2_X4                    ZN  
                NAND2_X4                    A2  
                NAND2_X4                    A1  
                NAND3_X1                    ZN  
                NAND3_X1                    A3  
                NAND3_X1                    A2  
                NAND3_X1                    A1  
                NAND3_X2                    ZN  
                NAND3_X2                    A3  
                NAND3_X2                    A2  
                NAND3_X2                    A1  
                NAND3_X4                    ZN  
                NAND3_X4                    A3  
                NAND3_X4                    A2  
                NAND3_X4                    A1  
                NAND4_X1                    ZN  
                NAND4_X1                    A4  
                NAND4_X1                    A3  
                NAND4_X1                    A2  
                NAND4_X1                    A1  
                NAND4_X2                    ZN  
                NAND4_X2                    A4  
                NAND4_X2                    A3  
                NAND4_X2                    A2  
                NAND4_X2                    A1  
                NAND4_X4                    ZN  
                NAND4_X4                    A4  
                NAND4_X4                    A3  
                NAND4_X4                    A2  
                NAND4_X4                    A1  
                 NOR2_X1                    ZN  
                 NOR2_X1                    A2  
                 NOR2_X1                    A1  
                 NOR2_X2                    ZN  
                 NOR2_X2                    A2  
                 NOR2_X2                    A1  
                 NOR2_X4                    ZN  
                 NOR2_X4                    A2  
                 NOR2_X4                    A1  
                 NOR3_X1                    ZN  
                 NOR3_X1                    A3  
                 NOR3_X1                    A2  
                 NOR3_X1                    A1  
                 NOR3_X2                    ZN  
                 NOR3_X2                    A3  
                 NOR3_X2                    A2  
                 NOR3_X2                    A1  
                 NOR3_X4                    ZN  
                 NOR3_X4                    A3  
                 NOR3_X4                    A2  
                 NOR3_X4                    A1  
                 NOR4_X1                    ZN  
                 NOR4_X1                    A4  
                 NOR4_X1                    A3  
                 NOR4_X1                    A2  
                 NOR4_X1                    A1  
                 NOR4_X2                    ZN  
                 NOR4_X2                    A4  
                 NOR4_X2                    A3  
                 NOR4_X2                    A2  
                 NOR4_X2                    A1  
                 NOR4_X4                    ZN  
                 NOR4_X4                    A4  
                 NOR4_X4                    A3  
                 NOR4_X4                    A2  
                 NOR4_X4                    A1  
               OAI211_X1                    ZN  
               OAI211_X1                    C2  
               OAI211_X1                    C1  
               OAI211_X1                     B  
               OAI211_X1                     A  
               OAI211_X2                    ZN  
               OAI211_X2                    C2  
               OAI211_X2                    C1  
               OAI211_X2                     B  
               OAI211_X2                     A  
               OAI211_X4                    ZN  
               OAI211_X4                    C2  
               OAI211_X4                    C1  
               OAI211_X4                     B  
               OAI211_X4                     A  
                OAI21_X1                    ZN  
                OAI21_X1                    B2  
                OAI21_X1                    B1  
                OAI21_X1                     A  
                OAI21_X2                    ZN  
                OAI21_X2                    B2  
                OAI21_X2                    B1  
                OAI21_X2                     A  
                OAI21_X4                    ZN  
                OAI21_X4                    B2  
                OAI21_X4                    B1  
                OAI21_X4                     A  
               OAI221_X1                    ZN  
               OAI221_X1                    C2  
               OAI221_X1                    C1  
               OAI221_X1                    B2  
               OAI221_X1                    B1  
               OAI221_X1                     A  
               OAI221_X2                    ZN  
               OAI221_X2                    C2  
               OAI221_X2                    C1  
               OAI221_X2                    B2  
               OAI221_X2                    B1  
               OAI221_X2                     A  
               OAI221_X4                    ZN  
               OAI221_X4                    C2  
               OAI221_X4                    C1  
               OAI221_X4                    B2  
               OAI221_X4                    B1  
               OAI221_X4                     A  
               OAI222_X1                    ZN  
               OAI222_X1                    C2  
               OAI222_X1                    C1  
               OAI222_X1                    B2  
               OAI222_X1                    B1  
               OAI222_X1                    A2  
               OAI222_X1                    A1  
               OAI222_X2                    ZN  
               OAI222_X2                    C2  
               OAI222_X2                    C1  
               OAI222_X2                    B2  
               OAI222_X2                    B1  
               OAI222_X2                    A2  
               OAI222_X2                    A1  
               OAI222_X4                    ZN  
               OAI222_X4                    C2  
               OAI222_X4                    C1  
               OAI222_X4                    B2  
               OAI222_X4                    B1  
               OAI222_X4                    A2  
               OAI222_X4                    A1  
                OAI22_X1                    ZN  
                OAI22_X1                    B2  
                OAI22_X1                    B1  
                OAI22_X1                    A2  
                OAI22_X1                    A1  
                OAI22_X2                    ZN  
                OAI22_X2                    B2  
                OAI22_X2                    B1  
                OAI22_X2                    A2  
                OAI22_X2                    A1  
                OAI22_X4                    ZN  
                OAI22_X4                    B2  
                OAI22_X4                    B1  
                OAI22_X4                    A2  
                OAI22_X4                    A1  
                OAI33_X1                    ZN  
                OAI33_X1                    B3  
                OAI33_X1                    B2  
                OAI33_X1                    B1  
                OAI33_X1                    A3  
                OAI33_X1                    A2  
                OAI33_X1                    A1  
                  OR2_X1                    ZN  
                  OR2_X1                    A2  
                  OR2_X1                    A1  
                  OR2_X2                    ZN  
                  OR2_X2                    A2  
                  OR2_X2                    A1  
                  OR2_X4                    ZN  
                  OR2_X4                    A2  
                  OR2_X4                    A1  
                  OR3_X1                    ZN  
                  OR3_X1                    A3  
                  OR3_X1                    A2  
                  OR3_X1                    A1  
                  OR3_X2                    ZN  
                  OR3_X2                    A3  
                  OR3_X2                    A2  
                  OR3_X2                    A1  
                  OR3_X4                    ZN  
                  OR3_X4                    A3  
                  OR3_X4                    A2  
                  OR3_X4                    A1  
                  OR4_X1                    ZN  
                  OR4_X1                    A4  
                  OR4_X1                    A3  
                  OR4_X1                    A2  
                  OR4_X1                    A1  
                  OR4_X2                    ZN  
                  OR4_X2                    A4  
                  OR4_X2                    A3  
                  OR4_X2                    A2  
                  OR4_X2                    A1  
                  OR4_X4                    ZN  
                  OR4_X4                    A4  
                  OR4_X4                    A3  
                  OR4_X4                    A2  
                  OR4_X4                    A1  
               SDFFRS_X1                    QN  
               SDFFRS_X1                     Q  
               SDFFRS_X1                    CK  
               SDFFRS_X1                    SN  
               SDFFRS_X1                    SI  
               SDFFRS_X1                    SE  
               SDFFRS_X1                    RN  
               SDFFRS_X1                     D  
               SDFFRS_X2                    QN  
               SDFFRS_X2                     Q  
               SDFFRS_X2                    CK  
               SDFFRS_X2                    SN  
               SDFFRS_X2                    SI  
               SDFFRS_X2                    SE  
               SDFFRS_X2                    RN  
               SDFFRS_X2                     D  
                SDFFR_X1                    QN  
                SDFFR_X1                     Q  
                SDFFR_X1                    CK  
                SDFFR_X1                    SI  
                SDFFR_X1                    SE  
                SDFFR_X1                    RN  
                SDFFR_X1                     D  
                SDFFR_X2                    QN  
                SDFFR_X2                     Q  
                SDFFR_X2                    CK  
                SDFFR_X2                    SI  
                SDFFR_X2                    SE  
                SDFFR_X2                    RN  
                SDFFR_X2                     D  
                SDFFS_X1                    QN  
                SDFFS_X1                     Q  
                SDFFS_X1                    CK  
                SDFFS_X1                    SN  
                SDFFS_X1                    SI  
                SDFFS_X1                    SE  
                SDFFS_X1                     D  
                SDFFS_X2                    QN  
                SDFFS_X2                     Q  
                SDFFS_X2                    CK  
                SDFFS_X2                    SN  
                SDFFS_X2                    SI  
                SDFFS_X2                    SE  
                SDFFS_X2                     D  
                 SDFF_X1                    QN  
                 SDFF_X1                     Q  
                 SDFF_X1                    CK  
                 SDFF_X1                    SI  
                 SDFF_X1                    SE  
                 SDFF_X1                     D  
                 SDFF_X2                    QN  
                 SDFF_X2                     Q  
                 SDFF_X2                    CK  
                 SDFF_X2                    SI  
                 SDFF_X2                    SE  
                 SDFF_X2                     D  
                 TBUF_X1                     Z  
                 TBUF_X1                    EN  
                 TBUF_X1                     A  
                TBUF_X16                     Z  
                TBUF_X16                    EN  
                TBUF_X16                     A  
                 TBUF_X2                     Z  
                 TBUF_X2                    EN  
                 TBUF_X2                     A  
                 TBUF_X4                     Z  
                 TBUF_X4                    EN  
                 TBUF_X4                     A  
                 TBUF_X8                     Z  
                 TBUF_X8                    EN  
                 TBUF_X8                     A  
                 TINV_X1                    ZN  
                 TINV_X1                     I  
                 TINV_X1                    EN  
                 TLAT_X1                     Q  
                 TLAT_X1                    OE  
                 TLAT_X1                     G  
                 TLAT_X1                     D  
                XNOR2_X1                    ZN  
                XNOR2_X1                     B  
                XNOR2_X1                     A  
                XNOR2_X2                    ZN  
                XNOR2_X2                     B  
                XNOR2_X2                     A  
                 XOR2_X1                     Z  
                 XOR2_X1                     B  
                 XOR2_X1                     A  
                 XOR2_X2                     Z  
                 XOR2_X2                     B  
                 XOR2_X2                     A  For more information click here  
# Cells Missing LEF Info: 0  
# Cells with Dimension Errors: 0  

==============================
Netlist Information
==============================
# HFO (>200) Nets: 0  
# No-driven Nets: 286  
    General Caution:
        1) TODO
    No-driven Nets  
    if_stage_inst/btb_inst/clk_gate_btb_reg[0][TAG]/net3432832  
    if_stage_inst/btb_inst/clk_gate_btb_reg[1][TAG]/net3432832  
    if_stage_inst/btb_inst/clk_gate_btb_reg[2][TAG]/net3432832  
    if_stage_inst/btb_inst/clk_gate_btb_reg[3][TAG]/net3432832  
    if_stage_inst/btb_inst/clk_gate_btb_reg[4][TAG]/net3432832  
    if_stage_inst/btb_inst/clk_gate_btb_reg[5][TAG]/net3432832  
    if_stage_inst/btb_inst/clk_gate_btb_reg[6][TAG]/net3432832  
    if_stage_inst/btb_inst/clk_gate_btb_reg[7][TAG]/net3432832  
    if_stage_inst/btb_inst/clk_gate_btb_reg[8][TAG]/net3432832  
    if_stage_inst/btb_inst/clk_gate_btb_reg[9][TAG]/net3432832  
    if_stage_inst/btb_inst/clk_gate_btb_reg[10][TAG]/net3432832  
    if_stage_inst/btb_inst/clk_gate_btb_reg[11][TAG]/net3432832  
    if_stage_inst/btb_inst/clk_gate_btb_reg[12][TAG]/net3432832  
    if_stage_inst/btb_inst/clk_gate_btb_reg[13][TAG]/net3432832  
    if_stage_inst/btb_inst/clk_gate_btb_reg[14][TAG]/net3432832  
    if_stage_inst/btb_inst/clk_gate_btb_reg[15][TAG]/net3432832  
    ex_stage_inst/mult_pp_inst/tree_i/clk_gate_valid_o_reg/net3432601  
    ex_stage_inst/mult_pp_inst/tree_i/clk_gate_valid_o_reg/net3432598  
    id_stage_inst/pc_plus4_reg/clk_gate_reg_data_reg/net3432571  
    if_stage_inst/instruction_reg/clk_gate_reg_data_reg/net3432571  
    if_stage_inst/pc_reg_inst/clk_gate_reg_data_reg/net3432571  
    id_stage_inst/reg_file_inst/clk_gate_reg_file_reg[31]/net3432662  
    id_stage_inst/reg_file_inst/clk_gate_reg_file_reg[30]/net3432662  
    id_stage_inst/reg_file_inst/clk_gate_reg_file_reg[29]/net3432662  
    id_stage_inst/reg_file_inst/clk_gate_reg_file_reg[28]/net3432662  
    id_stage_inst/reg_file_inst/clk_gate_reg_file_reg[27]/net3432662  
    id_stage_inst/reg_file_inst/clk_gate_reg_file_reg[26]/net3432662  
    id_stage_inst/reg_file_inst/clk_gate_reg_file_reg[25]/net3432662  
    id_stage_inst/reg_file_inst/clk_gate_reg_file_reg[24]/net3432662  
    id_stage_inst/reg_file_inst/clk_gate_reg_file_reg[23]/net3432662  
    id_stage_inst/reg_file_inst/clk_gate_reg_file_reg[22]/net3432662  
    id_stage_inst/reg_file_inst/clk_gate_reg_file_reg[21]/net3432662  
    id_stage_inst/reg_file_inst/clk_gate_reg_file_reg[20]/net3432662  
    id_stage_inst/reg_file_inst/clk_gate_reg_file_reg[19]/net3432662  
    id_stage_inst/reg_file_inst/clk_gate_reg_file_reg[18]/net3432662  
    id_stage_inst/reg_file_inst/clk_gate_reg_file_reg[17]/net3432662  
    id_stage_inst/reg_file_inst/clk_gate_reg_file_reg[16]/net3432662  
    id_stage_inst/reg_file_inst/clk_gate_reg_file_reg[15]/net3432662  
    id_stage_inst/reg_file_inst/clk_gate_reg_file_reg[14]/net3432662  
    id_stage_inst/reg_file_inst/clk_gate_reg_file_reg[13]/net3432662  
    id_stage_inst/reg_file_inst/clk_gate_reg_file_reg[12]/net3432662  
    id_stage_inst/reg_file_inst/clk_gate_reg_file_reg[11]/net3432662  
    id_stage_inst/reg_file_inst/clk_gate_reg_file_reg[10]/net3432662  
    id_stage_inst/reg_file_inst/clk_gate_reg_file_reg[9]/net3432662  
    id_stage_inst/reg_file_inst/clk_gate_reg_file_reg[8]/net3432662  
    id_stage_inst/reg_file_inst/clk_gate_reg_file_reg[7]/net3432662  
    id_stage_inst/reg_file_inst/clk_gate_reg_file_reg[6]/net3432662  
    id_stage_inst/reg_file_inst/clk_gate_reg_file_reg[5]/net3432662  
    id_stage_inst/reg_file_inst/clk_gate_reg_file_reg[4]/net3432662  
    id_stage_inst/reg_file_inst/clk_gate_reg_file_reg[3]/net3432662  
    id_stage_inst/reg_file_inst/clk_gate_reg_file_reg[2]/net3432662  
    id_stage_inst/reg_file_inst/clk_gate_reg_file_reg[1]/net3432662  
    id_stage_inst/reg_file_inst/clk_gate_reg_file_reg[0]/net3527231  
    mem_if_inst/n6  
    mem_if_inst/dram_address_o[2]  
    mem_if_inst/dram_address_o[3]  
    mem_if_inst/dram_address_o[4]  
    mem_if_inst/dram_address_o[5]  
    mem_if_inst/dram_address_o[6]  
    mem_if_inst/dram_address_o[7]  
    mem_if_inst/dram_address_o[8]  
    mem_if_inst/dram_address_o[9]  
    mem_if_inst/dram_address_o[10]  
    mem_if_inst/dram_address_o[11]  
    mem_if_inst/dram_address_o[12]  
    mem_if_inst/dram_address_o[13]  
    mem_if_inst/dram_address_o[14]  
    mem_if_inst/dram_address_o[15]  
    mem_if_inst/dram_address_o[16]  
    mem_if_inst/dram_address_o[17]  
    mem_if_inst/dram_address_o[18]  
    mem_if_inst/dram_address_o[19]  
    mem_if_inst/dram_address_o[20]  
    mem_if_inst/dram_address_o[21]  
    mem_if_inst/dram_address_o[22]  
    mem_if_inst/dram_address_o[23]  
    mem_if_inst/dram_address_o[24]  
    mem_if_inst/dram_address_o[25]  
    mem_if_inst/dram_address_o[26]  
    mem_if_inst/dram_address_o[27]  
    mem_if_inst/dram_address_o[28]  
    mem_if_inst/dram_address_o[29]  
    mem_if_inst/dram_address_o[30]  
    mem_if_inst/iram_address_o[2]  
    mem_if_inst/iram_address_o[3]  
    mem_if_inst/iram_address_o[4]  
    mem_if_inst/iram_address_o[5]  
    mem_if_inst/iram_address_o[6]  
    mem_if_inst/iram_address_o[7]  
    mem_if_inst/iram_address_o[9]  
    mem_if_inst/iram_address_o[10]  
    mem_if_inst/iram_address_o[14]  
    mem_if_inst/iram_address_o[15]  
    mem_if_inst/iram_address_o[16]  
    mem_if_inst/iram_address_o[17]  
    mem_if_inst/iram_address_o[18]  
    mem_if_inst/iram_address_o[22]  
    mem_if_inst/iram_address_o[23]  
    mem_if_inst/pipeline_en_o  
    dmem_rd_data_s[0]  
    dmem_rd_data_s[1]  
    dmem_rd_data_s[2]  
    dmem_rd_data_s[3]  
    dmem_rd_data_s[4]  
    dmem_rd_data_s[5]  
    dmem_rd_data_s[6]  
    dmem_rd_data_s[7]  
    dmem_rd_data_s[8]  
    dmem_rd_data_s[9]  
    dmem_rd_data_s[10]  
    dmem_rd_data_s[11]  
    dmem_rd_data_s[12]  
    dmem_rd_data_s[13]  
    dmem_rd_data_s[14]  
    dmem_rd_data_s[15]  
    dmem_rd_data_s[16]  
    dmem_rd_data_s[17]  
    dmem_rd_data_s[18]  
    dmem_rd_data_s[19]  
    dmem_rd_data_s[20]  
    dmem_rd_data_s[21]  
    dmem_rd_data_s[22]  
    dmem_rd_data_s[23]  
    dmem_rd_data_s[24]  
    dmem_rd_data_s[25]  
    dmem_rd_data_s[26]  
    dmem_rd_data_s[27]  
    dmem_rd_data_s[28]  
    dmem_rd_data_s[29]  
    dmem_rd_data_s[30]  
    dmem_rd_data_s[31]  
    mem_fwd_rs_s[3]  
    pc_plus4_ex_s[6]  
    pc_plus4_ex_s[8]  
    pc_plus4_ex_s[9]  
    pc_plus4_ex_s[10]  
    pc_plus4_ex_s[12]  
    pc_plus4_ex_s[14]  
    pc_plus4_ex_s[15]  
    pc_plus4_ex_s[16]  
    pc_plus4_ex_s[18]  
    pc_plus4_ex_s[19]  
    pc_plus4_ex_s[20]  
    pc_plus4_ex_s[21]  
    pc_plus4_ex_s[22]  
    pc_plus4_ex_s[23]  
    pc_plus4_ex_s[24]  
    pc_plus4_ex_s[25]  
    pc_plus4_ex_s[26]  
    pc_plus4_ex_s[28]  
    rs1_ex_s[0]  
    rs1_ex_s[1]  
    rs1_ex_s[2]  
    rs1_ex_s[3]  
    rs1_ex_s[4]  
    rs1_ex_s[5]  
    rs1_ex_s[6]  
    rs1_ex_s[7]  
    mem_fwd_data_s[2]  
    mem_fwd_data_s[3]  
    mem_fwd_data_s[4]  
    mem_fwd_data_s[5]  
    mem_fwd_data_s[6]  
    mem_fwd_data_s[7]  
    mem_fwd_data_s[8]  
    mem_fwd_data_s[9]  
    mem_fwd_data_s[10]  
    mem_fwd_data_s[11]  
    mem_fwd_data_s[12]  
    mem_fwd_data_s[13]  
    mem_fwd_data_s[14]  
    mem_fwd_data_s[15]  
    mem_fwd_data_s[16]  
    mem_fwd_data_s[17]  
    mem_fwd_data_s[18]  
    mem_fwd_data_s[19]  
    mem_fwd_data_s[20]  
    mem_fwd_data_s[21]  
    mem_fwd_data_s[22]  
    mem_fwd_data_s[23]  
    mem_fwd_data_s[24]  
    mem_fwd_data_s[25]  
    mem_fwd_data_s[26]  
    mem_fwd_data_s[27]  
    mem_fwd_data_s[28]  
    mem_fwd_data_s[29]  
    mem_fwd_data_s[30]  
    mem_fwd_data_s[31]  
    pc_plus4_id_s[0]  
    pc_plus4_id_s[1]  
    inst_id_s[0]  
    inst_id_s[1]  
    inst_id_s[2]  
    inst_id_s[3]  
    inst_id_s[4]  
    inst_id_s[5]  
    inst_id_s[6]  
    inst_id_s[8]  
    inst_id_s[10]  
    inst_id_s[14]  
    inst_id_s[15]  
    inst_id_s[16]  
    inst_id_s[17]  
    inst_id_s[18]  
    inst_id_s[19]  
    inst_id_s[20]  
    inst_id_s[21]  
    inst_id_s[22]  
    inst_id_s[23]  
    inst_id_s[24]  
    inst_id_s[25]  
    inst_id_s[26]  
    inst_id_s[27]  
    inst_id_s[28]  
    inst_id_s[29]  
    inst_id_s[30]  
    inst_id_s[31]  
    cur_pc_s[0]  
    cur_pc_s[1]  
    dmem_addr_s[0]  
    dmem_addr_s[1]  
    dmem_addr_s[11]  
    dmem_addr_s[31]  
    imem_rdata_s[0]  
    imem_rdata_s[1]  
    imem_rdata_s[2]  
    imem_rdata_s[3]  
    imem_rdata_s[4]  
    imem_rdata_s[5]  
    imem_rdata_s[6]  
    imem_rdata_s[7]  
    imem_rdata_s[8]  
    imem_rdata_s[9]  
    imem_rdata_s[10]  
    imem_rdata_s[11]  
    imem_rdata_s[12]  
    imem_rdata_s[13]  
    imem_rdata_s[14]  
    imem_rdata_s[15]  
    imem_rdata_s[16]  
    imem_rdata_s[17]  
    imem_rdata_s[18]  
    imem_rdata_s[19]  
    imem_rdata_s[20]  
    imem_rdata_s[21]  
    imem_rdata_s[22]  
    imem_rdata_s[23]  
    imem_rdata_s[24]  
    imem_rdata_s[25]  
    imem_rdata_s[26]  
    imem_rdata_s[27]  
    imem_rdata_s[28]  
    imem_rdata_s[29]  
    imem_rdata_s[30]  
    imem_rdata_s[31]  
    imem_addr_s[0]  
    imem_addr_s[1]  
    imem_addr_s[2]  
    imem_addr_s[3]  
    imem_addr_s[4]  
    imem_addr_s[5]  
    imem_addr_s[8]  
    imem_addr_s[10]  
    imem_addr_s[11]  
    imem_addr_s[12]  
    imem_addr_s[13]  
    imem_addr_s[14]  
    imem_addr_s[17]  
    imem_addr_s[18]  
    imem_addr_s[19]  
    imem_addr_s[20]  
    imem_addr_s[21]  
    imem_addr_s[22]  
    imem_addr_s[23]  
    imem_addr_s[24]  
    imem_addr_s[25]  
    imem_addr_s[26]  
    imem_addr_s[27]  
    imem_addr_s[28]  
    imem_addr_s[29]  
    imem_addr_s[30]  
    imem_addr_s[31]  
    n13459  
    n13458  
    n4859  
    FE_RN_85  
# Multi-driven Nets: 0  
# Assign Statements: 0  
Is Design Uniquified: YES  
# Pins in Netlist without timing lib: 0  

==============================

==============================
: Internal  External  
No of Nets:      22709           0  
No of Connections:      44815           0  
Total Net Length (X): 1.1802e+05  0.0000e+00  
Total Net Length (Y): 1.0901e+05  0.0000e+00  
Total Net Length: 2.2703e+05  0.0000e+00  

==============================
Timing Information
==============================
# Clocks in design: 
    ------------------------------
    Clocks in Design
    ------------------------------
    best/clk  
    default/clk  
    worst/clk  3  
# Generated clocks: 0  
# "dont_use" cells from .libs: 
    ------------------------------
    Dont_use Cell List
    ------------------------------
    ANTENNA_X1  
    FILLCELL_X1  
    FILLCELL_X16  
    FILLCELL_X2  
    FILLCELL_X32  
    FILLCELL_X4  
    FILLCELL_X8  
    LOGIC0_X1  
    LOGIC1_X1  9  
# "dont_touch" cells from .libs: 
    ------------------------------
    Dont_touch Cell List
    ------------------------------
    ANTENNA_X1  
    FILLCELL_X1  
    FILLCELL_X16  
    FILLCELL_X2  
    FILLCELL_X32  
    FILLCELL_X4  
    FILLCELL_X8  
    LOGIC0_X1  
    LOGIC1_X1  9  
# Cells in .lib with max_tran: 
    ------------------------------
    Cell List with max_tran
    ------------------------------
               Cell Name  Max Transition (ps)  
                 AND2_X1  500  
                 AND2_X2  500  
                 AND2_X4  500  
                 AND3_X1  500  
                 AND3_X2  500  
                 AND3_X4  500  
                 AND4_X1  500  
                 AND4_X2  500  
                 AND4_X4  500  
              ANTENNA_X1  500  
               AOI211_X1  500  
               AOI211_X2  500  
               AOI211_X4  500  
                AOI21_X1  500  
                AOI21_X2  500  
                AOI21_X4  500  
               AOI221_X1  500  
               AOI221_X2  500  
               AOI221_X4  500  
               AOI222_X1  500  
               AOI222_X2  500  
               AOI222_X4  500  
                AOI22_X1  500  
                AOI22_X2  500  
                AOI22_X4  500  
                  BUF_X1  500  
                 BUF_X16  500  
                  BUF_X2  500  
                 BUF_X32  500  
                  BUF_X4  500  
                  BUF_X8  500  
               CLKBUF_X1  500  
               CLKBUF_X2  500  
               CLKBUF_X3  500  
           CLKGATETST_X1  500  
           CLKGATETST_X2  500  
           CLKGATETST_X4  500  
           CLKGATETST_X8  500  
              CLKGATE_X1  500  
              CLKGATE_X2  500  
              CLKGATE_X4  500  
              CLKGATE_X8  500  
                DFFRS_X1  500  
                DFFRS_X2  500  
                 DFFR_X1  500  
                 DFFR_X2  500  
                 DFFS_X1  500  
                 DFFS_X2  500  
                  DFF_X1  500  
                  DFF_X2  500  
                  DLH_X1  500  
                  DLH_X2  500  
                  DLL_X1  500  
                  DLL_X2  500  
                   FA_X1  500  
                   HA_X1  500  
                  INV_X1  500  
                 INV_X16  500  
                  INV_X2  500  
                 INV_X32  500  
                  INV_X4  500  
                  INV_X8  500  
               LOGIC0_X1  500  
               LOGIC1_X1  500  
                 MUX2_X1  500  
                 MUX2_X2  500  
                NAND2_X1  500  
                NAND2_X2  500  
                NAND2_X4  500  
                NAND3_X1  500  
                NAND3_X2  500  
                NAND3_X4  500  
                NAND4_X1  500  
                NAND4_X2  500  
                NAND4_X4  500  
                 NOR2_X1  500  
                 NOR2_X2  500  
                 NOR2_X4  500  
                 NOR3_X1  500  
                 NOR3_X2  500  
                 NOR3_X4  500  
                 NOR4_X1  500  
                 NOR4_X2  500  
                 NOR4_X4  500  
               OAI211_X1  500  
               OAI211_X2  500  
               OAI211_X4  500  
                OAI21_X1  500  
                OAI21_X2  500  
                OAI21_X4  500  
               OAI221_X1  500  
               OAI221_X2  500  
               OAI221_X4  500  
               OAI222_X1  500  
               OAI222_X2  500  
               OAI222_X4  500  
                OAI22_X1  500  
                OAI22_X2  500  
                OAI22_X4  500  
                OAI33_X1  500  
                  OR2_X1  500  
                  OR2_X2  500  
                  OR2_X4  500  
                  OR3_X1  500  
                  OR3_X2  500  
                  OR3_X4  500  
                  OR4_X1  500  
                  OR4_X2  500  
                  OR4_X4  500  
               SDFFRS_X1  500  
               SDFFRS_X2  500  
                SDFFR_X1  500  
                SDFFR_X2  500  
                SDFFS_X1  500  
                SDFFS_X2  500  
                 SDFF_X1  500  
                 SDFF_X2  500  
                 TBUF_X1  500  
                TBUF_X16  500  
                 TBUF_X2  500  
                 TBUF_X4  500  
                 TBUF_X8  500  
                 TINV_X1  500  
                 TLAT_X1  500  
                XNOR2_X1  500  
                XNOR2_X2  500  
                 XOR2_X1  500  
                 XOR2_X2  500  128  
# Cells in .lib with max_cap: 
    ------------------------------
    Cell List with max_cap
    ------------------------------
               Cell Name  Max Capacitance (pf)  
                 AND2_X1  0.060494  
                 AND2_X2  0.120821  
                 AND2_X4  0.241652  
                 AND3_X1  0.060380  
                 AND3_X2  0.120544  
                 AND3_X4  0.241089  
                 AND4_X1  0.060215  
                 AND4_X2  0.120339  
                 AND4_X4  0.240849  
               AOI211_X1  0.014473  
               AOI211_X2  0.028926  
               AOI211_X4  0.242306  
                AOI21_X1  0.025274  
                AOI21_X2  0.050610  
                AOI21_X4  0.101013  
               AOI221_X1  0.013799  
               AOI221_X2  0.027532  
               AOI221_X4  0.242260  
               AOI222_X1  0.012968  
               AOI222_X2  0.025578  
               AOI222_X4  0.242254  
                AOI22_X1  0.024574  
                AOI22_X2  0.049060  
                AOI22_X4  0.097961  
                  BUF_X1  0.060631  
                 BUF_X16  0.965358  
                  BUF_X2  0.121101  
                 BUF_X32  1.904300  
                  BUF_X4  0.242237  
                  BUF_X8  0.483910  
               CLKBUF_X1  0.060696  
               CLKBUF_X2  0.121307  
               CLKBUF_X3  0.181867  
           CLKGATETST_X1  0.060730  
           CLKGATETST_X2  0.121361  
           CLKGATETST_X4  0.242584  
           CLKGATETST_X8  0.483984  
              CLKGATE_X1  0.060700  
              CLKGATE_X2  0.121242  
              CLKGATE_X4  0.242310  
              CLKGATE_X8  0.484125  
                DFFRS_X1  0.060254  
                DFFRS_X2  0.120834  
                 DFFR_X1  0.059973  
                 DFFR_X2  0.119245  
                 DFFS_X1  0.060272  
                 DFFS_X2  0.120544  
                  DFF_X1  0.060272  
                  DFF_X2  0.120544  
                  DLH_X1  0.060543  
                  DLH_X2  0.120697  
                  DLL_X1  0.060261  
                  DLL_X2  0.120544  
                   FA_X1  0.060160  
                   HA_X1  0.025241  
                  INV_X1  0.060688  
                 INV_X16  0.968217  
                  INV_X2  0.121264  
                 INV_X32  1.922333  
                  INV_X4  0.242693  
                  INV_X8  0.485108  
                 MUX2_X1  0.060462  
                 MUX2_X2  0.120798  
                NAND2_X1  0.059345  
                NAND2_X2  0.118669  
                NAND2_X4  0.237363  
                NAND3_X1  0.058309  
                NAND3_X2  0.116272  
                NAND3_X4  0.232839  
                NAND4_X1  0.055968  
                NAND4_X2  0.111503  
                NAND4_X4  0.222778  
                 NOR2_X1  0.026647  
                 NOR2_X2  0.053302  
                 NOR2_X4  0.106783  
                 NOR3_X1  0.015981  
                 NOR3_X2  0.031692  
                 NOR3_X4  0.063202  
                 NOR4_X1  0.010456  
                 NOR4_X2  0.020876  
                 NOR4_X4  0.041492  
               OAI211_X1  0.025538  
               OAI211_X2  0.050802  
               OAI211_X4  0.101443  
                OAI21_X1  0.026022  
                OAI21_X2  0.052030  
                OAI21_X4  0.104065  
               OAI221_X1  0.022146  
               OAI221_X2  0.043855  
               OAI221_X4  0.242310  
               OAI222_X1  0.020046  
               OAI222_X2  0.039597  
               OAI222_X4  0.242249  
                OAI22_X1  0.023215  
                OAI22_X2  0.046273  
                OAI22_X4  0.092355  
                OAI33_X1  0.011475  
                  OR2_X1  0.060577  
                  OR2_X2  0.121052  
                  OR2_X4  0.242232  
                  OR3_X1  0.060565  
                  OR3_X2  0.121010  
                  OR3_X4  0.242086  
                  OR4_X1  0.060524  
                  OR4_X2  0.120850  
                  OR4_X4  0.241699  
               SDFFRS_X1  0.060564  
               SDFFRS_X2  0.120757  
                SDFFR_X1  0.060425  
                SDFFR_X2  0.121155  
                SDFFS_X1  0.060577  
                SDFFS_X2  0.120850  
                 SDFF_X1  0.060413  
                 SDFF_X2  0.121155  
                 TBUF_X1  0.051536  
                TBUF_X16  0.820074  
                 TBUF_X2  0.103551  
                 TBUF_X4  0.206681  
                 TBUF_X8  0.412598  
                 TINV_X1  0.022500  
                 TLAT_X1  0.022583  
                XNOR2_X1  0.025960  
                XNOR2_X2  0.051917  
                 XOR2_X1  0.025271  
                 XOR2_X2  0.050422  125  
# Cells in .lib with max_fanout: 0  
SDC max_cap: N/A  
SDC max_tran: N/A  
SDC max_fanout: N/A  
Default Ext. Scale Factor: 1.000  
Detail Ext. Scale Factor: 1.000  

==============================
Floorplan/Placement Information
==============================
Total area of Standard cells: 36647.884 um^2  
Total area of Standard cells(Subtracting Physical Cells): 36647.884 um^2  
Total area of Macros: 0.000 um^2  
Total area of Blockages: 0.000 um^2  
Total area of Pad cells: 0.000 um^2  
Total area of Core: 40624.584 um^2  
Total area of Chip: 44827.490 um^2  
Effective Utilization: 9.0211e-01  
Number of Cell Rows: 143  
% Pure Gate Density #1 (Subtracting BLOCKAGES): 90.211%  
% Pure Gate Density #2 (Subtracting BLOCKAGES and Physical Cells): 90.211%  
% Pure Gate Density #3 (Subtracting MACROS): 90.211%  
% Pure Gate Density #4 (Subtracting MACROS and Physical Cells): 90.211%  
% Pure Gate Density #5 (Subtracting MACROS and BLOCKAGES): 90.211%  
% Pure Gate Density #6 ((Unpreplaced Standard Inst + Unpreplaced Block Inst + Unpreplaced Black Blob Inst + Fixed Clock Inst Area) / (Free Site Area + Fixed Clock Inst Area) for insts are placed): 90.211%  
% Core Density (Counting Std Cells and MACROs): 90.211%  
% Core Density #2(Subtracting Physical Cells): 90.211%  
% Chip Density (Counting Std Cells and MACROs and IOs): 81.753%  
% Chip Density #2(Subtracting Physical Cells): 81.753%  
# Macros within 5 sites of IO pad: No  
Macro halo defined?: No  

==============================
Wire Length Distribution
==============================
Total metal1 wire length: 3400.0500 um  
Total metal2 wire length: 67895.0850 um  
Total metal3 wire length: 92752.0150 um  
Total metal4 wire length: 43113.9900 um  
Total metal5 wire length: 29401.0100 um  
Total metal6 wire length: 17554.3100 um  
Total metal7 wire length: 0.0000 um  
Total metal8 wire length: 0.0000 um  
Total metal9 wire length: 0.0000 um  
Total metal10 wire length: 0.0000 um  
Total wire length: 254116.4600 um  
Average wire length/net: 11.0500 um  
Area of Power Net Distribution: 
    ------------------------------
    Area of Power Net Distribution
    ------------------------------
    Layer Name  Area of Power Net  Routable Area  Percentage  
    metal1  2536.7400  40624.5840  6.2443%  
    metal2  0.0000  40624.5840  0.0000%  
    metal3  0.0000  40624.5840  0.0000%  
    metal4  0.0000  40624.5840  0.0000%  
    metal5  0.0000  40624.5840  0.0000%  
    metal6  0.0000  40624.5840  0.0000%  
    metal7  0.0000  40624.5840  0.0000%  
    metal8  0.0000  40624.5840  0.0000%  
    metal9  331.6000  40624.5840  0.8163%  
    metal10  1962.6240  40624.5840  4.8311%  For more information click here  
