 
****************************************
Report : qor
Design : dlx
Version: W-2024.09-SP2
Date   : Wed Sep 16 14:11:42 2026
****************************************


  Timing Path Group 'clk'
  -----------------------------------
  Levels of Logic:              34.00
  Critical Path Length:          1.71
  Critical Path Slack:           0.00
  Critical Path Clk Period:      1.88
  Total Negative Slack:          0.00
  No. of Violating Paths:        0.00
  Worst Hold Violation:          0.00
  Total Hold Violation:          0.00
  No. of Hold Violations:        0.00
  -----------------------------------


  Cell Count
  -----------------------------------
  Hierarchical Cell Count:         53
  Hierarchical Port Count:        271
  Leaf Cell Count:              14605
  Buf/Inv Cell Count:            1166
  Buf Cell Count:                 120
  Inv Cell Count:                1046
  CT Buf/Inv Cell Count:            0
  Combinational Cell Count:     11940
  Sequential Cell Count:         2665
  Macro Count:                      0
  -----------------------------------


  Area
  -----------------------------------
  Combinational Area:    13281.113956
  Noncombinational Area: 12095.285584
  Buf/Inv Area:            675.108004
  Total Buffer Area:           109.59
  Total Inverter Area:         565.52
  Macro/Black Box Area:      0.000000
  Net Area:                  0.000000
  -----------------------------------
  Cell Area:             25376.399540
  Design Area:           25376.399540


  Design Rules
  -----------------------------------
  Total Number of Nets:         14981
  Nets With Violations:             0
  Max Trans Violations:             0
  Max Cap Violations:               0
  -----------------------------------


  Hostname: microsys.openstack.polito

  Compile CPU Statistics
  -----------------------------------------
  Resource Sharing:                    0.01
  Logic Optimization:                  0.44
  Mapping Optimization:               16.46
  -----------------------------------------
  Overall Compile Time:               30.61
  Overall Compile Wall Clock Time:    31.16

  --------------------------------------------------------------------

  Design  WNS: 0.00  TNS: 0.00  Number of Violating Paths: 0


  Design (Hold)  WNS: 0.00  TNS: 0.00  Number of Violating Paths: 0

  --------------------------------------------------------------------


1
