 
****************************************
Report : reference
Design : dlx
Version: W-2024.09-SP2
Date   : Thu Sep 17 15:15:11 2026
****************************************

Attributes:
    b - black box (unknown)
   bo - allows boundary optimization
    d - dont_touch
   mo - map_only
    h - hierarchical
    n - noncombinational
    r - removable
    s - synthetic operator
    u - contains unmapped logic

Reference          Library       Unit Area   Count    Total Area   Attributes
-----------------------------------------------------------------------------
AND2_X1            NangateOpenCellLibrary
                                  1.064000    1041   1107.624011  
AND2_X2            NangateOpenCellLibrary
                                  1.330000      42     55.860002  
AND2_X4            NangateOpenCellLibrary
                                  2.394000       3      7.182000  
AND3_X1            NangateOpenCellLibrary
                                  1.330000     104    138.320004  
AND3_X2            NangateOpenCellLibrary
                                  1.596000      13     20.747999  
AND3_X4            NangateOpenCellLibrary
                                  2.926000       4     11.704000  
AND4_X1            NangateOpenCellLibrary
                                  1.596000     175    279.299992  
AND4_X2            NangateOpenCellLibrary
                                  1.862000       9     16.758000  
AOI21_X1           NangateOpenCellLibrary
                                  1.064000     171    181.944002  
AOI22_X1           NangateOpenCellLibrary
                                  1.330000     716    952.280031  
AOI211_X1          NangateOpenCellLibrary
                                  1.330000      89    118.370004  
AOI221_X1          NangateOpenCellLibrary
                                  1.596000       1      1.596000  
AOI222_X1          NangateOpenCellLibrary
                                  2.128000      20     42.560000  
BUF_X1             NangateOpenCellLibrary
                                  0.798000      26     20.747999  
BUF_X2             NangateOpenCellLibrary
                                  1.064000      18     19.152000  
BUF_X4             NangateOpenCellLibrary
                                  1.862000       1      1.862000  
CLKBUF_X1          NangateOpenCellLibrary
                                  0.798000      62     49.475999  
CLKBUF_X2          NangateOpenCellLibrary
                                  1.064000       5      5.320000  
CLKBUF_X3          NangateOpenCellLibrary
                                  1.330000       4      5.320000  
DFFRS_X1           NangateOpenCellLibrary
                                  6.384000       1      6.384000  n
DFF_X1             NangateOpenCellLibrary
                                  4.522000    1498   6773.955754  n
DFF_X2             NangateOpenCellLibrary
                                  5.054000      57    288.077994  n
FA_X1              NangateOpenCellLibrary
                                  4.256000     157    668.192007  r
HA_X1              NangateOpenCellLibrary
                                  2.660000       9     23.940001  r
INV_X1             NangateOpenCellLibrary
                                  0.532000     917    487.844005  
INV_X2             NangateOpenCellLibrary
                                  0.798000      21     16.758000  
MUX2_X1            NangateOpenCellLibrary
                                  1.862000     205    381.709998  
MUX2_X2            NangateOpenCellLibrary
                                  2.394000       2      4.788000  
NAND2_X1           NangateOpenCellLibrary
                                  0.798000    1709   1363.781963  
NAND2_X2           NangateOpenCellLibrary
                                  1.330000       8     10.640000  
NAND3_X1           NangateOpenCellLibrary
                                  1.064000      25     26.600000  
NAND4_X1           NangateOpenCellLibrary
                                  1.330000     219    291.270009  
NAND4_X2           NangateOpenCellLibrary
                                  2.394000       6     14.364000  
NOR2_X1            NangateOpenCellLibrary
                                  0.798000     573    457.253987  
NOR2_X2            NangateOpenCellLibrary
                                  1.330000       8     10.640000  
NOR3_X1            NangateOpenCellLibrary
                                  1.064000      28     29.792000  
NOR4_X1            NangateOpenCellLibrary
                                  1.330000      11     14.630000  
OAI21_X1           NangateOpenCellLibrary
                                  1.064000     263    279.832003  
OAI21_X2           NangateOpenCellLibrary
                                  1.862000       1      1.862000  
OAI22_X1           NangateOpenCellLibrary
                                  1.330000      82    109.060004  
OAI211_X1          NangateOpenCellLibrary
                                  1.330000      56     74.480002  
OAI221_X1          NangateOpenCellLibrary
                                  1.596000      15     23.939999  
OAI222_X1          NangateOpenCellLibrary
                                  2.128000      19     40.432000  
OAI222_X4          NangateOpenCellLibrary
                                  3.724000       1      3.724000  
OR2_X1             NangateOpenCellLibrary
                                  1.064000     781    830.984008  
OR2_X2             NangateOpenCellLibrary
                                  1.330000      16     21.280001  
OR2_X4             NangateOpenCellLibrary
                                  2.394000       2      4.788000  
OR3_X1             NangateOpenCellLibrary
                                  1.330000      71     94.430003  
OR3_X2             NangateOpenCellLibrary
                                  1.596000       5      7.980000  
OR4_X1             NangateOpenCellLibrary
                                  1.596000       5      7.980000  
OR4_X2             NangateOpenCellLibrary
                                  1.862000       7     13.034000  
SDFF_X1            NangateOpenCellLibrary
                                  6.118000      26    159.068001  n
SNPS_CLOCK_GATE_HIGH_BTB_if_1_0
                                  3.724000       1      3.724000  h, n
SNPS_CLOCK_GATE_HIGH_BTB_if_1_1
                                  3.724000       1      3.724000  h, n
SNPS_CLOCK_GATE_HIGH_BTB_if_1_2
                                  3.724000       1      3.724000  h, n
SNPS_CLOCK_GATE_HIGH_BTB_if_1_3
                                  3.724000       1      3.724000  h, n
SNPS_CLOCK_GATE_HIGH_BTB_if_1_4
                                  3.724000       1      3.724000  h, n
SNPS_CLOCK_GATE_HIGH_BTB_if_1_5
                                  3.724000       1      3.724000  h, n
SNPS_CLOCK_GATE_HIGH_BTB_if_1_6
                                  3.724000       1      3.724000  h, n
SNPS_CLOCK_GATE_HIGH_BTB_if_1_7
                                  3.724000       1      3.724000  h, n
SNPS_CLOCK_GATE_HIGH_BTB_if_1_8
                                  3.724000       1      3.724000  h, n
SNPS_CLOCK_GATE_HIGH_BTB_if_1_9
                                  3.724000       1      3.724000  h, n
SNPS_CLOCK_GATE_HIGH_BTB_if_1_10
                                  3.724000       1      3.724000  h, n
SNPS_CLOCK_GATE_HIGH_BTB_if_1_11
                                  3.724000       1      3.724000  h, n
SNPS_CLOCK_GATE_HIGH_BTB_if_1_12
                                  3.724000       1      3.724000  h, n
SNPS_CLOCK_GATE_HIGH_BTB_if_1_13
                                  3.724000       1      3.724000  h, n
SNPS_CLOCK_GATE_HIGH_BTB_if_1_14
                                  3.724000       1      3.724000  h, n
SNPS_CLOCK_GATE_HIGH_BTB_if_1_15
                                  3.724000       1      3.724000  h, n
SNPS_CLOCK_GATE_HIGH_BTB_if_1_16
                                  3.724000       1      3.724000  h, n
SNPS_CLOCK_GATE_HIGH_BTB_if_1_17
                                  3.724000       1      3.724000  h, n
SNPS_CLOCK_GATE_HIGH_BTB_if_1_18
                                  3.724000       1      3.724000  h, n
SNPS_CLOCK_GATE_HIGH_BTB_if_1_19
                                  3.724000       1      3.724000  h, n
SNPS_CLOCK_GATE_HIGH_BTB_if_1_20
                                  3.724000       1      3.724000  h, n
SNPS_CLOCK_GATE_HIGH_BTB_if_1_21
                                  3.724000       1      3.724000  h, n
SNPS_CLOCK_GATE_HIGH_BTB_if_1_22
                                  3.724000       1      3.724000  h, n
SNPS_CLOCK_GATE_HIGH_BTB_if_1_23
                                  3.724000       1      3.724000  h, n
SNPS_CLOCK_GATE_HIGH_BTB_if_1_24
                                  3.724000       1      3.724000  h, n
SNPS_CLOCK_GATE_HIGH_BTB_if_1_25
                                  3.724000       1      3.724000  h, n
SNPS_CLOCK_GATE_HIGH_BTB_if_1_26
                                  3.724000       1      3.724000  h, n
SNPS_CLOCK_GATE_HIGH_BTB_if_1_27
                                  3.724000       1      3.724000  h, n
SNPS_CLOCK_GATE_HIGH_BTB_if_1_28
                                  3.724000       1      3.724000  h, n
SNPS_CLOCK_GATE_HIGH_BTB_if_1_29
                                  3.724000       1      3.724000  h, n
SNPS_CLOCK_GATE_HIGH_BTB_if_1_30
                                  3.724000       1      3.724000  h, n
SNPS_CLOCK_GATE_HIGH_BTB_if_1_31
                                  3.724000       1      3.724000  h, n
SNPS_CLOCK_GATE_HIGH_dadda_tree_1
                                  3.724000       1      3.724000  h, n
SNPS_CLOCK_GATE_HIGH_gen_register_DATA_WIDTH32_12_1
                                  3.724000       1      3.724000  h, n
SNPS_CLOCK_GATE_HIGH_gen_register_DATA_WIDTH32_12_5
                                  3.724000       1      3.724000  h, n
SNPS_CLOCK_GATE_HIGH_gen_register_DATA_WIDTH32_12_9
                                  3.724000       1      3.724000  h, n
SNPS_CLOCK_GATE_HIGH_hazard_unit_id_1_0
                                  3.724000       1      3.724000  h, n
SNPS_CLOCK_GATE_HIGH_hazard_unit_id_1_1
                                  3.724000       1      3.724000  h, n
SNPS_CLOCK_GATE_HIGH_hazard_unit_id_1_2
                                  3.724000       1      3.724000  h, n
SNPS_CLOCK_GATE_HIGH_hazard_unit_id_1_3
                                  3.724000       1      3.724000  h, n
SNPS_CLOCK_GATE_HIGH_hazard_unit_id_1_4
                                  3.724000       1      3.724000  h, n
SNPS_CLOCK_GATE_HIGH_hazard_unit_id_1_5
                                  3.724000       1      3.724000  h, n
SNPS_CLOCK_GATE_HIGH_hazard_unit_id_1_6
                                  3.724000       1      3.724000  h, n
SNPS_CLOCK_GATE_HIGH_hazard_unit_id_1_7
                                  3.724000       1      3.724000  h, n
SNPS_CLOCK_GATE_HIGH_hazard_unit_id_1_8
                                  3.724000       1      3.724000  h, n
SNPS_CLOCK_GATE_HIGH_hazard_unit_id_1_9
                                  3.724000       1      3.724000  h, n
SNPS_CLOCK_GATE_HIGH_hazard_unit_id_1_10
                                  3.724000       1      3.724000  h, n
SNPS_CLOCK_GATE_HIGH_hazard_unit_id_1_11
                                  3.724000       1      3.724000  h, n
SNPS_CLOCK_GATE_HIGH_hazard_unit_id_1_12
                                  3.724000       1      3.724000  h, n
SNPS_CLOCK_GATE_HIGH_hazard_unit_id_1_13
                                  3.724000       1      3.724000  h, n
SNPS_CLOCK_GATE_HIGH_hazard_unit_id_1_14
                                  3.724000       1      3.724000  h, n
SNPS_CLOCK_GATE_HIGH_hazard_unit_id_1_15
                                  3.724000       1      3.724000  h, n
SNPS_CLOCK_GATE_HIGH_hazard_unit_id_1_16
                                  3.724000       1      3.724000  h, n
SNPS_CLOCK_GATE_HIGH_hazard_unit_id_1_17
                                  3.724000       1      3.724000  h, n
SNPS_CLOCK_GATE_HIGH_hazard_unit_id_1_18
                                  3.724000       1      3.724000  h, n
SNPS_CLOCK_GATE_HIGH_hazard_unit_id_1_19
                                  3.724000       1      3.724000  h, n
SNPS_CLOCK_GATE_HIGH_hazard_unit_id_1_20
                                  3.724000       1      3.724000  h, n
SNPS_CLOCK_GATE_HIGH_hazard_unit_id_1_21
                                  3.724000       1      3.724000  h, n
SNPS_CLOCK_GATE_HIGH_hazard_unit_id_1_22
                                  3.724000       1      3.724000  h, n
SNPS_CLOCK_GATE_HIGH_hazard_unit_id_1_23
                                  3.724000       1      3.724000  h, n
SNPS_CLOCK_GATE_HIGH_hazard_unit_id_1_24
                                  3.724000       1      3.724000  h, n
SNPS_CLOCK_GATE_HIGH_hazard_unit_id_1_25
                                  3.724000       1      3.724000  h, n
SNPS_CLOCK_GATE_HIGH_hazard_unit_id_1_26
                                  3.724000       1      3.724000  h, n
SNPS_CLOCK_GATE_HIGH_hazard_unit_id_1_27
                                  3.724000       1      3.724000  h, n
SNPS_CLOCK_GATE_HIGH_hazard_unit_id_1_28
                                  3.724000       1      3.724000  h, n
SNPS_CLOCK_GATE_HIGH_hazard_unit_id_1_29
                                  3.724000       1      3.724000  h, n
SNPS_CLOCK_GATE_HIGH_hazard_unit_id_1_30
                                  3.724000       1      3.724000  h, n
SNPS_CLOCK_GATE_HIGH_hazard_unit_id_1_31
                                  3.724000       1      3.724000  h, n
XNOR2_X1           NangateOpenCellLibrary
                                  1.596000     683   1090.067970  
XNOR2_X2           NangateOpenCellLibrary
                                  2.660000       3      7.980000  
XOR2_X1            NangateOpenCellLibrary
                                  1.596000      90    143.639996  
mem_if_1                         75.544001       1     75.544001  h, n
reg_file_id_1                  6895.783888       1   6895.783888  h, n
-----------------------------------------------------------------------------
Total 125 references                                24045.867646

****************************************
Design: SNPS_CLOCK_GATE_HIGH_BTB_if_1_0 
****************************************
Reference          Library       Unit Area   Count    Total Area   Attributes
-----------------------------------------------------------------------------
AND2_X1            NangateOpenCellLibrary
                                  1.064000       1      1.064000  
DLL_X1             NangateOpenCellLibrary
                                  2.660000       1      2.660000  n
-----------------------------------------------------------------------------
Total 2 references                                      3.724000

****************************************
Design: SNPS_CLOCK_GATE_HIGH_BTB_if_1_1 
****************************************
Reference          Library       Unit Area   Count    Total Area   Attributes
-----------------------------------------------------------------------------
AND2_X1            NangateOpenCellLibrary
                                  1.064000       1      1.064000  
DLL_X1             NangateOpenCellLibrary
                                  2.660000       1      2.660000  n
-----------------------------------------------------------------------------
Total 2 references                                      3.724000

****************************************
Design: SNPS_CLOCK_GATE_HIGH_BTB_if_1_2 
****************************************
Reference          Library       Unit Area   Count    Total Area   Attributes
-----------------------------------------------------------------------------
AND2_X1            NangateOpenCellLibrary
                                  1.064000       1      1.064000  
DLL_X1             NangateOpenCellLibrary
                                  2.660000       1      2.660000  n
-----------------------------------------------------------------------------
Total 2 references                                      3.724000

****************************************
Design: SNPS_CLOCK_GATE_HIGH_BTB_if_1_3 
****************************************
Reference          Library       Unit Area   Count    Total Area   Attributes
-----------------------------------------------------------------------------
AND2_X1            NangateOpenCellLibrary
                                  1.064000       1      1.064000  
DLL_X1             NangateOpenCellLibrary
                                  2.660000       1      2.660000  n
-----------------------------------------------------------------------------
Total 2 references                                      3.724000

****************************************
Design: SNPS_CLOCK_GATE_HIGH_BTB_if_1_4 
****************************************
Reference          Library       Unit Area   Count    Total Area   Attributes
-----------------------------------------------------------------------------
AND2_X1            NangateOpenCellLibrary
                                  1.064000       1      1.064000  
DLL_X1             NangateOpenCellLibrary
                                  2.660000       1      2.660000  n
-----------------------------------------------------------------------------
Total 2 references                                      3.724000

****************************************
Design: SNPS_CLOCK_GATE_HIGH_BTB_if_1_5 
****************************************
Reference          Library       Unit Area   Count    Total Area   Attributes
-----------------------------------------------------------------------------
AND2_X1            NangateOpenCellLibrary
                                  1.064000       1      1.064000  
DLL_X1             NangateOpenCellLibrary
                                  2.660000       1      2.660000  n
-----------------------------------------------------------------------------
Total 2 references                                      3.724000

****************************************
Design: SNPS_CLOCK_GATE_HIGH_BTB_if_1_6 
****************************************
Reference          Library       Unit Area   Count    Total Area   Attributes
-----------------------------------------------------------------------------
AND2_X1            NangateOpenCellLibrary
                                  1.064000       1      1.064000  
DLL_X1             NangateOpenCellLibrary
                                  2.660000       1      2.660000  n
-----------------------------------------------------------------------------
Total 2 references                                      3.724000

****************************************
Design: SNPS_CLOCK_GATE_HIGH_BTB_if_1_7 
****************************************
Reference          Library       Unit Area   Count    Total Area   Attributes
-----------------------------------------------------------------------------
AND2_X1            NangateOpenCellLibrary
                                  1.064000       1      1.064000  
DLL_X1             NangateOpenCellLibrary
                                  2.660000       1      2.660000  n
-----------------------------------------------------------------------------
Total 2 references                                      3.724000

****************************************
Design: SNPS_CLOCK_GATE_HIGH_BTB_if_1_8 
****************************************
Reference          Library       Unit Area   Count    Total Area   Attributes
-----------------------------------------------------------------------------
AND2_X1            NangateOpenCellLibrary
                                  1.064000       1      1.064000  
DLL_X1             NangateOpenCellLibrary
                                  2.660000       1      2.660000  n
-----------------------------------------------------------------------------
Total 2 references                                      3.724000

****************************************
Design: SNPS_CLOCK_GATE_HIGH_BTB_if_1_9 
****************************************
Reference          Library       Unit Area   Count    Total Area   Attributes
-----------------------------------------------------------------------------
AND2_X1            NangateOpenCellLibrary
                                  1.064000       1      1.064000  
DLL_X1             NangateOpenCellLibrary
                                  2.660000       1      2.660000  n
-----------------------------------------------------------------------------
Total 2 references                                      3.724000

****************************************
Design: SNPS_CLOCK_GATE_HIGH_BTB_if_1_10 
****************************************
Reference          Library       Unit Area   Count    Total Area   Attributes
-----------------------------------------------------------------------------
AND2_X1            NangateOpenCellLibrary
                                  1.064000       1      1.064000  
DLL_X1             NangateOpenCellLibrary
                                  2.660000       1      2.660000  n
-----------------------------------------------------------------------------
Total 2 references                                      3.724000

****************************************
Design: SNPS_CLOCK_GATE_HIGH_BTB_if_1_11 
****************************************
Reference          Library       Unit Area   Count    Total Area   Attributes
-----------------------------------------------------------------------------
AND2_X1            NangateOpenCellLibrary
                                  1.064000       1      1.064000  
DLL_X1             NangateOpenCellLibrary
                                  2.660000       1      2.660000  n
-----------------------------------------------------------------------------
Total 2 references                                      3.724000

****************************************
Design: SNPS_CLOCK_GATE_HIGH_BTB_if_1_12 
****************************************
Reference          Library       Unit Area   Count    Total Area   Attributes
-----------------------------------------------------------------------------
AND2_X1            NangateOpenCellLibrary
                                  1.064000       1      1.064000  
DLL_X1             NangateOpenCellLibrary
                                  2.660000       1      2.660000  n
-----------------------------------------------------------------------------
Total 2 references                                      3.724000

****************************************
Design: SNPS_CLOCK_GATE_HIGH_BTB_if_1_13 
****************************************
Reference          Library       Unit Area   Count    Total Area   Attributes
-----------------------------------------------------------------------------
AND2_X1            NangateOpenCellLibrary
                                  1.064000       1      1.064000  
DLL_X1             NangateOpenCellLibrary
                                  2.660000       1      2.660000  n
-----------------------------------------------------------------------------
Total 2 references                                      3.724000

****************************************
Design: SNPS_CLOCK_GATE_HIGH_BTB_if_1_14 
****************************************
Reference          Library       Unit Area   Count    Total Area   Attributes
-----------------------------------------------------------------------------
AND2_X1            NangateOpenCellLibrary
                                  1.064000       1      1.064000  
DLL_X1             NangateOpenCellLibrary
                                  2.660000       1      2.660000  n
-----------------------------------------------------------------------------
Total 2 references                                      3.724000

****************************************
Design: SNPS_CLOCK_GATE_HIGH_BTB_if_1_15 
****************************************
Reference          Library       Unit Area   Count    Total Area   Attributes
-----------------------------------------------------------------------------
AND2_X1            NangateOpenCellLibrary
                                  1.064000       1      1.064000  
DLL_X1             NangateOpenCellLibrary
                                  2.660000       1      2.660000  n
-----------------------------------------------------------------------------
Total 2 references                                      3.724000

****************************************
Design: SNPS_CLOCK_GATE_HIGH_BTB_if_1_16 
****************************************
Reference          Library       Unit Area   Count    Total Area   Attributes
-----------------------------------------------------------------------------
AND2_X1            NangateOpenCellLibrary
                                  1.064000       1      1.064000  
DLL_X1             NangateOpenCellLibrary
                                  2.660000       1      2.660000  n
-----------------------------------------------------------------------------
Total 2 references                                      3.724000

****************************************
Design: SNPS_CLOCK_GATE_HIGH_BTB_if_1_17 
****************************************
Reference          Library       Unit Area   Count    Total Area   Attributes
-----------------------------------------------------------------------------
AND2_X1            NangateOpenCellLibrary
                                  1.064000       1      1.064000  
DLL_X1             NangateOpenCellLibrary
                                  2.660000       1      2.660000  n
-----------------------------------------------------------------------------
Total 2 references                                      3.724000

****************************************
Design: SNPS_CLOCK_GATE_HIGH_BTB_if_1_18 
****************************************
Reference          Library       Unit Area   Count    Total Area   Attributes
-----------------------------------------------------------------------------
AND2_X1            NangateOpenCellLibrary
                                  1.064000       1      1.064000  
DLL_X1             NangateOpenCellLibrary
                                  2.660000       1      2.660000  n
-----------------------------------------------------------------------------
Total 2 references                                      3.724000

****************************************
Design: SNPS_CLOCK_GATE_HIGH_BTB_if_1_19 
****************************************
Reference          Library       Unit Area   Count    Total Area   Attributes
-----------------------------------------------------------------------------
AND2_X1            NangateOpenCellLibrary
                                  1.064000       1      1.064000  
DLL_X1             NangateOpenCellLibrary
                                  2.660000       1      2.660000  n
-----------------------------------------------------------------------------
Total 2 references                                      3.724000

****************************************
Design: SNPS_CLOCK_GATE_HIGH_BTB_if_1_20 
****************************************
Reference          Library       Unit Area   Count    Total Area   Attributes
-----------------------------------------------------------------------------
AND2_X1            NangateOpenCellLibrary
                                  1.064000       1      1.064000  
DLL_X1             NangateOpenCellLibrary
                                  2.660000       1      2.660000  n
-----------------------------------------------------------------------------
Total 2 references                                      3.724000

****************************************
Design: SNPS_CLOCK_GATE_HIGH_BTB_if_1_21 
****************************************
Reference          Library       Unit Area   Count    Total Area   Attributes
-----------------------------------------------------------------------------
AND2_X1            NangateOpenCellLibrary
                                  1.064000       1      1.064000  
DLL_X1             NangateOpenCellLibrary
                                  2.660000       1      2.660000  n
-----------------------------------------------------------------------------
Total 2 references                                      3.724000

****************************************
Design: SNPS_CLOCK_GATE_HIGH_BTB_if_1_22 
****************************************
Reference          Library       Unit Area   Count    Total Area   Attributes
-----------------------------------------------------------------------------
AND2_X1            NangateOpenCellLibrary
                                  1.064000       1      1.064000  
DLL_X1             NangateOpenCellLibrary
                                  2.660000       1      2.660000  n
-----------------------------------------------------------------------------
Total 2 references                                      3.724000

****************************************
Design: SNPS_CLOCK_GATE_HIGH_BTB_if_1_23 
****************************************
Reference          Library       Unit Area   Count    Total Area   Attributes
-----------------------------------------------------------------------------
AND2_X1            NangateOpenCellLibrary
                                  1.064000       1      1.064000  
DLL_X1             NangateOpenCellLibrary
                                  2.660000       1      2.660000  n
-----------------------------------------------------------------------------
Total 2 references                                      3.724000

****************************************
Design: SNPS_CLOCK_GATE_HIGH_BTB_if_1_24 
****************************************
Reference          Library       Unit Area   Count    Total Area   Attributes
-----------------------------------------------------------------------------
AND2_X1            NangateOpenCellLibrary
                                  1.064000       1      1.064000  
DLL_X1             NangateOpenCellLibrary
                                  2.660000       1      2.660000  n
-----------------------------------------------------------------------------
Total 2 references                                      3.724000

****************************************
Design: SNPS_CLOCK_GATE_HIGH_BTB_if_1_25 
****************************************
Reference          Library       Unit Area   Count    Total Area   Attributes
-----------------------------------------------------------------------------
AND2_X1            NangateOpenCellLibrary
                                  1.064000       1      1.064000  
DLL_X1             NangateOpenCellLibrary
                                  2.660000       1      2.660000  n
-----------------------------------------------------------------------------
Total 2 references                                      3.724000

****************************************
Design: SNPS_CLOCK_GATE_HIGH_BTB_if_1_26 
****************************************
Reference          Library       Unit Area   Count    Total Area   Attributes
-----------------------------------------------------------------------------
AND2_X1            NangateOpenCellLibrary
                                  1.064000       1      1.064000  
DLL_X1             NangateOpenCellLibrary
                                  2.660000       1      2.660000  n
-----------------------------------------------------------------------------
Total 2 references                                      3.724000

****************************************
Design: SNPS_CLOCK_GATE_HIGH_BTB_if_1_27 
****************************************
Reference          Library       Unit Area   Count    Total Area   Attributes
-----------------------------------------------------------------------------
AND2_X1            NangateOpenCellLibrary
                                  1.064000       1      1.064000  
DLL_X1             NangateOpenCellLibrary
                                  2.660000       1      2.660000  n
-----------------------------------------------------------------------------
Total 2 references                                      3.724000

****************************************
Design: SNPS_CLOCK_GATE_HIGH_BTB_if_1_28 
****************************************
Reference          Library       Unit Area   Count    Total Area   Attributes
-----------------------------------------------------------------------------
AND2_X1            NangateOpenCellLibrary
                                  1.064000       1      1.064000  
DLL_X1             NangateOpenCellLibrary
                                  2.660000       1      2.660000  n
-----------------------------------------------------------------------------
Total 2 references                                      3.724000

****************************************
Design: SNPS_CLOCK_GATE_HIGH_BTB_if_1_29 
****************************************
Reference          Library       Unit Area   Count    Total Area   Attributes
-----------------------------------------------------------------------------
AND2_X1            NangateOpenCellLibrary
                                  1.064000       1      1.064000  
DLL_X1             NangateOpenCellLibrary
                                  2.660000       1      2.660000  n
-----------------------------------------------------------------------------
Total 2 references                                      3.724000

****************************************
Design: SNPS_CLOCK_GATE_HIGH_BTB_if_1_30 
****************************************
Reference          Library       Unit Area   Count    Total Area   Attributes
-----------------------------------------------------------------------------
AND2_X1            NangateOpenCellLibrary
                                  1.064000       1      1.064000  
DLL_X1             NangateOpenCellLibrary
                                  2.660000       1      2.660000  n
-----------------------------------------------------------------------------
Total 2 references                                      3.724000

****************************************
Design: SNPS_CLOCK_GATE_HIGH_BTB_if_1_31 
****************************************
Reference          Library       Unit Area   Count    Total Area   Attributes
-----------------------------------------------------------------------------
AND2_X1            NangateOpenCellLibrary
                                  1.064000       1      1.064000  
DLL_X1             NangateOpenCellLibrary
                                  2.660000       1      2.660000  n
-----------------------------------------------------------------------------
Total 2 references                                      3.724000

****************************************
Design: SNPS_CLOCK_GATE_HIGH_dadda_tree_1 
****************************************
Reference          Library       Unit Area   Count    Total Area   Attributes
-----------------------------------------------------------------------------
AND2_X1            NangateOpenCellLibrary
                                  1.064000       1      1.064000  
DLL_X1             NangateOpenCellLibrary
                                  2.660000       1      2.660000  n
-----------------------------------------------------------------------------
Total 2 references                                      3.724000

****************************************
Design: SNPS_CLOCK_GATE_HIGH_gen_register_DATA_WIDTH32_12_1 
****************************************
Reference          Library       Unit Area   Count    Total Area   Attributes
-----------------------------------------------------------------------------
AND2_X1            NangateOpenCellLibrary
                                  1.064000       1      1.064000  
DLL_X1             NangateOpenCellLibrary
                                  2.660000       1      2.660000  n
-----------------------------------------------------------------------------
Total 2 references                                      3.724000

****************************************
Design: SNPS_CLOCK_GATE_HIGH_gen_register_DATA_WIDTH32_12_5 
****************************************
Reference          Library       Unit Area   Count    Total Area   Attributes
-----------------------------------------------------------------------------
AND2_X1            NangateOpenCellLibrary
                                  1.064000       1      1.064000  
DLL_X1             NangateOpenCellLibrary
                                  2.660000       1      2.660000  n
-----------------------------------------------------------------------------
Total 2 references                                      3.724000

****************************************
Design: SNPS_CLOCK_GATE_HIGH_gen_register_DATA_WIDTH32_12_9 
****************************************
Reference          Library       Unit Area   Count    Total Area   Attributes
-----------------------------------------------------------------------------
AND2_X1            NangateOpenCellLibrary
                                  1.064000       1      1.064000  
DLL_X1             NangateOpenCellLibrary
                                  2.660000       1      2.660000  n
-----------------------------------------------------------------------------
Total 2 references                                      3.724000

****************************************
Design: SNPS_CLOCK_GATE_HIGH_hazard_unit_id_1_0 
****************************************
Reference          Library       Unit Area   Count    Total Area   Attributes
-----------------------------------------------------------------------------
AND2_X1            NangateOpenCellLibrary
                                  1.064000       1      1.064000  
DLL_X1             NangateOpenCellLibrary
                                  2.660000       1      2.660000  n
-----------------------------------------------------------------------------
Total 2 references                                      3.724000

****************************************
Design: SNPS_CLOCK_GATE_HIGH_hazard_unit_id_1_1 
****************************************
Reference          Library       Unit Area   Count    Total Area   Attributes
-----------------------------------------------------------------------------
AND2_X1            NangateOpenCellLibrary
                                  1.064000       1      1.064000  
DLL_X1             NangateOpenCellLibrary
                                  2.660000       1      2.660000  n
-----------------------------------------------------------------------------
Total 2 references                                      3.724000

****************************************
Design: SNPS_CLOCK_GATE_HIGH_hazard_unit_id_1_2 
****************************************
Reference          Library       Unit Area   Count    Total Area   Attributes
-----------------------------------------------------------------------------
AND2_X1            NangateOpenCellLibrary
                                  1.064000       1      1.064000  
DLL_X1             NangateOpenCellLibrary
                                  2.660000       1      2.660000  n
-----------------------------------------------------------------------------
Total 2 references                                      3.724000

****************************************
Design: SNPS_CLOCK_GATE_HIGH_hazard_unit_id_1_3 
****************************************
Reference          Library       Unit Area   Count    Total Area   Attributes
-----------------------------------------------------------------------------
AND2_X1            NangateOpenCellLibrary
                                  1.064000       1      1.064000  
DLL_X1             NangateOpenCellLibrary
                                  2.660000       1      2.660000  n
-----------------------------------------------------------------------------
Total 2 references                                      3.724000

****************************************
Design: SNPS_CLOCK_GATE_HIGH_hazard_unit_id_1_4 
****************************************
Reference          Library       Unit Area   Count    Total Area   Attributes
-----------------------------------------------------------------------------
AND2_X1            NangateOpenCellLibrary
                                  1.064000       1      1.064000  
DLL_X1             NangateOpenCellLibrary
                                  2.660000       1      2.660000  n
-----------------------------------------------------------------------------
Total 2 references                                      3.724000

****************************************
Design: SNPS_CLOCK_GATE_HIGH_hazard_unit_id_1_5 
****************************************
Reference          Library       Unit Area   Count    Total Area   Attributes
-----------------------------------------------------------------------------
AND2_X1            NangateOpenCellLibrary
                                  1.064000       1      1.064000  
DLL_X1             NangateOpenCellLibrary
                                  2.660000       1      2.660000  n
-----------------------------------------------------------------------------
Total 2 references                                      3.724000

****************************************
Design: SNPS_CLOCK_GATE_HIGH_hazard_unit_id_1_6 
****************************************
Reference          Library       Unit Area   Count    Total Area   Attributes
-----------------------------------------------------------------------------
AND2_X1            NangateOpenCellLibrary
                                  1.064000       1      1.064000  
DLL_X1             NangateOpenCellLibrary
                                  2.660000       1      2.660000  n
-----------------------------------------------------------------------------
Total 2 references                                      3.724000

****************************************
Design: SNPS_CLOCK_GATE_HIGH_hazard_unit_id_1_7 
****************************************
Reference          Library       Unit Area   Count    Total Area   Attributes
-----------------------------------------------------------------------------
AND2_X1            NangateOpenCellLibrary
                                  1.064000       1      1.064000  
DLL_X1             NangateOpenCellLibrary
                                  2.660000       1      2.660000  n
-----------------------------------------------------------------------------
Total 2 references                                      3.724000

****************************************
Design: SNPS_CLOCK_GATE_HIGH_hazard_unit_id_1_8 
****************************************
Reference          Library       Unit Area   Count    Total Area   Attributes
-----------------------------------------------------------------------------
AND2_X1            NangateOpenCellLibrary
                                  1.064000       1      1.064000  
DLL_X1             NangateOpenCellLibrary
                                  2.660000       1      2.660000  n
-----------------------------------------------------------------------------
Total 2 references                                      3.724000

****************************************
Design: SNPS_CLOCK_GATE_HIGH_hazard_unit_id_1_9 
****************************************
Reference          Library       Unit Area   Count    Total Area   Attributes
-----------------------------------------------------------------------------
AND2_X1            NangateOpenCellLibrary
                                  1.064000       1      1.064000  
DLL_X1             NangateOpenCellLibrary
                                  2.660000       1      2.660000  n
-----------------------------------------------------------------------------
Total 2 references                                      3.724000

****************************************
Design: SNPS_CLOCK_GATE_HIGH_hazard_unit_id_1_10 
****************************************
Reference          Library       Unit Area   Count    Total Area   Attributes
-----------------------------------------------------------------------------
AND2_X1            NangateOpenCellLibrary
                                  1.064000       1      1.064000  
DLL_X1             NangateOpenCellLibrary
                                  2.660000       1      2.660000  n
-----------------------------------------------------------------------------
Total 2 references                                      3.724000

****************************************
Design: SNPS_CLOCK_GATE_HIGH_hazard_unit_id_1_11 
****************************************
Reference          Library       Unit Area   Count    Total Area   Attributes
-----------------------------------------------------------------------------
AND2_X1            NangateOpenCellLibrary
                                  1.064000       1      1.064000  
DLL_X1             NangateOpenCellLibrary
                                  2.660000       1      2.660000  n
-----------------------------------------------------------------------------
Total 2 references                                      3.724000

****************************************
Design: SNPS_CLOCK_GATE_HIGH_hazard_unit_id_1_12 
****************************************
Reference          Library       Unit Area   Count    Total Area   Attributes
-----------------------------------------------------------------------------
AND2_X1            NangateOpenCellLibrary
                                  1.064000       1      1.064000  
DLL_X1             NangateOpenCellLibrary
                                  2.660000       1      2.660000  n
-----------------------------------------------------------------------------
Total 2 references                                      3.724000

****************************************
Design: SNPS_CLOCK_GATE_HIGH_hazard_unit_id_1_13 
****************************************
Reference          Library       Unit Area   Count    Total Area   Attributes
-----------------------------------------------------------------------------
AND2_X1            NangateOpenCellLibrary
                                  1.064000       1      1.064000  
DLL_X1             NangateOpenCellLibrary
                                  2.660000       1      2.660000  n
-----------------------------------------------------------------------------
Total 2 references                                      3.724000

****************************************
Design: SNPS_CLOCK_GATE_HIGH_hazard_unit_id_1_14 
****************************************
Reference          Library       Unit Area   Count    Total Area   Attributes
-----------------------------------------------------------------------------
AND2_X1            NangateOpenCellLibrary
                                  1.064000       1      1.064000  
DLL_X1             NangateOpenCellLibrary
                                  2.660000       1      2.660000  n
-----------------------------------------------------------------------------
Total 2 references                                      3.724000

****************************************
Design: SNPS_CLOCK_GATE_HIGH_hazard_unit_id_1_15 
****************************************
Reference          Library       Unit Area   Count    Total Area   Attributes
-----------------------------------------------------------------------------
AND2_X1            NangateOpenCellLibrary
                                  1.064000       1      1.064000  
DLL_X1             NangateOpenCellLibrary
                                  2.660000       1      2.660000  n
-----------------------------------------------------------------------------
Total 2 references                                      3.724000

****************************************
Design: SNPS_CLOCK_GATE_HIGH_hazard_unit_id_1_16 
****************************************
Reference          Library       Unit Area   Count    Total Area   Attributes
-----------------------------------------------------------------------------
AND2_X1            NangateOpenCellLibrary
                                  1.064000       1      1.064000  
DLL_X1             NangateOpenCellLibrary
                                  2.660000       1      2.660000  n
-----------------------------------------------------------------------------
Total 2 references                                      3.724000

****************************************
Design: SNPS_CLOCK_GATE_HIGH_hazard_unit_id_1_17 
****************************************
Reference          Library       Unit Area   Count    Total Area   Attributes
-----------------------------------------------------------------------------
AND2_X1            NangateOpenCellLibrary
                                  1.064000       1      1.064000  
DLL_X1             NangateOpenCellLibrary
                                  2.660000       1      2.660000  n
-----------------------------------------------------------------------------
Total 2 references                                      3.724000

****************************************
Design: SNPS_CLOCK_GATE_HIGH_hazard_unit_id_1_18 
****************************************
Reference          Library       Unit Area   Count    Total Area   Attributes
-----------------------------------------------------------------------------
AND2_X1            NangateOpenCellLibrary
                                  1.064000       1      1.064000  
DLL_X1             NangateOpenCellLibrary
                                  2.660000       1      2.660000  n
-----------------------------------------------------------------------------
Total 2 references                                      3.724000

****************************************
Design: SNPS_CLOCK_GATE_HIGH_hazard_unit_id_1_19 
****************************************
Reference          Library       Unit Area   Count    Total Area   Attributes
-----------------------------------------------------------------------------
AND2_X1            NangateOpenCellLibrary
                                  1.064000       1      1.064000  
DLL_X1             NangateOpenCellLibrary
                                  2.660000       1      2.660000  n
-----------------------------------------------------------------------------
Total 2 references                                      3.724000

****************************************
Design: SNPS_CLOCK_GATE_HIGH_hazard_unit_id_1_20 
****************************************
Reference          Library       Unit Area   Count    Total Area   Attributes
-----------------------------------------------------------------------------
AND2_X1            NangateOpenCellLibrary
                                  1.064000       1      1.064000  
DLL_X1             NangateOpenCellLibrary
                                  2.660000       1      2.660000  n
-----------------------------------------------------------------------------
Total 2 references                                      3.724000

****************************************
Design: SNPS_CLOCK_GATE_HIGH_hazard_unit_id_1_21 
****************************************
Reference          Library       Unit Area   Count    Total Area   Attributes
-----------------------------------------------------------------------------
AND2_X1            NangateOpenCellLibrary
                                  1.064000       1      1.064000  
DLL_X1             NangateOpenCellLibrary
                                  2.660000       1      2.660000  n
-----------------------------------------------------------------------------
Total 2 references                                      3.724000

****************************************
Design: SNPS_CLOCK_GATE_HIGH_hazard_unit_id_1_22 
****************************************
Reference          Library       Unit Area   Count    Total Area   Attributes
-----------------------------------------------------------------------------
AND2_X1            NangateOpenCellLibrary
                                  1.064000       1      1.064000  
DLL_X1             NangateOpenCellLibrary
                                  2.660000       1      2.660000  n
-----------------------------------------------------------------------------
Total 2 references                                      3.724000

****************************************
Design: SNPS_CLOCK_GATE_HIGH_hazard_unit_id_1_23 
****************************************
Reference          Library       Unit Area   Count    Total Area   Attributes
-----------------------------------------------------------------------------
AND2_X1            NangateOpenCellLibrary
                                  1.064000       1      1.064000  
DLL_X1             NangateOpenCellLibrary
                                  2.660000       1      2.660000  n
-----------------------------------------------------------------------------
Total 2 references                                      3.724000

****************************************
Design: SNPS_CLOCK_GATE_HIGH_hazard_unit_id_1_24 
****************************************
Reference          Library       Unit Area   Count    Total Area   Attributes
-----------------------------------------------------------------------------
AND2_X1            NangateOpenCellLibrary
                                  1.064000       1      1.064000  
DLL_X1             NangateOpenCellLibrary
                                  2.660000       1      2.660000  n
-----------------------------------------------------------------------------
Total 2 references                                      3.724000

****************************************
Design: SNPS_CLOCK_GATE_HIGH_hazard_unit_id_1_25 
****************************************
Reference          Library       Unit Area   Count    Total Area   Attributes
-----------------------------------------------------------------------------
AND2_X1            NangateOpenCellLibrary
                                  1.064000       1      1.064000  
DLL_X1             NangateOpenCellLibrary
                                  2.660000       1      2.660000  n
-----------------------------------------------------------------------------
Total 2 references                                      3.724000

****************************************
Design: SNPS_CLOCK_GATE_HIGH_hazard_unit_id_1_26 
****************************************
Reference          Library       Unit Area   Count    Total Area   Attributes
-----------------------------------------------------------------------------
AND2_X1            NangateOpenCellLibrary
                                  1.064000       1      1.064000  
DLL_X1             NangateOpenCellLibrary
                                  2.660000       1      2.660000  n
-----------------------------------------------------------------------------
Total 2 references                                      3.724000

****************************************
Design: SNPS_CLOCK_GATE_HIGH_hazard_unit_id_1_27 
****************************************
Reference          Library       Unit Area   Count    Total Area   Attributes
-----------------------------------------------------------------------------
AND2_X1            NangateOpenCellLibrary
                                  1.064000       1      1.064000  
DLL_X1             NangateOpenCellLibrary
                                  2.660000       1      2.660000  n
-----------------------------------------------------------------------------
Total 2 references                                      3.724000

****************************************
Design: SNPS_CLOCK_GATE_HIGH_hazard_unit_id_1_28 
****************************************
Reference          Library       Unit Area   Count    Total Area   Attributes
-----------------------------------------------------------------------------
AND2_X1            NangateOpenCellLibrary
                                  1.064000       1      1.064000  
DLL_X1             NangateOpenCellLibrary
                                  2.660000       1      2.660000  n
-----------------------------------------------------------------------------
Total 2 references                                      3.724000

****************************************
Design: SNPS_CLOCK_GATE_HIGH_hazard_unit_id_1_29 
****************************************
Reference          Library       Unit Area   Count    Total Area   Attributes
-----------------------------------------------------------------------------
AND2_X1            NangateOpenCellLibrary
                                  1.064000       1      1.064000  
DLL_X1             NangateOpenCellLibrary
                                  2.660000       1      2.660000  n
-----------------------------------------------------------------------------
Total 2 references                                      3.724000

****************************************
Design: SNPS_CLOCK_GATE_HIGH_hazard_unit_id_1_30 
****************************************
Reference          Library       Unit Area   Count    Total Area   Attributes
-----------------------------------------------------------------------------
AND2_X1            NangateOpenCellLibrary
                                  1.064000       1      1.064000  
DLL_X1             NangateOpenCellLibrary
                                  2.660000       1      2.660000  n
-----------------------------------------------------------------------------
Total 2 references                                      3.724000

****************************************
Design: SNPS_CLOCK_GATE_HIGH_hazard_unit_id_1_31 
****************************************
Reference          Library       Unit Area   Count    Total Area   Attributes
-----------------------------------------------------------------------------
AND2_X1            NangateOpenCellLibrary
                                  1.064000       1      1.064000  
DLL_X1             NangateOpenCellLibrary
                                  2.660000       1      2.660000  n
-----------------------------------------------------------------------------
Total 2 references                                      3.724000

****************************************
Design: mem_if_1 
****************************************
Reference          Library       Unit Area   Count    Total Area   Attributes
-----------------------------------------------------------------------------
INV_X1             NangateOpenCellLibrary
                                  0.532000       3      1.596000  
NAND2_X2           NangateOpenCellLibrary
                                  1.330000       1      1.330000  
NOR2_X1            NangateOpenCellLibrary
                                  0.798000       4      3.192000  
NOR2_X2            NangateOpenCellLibrary
                                  1.330000       1      1.330000  
TBUF_X1            NangateOpenCellLibrary
                                  2.128000      32     68.096001  n
-----------------------------------------------------------------------------
Total 5 references                                     75.544001

****************************************
Design: reg_file_id_1 
****************************************
Reference          Library       Unit Area   Count    Total Area   Attributes
-----------------------------------------------------------------------------
AND2_X1            NangateOpenCellLibrary
                                  1.064000      32     34.048000  
AOI21_X1           NangateOpenCellLibrary
                                  1.064000      64     68.096001  
AOI22_X1           NangateOpenCellLibrary
                                  1.330000    1026   1364.580044  
AOI221_X1          NangateOpenCellLibrary
                                  1.596000       2      3.192000  
BUF_X1             NangateOpenCellLibrary
                                  0.798000      13     10.374000  
BUF_X2             NangateOpenCellLibrary
                                  1.064000      16     17.024000  
CLKBUF_X1          NangateOpenCellLibrary
                                  0.798000      32     25.535999  
CLKBUF_X2          NangateOpenCellLibrary
                                  1.064000       2      2.128000  
DFF_X1             NangateOpenCellLibrary
                                  4.522000    1026   4639.571832  n
INV_X1             NangateOpenCellLibrary
                                  0.532000      16      8.512000  
INV_X2             NangateOpenCellLibrary
                                  0.798000       3      2.394000  
NAND2_X1           NangateOpenCellLibrary
                                  0.798000      76     60.647998  
NAND2_X2           NangateOpenCellLibrary
                                  1.330000       1      1.330000  
NAND3_X1           NangateOpenCellLibrary
                                  1.064000      23     24.472000  
NAND4_X1           NangateOpenCellLibrary
                                  1.330000     256    340.480011  
NOR2_X1            NangateOpenCellLibrary
                                  0.798000      68     54.263999  
NOR2_X2            NangateOpenCellLibrary
                                  1.330000       3      3.990000  
NOR2_X4            NangateOpenCellLibrary
                                  2.394000       1      2.394000  
NOR3_X1            NangateOpenCellLibrary
                                  1.064000      65     69.160001  
OAI21_X1           NangateOpenCellLibrary
                                  1.064000      32     34.048000  
OAI22_X1           NangateOpenCellLibrary
                                  1.330000       2      2.660000  
OAI221_X1          NangateOpenCellLibrary
                                  1.596000       4      6.384000  
OR3_X1             NangateOpenCellLibrary
                                  1.330000       1      1.330000  
SNPS_CLOCK_GATE_HIGH_reg_file_id_1_0
                                  3.724000       1      3.724000  h, n
SNPS_CLOCK_GATE_HIGH_reg_file_id_1_1
                                  3.724000       1      3.724000  h, n
SNPS_CLOCK_GATE_HIGH_reg_file_id_1_2
                                  3.724000       1      3.724000  h, n
SNPS_CLOCK_GATE_HIGH_reg_file_id_1_3
                                  3.724000       1      3.724000  h, n
SNPS_CLOCK_GATE_HIGH_reg_file_id_1_4
                                  3.724000       1      3.724000  h, n
SNPS_CLOCK_GATE_HIGH_reg_file_id_1_5
                                  3.724000       1      3.724000  h, n
SNPS_CLOCK_GATE_HIGH_reg_file_id_1_6
                                  3.724000       1      3.724000  h, n
SNPS_CLOCK_GATE_HIGH_reg_file_id_1_7
                                  3.724000       1      3.724000  h, n
SNPS_CLOCK_GATE_HIGH_reg_file_id_1_8
                                  3.724000       1      3.724000  h, n
SNPS_CLOCK_GATE_HIGH_reg_file_id_1_9
                                  3.724000       1      3.724000  h, n
SNPS_CLOCK_GATE_HIGH_reg_file_id_1_10
                                  3.724000       1      3.724000  h, n
SNPS_CLOCK_GATE_HIGH_reg_file_id_1_11
                                  3.724000       1      3.724000  h, n
SNPS_CLOCK_GATE_HIGH_reg_file_id_1_12
                                  3.724000       1      3.724000  h, n
SNPS_CLOCK_GATE_HIGH_reg_file_id_1_13
                                  3.724000       1      3.724000  h, n
SNPS_CLOCK_GATE_HIGH_reg_file_id_1_14
                                  3.724000       1      3.724000  h, n
SNPS_CLOCK_GATE_HIGH_reg_file_id_1_15
                                  3.724000       1      3.724000  h, n
SNPS_CLOCK_GATE_HIGH_reg_file_id_1_16
                                  3.724000       1      3.724000  h, n
SNPS_CLOCK_GATE_HIGH_reg_file_id_1_17
                                  3.724000       1      3.724000  h, n
SNPS_CLOCK_GATE_HIGH_reg_file_id_1_18
                                  3.724000       1      3.724000  h, n
SNPS_CLOCK_GATE_HIGH_reg_file_id_1_19
                                  3.724000       1      3.724000  h, n
SNPS_CLOCK_GATE_HIGH_reg_file_id_1_20
                                  3.724000       1      3.724000  h, n
SNPS_CLOCK_GATE_HIGH_reg_file_id_1_21
                                  3.724000       1      3.724000  h, n
SNPS_CLOCK_GATE_HIGH_reg_file_id_1_22
                                  3.724000       1      3.724000  h, n
SNPS_CLOCK_GATE_HIGH_reg_file_id_1_23
                                  3.724000       1      3.724000  h, n
SNPS_CLOCK_GATE_HIGH_reg_file_id_1_24
                                  3.724000       1      3.724000  h, n
SNPS_CLOCK_GATE_HIGH_reg_file_id_1_25
                                  3.724000       1      3.724000  h, n
SNPS_CLOCK_GATE_HIGH_reg_file_id_1_26
                                  3.724000       1      3.724000  h, n
SNPS_CLOCK_GATE_HIGH_reg_file_id_1_27
                                  3.724000       1      3.724000  h, n
SNPS_CLOCK_GATE_HIGH_reg_file_id_1_28
                                  3.724000       1      3.724000  h, n
SNPS_CLOCK_GATE_HIGH_reg_file_id_1_29
                                  3.724000       1      3.724000  h, n
SNPS_CLOCK_GATE_HIGH_reg_file_id_1_30
                                  3.724000       1      3.724000  h, n
SNPS_CLOCK_GATE_HIGH_reg_file_id_1_31
                                  3.724000       1      3.724000  h, n
-----------------------------------------------------------------------------
Total 55 references                                  6895.783888

****************************************
Design: SNPS_CLOCK_GATE_HIGH_reg_file_id_1_0 
****************************************
Reference          Library       Unit Area   Count    Total Area   Attributes
-----------------------------------------------------------------------------
AND2_X1            NangateOpenCellLibrary
                                  1.064000       1      1.064000  
DLL_X1             NangateOpenCellLibrary
                                  2.660000       1      2.660000  n
-----------------------------------------------------------------------------
Total 2 references                                      3.724000

****************************************
Design: SNPS_CLOCK_GATE_HIGH_reg_file_id_1_1 
****************************************
Reference          Library       Unit Area   Count    Total Area   Attributes
-----------------------------------------------------------------------------
AND2_X1            NangateOpenCellLibrary
                                  1.064000       1      1.064000  
DLL_X1             NangateOpenCellLibrary
                                  2.660000       1      2.660000  n
-----------------------------------------------------------------------------
Total 2 references                                      3.724000

****************************************
Design: SNPS_CLOCK_GATE_HIGH_reg_file_id_1_2 
****************************************
Reference          Library       Unit Area   Count    Total Area   Attributes
-----------------------------------------------------------------------------
AND2_X1            NangateOpenCellLibrary
                                  1.064000       1      1.064000  
DLL_X1             NangateOpenCellLibrary
                                  2.660000       1      2.660000  n
-----------------------------------------------------------------------------
Total 2 references                                      3.724000

****************************************
Design: SNPS_CLOCK_GATE_HIGH_reg_file_id_1_3 
****************************************
Reference          Library       Unit Area   Count    Total Area   Attributes
-----------------------------------------------------------------------------
AND2_X1            NangateOpenCellLibrary
                                  1.064000       1      1.064000  
DLL_X1             NangateOpenCellLibrary
                                  2.660000       1      2.660000  n
-----------------------------------------------------------------------------
Total 2 references                                      3.724000

****************************************
Design: SNPS_CLOCK_GATE_HIGH_reg_file_id_1_4 
****************************************
Reference          Library       Unit Area   Count    Total Area   Attributes
-----------------------------------------------------------------------------
AND2_X1            NangateOpenCellLibrary
                                  1.064000       1      1.064000  
DLL_X1             NangateOpenCellLibrary
                                  2.660000       1      2.660000  n
-----------------------------------------------------------------------------
Total 2 references                                      3.724000

****************************************
Design: SNPS_CLOCK_GATE_HIGH_reg_file_id_1_5 
****************************************
Reference          Library       Unit Area   Count    Total Area   Attributes
-----------------------------------------------------------------------------
AND2_X1            NangateOpenCellLibrary
                                  1.064000       1      1.064000  
DLL_X1             NangateOpenCellLibrary
                                  2.660000       1      2.660000  n
-----------------------------------------------------------------------------
Total 2 references                                      3.724000

****************************************
Design: SNPS_CLOCK_GATE_HIGH_reg_file_id_1_6 
****************************************
Reference          Library       Unit Area   Count    Total Area   Attributes
-----------------------------------------------------------------------------
AND2_X1            NangateOpenCellLibrary
                                  1.064000       1      1.064000  
DLL_X1             NangateOpenCellLibrary
                                  2.660000       1      2.660000  n
-----------------------------------------------------------------------------
Total 2 references                                      3.724000

****************************************
Design: SNPS_CLOCK_GATE_HIGH_reg_file_id_1_7 
****************************************
Reference          Library       Unit Area   Count    Total Area   Attributes
-----------------------------------------------------------------------------
AND2_X1            NangateOpenCellLibrary
                                  1.064000       1      1.064000  
DLL_X1             NangateOpenCellLibrary
                                  2.660000       1      2.660000  n
-----------------------------------------------------------------------------
Total 2 references                                      3.724000

****************************************
Design: SNPS_CLOCK_GATE_HIGH_reg_file_id_1_8 
****************************************
Reference          Library       Unit Area   Count    Total Area   Attributes
-----------------------------------------------------------------------------
AND2_X1            NangateOpenCellLibrary
                                  1.064000       1      1.064000  
DLL_X1             NangateOpenCellLibrary
                                  2.660000       1      2.660000  n
-----------------------------------------------------------------------------
Total 2 references                                      3.724000

****************************************
Design: SNPS_CLOCK_GATE_HIGH_reg_file_id_1_9 
****************************************
Reference          Library       Unit Area   Count    Total Area   Attributes
-----------------------------------------------------------------------------
AND2_X1            NangateOpenCellLibrary
                                  1.064000       1      1.064000  
DLL_X1             NangateOpenCellLibrary
                                  2.660000       1      2.660000  n
-----------------------------------------------------------------------------
Total 2 references                                      3.724000

****************************************
Design: SNPS_CLOCK_GATE_HIGH_reg_file_id_1_10 
****************************************
Reference          Library       Unit Area   Count    Total Area   Attributes
-----------------------------------------------------------------------------
AND2_X1            NangateOpenCellLibrary
                                  1.064000       1      1.064000  
DLL_X1             NangateOpenCellLibrary
                                  2.660000       1      2.660000  n
-----------------------------------------------------------------------------
Total 2 references                                      3.724000

****************************************
Design: SNPS_CLOCK_GATE_HIGH_reg_file_id_1_11 
****************************************
Reference          Library       Unit Area   Count    Total Area   Attributes
-----------------------------------------------------------------------------
AND2_X1            NangateOpenCellLibrary
                                  1.064000       1      1.064000  
DLL_X1             NangateOpenCellLibrary
                                  2.660000       1      2.660000  n
-----------------------------------------------------------------------------
Total 2 references                                      3.724000

****************************************
Design: SNPS_CLOCK_GATE_HIGH_reg_file_id_1_12 
****************************************
Reference          Library       Unit Area   Count    Total Area   Attributes
-----------------------------------------------------------------------------
AND2_X1            NangateOpenCellLibrary
                                  1.064000       1      1.064000  
DLL_X1             NangateOpenCellLibrary
                                  2.660000       1      2.660000  n
-----------------------------------------------------------------------------
Total 2 references                                      3.724000

****************************************
Design: SNPS_CLOCK_GATE_HIGH_reg_file_id_1_13 
****************************************
Reference          Library       Unit Area   Count    Total Area   Attributes
-----------------------------------------------------------------------------
AND2_X1            NangateOpenCellLibrary
                                  1.064000       1      1.064000  
DLL_X1             NangateOpenCellLibrary
                                  2.660000       1      2.660000  n
-----------------------------------------------------------------------------
Total 2 references                                      3.724000

****************************************
Design: SNPS_CLOCK_GATE_HIGH_reg_file_id_1_14 
****************************************
Reference          Library       Unit Area   Count    Total Area   Attributes
-----------------------------------------------------------------------------
AND2_X1            NangateOpenCellLibrary
                                  1.064000       1      1.064000  
DLL_X1             NangateOpenCellLibrary
                                  2.660000       1      2.660000  n
-----------------------------------------------------------------------------
Total 2 references                                      3.724000

****************************************
Design: SNPS_CLOCK_GATE_HIGH_reg_file_id_1_15 
****************************************
Reference          Library       Unit Area   Count    Total Area   Attributes
-----------------------------------------------------------------------------
AND2_X1            NangateOpenCellLibrary
                                  1.064000       1      1.064000  
DLL_X1             NangateOpenCellLibrary
                                  2.660000       1      2.660000  n
-----------------------------------------------------------------------------
Total 2 references                                      3.724000

****************************************
Design: SNPS_CLOCK_GATE_HIGH_reg_file_id_1_16 
****************************************
Reference          Library       Unit Area   Count    Total Area   Attributes
-----------------------------------------------------------------------------
AND2_X1            NangateOpenCellLibrary
                                  1.064000       1      1.064000  
DLL_X1             NangateOpenCellLibrary
                                  2.660000       1      2.660000  n
-----------------------------------------------------------------------------
Total 2 references                                      3.724000

****************************************
Design: SNPS_CLOCK_GATE_HIGH_reg_file_id_1_17 
****************************************
Reference          Library       Unit Area   Count    Total Area   Attributes
-----------------------------------------------------------------------------
AND2_X1            NangateOpenCellLibrary
                                  1.064000       1      1.064000  
DLL_X1             NangateOpenCellLibrary
                                  2.660000       1      2.660000  n
-----------------------------------------------------------------------------
Total 2 references                                      3.724000

****************************************
Design: SNPS_CLOCK_GATE_HIGH_reg_file_id_1_18 
****************************************
Reference          Library       Unit Area   Count    Total Area   Attributes
-----------------------------------------------------------------------------
AND2_X1            NangateOpenCellLibrary
                                  1.064000       1      1.064000  
DLL_X1             NangateOpenCellLibrary
                                  2.660000       1      2.660000  n
-----------------------------------------------------------------------------
Total 2 references                                      3.724000

****************************************
Design: SNPS_CLOCK_GATE_HIGH_reg_file_id_1_19 
****************************************
Reference          Library       Unit Area   Count    Total Area   Attributes
-----------------------------------------------------------------------------
AND2_X1            NangateOpenCellLibrary
                                  1.064000       1      1.064000  
DLL_X1             NangateOpenCellLibrary
                                  2.660000       1      2.660000  n
-----------------------------------------------------------------------------
Total 2 references                                      3.724000

****************************************
Design: SNPS_CLOCK_GATE_HIGH_reg_file_id_1_20 
****************************************
Reference          Library       Unit Area   Count    Total Area   Attributes
-----------------------------------------------------------------------------
AND2_X1            NangateOpenCellLibrary
                                  1.064000       1      1.064000  
DLL_X1             NangateOpenCellLibrary
                                  2.660000       1      2.660000  n
-----------------------------------------------------------------------------
Total 2 references                                      3.724000

****************************************
Design: SNPS_CLOCK_GATE_HIGH_reg_file_id_1_21 
****************************************
Reference          Library       Unit Area   Count    Total Area   Attributes
-----------------------------------------------------------------------------
AND2_X1            NangateOpenCellLibrary
                                  1.064000       1      1.064000  
DLL_X1             NangateOpenCellLibrary
                                  2.660000       1      2.660000  n
-----------------------------------------------------------------------------
Total 2 references                                      3.724000

****************************************
Design: SNPS_CLOCK_GATE_HIGH_reg_file_id_1_22 
****************************************
Reference          Library       Unit Area   Count    Total Area   Attributes
-----------------------------------------------------------------------------
AND2_X1            NangateOpenCellLibrary
                                  1.064000       1      1.064000  
DLL_X1             NangateOpenCellLibrary
                                  2.660000       1      2.660000  n
-----------------------------------------------------------------------------
Total 2 references                                      3.724000

****************************************
Design: SNPS_CLOCK_GATE_HIGH_reg_file_id_1_23 
****************************************
Reference          Library       Unit Area   Count    Total Area   Attributes
-----------------------------------------------------------------------------
AND2_X1            NangateOpenCellLibrary
                                  1.064000       1      1.064000  
DLL_X1             NangateOpenCellLibrary
                                  2.660000       1      2.660000  n
-----------------------------------------------------------------------------
Total 2 references                                      3.724000

****************************************
Design: SNPS_CLOCK_GATE_HIGH_reg_file_id_1_24 
****************************************
Reference          Library       Unit Area   Count    Total Area   Attributes
-----------------------------------------------------------------------------
AND2_X1            NangateOpenCellLibrary
                                  1.064000       1      1.064000  
DLL_X1             NangateOpenCellLibrary
                                  2.660000       1      2.660000  n
-----------------------------------------------------------------------------
Total 2 references                                      3.724000

****************************************
Design: SNPS_CLOCK_GATE_HIGH_reg_file_id_1_25 
****************************************
Reference          Library       Unit Area   Count    Total Area   Attributes
-----------------------------------------------------------------------------
AND2_X1            NangateOpenCellLibrary
                                  1.064000       1      1.064000  
DLL_X1             NangateOpenCellLibrary
                                  2.660000       1      2.660000  n
-----------------------------------------------------------------------------
Total 2 references                                      3.724000

****************************************
Design: SNPS_CLOCK_GATE_HIGH_reg_file_id_1_26 
****************************************
Reference          Library       Unit Area   Count    Total Area   Attributes
-----------------------------------------------------------------------------
AND2_X1            NangateOpenCellLibrary
                                  1.064000       1      1.064000  
DLL_X1             NangateOpenCellLibrary
                                  2.660000       1      2.660000  n
-----------------------------------------------------------------------------
Total 2 references                                      3.724000

****************************************
Design: SNPS_CLOCK_GATE_HIGH_reg_file_id_1_27 
****************************************
Reference          Library       Unit Area   Count    Total Area   Attributes
-----------------------------------------------------------------------------
AND2_X1            NangateOpenCellLibrary
                                  1.064000       1      1.064000  
DLL_X1             NangateOpenCellLibrary
                                  2.660000       1      2.660000  n
-----------------------------------------------------------------------------
Total 2 references                                      3.724000

****************************************
Design: SNPS_CLOCK_GATE_HIGH_reg_file_id_1_28 
****************************************
Reference          Library       Unit Area   Count    Total Area   Attributes
-----------------------------------------------------------------------------
AND2_X1            NangateOpenCellLibrary
                                  1.064000       1      1.064000  
DLL_X1             NangateOpenCellLibrary
                                  2.660000       1      2.660000  n
-----------------------------------------------------------------------------
Total 2 references                                      3.724000

****************************************
Design: SNPS_CLOCK_GATE_HIGH_reg_file_id_1_29 
****************************************
Reference          Library       Unit Area   Count    Total Area   Attributes
-----------------------------------------------------------------------------
AND2_X1            NangateOpenCellLibrary
                                  1.064000       1      1.064000  
DLL_X1             NangateOpenCellLibrary
                                  2.660000       1      2.660000  n
-----------------------------------------------------------------------------
Total 2 references                                      3.724000

****************************************
Design: SNPS_CLOCK_GATE_HIGH_reg_file_id_1_30 
****************************************
Reference          Library       Unit Area   Count    Total Area   Attributes
-----------------------------------------------------------------------------
AND2_X1            NangateOpenCellLibrary
                                  1.064000       1      1.064000  
DLL_X1             NangateOpenCellLibrary
                                  2.660000       1      2.660000  n
-----------------------------------------------------------------------------
Total 2 references                                      3.724000

****************************************
Design: SNPS_CLOCK_GATE_HIGH_reg_file_id_1_31 
****************************************
Reference          Library       Unit Area   Count    Total Area   Attributes
-----------------------------------------------------------------------------
AND2_X1            NangateOpenCellLibrary
                                  1.064000       1      1.064000  
DLL_X1             NangateOpenCellLibrary
                                  2.660000       1      2.660000  n
-----------------------------------------------------------------------------
Total 2 references                                      3.724000
1
