 
****************************************
Report : timing
        -path full
        -delay max
        -nworst 5
        -max_paths 20
Design : dlx
Version: W-2024.09-SP2
Date   : Thu Sep 17 15:15:24 2026
****************************************

Operating Conditions: typical   Library: NangateOpenCellLibrary
Wire Load Model Mode: top

  Startpoint: id_stage_inst/rs2_addr_reg/reg_data_reg[2]
              (rising edge-triggered flip-flop clocked by clk)
  Endpoint: if_stage_inst/pc_reg_inst/clk_gate_reg_data_reg/latch
            (negative level-sensitive latch clocked by clk)
  Path Group: clk
  Path Type: max

  Des/Clust/Port     Wire Load Model       Library
  ------------------------------------------------
  dlx                5K_hvratio_1_1        NangateOpenCellLibrary

  Point                                                   Incr       Path
  --------------------------------------------------------------------------
  clock clk (rise edge)                                   0.00       0.00
  clock network delay (ideal)                             0.00       0.00
  id_stage_inst/rs2_addr_reg/reg_data_reg[2]/CK (DFF_X1)
                                                          0.00       0.00 r
  id_stage_inst/rs2_addr_reg/reg_data_reg[2]/QN (DFF_X1)
                                                          0.07       0.07 r
  U7403/ZN (XNOR2_X1)                                     0.06       0.13 r
  U6709/ZN (AND2_X2)                                      0.05       0.17 r
  U5371/ZN (AND4_X2)                                      0.07       0.24 r
  U8151/ZN (NAND2_X1)                                     0.03       0.27 f
  U6344/ZN (AND3_X2)                                      0.05       0.33 f
  U8174/ZN (NAND2_X1)                                     0.04       0.37 r
  U5171/ZN (AND4_X1)                                      0.07       0.44 r
  U5317/ZN (NOR2_X1)                                      0.03       0.48 f
  U5494/ZN (AND2_X2)                                      0.07       0.55 f
  U6165/ZN (INV_X1)                                       0.06       0.60 r
  U7467/ZN (OAI21_X1)                                     0.04       0.64 f
  U5344/ZN (OR4_X2)                                       0.14       0.78 f
  U8979/ZN (NAND2_X1)                                     0.04       0.82 r
  U8982/ZN (NAND3_X1)                                     0.05       0.86 f
  U7880/ZN (INV_X1)                                       0.04       0.90 r
  U6724/ZN (OAI21_X1)                                     0.03       0.92 f
  U8986/ZN (OAI21_X1)                                     0.04       0.97 r
  U8991/ZN (AND4_X1)                                      0.07       1.04 r
  U8995/ZN (OAI211_X1)                                    0.05       1.08 f
  U7441/ZN (OR2_X1)                                       0.07       1.15 f
  U7799/ZN (NOR3_X1)                                      0.05       1.20 r
  U5541/ZN (AND4_X1)                                      0.07       1.27 r
  U9632/ZN (AOI22_X1)                                     0.03       1.31 f
  U5793/ZN (OR2_X1)                                       0.06       1.36 f
  U5736/ZN (AND2_X1)                                      0.04       1.40 f
  U10070/ZN (NAND2_X1)                                    0.03       1.43 r
  U10200/ZN (NAND3_X1)                                    0.05       1.48 f
  U11924/Z (CLKBUF_X1)                                    0.05       1.53 f
  U11926/ZN (NAND2_X1)                                    0.03       1.55 r
  if_stage_inst/pc_reg_inst/clk_gate_reg_data_reg/EN (SNPS_CLOCK_GATE_HIGH_gen_register_DATA_WIDTH32_12_9)
                                                          0.00       1.55 r
  if_stage_inst/pc_reg_inst/clk_gate_reg_data_reg/latch/D (DLL_X1)
                                                          0.01       1.56 r
  data arrival time                                                  1.56

  clock clk (fall edge)                                   0.90       0.90
  clock network delay (ideal)                             0.00       0.90
  if_stage_inst/pc_reg_inst/clk_gate_reg_data_reg/latch/GN (DLL_X1)
                                                          0.00       0.90 f
  time borrowed from endpoint                             0.66       1.56
  data required time                                                 1.56
  --------------------------------------------------------------------------
  data required time                                                 1.56
  data arrival time                                                 -1.56
  --------------------------------------------------------------------------
  slack (MET)                                                        0.00

  Time Borrowing Information
  --------------------------------------------------------------
  clk nominal pulse width                                 0.90   
  library setup time                                     -0.03   
  --------------------------------------------------------------
  max time borrow                                         0.87   
  actual time borrow                                      0.66   
  --------------------------------------------------------------


  Startpoint: id_stage_inst/rs2_addr_reg/reg_data_reg[2]
              (rising edge-triggered flip-flop clocked by clk)
  Endpoint: if_stage_inst/pc_reg_inst/clk_gate_reg_data_reg/latch
            (negative level-sensitive latch clocked by clk)
  Path Group: clk
  Path Type: max

  Des/Clust/Port     Wire Load Model       Library
  ------------------------------------------------
  dlx                5K_hvratio_1_1        NangateOpenCellLibrary

  Point                                                   Incr       Path
  --------------------------------------------------------------------------
  clock clk (rise edge)                                   0.00       0.00
  clock network delay (ideal)                             0.00       0.00
  id_stage_inst/rs2_addr_reg/reg_data_reg[2]/CK (DFF_X1)
                                                          0.00       0.00 r
  id_stage_inst/rs2_addr_reg/reg_data_reg[2]/QN (DFF_X1)
                                                          0.07       0.07 r
  U7403/ZN (XNOR2_X1)                                     0.06       0.13 r
  U6709/ZN (AND2_X2)                                      0.05       0.17 r
  U5333/ZN (AND4_X2)                                      0.06       0.24 r
  U8153/ZN (AND3_X2)                                      0.06       0.29 r
  U6427/Z (BUF_X2)                                        0.05       0.34 r
  U8318/ZN (AOI22_X1)                                     0.04       0.38 f
  U5664/ZN (AND3_X1)                                      0.06       0.44 f
  U8401/ZN (XNOR2_X1)                                     0.06       0.50 f
  U8409/ZN (NAND2_X1)                                     0.04       0.54 r
  U8411/ZN (OAI21_X1)                                     0.04       0.57 f
  U7627/ZN (AOI21_X1)                                     0.05       0.63 r
  U7496/ZN (OR2_X1)                                       0.03       0.66 r
  U6353/ZN (OAI211_X1)                                    0.04       0.70 f
  U5445/Z (BUF_X1)                                        0.05       0.76 f
  U5324/ZN (OR3_X2)                                       0.09       0.85 f
  U6304/ZN (INV_X1)                                       0.03       0.88 r
  U9230/ZN (NAND2_X1)                                     0.02       0.90 f
  U5345/ZN (AND4_X2)                                      0.04       0.95 f
  U9232/ZN (NAND2_X1)                                     0.03       0.98 r
  U9245/ZN (NAND4_X1)                                     0.04       1.02 f
  U9246/ZN (NAND2_X1)                                     0.03       1.05 r
  U5820/ZN (AND2_X1)                                      0.05       1.10 r
  U7789/ZN (AND4_X1)                                      0.06       1.15 r
  U5830/ZN (AND3_X1)                                      0.05       1.21 r
  U5541/ZN (AND4_X1)                                      0.07       1.27 r
  U9632/ZN (AOI22_X1)                                     0.03       1.31 f
  U5793/ZN (OR2_X1)                                       0.06       1.36 f
  U5736/ZN (AND2_X1)                                      0.04       1.40 f
  U10070/ZN (NAND2_X1)                                    0.03       1.43 r
  U10200/ZN (NAND3_X1)                                    0.05       1.47 f
  U11924/Z (CLKBUF_X1)                                    0.05       1.53 f
  U11926/ZN (NAND2_X1)                                    0.03       1.55 r
  if_stage_inst/pc_reg_inst/clk_gate_reg_data_reg/EN (SNPS_CLOCK_GATE_HIGH_gen_register_DATA_WIDTH32_12_9)
                                                          0.00       1.55 r
  if_stage_inst/pc_reg_inst/clk_gate_reg_data_reg/latch/D (DLL_X1)
                                                          0.01       1.56 r
  data arrival time                                                  1.56

  clock clk (fall edge)                                   0.90       0.90
  clock network delay (ideal)                             0.00       0.90
  if_stage_inst/pc_reg_inst/clk_gate_reg_data_reg/latch/GN (DLL_X1)
                                                          0.00       0.90 f
  time borrowed from endpoint                             0.66       1.56
  data required time                                                 1.56
  --------------------------------------------------------------------------
  data required time                                                 1.56
  data arrival time                                                 -1.56
  --------------------------------------------------------------------------
  slack (MET)                                                        0.00

  Time Borrowing Information
  --------------------------------------------------------------
  clk nominal pulse width                                 0.90   
  library setup time                                     -0.03   
  --------------------------------------------------------------
  max time borrow                                         0.87   
  actual time borrow                                      0.66   
  --------------------------------------------------------------


  Startpoint: ex_stage_inst/rd_addr_reg/reg_data_reg[1]
              (rising edge-triggered flip-flop clocked by clk)
  Endpoint: if_stage_inst/pc_reg_inst/clk_gate_reg_data_reg/latch
            (negative level-sensitive latch clocked by clk)
  Path Group: clk
  Path Type: max

  Des/Clust/Port     Wire Load Model       Library
  ------------------------------------------------
  dlx                5K_hvratio_1_1        NangateOpenCellLibrary

  Point                                                   Incr       Path
  --------------------------------------------------------------------------
  clock clk (rise edge)                                   0.00       0.00
  clock network delay (ideal)                             0.00       0.00
  ex_stage_inst/rd_addr_reg/reg_data_reg[1]/CK (DFF_X1)
                                                          0.00       0.00 r
  ex_stage_inst/rd_addr_reg/reg_data_reg[1]/Q (DFF_X1)
                                                          0.08       0.08 f
  U8160/ZN (XNOR2_X1)                                     0.05       0.13 f
  U8162/ZN (AND2_X1)                                      0.04       0.17 f
  U6400/ZN (AND4_X2)                                      0.05       0.22 f
  U6399/ZN (AND2_X1)                                      0.04       0.26 f
  U8170/ZN (OR2_X2)                                       0.07       0.32 f
  U5368/Z (BUF_X4)                                        0.07       0.39 f
  U7877/ZN (OR2_X1)                                       0.07       0.45 f
  U5225/ZN (AND3_X1)                                      0.05       0.50 f
  U5568/ZN (INV_X1)                                       0.07       0.57 r
  U7528/ZN (OR2_X1)                                       0.04       0.61 r
  U6158/ZN (AND2_X1)                                      0.04       0.65 r
  U5288/ZN (AND4_X2)                                      0.06       0.72 r
  U5373/ZN (INV_X1)                                       0.02       0.74 f
  U8549/ZN (AND2_X1)                                      0.03       0.77 f
  U5683/ZN (OR2_X1)                                       0.06       0.84 f
  U9177/ZN (NAND2_X1)                                     0.03       0.87 r
  U5638/ZN (NAND2_X1)                                     0.03       0.90 f
  U5311/ZN (NOR2_X1)                                      0.05       0.94 r
  U6818/ZN (NAND4_X1)                                     0.05       0.99 f
  U9191/ZN (OAI211_X1)                                    0.05       1.04 r
  U5817/ZN (AND2_X1)                                      0.05       1.09 r
  U7789/ZN (AND4_X1)                                      0.06       1.15 r
  U5830/ZN (AND3_X1)                                      0.05       1.21 r
  U5541/ZN (AND4_X1)                                      0.07       1.27 r
  U9632/ZN (AOI22_X1)                                     0.03       1.31 f
  U5793/ZN (OR2_X1)                                       0.06       1.36 f
  U5736/ZN (AND2_X1)                                      0.04       1.40 f
  U10070/ZN (NAND2_X1)                                    0.03       1.43 r
  U10200/ZN (NAND3_X1)                                    0.05       1.47 f
  U11924/Z (CLKBUF_X1)                                    0.05       1.53 f
  U11926/ZN (NAND2_X1)                                    0.03       1.55 r
  if_stage_inst/pc_reg_inst/clk_gate_reg_data_reg/EN (SNPS_CLOCK_GATE_HIGH_gen_register_DATA_WIDTH32_12_9)
                                                          0.00       1.55 r
  if_stage_inst/pc_reg_inst/clk_gate_reg_data_reg/latch/D (DLL_X1)
                                                          0.01       1.56 r
  data arrival time                                                  1.56

  clock clk (fall edge)                                   0.90       0.90
  clock network delay (ideal)                             0.00       0.90
  if_stage_inst/pc_reg_inst/clk_gate_reg_data_reg/latch/GN (DLL_X1)
                                                          0.00       0.90 f
  time borrowed from endpoint                             0.66       1.56
  data required time                                                 1.56
  --------------------------------------------------------------------------
  data required time                                                 1.56
  data arrival time                                                 -1.56
  --------------------------------------------------------------------------
  slack (MET)                                                        0.00

  Time Borrowing Information
  --------------------------------------------------------------
  clk nominal pulse width                                 0.90   
  library setup time                                     -0.03   
  --------------------------------------------------------------
  max time borrow                                         0.87   
  actual time borrow                                      0.66   
  --------------------------------------------------------------


  Startpoint: ex_stage_inst/mult_pp_inst/tree_i/layer_4_r_reg[2][14]
              (rising edge-triggered flip-flop clocked by clk)
  Endpoint: if_stage_inst/pc_reg_inst/clk_gate_reg_data_reg/latch
            (negative level-sensitive latch clocked by clk)
  Path Group: clk
  Path Type: max

  Des/Clust/Port     Wire Load Model       Library
  ------------------------------------------------
  dlx                5K_hvratio_1_1        NangateOpenCellLibrary

  Point                                                   Incr       Path
  --------------------------------------------------------------------------
  clock clk (rise edge)                                   0.00       0.00
  clock network delay (ideal)                             0.00       0.00
  ex_stage_inst/mult_pp_inst/tree_i/layer_4_r_reg[2][14]/CK (DFF_X1)
                                                          0.00       0.00 r
  ex_stage_inst/mult_pp_inst/tree_i/layer_4_r_reg[2][14]/Q (DFF_X1)
                                                          0.08       0.08 f
  U8648/S (FA_X1)                                         0.15       0.23 r
  U6613/ZN (AND2_X1)                                      0.05       0.28 r
  U8649/ZN (NAND2_X1)                                     0.04       0.32 f
  U8650/ZN (XNOR2_X1)                                     0.07       0.39 r
  U8651/ZN (AOI21_X1)                                     0.04       0.43 f
  U5495/ZN (NAND2_X1)                                     0.04       0.46 r
  U6497/ZN (NAND2_X1)                                     0.03       0.49 f
  U6899/ZN (NAND2_X1)                                     0.03       0.52 r
  U5545/ZN (NAND2_X1)                                     0.03       0.56 f
  U8676/ZN (NAND2_X1)                                     0.03       0.59 r
  U8677/ZN (OAI21_X1)                                     0.04       0.63 f
  U5358/ZN (OR2_X1)                                       0.06       0.68 f
  U7614/ZN (NAND3_X1)                                     0.03       0.71 r
  U7315/ZN (AND2_X1)                                      0.04       0.75 r
  U9502/ZN (INV_X1)                                       0.02       0.78 f
  U9503/ZN (XNOR2_X1)                                     0.05       0.83 f
  U9504/ZN (NAND2_X1)                                     0.03       0.86 r
  U7094/ZN (AND2_X1)                                      0.04       0.90 r
  U7093/ZN (AND2_X1)                                      0.04       0.93 r
  U7598/ZN (AND4_X1)                                      0.06       1.00 r
  U7599/ZN (NAND2_X1)                                     0.03       1.03 f
  U7689/ZN (AOI21_X1)                                     0.05       1.08 r
  U9513/ZN (AND4_X1)                                      0.07       1.15 r
  U5543/ZN (AND4_X1)                                      0.06       1.21 r
  U5541/ZN (AND4_X1)                                      0.06       1.27 r
  U9632/ZN (AOI22_X1)                                     0.03       1.31 f
  U5793/ZN (OR2_X1)                                       0.06       1.36 f
  U5736/ZN (AND2_X1)                                      0.04       1.40 f
  U10070/ZN (NAND2_X1)                                    0.03       1.43 r
  U10200/ZN (NAND3_X1)                                    0.05       1.47 f
  U11924/Z (CLKBUF_X1)                                    0.05       1.53 f
  U11926/ZN (NAND2_X1)                                    0.03       1.55 r
  if_stage_inst/pc_reg_inst/clk_gate_reg_data_reg/EN (SNPS_CLOCK_GATE_HIGH_gen_register_DATA_WIDTH32_12_9)
                                                          0.00       1.55 r
  if_stage_inst/pc_reg_inst/clk_gate_reg_data_reg/latch/D (DLL_X1)
                                                          0.01       1.56 r
  data arrival time                                                  1.56

  clock clk (fall edge)                                   0.90       0.90
  clock network delay (ideal)                             0.00       0.90
  if_stage_inst/pc_reg_inst/clk_gate_reg_data_reg/latch/GN (DLL_X1)
                                                          0.00       0.90 f
  time borrowed from endpoint                             0.66       1.56
  data required time                                                 1.56
  --------------------------------------------------------------------------
  data required time                                                 1.56
  data arrival time                                                 -1.56
  --------------------------------------------------------------------------
  slack (MET)                                                        0.00

  Time Borrowing Information
  --------------------------------------------------------------
  clk nominal pulse width                                 0.90   
  library setup time                                     -0.03   
  --------------------------------------------------------------
  max time borrow                                         0.87   
  actual time borrow                                      0.66   
  --------------------------------------------------------------


  Startpoint: id_stage_inst/rs2_addr_reg/reg_data_reg[0]
              (rising edge-triggered flip-flop clocked by clk)
  Endpoint: if_stage_inst/pc_reg_inst/clk_gate_reg_data_reg/latch
            (negative level-sensitive latch clocked by clk)
  Path Group: clk
  Path Type: max

  Des/Clust/Port     Wire Load Model       Library
  ------------------------------------------------
  dlx                5K_hvratio_1_1        NangateOpenCellLibrary

  Point                                                   Incr       Path
  --------------------------------------------------------------------------
  clock clk (rise edge)                                   0.00       0.00
  clock network delay (ideal)                             0.00       0.00
  id_stage_inst/rs2_addr_reg/reg_data_reg[0]/CK (DFF_X1)
                                                          0.00       0.00 r
  id_stage_inst/rs2_addr_reg/reg_data_reg[0]/QN (DFF_X1)
                                                          0.07       0.07 r
  U7404/ZN (XNOR2_X1)                                     0.06       0.13 r
  U6709/ZN (AND2_X2)                                      0.05       0.17 r
  U5371/ZN (AND4_X2)                                      0.07       0.24 r
  U8151/ZN (NAND2_X1)                                     0.03       0.27 f
  U6344/ZN (AND3_X2)                                      0.05       0.33 f
  U8174/ZN (NAND2_X1)                                     0.04       0.37 r
  U5171/ZN (AND4_X1)                                      0.07       0.44 r
  U5317/ZN (NOR2_X1)                                      0.03       0.47 f
  U5494/ZN (AND2_X2)                                      0.07       0.55 f
  U6165/ZN (INV_X1)                                       0.06       0.60 r
  U7467/ZN (OAI21_X1)                                     0.04       0.64 f
  U5344/ZN (OR4_X2)                                       0.14       0.78 f
  U8979/ZN (NAND2_X1)                                     0.04       0.81 r
  U8982/ZN (NAND3_X1)                                     0.05       0.86 f
  U7880/ZN (INV_X1)                                       0.04       0.90 r
  U6724/ZN (OAI21_X1)                                     0.03       0.92 f
  U8986/ZN (OAI21_X1)                                     0.04       0.97 r
  U8991/ZN (AND4_X1)                                      0.07       1.04 r
  U8995/ZN (OAI211_X1)                                    0.05       1.08 f
  U7441/ZN (OR2_X1)                                       0.07       1.15 f
  U7799/ZN (NOR3_X1)                                      0.05       1.20 r
  U5541/ZN (AND4_X1)                                      0.07       1.27 r
  U9632/ZN (AOI22_X1)                                     0.03       1.31 f
  U5793/ZN (OR2_X1)                                       0.06       1.36 f
  U5736/ZN (AND2_X1)                                      0.04       1.40 f
  U10070/ZN (NAND2_X1)                                    0.03       1.43 r
  U10200/ZN (NAND3_X1)                                    0.05       1.47 f
  U11924/Z (CLKBUF_X1)                                    0.05       1.53 f
  U11926/ZN (NAND2_X1)                                    0.03       1.55 r
  if_stage_inst/pc_reg_inst/clk_gate_reg_data_reg/EN (SNPS_CLOCK_GATE_HIGH_gen_register_DATA_WIDTH32_12_9)
                                                          0.00       1.55 r
  if_stage_inst/pc_reg_inst/clk_gate_reg_data_reg/latch/D (DLL_X1)
                                                          0.01       1.56 r
  data arrival time                                                  1.56

  clock clk (fall edge)                                   0.90       0.90
  clock network delay (ideal)                             0.00       0.90
  if_stage_inst/pc_reg_inst/clk_gate_reg_data_reg/latch/GN (DLL_X1)
                                                          0.00       0.90 f
  time borrowed from endpoint                             0.66       1.56
  data required time                                                 1.56
  --------------------------------------------------------------------------
  data required time                                                 1.56
  data arrival time                                                 -1.56
  --------------------------------------------------------------------------
  slack (MET)                                                        0.00

  Time Borrowing Information
  --------------------------------------------------------------
  clk nominal pulse width                                 0.90   
  library setup time                                     -0.03   
  --------------------------------------------------------------
  max time borrow                                         0.87   
  actual time borrow                                      0.66   
  --------------------------------------------------------------


  Startpoint: if_stage_inst/instruction_reg/reg_data_reg[27]
              (rising edge-triggered flip-flop clocked by clk)
  Endpoint: if_stage_inst/btb_inst/clk_gate_btb_reg[15][TAG]/latch
            (negative level-sensitive latch clocked by clk)
  Path Group: clk
  Path Type: max

  Des/Clust/Port     Wire Load Model       Library
  ------------------------------------------------
  dlx                5K_hvratio_1_1        NangateOpenCellLibrary

  Point                                                   Incr       Path
  --------------------------------------------------------------------------
  clock clk (rise edge)                                   0.00       0.00
  clock network delay (ideal)                             0.00       0.00
  if_stage_inst/instruction_reg/reg_data_reg[27]/CK (DFF_X1)
                                                          0.00       0.00 r
  if_stage_inst/instruction_reg/reg_data_reg[27]/Q (DFF_X1)
                                                          0.09       0.09 r
  U7102/ZN (AND2_X1)                                      0.06       0.15 r
  U7489/ZN (NAND2_X1)                                     0.04       0.19 f
  U5802/ZN (OR2_X4)                                       0.10       0.29 f
  U6251/ZN (INV_X2)                                       0.12       0.41 r
  U5221/ZN (OR4_X1)                                       0.06       0.47 r
  U6542/ZN (NAND2_X1)                                     0.04       0.51 f
  U7418/ZN (AND2_X1)                                      0.05       0.56 f
  U5610/ZN (NOR4_X1)                                      0.14       0.69 r
  U10190/ZN (OAI211_X1)                                   0.06       0.76 f
  U6137/ZN (OAI21_X1)                                     0.06       0.82 r
  U5442/ZN (AND2_X1)                                      0.11       0.93 r
  U6090/ZN (AND2_X1)                                      0.07       1.00 r
  U6081/ZN (INV_X1)                                       0.03       1.03 f
  U5443/ZN (OR2_X4)                                       0.11       1.13 f
  U5894/ZN (INV_X4)                                       0.17       1.30 r
  U7113/ZN (AND2_X1)                                      0.08       1.38 r
  U8080/ZN (AND2_X1)                                      0.05       1.43 r
  if_stage_inst/btb_inst/clk_gate_btb_reg[15][TAG]/EN (SNPS_CLOCK_GATE_HIGH_BTB_if_1_1)
                                                          0.00       1.43 r
  if_stage_inst/btb_inst/clk_gate_btb_reg[15][TAG]/latch/D (DLL_X1)
                                                          0.01       1.43 r
  data arrival time                                                  1.43

  clock clk (fall edge)                                   0.90       0.90
  clock network delay (ideal)                             0.00       0.90
  if_stage_inst/btb_inst/clk_gate_btb_reg[15][TAG]/latch/GN (DLL_X1)
                                                          0.00       0.90 f
  time borrowed from endpoint                             0.54       1.43
  data required time                                                 1.43
  --------------------------------------------------------------------------
  data required time                                                 1.43
  data arrival time                                                 -1.43
  --------------------------------------------------------------------------
  slack (MET)                                                        0.00

  Time Borrowing Information
  --------------------------------------------------------------
  clk nominal pulse width                                 0.90   
  library setup time                                     -0.03   
  --------------------------------------------------------------
  max time borrow                                         0.86   
  actual time borrow                                      0.54   
  --------------------------------------------------------------


  Startpoint: if_stage_inst/instruction_reg/reg_data_reg[27]
              (rising edge-triggered flip-flop clocked by clk)
  Endpoint: if_stage_inst/btb_inst/clk_gate_btb_reg[14][TAG]/latch
            (negative level-sensitive latch clocked by clk)
  Path Group: clk
  Path Type: max

  Des/Clust/Port     Wire Load Model       Library
  ------------------------------------------------
  dlx                5K_hvratio_1_1        NangateOpenCellLibrary

  Point                                                   Incr       Path
  --------------------------------------------------------------------------
  clock clk (rise edge)                                   0.00       0.00
  clock network delay (ideal)                             0.00       0.00
  if_stage_inst/instruction_reg/reg_data_reg[27]/CK (DFF_X1)
                                                          0.00       0.00 r
  if_stage_inst/instruction_reg/reg_data_reg[27]/Q (DFF_X1)
                                                          0.09       0.09 r
  U7102/ZN (AND2_X1)                                      0.06       0.15 r
  U7489/ZN (NAND2_X1)                                     0.04       0.19 f
  U5802/ZN (OR2_X4)                                       0.10       0.29 f
  U6251/ZN (INV_X2)                                       0.12       0.41 r
  U5221/ZN (OR4_X1)                                       0.06       0.47 r
  U6542/ZN (NAND2_X1)                                     0.04       0.51 f
  U7418/ZN (AND2_X1)                                      0.05       0.56 f
  U5610/ZN (NOR4_X1)                                      0.14       0.69 r
  U10190/ZN (OAI211_X1)                                   0.06       0.76 f
  U6137/ZN (OAI21_X1)                                     0.06       0.82 r
  U5442/ZN (AND2_X1)                                      0.11       0.93 r
  U6090/ZN (AND2_X1)                                      0.07       1.00 r
  U6081/ZN (INV_X1)                                       0.03       1.03 f
  U5443/ZN (OR2_X4)                                       0.11       1.13 f
  U5894/ZN (INV_X4)                                       0.17       1.30 r
  U7113/ZN (AND2_X1)                                      0.08       1.38 r
  U7176/ZN (AND2_X1)                                      0.05       1.43 r
  if_stage_inst/btb_inst/clk_gate_btb_reg[14][TAG]/EN (SNPS_CLOCK_GATE_HIGH_BTB_if_1_2)
                                                          0.00       1.43 r
  if_stage_inst/btb_inst/clk_gate_btb_reg[14][TAG]/latch/D (DLL_X1)
                                                          0.01       1.43 r
  data arrival time                                                  1.43

  clock clk (fall edge)                                   0.90       0.90
  clock network delay (ideal)                             0.00       0.90
  if_stage_inst/btb_inst/clk_gate_btb_reg[14][TAG]/latch/GN (DLL_X1)
                                                          0.00       0.90 f
  time borrowed from endpoint                             0.54       1.43
  data required time                                                 1.43
  --------------------------------------------------------------------------
  data required time                                                 1.43
  data arrival time                                                 -1.43
  --------------------------------------------------------------------------
  slack (MET)                                                        0.00

  Time Borrowing Information
  --------------------------------------------------------------
  clk nominal pulse width                                 0.90   
  library setup time                                     -0.03   
  --------------------------------------------------------------
  max time borrow                                         0.86   
  actual time borrow                                      0.54   
  --------------------------------------------------------------


  Startpoint: if_stage_inst/instruction_reg/reg_data_reg[27]
              (rising edge-triggered flip-flop clocked by clk)
  Endpoint: if_stage_inst/btb_inst/clk_gate_btb_reg[13][TAG]/latch
            (negative level-sensitive latch clocked by clk)
  Path Group: clk
  Path Type: max

  Des/Clust/Port     Wire Load Model       Library
  ------------------------------------------------
  dlx                5K_hvratio_1_1        NangateOpenCellLibrary

  Point                                                   Incr       Path
  --------------------------------------------------------------------------
  clock clk (rise edge)                                   0.00       0.00
  clock network delay (ideal)                             0.00       0.00
  if_stage_inst/instruction_reg/reg_data_reg[27]/CK (DFF_X1)
                                                          0.00       0.00 r
  if_stage_inst/instruction_reg/reg_data_reg[27]/Q (DFF_X1)
                                                          0.09       0.09 r
  U7102/ZN (AND2_X1)                                      0.06       0.15 r
  U7489/ZN (NAND2_X1)                                     0.04       0.19 f
  U5802/ZN (OR2_X4)                                       0.10       0.29 f
  U6251/ZN (INV_X2)                                       0.12       0.41 r
  U5221/ZN (OR4_X1)                                       0.06       0.47 r
  U6542/ZN (NAND2_X1)                                     0.04       0.51 f
  U7418/ZN (AND2_X1)                                      0.05       0.56 f
  U5610/ZN (NOR4_X1)                                      0.14       0.69 r
  U10190/ZN (OAI211_X1)                                   0.06       0.76 f
  U6137/ZN (OAI21_X1)                                     0.06       0.82 r
  U5442/ZN (AND2_X1)                                      0.11       0.93 r
  U6090/ZN (AND2_X1)                                      0.07       1.00 r
  U6081/ZN (INV_X1)                                       0.03       1.03 f
  U5443/ZN (OR2_X4)                                       0.11       1.13 f
  U5894/ZN (INV_X4)                                       0.17       1.30 r
  U7114/ZN (AND2_X1)                                      0.08       1.38 r
  U7177/ZN (AND2_X1)                                      0.05       1.43 r
  if_stage_inst/btb_inst/clk_gate_btb_reg[13][TAG]/EN (SNPS_CLOCK_GATE_HIGH_BTB_if_1_3)
                                                          0.00       1.43 r
  if_stage_inst/btb_inst/clk_gate_btb_reg[13][TAG]/latch/D (DLL_X1)
                                                          0.01       1.43 r
  data arrival time                                                  1.43

  clock clk (fall edge)                                   0.90       0.90
  clock network delay (ideal)                             0.00       0.90
  if_stage_inst/btb_inst/clk_gate_btb_reg[13][TAG]/latch/GN (DLL_X1)
                                                          0.00       0.90 f
  time borrowed from endpoint                             0.54       1.43
  data required time                                                 1.43
  --------------------------------------------------------------------------
  data required time                                                 1.43
  data arrival time                                                 -1.43
  --------------------------------------------------------------------------
  slack (MET)                                                        0.00

  Time Borrowing Information
  --------------------------------------------------------------
  clk nominal pulse width                                 0.90   
  library setup time                                     -0.03   
  --------------------------------------------------------------
  max time borrow                                         0.86   
  actual time borrow                                      0.54   
  --------------------------------------------------------------


  Startpoint: if_stage_inst/instruction_reg/reg_data_reg[27]
              (rising edge-triggered flip-flop clocked by clk)
  Endpoint: if_stage_inst/btb_inst/clk_gate_btb_reg[12][TAG]/latch
            (negative level-sensitive latch clocked by clk)
  Path Group: clk
  Path Type: max

  Des/Clust/Port     Wire Load Model       Library
  ------------------------------------------------
  dlx                5K_hvratio_1_1        NangateOpenCellLibrary

  Point                                                   Incr       Path
  --------------------------------------------------------------------------
  clock clk (rise edge)                                   0.00       0.00
  clock network delay (ideal)                             0.00       0.00
  if_stage_inst/instruction_reg/reg_data_reg[27]/CK (DFF_X1)
                                                          0.00       0.00 r
  if_stage_inst/instruction_reg/reg_data_reg[27]/Q (DFF_X1)
                                                          0.09       0.09 r
  U7102/ZN (AND2_X1)                                      0.06       0.15 r
  U7489/ZN (NAND2_X1)                                     0.04       0.19 f
  U5802/ZN (OR2_X4)                                       0.10       0.29 f
  U6251/ZN (INV_X2)                                       0.12       0.41 r
  U5221/ZN (OR4_X1)                                       0.06       0.47 r
  U6542/ZN (NAND2_X1)                                     0.04       0.51 f
  U7418/ZN (AND2_X1)                                      0.05       0.56 f
  U5610/ZN (NOR4_X1)                                      0.14       0.69 r
  U10190/ZN (OAI211_X1)                                   0.06       0.76 f
  U6137/ZN (OAI21_X1)                                     0.06       0.82 r
  U5442/ZN (AND2_X1)                                      0.11       0.93 r
  U6090/ZN (AND2_X1)                                      0.07       1.00 r
  U6081/ZN (INV_X1)                                       0.03       1.03 f
  U5443/ZN (OR2_X4)                                       0.11       1.13 f
  U5894/ZN (INV_X4)                                       0.17       1.30 r
  U7114/ZN (AND2_X1)                                      0.08       1.38 r
  U7178/ZN (AND2_X1)                                      0.05       1.43 r
  if_stage_inst/btb_inst/clk_gate_btb_reg[12][TAG]/EN (SNPS_CLOCK_GATE_HIGH_BTB_if_1_4)
                                                          0.00       1.43 r
  if_stage_inst/btb_inst/clk_gate_btb_reg[12][TAG]/latch/D (DLL_X1)
                                                          0.01       1.43 r
  data arrival time                                                  1.43

  clock clk (fall edge)                                   0.90       0.90
  clock network delay (ideal)                             0.00       0.90
  if_stage_inst/btb_inst/clk_gate_btb_reg[12][TAG]/latch/GN (DLL_X1)
                                                          0.00       0.90 f
  time borrowed from endpoint                             0.54       1.43
  data required time                                                 1.43
  --------------------------------------------------------------------------
  data required time                                                 1.43
  data arrival time                                                 -1.43
  --------------------------------------------------------------------------
  slack (MET)                                                        0.00

  Time Borrowing Information
  --------------------------------------------------------------
  clk nominal pulse width                                 0.90   
  library setup time                                     -0.03   
  --------------------------------------------------------------
  max time borrow                                         0.86   
  actual time borrow                                      0.54   
  --------------------------------------------------------------


  Startpoint: if_stage_inst/instruction_reg/reg_data_reg[27]
              (rising edge-triggered flip-flop clocked by clk)
  Endpoint: if_stage_inst/btb_inst/clk_gate_btb_reg[11][TAG]/latch
            (negative level-sensitive latch clocked by clk)
  Path Group: clk
  Path Type: max

  Des/Clust/Port     Wire Load Model       Library
  ------------------------------------------------
  dlx                5K_hvratio_1_1        NangateOpenCellLibrary

  Point                                                   Incr       Path
  --------------------------------------------------------------------------
  clock clk (rise edge)                                   0.00       0.00
  clock network delay (ideal)                             0.00       0.00
  if_stage_inst/instruction_reg/reg_data_reg[27]/CK (DFF_X1)
                                                          0.00       0.00 r
  if_stage_inst/instruction_reg/reg_data_reg[27]/Q (DFF_X1)
                                                          0.09       0.09 r
  U7102/ZN (AND2_X1)                                      0.06       0.15 r
  U7489/ZN (NAND2_X1)                                     0.04       0.19 f
  U5802/ZN (OR2_X4)                                       0.10       0.29 f
  U6251/ZN (INV_X2)                                       0.12       0.41 r
  U5221/ZN (OR4_X1)                                       0.06       0.47 r
  U6542/ZN (NAND2_X1)                                     0.04       0.51 f
  U7418/ZN (AND2_X1)                                      0.05       0.56 f
  U5610/ZN (NOR4_X1)                                      0.14       0.69 r
  U10190/ZN (OAI211_X1)                                   0.06       0.76 f
  U6137/ZN (OAI21_X1)                                     0.06       0.82 r
  U5442/ZN (AND2_X1)                                      0.11       0.93 r
  U6090/ZN (AND2_X1)                                      0.07       1.00 r
  U6081/ZN (INV_X1)                                       0.03       1.03 f
  U5443/ZN (OR2_X4)                                       0.11       1.13 f
  U5894/ZN (INV_X4)                                       0.17       1.30 r
  U7115/ZN (AND2_X1)                                      0.08       1.38 r
  U7179/ZN (AND2_X1)                                      0.05       1.43 r
  if_stage_inst/btb_inst/clk_gate_btb_reg[11][TAG]/EN (SNPS_CLOCK_GATE_HIGH_BTB_if_1_5)
                                                          0.00       1.43 r
  if_stage_inst/btb_inst/clk_gate_btb_reg[11][TAG]/latch/D (DLL_X1)
                                                          0.01       1.43 r
  data arrival time                                                  1.43

  clock clk (fall edge)                                   0.90       0.90
  clock network delay (ideal)                             0.00       0.90
  if_stage_inst/btb_inst/clk_gate_btb_reg[11][TAG]/latch/GN (DLL_X1)
                                                          0.00       0.90 f
  time borrowed from endpoint                             0.54       1.43
  data required time                                                 1.43
  --------------------------------------------------------------------------
  data required time                                                 1.43
  data arrival time                                                 -1.43
  --------------------------------------------------------------------------
  slack (MET)                                                        0.00

  Time Borrowing Information
  --------------------------------------------------------------
  clk nominal pulse width                                 0.90   
  library setup time                                     -0.03   
  --------------------------------------------------------------
  max time borrow                                         0.86   
  actual time borrow                                      0.54   
  --------------------------------------------------------------


  Startpoint: if_stage_inst/instruction_reg/reg_data_reg[27]
              (rising edge-triggered flip-flop clocked by clk)
  Endpoint: if_stage_inst/btb_inst/clk_gate_btb_reg[10][TAG]/latch
            (negative level-sensitive latch clocked by clk)
  Path Group: clk
  Path Type: max

  Des/Clust/Port     Wire Load Model       Library
  ------------------------------------------------
  dlx                5K_hvratio_1_1        NangateOpenCellLibrary

  Point                                                   Incr       Path
  --------------------------------------------------------------------------
  clock clk (rise edge)                                   0.00       0.00
  clock network delay (ideal)                             0.00       0.00
  if_stage_inst/instruction_reg/reg_data_reg[27]/CK (DFF_X1)
                                                          0.00       0.00 r
  if_stage_inst/instruction_reg/reg_data_reg[27]/Q (DFF_X1)
                                                          0.09       0.09 r
  U7102/ZN (AND2_X1)                                      0.06       0.15 r
  U7489/ZN (NAND2_X1)                                     0.04       0.19 f
  U5802/ZN (OR2_X4)                                       0.10       0.29 f
  U6251/ZN (INV_X2)                                       0.12       0.41 r
  U5221/ZN (OR4_X1)                                       0.06       0.47 r
  U6542/ZN (NAND2_X1)                                     0.04       0.51 f
  U7418/ZN (AND2_X1)                                      0.05       0.56 f
  U5610/ZN (NOR4_X1)                                      0.14       0.69 r
  U10190/ZN (OAI211_X1)                                   0.06       0.76 f
  U6137/ZN (OAI21_X1)                                     0.06       0.82 r
  U5442/ZN (AND2_X1)                                      0.11       0.93 r
  U6090/ZN (AND2_X1)                                      0.07       1.00 r
  U6081/ZN (INV_X1)                                       0.03       1.03 f
  U5443/ZN (OR2_X4)                                       0.11       1.13 f
  U5894/ZN (INV_X4)                                       0.17       1.30 r
  U7115/ZN (AND2_X1)                                      0.08       1.38 r
  U7180/ZN (AND2_X1)                                      0.05       1.43 r
  if_stage_inst/btb_inst/clk_gate_btb_reg[10][TAG]/EN (SNPS_CLOCK_GATE_HIGH_BTB_if_1_6)
                                                          0.00       1.43 r
  if_stage_inst/btb_inst/clk_gate_btb_reg[10][TAG]/latch/D (DLL_X1)
                                                          0.01       1.43 r
  data arrival time                                                  1.43

  clock clk (fall edge)                                   0.90       0.90
  clock network delay (ideal)                             0.00       0.90
  if_stage_inst/btb_inst/clk_gate_btb_reg[10][TAG]/latch/GN (DLL_X1)
                                                          0.00       0.90 f
  time borrowed from endpoint                             0.54       1.43
  data required time                                                 1.43
  --------------------------------------------------------------------------
  data required time                                                 1.43
  data arrival time                                                 -1.43
  --------------------------------------------------------------------------
  slack (MET)                                                        0.00

  Time Borrowing Information
  --------------------------------------------------------------
  clk nominal pulse width                                 0.90   
  library setup time                                     -0.03   
  --------------------------------------------------------------
  max time borrow                                         0.86   
  actual time borrow                                      0.54   
  --------------------------------------------------------------


  Startpoint: if_stage_inst/instruction_reg/reg_data_reg[27]
              (rising edge-triggered flip-flop clocked by clk)
  Endpoint: if_stage_inst/btb_inst/clk_gate_btb_reg[8][TAG]/latch
            (negative level-sensitive latch clocked by clk)
  Path Group: clk
  Path Type: max

  Des/Clust/Port     Wire Load Model       Library
  ------------------------------------------------
  dlx                5K_hvratio_1_1        NangateOpenCellLibrary

  Point                                                   Incr       Path
  --------------------------------------------------------------------------
  clock clk (rise edge)                                   0.00       0.00
  clock network delay (ideal)                             0.00       0.00
  if_stage_inst/instruction_reg/reg_data_reg[27]/CK (DFF_X1)
                                                          0.00       0.00 r
  if_stage_inst/instruction_reg/reg_data_reg[27]/Q (DFF_X1)
                                                          0.09       0.09 r
  U7102/ZN (AND2_X1)                                      0.06       0.15 r
  U7489/ZN (NAND2_X1)                                     0.04       0.19 f
  U5802/ZN (OR2_X4)                                       0.10       0.29 f
  U6251/ZN (INV_X2)                                       0.12       0.41 r
  U5221/ZN (OR4_X1)                                       0.06       0.47 r
  U6542/ZN (NAND2_X1)                                     0.04       0.51 f
  U7418/ZN (AND2_X1)                                      0.05       0.56 f
  U5610/ZN (NOR4_X1)                                      0.14       0.69 r
  U10190/ZN (OAI211_X1)                                   0.06       0.76 f
  U6137/ZN (OAI21_X1)                                     0.06       0.82 r
  U5442/ZN (AND2_X1)                                      0.11       0.93 r
  U6090/ZN (AND2_X1)                                      0.07       1.00 r
  U6081/ZN (INV_X1)                                       0.03       1.03 f
  U5443/ZN (OR2_X4)                                       0.11       1.13 f
  U5894/ZN (INV_X4)                                       0.17       1.30 r
  U7117/ZN (AND2_X1)                                      0.08       1.38 r
  U7182/ZN (AND2_X1)                                      0.05       1.43 r
  if_stage_inst/btb_inst/clk_gate_btb_reg[8][TAG]/EN (SNPS_CLOCK_GATE_HIGH_BTB_if_1_8)
                                                          0.00       1.43 r
  if_stage_inst/btb_inst/clk_gate_btb_reg[8][TAG]/latch/D (DLL_X1)
                                                          0.01       1.43 r
  data arrival time                                                  1.43

  clock clk (fall edge)                                   0.90       0.90
  clock network delay (ideal)                             0.00       0.90
  if_stage_inst/btb_inst/clk_gate_btb_reg[8][TAG]/latch/GN (DLL_X1)
                                                          0.00       0.90 f
  time borrowed from endpoint                             0.54       1.43
  data required time                                                 1.43
  --------------------------------------------------------------------------
  data required time                                                 1.43
  data arrival time                                                 -1.43
  --------------------------------------------------------------------------
  slack (MET)                                                        0.00

  Time Borrowing Information
  --------------------------------------------------------------
  clk nominal pulse width                                 0.90   
  library setup time                                     -0.03   
  --------------------------------------------------------------
  max time borrow                                         0.86   
  actual time borrow                                      0.54   
  --------------------------------------------------------------


  Startpoint: if_stage_inst/instruction_reg/reg_data_reg[27]
              (rising edge-triggered flip-flop clocked by clk)
  Endpoint: if_stage_inst/btb_inst/clk_gate_btb_reg[7][TAG]/latch
            (negative level-sensitive latch clocked by clk)
  Path Group: clk
  Path Type: max

  Des/Clust/Port     Wire Load Model       Library
  ------------------------------------------------
  dlx                5K_hvratio_1_1        NangateOpenCellLibrary

  Point                                                   Incr       Path
  --------------------------------------------------------------------------
  clock clk (rise edge)                                   0.00       0.00
  clock network delay (ideal)                             0.00       0.00
  if_stage_inst/instruction_reg/reg_data_reg[27]/CK (DFF_X1)
                                                          0.00       0.00 r
  if_stage_inst/instruction_reg/reg_data_reg[27]/Q (DFF_X1)
                                                          0.09       0.09 r
  U7102/ZN (AND2_X1)                                      0.06       0.15 r
  U7489/ZN (NAND2_X1)                                     0.04       0.19 f
  U5802/ZN (OR2_X4)                                       0.10       0.29 f
  U6251/ZN (INV_X2)                                       0.12       0.41 r
  U5221/ZN (OR4_X1)                                       0.06       0.47 r
  U6542/ZN (NAND2_X1)                                     0.04       0.51 f
  U7418/ZN (AND2_X1)                                      0.05       0.56 f
  U5610/ZN (NOR4_X1)                                      0.14       0.69 r
  U10190/ZN (OAI211_X1)                                   0.06       0.76 f
  U6137/ZN (OAI21_X1)                                     0.06       0.82 r
  U5442/ZN (AND2_X1)                                      0.11       0.93 r
  U6090/ZN (AND2_X1)                                      0.07       1.00 r
  U6081/ZN (INV_X1)                                       0.03       1.03 f
  U5443/ZN (OR2_X4)                                       0.11       1.13 f
  U5894/ZN (INV_X4)                                       0.17       1.30 r
  U7113/ZN (AND2_X1)                                      0.08       1.38 r
  U7183/ZN (AND2_X1)                                      0.05       1.43 r
  if_stage_inst/btb_inst/clk_gate_btb_reg[7][TAG]/EN (SNPS_CLOCK_GATE_HIGH_BTB_if_1_9)
                                                          0.00       1.43 r
  if_stage_inst/btb_inst/clk_gate_btb_reg[7][TAG]/latch/D (DLL_X1)
                                                          0.01       1.43 r
  data arrival time                                                  1.43

  clock clk (fall edge)                                   0.90       0.90
  clock network delay (ideal)                             0.00       0.90
  if_stage_inst/btb_inst/clk_gate_btb_reg[7][TAG]/latch/GN (DLL_X1)
                                                          0.00       0.90 f
  time borrowed from endpoint                             0.54       1.43
  data required time                                                 1.43
  --------------------------------------------------------------------------
  data required time                                                 1.43
  data arrival time                                                 -1.43
  --------------------------------------------------------------------------
  slack (MET)                                                        0.00

  Time Borrowing Information
  --------------------------------------------------------------
  clk nominal pulse width                                 0.90   
  library setup time                                     -0.03   
  --------------------------------------------------------------
  max time borrow                                         0.86   
  actual time borrow                                      0.54   
  --------------------------------------------------------------


  Startpoint: if_stage_inst/instruction_reg/reg_data_reg[27]
              (rising edge-triggered flip-flop clocked by clk)
  Endpoint: if_stage_inst/btb_inst/clk_gate_btb_reg[6][TAG]/latch
            (negative level-sensitive latch clocked by clk)
  Path Group: clk
  Path Type: max

  Des/Clust/Port     Wire Load Model       Library
  ------------------------------------------------
  dlx                5K_hvratio_1_1        NangateOpenCellLibrary

  Point                                                   Incr       Path
  --------------------------------------------------------------------------
  clock clk (rise edge)                                   0.00       0.00
  clock network delay (ideal)                             0.00       0.00
  if_stage_inst/instruction_reg/reg_data_reg[27]/CK (DFF_X1)
                                                          0.00       0.00 r
  if_stage_inst/instruction_reg/reg_data_reg[27]/Q (DFF_X1)
                                                          0.09       0.09 r
  U7102/ZN (AND2_X1)                                      0.06       0.15 r
  U7489/ZN (NAND2_X1)                                     0.04       0.19 f
  U5802/ZN (OR2_X4)                                       0.10       0.29 f
  U6251/ZN (INV_X2)                                       0.12       0.41 r
  U5221/ZN (OR4_X1)                                       0.06       0.47 r
  U6542/ZN (NAND2_X1)                                     0.04       0.51 f
  U7418/ZN (AND2_X1)                                      0.05       0.56 f
  U5610/ZN (NOR4_X1)                                      0.14       0.69 r
  U10190/ZN (OAI211_X1)                                   0.06       0.76 f
  U6137/ZN (OAI21_X1)                                     0.06       0.82 r
  U5442/ZN (AND2_X1)                                      0.11       0.93 r
  U6090/ZN (AND2_X1)                                      0.07       1.00 r
  U6081/ZN (INV_X1)                                       0.03       1.03 f
  U5443/ZN (OR2_X4)                                       0.11       1.13 f
  U5894/ZN (INV_X4)                                       0.17       1.30 r
  U7113/ZN (AND2_X1)                                      0.08       1.38 r
  U7184/ZN (AND2_X1)                                      0.05       1.43 r
  if_stage_inst/btb_inst/clk_gate_btb_reg[6][TAG]/EN (SNPS_CLOCK_GATE_HIGH_BTB_if_1_10)
                                                          0.00       1.43 r
  if_stage_inst/btb_inst/clk_gate_btb_reg[6][TAG]/latch/D (DLL_X1)
                                                          0.01       1.43 r
  data arrival time                                                  1.43

  clock clk (fall edge)                                   0.90       0.90
  clock network delay (ideal)                             0.00       0.90
  if_stage_inst/btb_inst/clk_gate_btb_reg[6][TAG]/latch/GN (DLL_X1)
                                                          0.00       0.90 f
  time borrowed from endpoint                             0.54       1.43
  data required time                                                 1.43
  --------------------------------------------------------------------------
  data required time                                                 1.43
  data arrival time                                                 -1.43
  --------------------------------------------------------------------------
  slack (MET)                                                        0.00

  Time Borrowing Information
  --------------------------------------------------------------
  clk nominal pulse width                                 0.90   
  library setup time                                     -0.03   
  --------------------------------------------------------------
  max time borrow                                         0.86   
  actual time borrow                                      0.54   
  --------------------------------------------------------------


  Startpoint: if_stage_inst/instruction_reg/reg_data_reg[27]
              (rising edge-triggered flip-flop clocked by clk)
  Endpoint: if_stage_inst/btb_inst/clk_gate_btb_reg[5][TAG]/latch
            (negative level-sensitive latch clocked by clk)
  Path Group: clk
  Path Type: max

  Des/Clust/Port     Wire Load Model       Library
  ------------------------------------------------
  dlx                5K_hvratio_1_1        NangateOpenCellLibrary

  Point                                                   Incr       Path
  --------------------------------------------------------------------------
  clock clk (rise edge)                                   0.00       0.00
  clock network delay (ideal)                             0.00       0.00
  if_stage_inst/instruction_reg/reg_data_reg[27]/CK (DFF_X1)
                                                          0.00       0.00 r
  if_stage_inst/instruction_reg/reg_data_reg[27]/Q (DFF_X1)
                                                          0.09       0.09 r
  U7102/ZN (AND2_X1)                                      0.06       0.15 r
  U7489/ZN (NAND2_X1)                                     0.04       0.19 f
  U5802/ZN (OR2_X4)                                       0.10       0.29 f
  U6251/ZN (INV_X2)                                       0.12       0.41 r
  U5221/ZN (OR4_X1)                                       0.06       0.47 r
  U6542/ZN (NAND2_X1)                                     0.04       0.51 f
  U7418/ZN (AND2_X1)                                      0.05       0.56 f
  U5610/ZN (NOR4_X1)                                      0.14       0.69 r
  U10190/ZN (OAI211_X1)                                   0.06       0.76 f
  U6137/ZN (OAI21_X1)                                     0.06       0.82 r
  U5442/ZN (AND2_X1)                                      0.11       0.93 r
  U6090/ZN (AND2_X1)                                      0.07       1.00 r
  U6081/ZN (INV_X1)                                       0.03       1.03 f
  U5443/ZN (OR2_X4)                                       0.11       1.13 f
  U5894/ZN (INV_X4)                                       0.17       1.30 r
  U7114/ZN (AND2_X1)                                      0.08       1.38 r
  U7185/ZN (AND2_X1)                                      0.05       1.43 r
  if_stage_inst/btb_inst/clk_gate_btb_reg[5][TAG]/EN (SNPS_CLOCK_GATE_HIGH_BTB_if_1_11)
                                                          0.00       1.43 r
  if_stage_inst/btb_inst/clk_gate_btb_reg[5][TAG]/latch/D (DLL_X1)
                                                          0.01       1.43 r
  data arrival time                                                  1.43

  clock clk (fall edge)                                   0.90       0.90
  clock network delay (ideal)                             0.00       0.90
  if_stage_inst/btb_inst/clk_gate_btb_reg[5][TAG]/latch/GN (DLL_X1)
                                                          0.00       0.90 f
  time borrowed from endpoint                             0.54       1.43
  data required time                                                 1.43
  --------------------------------------------------------------------------
  data required time                                                 1.43
  data arrival time                                                 -1.43
  --------------------------------------------------------------------------
  slack (MET)                                                        0.00

  Time Borrowing Information
  --------------------------------------------------------------
  clk nominal pulse width                                 0.90   
  library setup time                                     -0.03   
  --------------------------------------------------------------
  max time borrow                                         0.86   
  actual time borrow                                      0.54   
  --------------------------------------------------------------


  Startpoint: if_stage_inst/instruction_reg/reg_data_reg[27]
              (rising edge-triggered flip-flop clocked by clk)
  Endpoint: if_stage_inst/btb_inst/clk_gate_btb_reg[4][TAG]/latch
            (negative level-sensitive latch clocked by clk)
  Path Group: clk
  Path Type: max

  Des/Clust/Port     Wire Load Model       Library
  ------------------------------------------------
  dlx                5K_hvratio_1_1        NangateOpenCellLibrary

  Point                                                   Incr       Path
  --------------------------------------------------------------------------
  clock clk (rise edge)                                   0.00       0.00
  clock network delay (ideal)                             0.00       0.00
  if_stage_inst/instruction_reg/reg_data_reg[27]/CK (DFF_X1)
                                                          0.00       0.00 r
  if_stage_inst/instruction_reg/reg_data_reg[27]/Q (DFF_X1)
                                                          0.09       0.09 r
  U7102/ZN (AND2_X1)                                      0.06       0.15 r
  U7489/ZN (NAND2_X1)                                     0.04       0.19 f
  U5802/ZN (OR2_X4)                                       0.10       0.29 f
  U6251/ZN (INV_X2)                                       0.12       0.41 r
  U5221/ZN (OR4_X1)                                       0.06       0.47 r
  U6542/ZN (NAND2_X1)                                     0.04       0.51 f
  U7418/ZN (AND2_X1)                                      0.05       0.56 f
  U5610/ZN (NOR4_X1)                                      0.14       0.69 r
  U10190/ZN (OAI211_X1)                                   0.06       0.76 f
  U6137/ZN (OAI21_X1)                                     0.06       0.82 r
  U5442/ZN (AND2_X1)                                      0.11       0.93 r
  U6090/ZN (AND2_X1)                                      0.07       1.00 r
  U6081/ZN (INV_X1)                                       0.03       1.03 f
  U5443/ZN (OR2_X4)                                       0.11       1.13 f
  U5894/ZN (INV_X4)                                       0.17       1.30 r
  U7114/ZN (AND2_X1)                                      0.08       1.38 r
  U7186/ZN (AND2_X1)                                      0.05       1.43 r
  if_stage_inst/btb_inst/clk_gate_btb_reg[4][TAG]/EN (SNPS_CLOCK_GATE_HIGH_BTB_if_1_12)
                                                          0.00       1.43 r
  if_stage_inst/btb_inst/clk_gate_btb_reg[4][TAG]/latch/D (DLL_X1)
                                                          0.01       1.43 r
  data arrival time                                                  1.43

  clock clk (fall edge)                                   0.90       0.90
  clock network delay (ideal)                             0.00       0.90
  if_stage_inst/btb_inst/clk_gate_btb_reg[4][TAG]/latch/GN (DLL_X1)
                                                          0.00       0.90 f
  time borrowed from endpoint                             0.54       1.43
  data required time                                                 1.43
  --------------------------------------------------------------------------
  data required time                                                 1.43
  data arrival time                                                 -1.43
  --------------------------------------------------------------------------
  slack (MET)                                                        0.00

  Time Borrowing Information
  --------------------------------------------------------------
  clk nominal pulse width                                 0.90   
  library setup time                                     -0.03   
  --------------------------------------------------------------
  max time borrow                                         0.86   
  actual time borrow                                      0.54   
  --------------------------------------------------------------


  Startpoint: if_stage_inst/instruction_reg/reg_data_reg[27]
              (rising edge-triggered flip-flop clocked by clk)
  Endpoint: if_stage_inst/btb_inst/clk_gate_btb_reg[3][TAG]/latch
            (negative level-sensitive latch clocked by clk)
  Path Group: clk
  Path Type: max

  Des/Clust/Port     Wire Load Model       Library
  ------------------------------------------------
  dlx                5K_hvratio_1_1        NangateOpenCellLibrary

  Point                                                   Incr       Path
  --------------------------------------------------------------------------
  clock clk (rise edge)                                   0.00       0.00
  clock network delay (ideal)                             0.00       0.00
  if_stage_inst/instruction_reg/reg_data_reg[27]/CK (DFF_X1)
                                                          0.00       0.00 r
  if_stage_inst/instruction_reg/reg_data_reg[27]/Q (DFF_X1)
                                                          0.09       0.09 r
  U7102/ZN (AND2_X1)                                      0.06       0.15 r
  U7489/ZN (NAND2_X1)                                     0.04       0.19 f
  U5802/ZN (OR2_X4)                                       0.10       0.29 f
  U6251/ZN (INV_X2)                                       0.12       0.41 r
  U5221/ZN (OR4_X1)                                       0.06       0.47 r
  U6542/ZN (NAND2_X1)                                     0.04       0.51 f
  U7418/ZN (AND2_X1)                                      0.05       0.56 f
  U5610/ZN (NOR4_X1)                                      0.14       0.69 r
  U10190/ZN (OAI211_X1)                                   0.06       0.76 f
  U6137/ZN (OAI21_X1)                                     0.06       0.82 r
  U5442/ZN (AND2_X1)                                      0.11       0.93 r
  U6090/ZN (AND2_X1)                                      0.07       1.00 r
  U6081/ZN (INV_X1)                                       0.03       1.03 f
  U5443/ZN (OR2_X4)                                       0.11       1.13 f
  U5894/ZN (INV_X4)                                       0.17       1.30 r
  U7115/ZN (AND2_X1)                                      0.08       1.38 r
  U7187/ZN (AND2_X1)                                      0.05       1.43 r
  if_stage_inst/btb_inst/clk_gate_btb_reg[3][TAG]/EN (SNPS_CLOCK_GATE_HIGH_BTB_if_1_13)
                                                          0.00       1.43 r
  if_stage_inst/btb_inst/clk_gate_btb_reg[3][TAG]/latch/D (DLL_X1)
                                                          0.01       1.43 r
  data arrival time                                                  1.43

  clock clk (fall edge)                                   0.90       0.90
  clock network delay (ideal)                             0.00       0.90
  if_stage_inst/btb_inst/clk_gate_btb_reg[3][TAG]/latch/GN (DLL_X1)
                                                          0.00       0.90 f
  time borrowed from endpoint                             0.54       1.43
  data required time                                                 1.43
  --------------------------------------------------------------------------
  data required time                                                 1.43
  data arrival time                                                 -1.43
  --------------------------------------------------------------------------
  slack (MET)                                                        0.00

  Time Borrowing Information
  --------------------------------------------------------------
  clk nominal pulse width                                 0.90   
  library setup time                                     -0.03   
  --------------------------------------------------------------
  max time borrow                                         0.86   
  actual time borrow                                      0.54   
  --------------------------------------------------------------


  Startpoint: if_stage_inst/instruction_reg/reg_data_reg[27]
              (rising edge-triggered flip-flop clocked by clk)
  Endpoint: if_stage_inst/btb_inst/clk_gate_btb_reg[2][TAG]/latch
            (negative level-sensitive latch clocked by clk)
  Path Group: clk
  Path Type: max

  Des/Clust/Port     Wire Load Model       Library
  ------------------------------------------------
  dlx                5K_hvratio_1_1        NangateOpenCellLibrary

  Point                                                   Incr       Path
  --------------------------------------------------------------------------
  clock clk (rise edge)                                   0.00       0.00
  clock network delay (ideal)                             0.00       0.00
  if_stage_inst/instruction_reg/reg_data_reg[27]/CK (DFF_X1)
                                                          0.00       0.00 r
  if_stage_inst/instruction_reg/reg_data_reg[27]/Q (DFF_X1)
                                                          0.09       0.09 r
  U7102/ZN (AND2_X1)                                      0.06       0.15 r
  U7489/ZN (NAND2_X1)                                     0.04       0.19 f
  U5802/ZN (OR2_X4)                                       0.10       0.29 f
  U6251/ZN (INV_X2)                                       0.12       0.41 r
  U5221/ZN (OR4_X1)                                       0.06       0.47 r
  U6542/ZN (NAND2_X1)                                     0.04       0.51 f
  U7418/ZN (AND2_X1)                                      0.05       0.56 f
  U5610/ZN (NOR4_X1)                                      0.14       0.69 r
  U10190/ZN (OAI211_X1)                                   0.06       0.76 f
  U6137/ZN (OAI21_X1)                                     0.06       0.82 r
  U5442/ZN (AND2_X1)                                      0.11       0.93 r
  U6090/ZN (AND2_X1)                                      0.07       1.00 r
  U6081/ZN (INV_X1)                                       0.03       1.03 f
  U5443/ZN (OR2_X4)                                       0.11       1.13 f
  U5894/ZN (INV_X4)                                       0.17       1.30 r
  U7115/ZN (AND2_X1)                                      0.08       1.38 r
  U7188/ZN (AND2_X1)                                      0.05       1.43 r
  if_stage_inst/btb_inst/clk_gate_btb_reg[2][TAG]/EN (SNPS_CLOCK_GATE_HIGH_BTB_if_1_14)
                                                          0.00       1.43 r
  if_stage_inst/btb_inst/clk_gate_btb_reg[2][TAG]/latch/D (DLL_X1)
                                                          0.01       1.43 r
  data arrival time                                                  1.43

  clock clk (fall edge)                                   0.90       0.90
  clock network delay (ideal)                             0.00       0.90
  if_stage_inst/btb_inst/clk_gate_btb_reg[2][TAG]/latch/GN (DLL_X1)
                                                          0.00       0.90 f
  time borrowed from endpoint                             0.54       1.43
  data required time                                                 1.43
  --------------------------------------------------------------------------
  data required time                                                 1.43
  data arrival time                                                 -1.43
  --------------------------------------------------------------------------
  slack (MET)                                                        0.00

  Time Borrowing Information
  --------------------------------------------------------------
  clk nominal pulse width                                 0.90   
  library setup time                                     -0.03   
  --------------------------------------------------------------
  max time borrow                                         0.86   
  actual time borrow                                      0.54   
  --------------------------------------------------------------


  Startpoint: if_stage_inst/instruction_reg/reg_data_reg[27]
              (rising edge-triggered flip-flop clocked by clk)
  Endpoint: if_stage_inst/btb_inst/clk_gate_btb_reg[1][TAG]/latch
            (negative level-sensitive latch clocked by clk)
  Path Group: clk
  Path Type: max

  Des/Clust/Port     Wire Load Model       Library
  ------------------------------------------------
  dlx                5K_hvratio_1_1        NangateOpenCellLibrary

  Point                                                   Incr       Path
  --------------------------------------------------------------------------
  clock clk (rise edge)                                   0.00       0.00
  clock network delay (ideal)                             0.00       0.00
  if_stage_inst/instruction_reg/reg_data_reg[27]/CK (DFF_X1)
                                                          0.00       0.00 r
  if_stage_inst/instruction_reg/reg_data_reg[27]/Q (DFF_X1)
                                                          0.09       0.09 r
  U7102/ZN (AND2_X1)                                      0.06       0.15 r
  U7489/ZN (NAND2_X1)                                     0.04       0.19 f
  U5802/ZN (OR2_X4)                                       0.10       0.29 f
  U6251/ZN (INV_X2)                                       0.12       0.41 r
  U5221/ZN (OR4_X1)                                       0.06       0.47 r
  U6542/ZN (NAND2_X1)                                     0.04       0.51 f
  U7418/ZN (AND2_X1)                                      0.05       0.56 f
  U5610/ZN (NOR4_X1)                                      0.14       0.69 r
  U10190/ZN (OAI211_X1)                                   0.06       0.76 f
  U6137/ZN (OAI21_X1)                                     0.06       0.82 r
  U5442/ZN (AND2_X1)                                      0.11       0.93 r
  U6090/ZN (AND2_X1)                                      0.07       1.00 r
  U6081/ZN (INV_X1)                                       0.03       1.03 f
  U5443/ZN (OR2_X4)                                       0.11       1.13 f
  U5894/ZN (INV_X4)                                       0.17       1.30 r
  U7117/ZN (AND2_X1)                                      0.08       1.38 r
  U7189/ZN (AND2_X1)                                      0.05       1.43 r
  if_stage_inst/btb_inst/clk_gate_btb_reg[1][TAG]/EN (SNPS_CLOCK_GATE_HIGH_BTB_if_1_15)
                                                          0.00       1.43 r
  if_stage_inst/btb_inst/clk_gate_btb_reg[1][TAG]/latch/D (DLL_X1)
                                                          0.01       1.43 r
  data arrival time                                                  1.43

  clock clk (fall edge)                                   0.90       0.90
  clock network delay (ideal)                             0.00       0.90
  if_stage_inst/btb_inst/clk_gate_btb_reg[1][TAG]/latch/GN (DLL_X1)
                                                          0.00       0.90 f
  time borrowed from endpoint                             0.54       1.43
  data required time                                                 1.43
  --------------------------------------------------------------------------
  data required time                                                 1.43
  data arrival time                                                 -1.43
  --------------------------------------------------------------------------
  slack (MET)                                                        0.00

  Time Borrowing Information
  --------------------------------------------------------------
  clk nominal pulse width                                 0.90   
  library setup time                                     -0.03   
  --------------------------------------------------------------
  max time borrow                                         0.86   
  actual time borrow                                      0.54   
  --------------------------------------------------------------


  Startpoint: if_stage_inst/instruction_reg/reg_data_reg[27]
              (rising edge-triggered flip-flop clocked by clk)
  Endpoint: if_stage_inst/btb_inst/clk_gate_btb_reg[0][TAG]/latch
            (negative level-sensitive latch clocked by clk)
  Path Group: clk
  Path Type: max

  Des/Clust/Port     Wire Load Model       Library
  ------------------------------------------------
  dlx                5K_hvratio_1_1        NangateOpenCellLibrary

  Point                                                   Incr       Path
  --------------------------------------------------------------------------
  clock clk (rise edge)                                   0.00       0.00
  clock network delay (ideal)                             0.00       0.00
  if_stage_inst/instruction_reg/reg_data_reg[27]/CK (DFF_X1)
                                                          0.00       0.00 r
  if_stage_inst/instruction_reg/reg_data_reg[27]/Q (DFF_X1)
                                                          0.09       0.09 r
  U7102/ZN (AND2_X1)                                      0.06       0.15 r
  U7489/ZN (NAND2_X1)                                     0.04       0.19 f
  U5802/ZN (OR2_X4)                                       0.10       0.29 f
  U6251/ZN (INV_X2)                                       0.12       0.41 r
  U5221/ZN (OR4_X1)                                       0.06       0.47 r
  U6542/ZN (NAND2_X1)                                     0.04       0.51 f
  U7418/ZN (AND2_X1)                                      0.05       0.56 f
  U5610/ZN (NOR4_X1)                                      0.14       0.69 r
  U10190/ZN (OAI211_X1)                                   0.06       0.76 f
  U6137/ZN (OAI21_X1)                                     0.06       0.82 r
  U5442/ZN (AND2_X1)                                      0.11       0.93 r
  U6090/ZN (AND2_X1)                                      0.07       1.00 r
  U6081/ZN (INV_X1)                                       0.03       1.03 f
  U5443/ZN (OR2_X4)                                       0.11       1.13 f
  U5894/ZN (INV_X4)                                       0.17       1.30 r
  U7117/ZN (AND2_X1)                                      0.08       1.38 r
  U8081/ZN (AND2_X1)                                      0.05       1.43 r
  if_stage_inst/btb_inst/clk_gate_btb_reg[0][TAG]/EN (SNPS_CLOCK_GATE_HIGH_BTB_if_1_0)
                                                          0.00       1.43 r
  if_stage_inst/btb_inst/clk_gate_btb_reg[0][TAG]/latch/D (DLL_X1)
                                                          0.01       1.43 r
  data arrival time                                                  1.43

  clock clk (fall edge)                                   0.90       0.90
  clock network delay (ideal)                             0.00       0.90
  if_stage_inst/btb_inst/clk_gate_btb_reg[0][TAG]/latch/GN (DLL_X1)
                                                          0.00       0.90 f
  time borrowed from endpoint                             0.54       1.43
  data required time                                                 1.43
  --------------------------------------------------------------------------
  data required time                                                 1.43
  data arrival time                                                 -1.43
  --------------------------------------------------------------------------
  slack (MET)                                                        0.00

  Time Borrowing Information
  --------------------------------------------------------------
  clk nominal pulse width                                 0.90   
  library setup time                                     -0.03   
  --------------------------------------------------------------
  max time borrow                                         0.86   
  actual time borrow                                      0.54   
  --------------------------------------------------------------


1
