Information: Updating design information... (UID-85)
Warning: Design 'dlx' contains 1 high-fanout nets. A fanout number of 1000 will be used for delay calculations involving these nets. (TIM-134)
 
****************************************
Report : qor
Design : dlx
Version: W-2024.09-SP2
Date   : Wed Sep 16 04:25:05 2026
****************************************


  Timing Path Group 'clk'
  -----------------------------------
  Levels of Logic:              19.00
  Critical Path Length:          1.36
  Critical Path Slack:           0.00
  Critical Path Clk Period:      1.40
  Total Negative Slack:          0.00
  No. of Violating Paths:        0.00
  Worst Hold Violation:          0.00
  Total Hold Violation:          0.00
  No. of Hold Violations:        0.00
  -----------------------------------


  Cell Count
  -----------------------------------
  Hierarchical Cell Count:          3
  Hierarchical Port Count:        584
  Leaf Cell Count:              17737
  Buf/Inv Cell Count:            1971
  Buf Cell Count:                 238
  Inv Cell Count:                1733
  CT Buf/Inv Cell Count:            0
  Combinational Cell Count:     14602
  Sequential Cell Count:         3135
  Macro Count:                      0
  -----------------------------------


  Area
  -----------------------------------
  Combinational Area:    16393.580083
  Noncombinational Area: 14262.653489
  Buf/Inv Area:           1154.174004
  Total Buffer Area:           207.75
  Total Inverter Area:         946.43
  Macro/Black Box Area:      0.000000
  Net Area:                  0.000000
  -----------------------------------
  Cell Area:             30656.233572
  Design Area:           30656.233572


  Design Rules
  -----------------------------------
  Total Number of Nets:         19147
  Nets With Violations:             0
  Max Trans Violations:             0
  Max Cap Violations:               0
  -----------------------------------


  Hostname: microsys.openstack.polito

  Compile CPU Statistics
  -----------------------------------------
  Resource Sharing:                    0.01
  Logic Optimization:                  0.61
  Mapping Optimization:                4.01
  -----------------------------------------
  Overall Compile Time:               15.52
  Overall Compile Wall Clock Time:    15.90

  --------------------------------------------------------------------

  Design  WNS: 0.00  TNS: 0.00  Number of Violating Paths: 0


  Design (Hold)  WNS: 0.00  TNS: 0.00  Number of Violating Paths: 0

  --------------------------------------------------------------------


1
