
Information: Checking generated_clocks...

Information: Checking loops...

Information: Checking no_input_delay...
Warning: The following input ports have no clock_relative delay specified, the command set_input_delay without -clock option will be ignored. (TIM-216)
--------------------
rst
iram_ready
iram_data[31]
iram_data[30]
iram_data[29]
iram_data[28]
iram_data[27]
iram_data[26]
iram_data[25]
iram_data[24]
iram_data[23]
iram_data[22]
iram_data[21]
iram_data[20]
iram_data[19]
iram_data[18]
iram_data[17]
iram_data[16]
iram_data[15]
iram_data[14]
iram_data[13]
iram_data[12]
iram_data[11]
iram_data[10]
iram_data[9]
iram_data[8]
iram_data[7]
iram_data[6]
iram_data[5]
iram_data[4]
iram_data[3]
iram_data[2]
iram_data[1]
iram_data[0]
dram_ready
dram_data[31]
dram_data[30]
dram_data[29]
dram_data[28]
dram_data[27]
dram_data[26]
dram_data[25]
dram_data[24]
dram_data[23]
dram_data[22]
dram_data[21]
dram_data[20]
dram_data[19]
dram_data[18]
dram_data[17]
dram_data[16]
dram_data[15]
dram_data[14]
dram_data[13]
dram_data[12]
dram_data[11]
dram_data[10]
dram_data[9]
dram_data[8]
dram_data[7]
dram_data[6]
dram_data[5]
dram_data[4]
dram_data[3]
dram_data[2]
dram_data[1]
dram_data[0]

Information: Checking unconstrained_endpoints...

Warning: The following end-points are not constrained for maximum delay.

End point
---------------
dram_address[0]
dram_address[1]
dram_address[2]
dram_address[3]
dram_address[4]
dram_address[5]
dram_address[6]
dram_address[7]
dram_address[8]
dram_address[9]
dram_address[10]
dram_address[11]
dram_address[12]
dram_address[13]
dram_address[14]
dram_address[15]
dram_address[16]
dram_address[17]
dram_address[18]
dram_address[19]
dram_address[20]
dram_address[21]
dram_address[22]
dram_address[23]
dram_address[24]
dram_address[25]
dram_address[26]
dram_address[27]
dram_address[28]
dram_address[29]
dram_address[30]
dram_address[31]
dram_data[0]
dram_data[1]
dram_data[2]
dram_data[3]
dram_data[4]
dram_data[5]
dram_data[6]
dram_data[7]
dram_data[8]
dram_data[9]
dram_data[10]
dram_data[11]
dram_data[12]
dram_data[13]
dram_data[14]
dram_data[15]
dram_data[16]
dram_data[17]
dram_data[18]
dram_data[19]
dram_data[20]
dram_data[21]
dram_data[22]
dram_data[23]
dram_data[24]
dram_data[25]
dram_data[26]
dram_data[27]
dram_data[28]
dram_data[29]
dram_data[30]
dram_data[31]
dram_issue
dram_readnotwrite
dram_store_byte
if_stage_inst/btb_inst/R_1515/D
iram_address[0]
iram_address[1]
iram_address[2]
iram_address[3]
iram_address[4]
iram_address[5]
iram_address[6]
iram_address[7]
iram_address[8]
iram_address[9]
iram_address[10]
iram_address[11]
iram_address[12]
iram_address[13]
iram_address[14]
iram_address[15]
iram_address[16]
iram_address[17]
iram_address[18]
iram_address[19]
iram_address[20]
iram_address[21]
iram_address[22]
iram_address[23]
iram_address[24]
iram_address[25]
iram_address[26]
iram_address[27]
iram_address[28]
iram_address[29]
iram_address[30]
iram_address[31]
iram_issue

Information: Checking pulse_clock_cell_type...

Information: Checking no_driving_cell...

Information: Checking partial_input_delay...
1
