 
****************************************
Report : qor
Design : dlx
Version: W-2024.09-SP2
Date   : Thu Sep 17 15:14:36 2026
****************************************


  Timing Path Group 'clk'
  -----------------------------------
  Levels of Logic:              29.00
  Critical Path Length:          1.57
  Critical Path Slack:           0.08
  Critical Path Clk Period:      1.68
  Total Negative Slack:          0.00
  No. of Violating Paths:        0.00
  Worst Hold Violation:          0.00
  Total Hold Violation:          0.00
  No. of Hold Violations:        0.00
  -----------------------------------


  Cell Count
  -----------------------------------
  Hierarchical Cell Count:          3
  Hierarchical Port Count:        584
  Leaf Cell Count:              17126
  Buf/Inv Cell Count:            1915
  Buf Cell Count:                 144
  Inv Cell Count:                1771
  CT Buf/Inv Cell Count:            0
  Combinational Cell Count:     14133
  Sequential Cell Count:         2993
  Macro Count:                      0
  -----------------------------------


  Area
  -----------------------------------
  Combinational Area:    15884.988101
  Noncombinational Area: 13610.953511
  Buf/Inv Area:           1086.876006
  Total Buffer Area:           123.69
  Total Inverter Area:         963.19
  Macro/Black Box Area:      0.000000
  Net Area:                  0.000000
  -----------------------------------
  Cell Area:             29495.941612
  Design Area:           29495.941612


  Design Rules
  -----------------------------------
  Total Number of Nets:         18533
  Nets With Violations:             0
  Max Trans Violations:             0
  Max Cap Violations:               0
  -----------------------------------


  Hostname: microsys.openstack.polito

  Compile CPU Statistics
  -----------------------------------------
  Resource Sharing:                    0.01
  Logic Optimization:                  0.56
  Mapping Optimization:                4.00
  -----------------------------------------
  Overall Compile Time:               15.25
  Overall Compile Wall Clock Time:    15.62

  --------------------------------------------------------------------

  Design  WNS: 0.00  TNS: 0.00  Number of Violating Paths: 0


  Design (Hold)  WNS: 0.00  TNS: 0.00  Number of Violating Paths: 0

  --------------------------------------------------------------------


1
