 
****************************************
Report : reference
Design : dlx
Version: W-2024.09-SP2
Date   : Thu Sep 17 15:14:36 2026
****************************************

Attributes:
    b - black box (unknown)
   bo - allows boundary optimization
    d - dont_touch
   mo - map_only
    h - hierarchical
    n - noncombinational
    r - removable
    s - synthetic operator
    u - contains unmapped logic

Reference          Library       Unit Area   Count    Total Area   Attributes
-----------------------------------------------------------------------------
AND2_X1            NangateOpenCellLibrary
                                  1.064000     874    929.936009  
AND2_X2            NangateOpenCellLibrary
                                  1.330000      18     23.940001  
AND3_X1            NangateOpenCellLibrary
                                  1.330000     106    140.980005  
AND3_X2            NangateOpenCellLibrary
                                  1.596000       3      4.788000  
AND4_X1            NangateOpenCellLibrary
                                  1.596000      66    105.335997  
AND4_X2            NangateOpenCellLibrary
                                  1.862000       4      7.448000  
AOI21_X1           NangateOpenCellLibrary
                                  1.064000      86     91.504001  
AOI22_X1           NangateOpenCellLibrary
                                  1.330000     180    239.400008  
AOI22_X2           NangateOpenCellLibrary
                                  2.394000       1      2.394000  
AOI211_X1          NangateOpenCellLibrary
                                  1.330000       6      7.980000  
AOI221_X1          NangateOpenCellLibrary
                                  1.596000       1      1.596000  
AOI222_X1          NangateOpenCellLibrary
                                  2.128000      26     55.328001  
BTB_if_1                       8518.915853       1   8518.915853  h, n
BUF_X1             NangateOpenCellLibrary
                                  0.798000      19     15.162000  
BUF_X2             NangateOpenCellLibrary
                                  1.064000       6      6.384000  
CLKBUF_X1          NangateOpenCellLibrary
                                  0.798000      24     19.151999  
CLKBUF_X2          NangateOpenCellLibrary
                                  1.064000       5      5.320000  
CLKBUF_X3          NangateOpenCellLibrary
                                  1.330000       2      2.660000  
DFF_X1             NangateOpenCellLibrary
                                  4.522000     817   3694.473866  n
DFF_X2             NangateOpenCellLibrary
                                  5.054000       3     15.162000  n
FA_X1              NangateOpenCellLibrary
                                  4.256000     137    583.072006  r
HA_X1              NangateOpenCellLibrary
                                  2.660000       3      7.980000  r
INV_X1             NangateOpenCellLibrary
                                  0.532000    1034    550.088005  
INV_X2             NangateOpenCellLibrary
                                  0.798000      17     13.566000  
INV_X4             NangateOpenCellLibrary
                                  1.330000       4      5.320000  
MUX2_X1            NangateOpenCellLibrary
                                  1.862000     114    212.267999  
MUX2_X2            NangateOpenCellLibrary
                                  2.394000       1      2.394000  
NAND2_X1           NangateOpenCellLibrary
                                  0.798000    2087   1665.425954  
NAND2_X2           NangateOpenCellLibrary
                                  1.330000      10     13.300000  
NAND3_X1           NangateOpenCellLibrary
                                  1.064000      82     87.248001  
NAND4_X1           NangateOpenCellLibrary
                                  1.330000     123    163.590005  
NAND4_X2           NangateOpenCellLibrary
                                  2.394000       2      4.788000  
NOR2_X1            NangateOpenCellLibrary
                                  0.798000     427    340.745991  
NOR2_X2            NangateOpenCellLibrary
                                  1.330000       2      2.660000  
NOR3_X1            NangateOpenCellLibrary
                                  1.064000      17     18.088000  
NOR3_X2            NangateOpenCellLibrary
                                  1.862000       1      1.862000  
NOR4_X1            NangateOpenCellLibrary
                                  1.330000      12     15.960001  
OAI21_X1           NangateOpenCellLibrary
                                  1.064000     253    269.192003  
OAI21_X2           NangateOpenCellLibrary
                                  1.862000       4      7.448000  
OAI22_X1           NangateOpenCellLibrary
                                  1.330000     171    227.430007  
OAI22_X2           NangateOpenCellLibrary
                                  2.394000       1      2.394000  
OAI211_X1          NangateOpenCellLibrary
                                  1.330000     117    155.610005  
OAI211_X2          NangateOpenCellLibrary
                                  2.394000       1      2.394000  
OAI221_X1          NangateOpenCellLibrary
                                  1.596000       6      9.576000  
OAI222_X1          NangateOpenCellLibrary
                                  2.128000      39     82.992001  
OR2_X1             NangateOpenCellLibrary
                                  1.064000    1089   1158.696011  
OR2_X2             NangateOpenCellLibrary
                                  1.330000      13     17.290001  
OR2_X4             NangateOpenCellLibrary
                                  2.394000       2      4.788000  
OR3_X1             NangateOpenCellLibrary
                                  1.330000     131    174.230006  
OR3_X2             NangateOpenCellLibrary
                                  1.596000       9     14.364000  
OR4_X1             NangateOpenCellLibrary
                                  1.596000      35     55.859998  
XNOR2_X1           NangateOpenCellLibrary
                                  1.596000     668   1066.127971  
XNOR2_X2           NangateOpenCellLibrary
                                  2.660000       5     13.300000  
XOR2_X1            NangateOpenCellLibrary
                                  1.596000     100    159.599996  
XOR2_X2            NangateOpenCellLibrary
                                  2.394000       1      2.394000  
mem_if_1                         75.012001       1     75.012001  h, n
reg_file_id_1                  8421.027912       1   8421.027912  h, n
-----------------------------------------------------------------------------
Total 57 references                                 29495.941612

****************************************
Design: BTB_if_1 
****************************************
Reference          Library       Unit Area   Count    Total Area   Attributes
-----------------------------------------------------------------------------
AND2_X1            NangateOpenCellLibrary
                                  1.064000      49     52.136001  
AND2_X2            NangateOpenCellLibrary
                                  1.330000       2      2.660000  
AND3_X1            NangateOpenCellLibrary
                                  1.330000       1      1.330000  
AND4_X1            NangateOpenCellLibrary
                                  1.596000     151    240.995993  
AOI21_X1           NangateOpenCellLibrary
                                  1.064000       1      1.064000  
AOI22_X1           NangateOpenCellLibrary
                                  1.330000     445    591.850019  
AOI221_X1          NangateOpenCellLibrary
                                  1.596000       5      7.980000  
BUF_X2             NangateOpenCellLibrary
                                  1.064000      16     17.024000  
CLKBUF_X1          NangateOpenCellLibrary
                                  0.798000      10      7.980000  
CLKBUF_X2          NangateOpenCellLibrary
                                  1.064000       1      1.064000  
DFF_X1             NangateOpenCellLibrary
                                  4.522000    1074   4856.627824  n
DFF_X2             NangateOpenCellLibrary
                                  5.054000      12     60.647999  n
INV_X1             NangateOpenCellLibrary
                                  0.532000     643    342.076003  
INV_X2             NangateOpenCellLibrary
                                  0.798000      12      9.576000  
MUX2_X1            NangateOpenCellLibrary
                                  1.862000     352    655.423996  
NAND2_X1           NangateOpenCellLibrary
                                  0.798000     592    472.415987  
NAND2_X2           NangateOpenCellLibrary
                                  1.330000       8     10.640000  
NAND4_X1           NangateOpenCellLibrary
                                  1.330000     145    192.850006  
NOR2_X1            NangateOpenCellLibrary
                                  0.798000      68     54.263999  
NOR2_X2            NangateOpenCellLibrary
                                  1.330000      12     15.960001  
NOR2_X4            NangateOpenCellLibrary
                                  2.394000       6     14.364000  
NOR3_X1            NangateOpenCellLibrary
                                  1.064000       1      1.064000  
NOR4_X1            NangateOpenCellLibrary
                                  1.330000       1      1.330000  
OAI21_X1           NangateOpenCellLibrary
                                  1.064000      19     20.216000  
OAI22_X1           NangateOpenCellLibrary
                                  1.330000     599    796.670026  
OAI211_X1          NangateOpenCellLibrary
                                  1.330000       2      2.660000  
OAI221_X1          NangateOpenCellLibrary
                                  1.596000       5      7.980000  
OR2_X1             NangateOpenCellLibrary
                                  1.064000      56     59.584001  
OR3_X1             NangateOpenCellLibrary
                                  1.330000       1      1.330000  
XNOR2_X1           NangateOpenCellLibrary
                                  1.596000      11     17.556000  
XOR2_X1            NangateOpenCellLibrary
                                  1.596000       1      1.596000  
-----------------------------------------------------------------------------
Total 31 references                                  8518.915853

****************************************
Design: mem_if_1 
****************************************
Reference          Library       Unit Area   Count    Total Area   Attributes
-----------------------------------------------------------------------------
INV_X1             NangateOpenCellLibrary
                                  0.532000       3      1.596000  
NAND2_X2           NangateOpenCellLibrary
                                  1.330000       1      1.330000  
NOR2_X1            NangateOpenCellLibrary
                                  0.798000       5      3.990000  
TBUF_X1            NangateOpenCellLibrary
                                  2.128000      32     68.096001  n
-----------------------------------------------------------------------------
Total 4 references                                     75.012001

****************************************
Design: reg_file_id_1 
****************************************
Reference          Library       Unit Area   Count    Total Area   Attributes
-----------------------------------------------------------------------------
AND2_X1            NangateOpenCellLibrary
                                  1.064000       1      1.064000  
AND4_X1            NangateOpenCellLibrary
                                  1.596000      95    151.619996  
AOI21_X1           NangateOpenCellLibrary
                                  1.064000      31     32.984000  
AOI22_X1           NangateOpenCellLibrary
                                  1.330000     994   1322.020043  
AOI211_X1          NangateOpenCellLibrary
                                  1.330000      64     85.120003  
AOI221_X1          NangateOpenCellLibrary
                                  1.596000       1      1.596000  
BUF_X1             NangateOpenCellLibrary
                                  0.798000      14     11.172000  
CLKBUF_X1          NangateOpenCellLibrary
                                  0.798000      46     36.707999  
CLKBUF_X2          NangateOpenCellLibrary
                                  1.064000       1      1.064000  
DFF_X1             NangateOpenCellLibrary
                                  4.522000    1086   4910.891822  n
DFF_X2             NangateOpenCellLibrary
                                  5.054000       1      5.054000  n
INV_X1             NangateOpenCellLibrary
                                  0.532000      20     10.640000  
INV_X2             NangateOpenCellLibrary
                                  0.798000      38     30.323999  
NAND2_X1           NangateOpenCellLibrary
                                  0.798000      44     35.111999  
NAND2_X2           NangateOpenCellLibrary
                                  1.330000      62     82.460003  
NAND3_X1           NangateOpenCellLibrary
                                  1.064000      46     48.944000  
NAND4_X1           NangateOpenCellLibrary
                                  1.330000     129    171.570006  
NOR2_X1            NangateOpenCellLibrary
                                  0.798000      64     51.071999  
NOR2_X2            NangateOpenCellLibrary
                                  1.330000       1      1.330000  
NOR2_X4            NangateOpenCellLibrary
                                  2.394000       1      2.394000  
NOR3_X1            NangateOpenCellLibrary
                                  1.064000       7      7.448000  
NOR3_X2            NangateOpenCellLibrary
                                  1.862000       3      5.586000  
OAI21_X1           NangateOpenCellLibrary
                                  1.064000      34     36.176000  
OAI22_X1           NangateOpenCellLibrary
                                  1.330000     993   1320.690043  
OAI211_X1          NangateOpenCellLibrary
                                  1.330000      31     41.230001  
OAI221_X1          NangateOpenCellLibrary
                                  1.596000       7     11.172000  
OR2_X1             NangateOpenCellLibrary
                                  1.064000       4      4.256000  
OR3_X1             NangateOpenCellLibrary
                                  1.330000       1      1.330000  
-----------------------------------------------------------------------------
Total 28 references                                  8421.027912
1
