 
****************************************
Report : clock_gating
Design : dlx
Version: W-2024.09-SP2
Date   : Wed Sep 16 05:39:18 2026
****************************************

Information: Identification of clock-gating cells has not been performed. Pre-existing clock-gating cells will not be reported. (PWR-947)


                             Clock Gating Summary
          ------------------------------------------------------------
          |    Number of Clock gating elements    |       52         |
          |                                       |                  |
          |    Number of Gated registers          |  2569 (98.77%)   |
          |                                       |                  |
          |    Number of Ungated registers        |    32 (1.23%)    |
          |                                       |                  |
          |    Total number of registers          |     2601         |
          ------------------------------------------------------------



                             Clock Gating Report by Origin
          +-------------------------------------------------+------------------+
          |                                                 |    Actual (%)    |
          |                                                 |    Count         |
          +-------------------------------------------------+------------------+
          |  Number of tool-inserted clock gating elements  |    52 (100.00%)  |
          |                                                 |                  |
          |  Number of pre-existing clock gating elements   |     0 (0.00%)    |
          |                                                 |                  |
          |  Number of gated registers                      |  2569 (98.77%)   |
          |                                                 |                  |
          |  Number of tool-inserted gated registers        |  2569 (98.77%)   |
          |                                                 |                  |
          |  Number of pre-existing gated registers         |     0 (0.00%)    |
          |                                                 |                  |
          |  Number of ungated registers                    |    32 (1.23%)    |
          |                                                 |                  |
          |  Number of registers                            |     2601         |
          +-------------------------------------------------+------------------+



1
