 
****************************************
Report : power
        -hier
        -analysis_effort low
Design : dlx
Version: W-2024.09-SP2
Date   : Wed Sep 16 13:23:02 2026
****************************************


Library(s) Used:

    NangateOpenCellLibrary (File: /home/repository/do/libnandgate/NangateOpenCellLibrary_typical_ecsm.db)


Operating Conditions: typical   Library: NangateOpenCellLibrary
Wire Load Model Mode: top

Design        Wire Load Model            Library
------------------------------------------------
dlx                    5K_hvratio_1_1    NangateOpenCellLibrary


Global Operating Voltage = 1.1  
Power-specific unit information :
    Voltage Units = 1V
    Capacitance Units = 1.000000ff
    Time Units = 1ns
    Dynamic Power Units = 1uW    (derived from V,C,T units)
    Leakage Power Units = 1nW


--------------------------------------------------------------------------------
                                       Switch   Int      Leak     Total
Hierarchy                              Power    Power    Power    Power    %
--------------------------------------------------------------------------------
dlx                                    2.89e+03 8.25e+03 4.76e+05 1.16e+04 100.0
  id_stage_inst/reg_file_inst (reg_file_id_1)
                                       1.10e+03 3.75e+03 1.26e+05 4.98e+03  42.9
  mem_if_inst (mem_if_1)                  0.700    0.329  861.445    1.890   0.0
1
