 
****************************************
Report : constraint
        -all_violators
Design : dlx
Version: W-2024.09-SP2
Date   : Thu Sep 17 15:15:27 2026
****************************************


   max_transition

                             Required        Actual
   Net                      Transition     Transition        Slack
   -----------------------------------------------------------------
   n9181                        0.20           0.27          -0.07  (VIOLATED)
       PIN :   U9994/A1         0.20           0.27          -0.07  (VIOLATED)
       PIN :   U10342/B1        0.20           0.27          -0.07  (VIOLATED)
       PIN :   U10495/B1        0.20           0.27          -0.07  (VIOLATED)
       PIN :   U10542/B1        0.20           0.27          -0.07  (VIOLATED)
       PIN :   U10562/B1        0.20           0.27          -0.07  (VIOLATED)
       PIN :   U10585/B1        0.20           0.27          -0.07  (VIOLATED)
       PIN :   U10651/B1        0.20           0.27          -0.07  (VIOLATED)
       PIN :   U10698/B1        0.20           0.27          -0.07  (VIOLATED)
       PIN :   U10719/B1        0.20           0.27          -0.07  (VIOLATED)
       PIN :   U10741/B1        0.20           0.27          -0.07  (VIOLATED)
       PIN :   U10769/B1        0.20           0.27          -0.07  (VIOLATED)
       PIN :   U10788/B1        0.20           0.27          -0.07  (VIOLATED)
       PIN :   U10809/B1        0.20           0.27          -0.07  (VIOLATED)
       PIN :   U10831/B1        0.20           0.27          -0.07  (VIOLATED)
       PIN :   U10856/B1        0.20           0.27          -0.07  (VIOLATED)
       PIN :   U10878/B1        0.20           0.27          -0.07  (VIOLATED)
       PIN :   U10900/B1        0.20           0.27          -0.07  (VIOLATED)
       PIN :   U10921/B1        0.20           0.27          -0.07  (VIOLATED)
       PIN :   U10948/B1        0.20           0.27          -0.07  (VIOLATED)
       PIN :   U10969/B1        0.20           0.27          -0.07  (VIOLATED)
       PIN :   U12728/B1        0.20           0.27          -0.07  (VIOLATED)
       PIN :   U12747/B1        0.20           0.27          -0.07  (VIOLATED)
       PIN :   U12767/B1        0.20           0.27          -0.07  (VIOLATED)
       PIN :   U12785/B1        0.20           0.27          -0.07  (VIOLATED)
       PIN :   U7634/A          0.20           0.27          -0.07  (VIOLATED)
       PIN :   U10001/A2        0.20           0.27          -0.07  (VIOLATED)
       PIN :   U10013/A2        0.20           0.27          -0.07  (VIOLATED)
       PIN :   U10030/A2        0.20           0.27          -0.07  (VIOLATED)
       PIN :   U10042/A2        0.20           0.27          -0.07  (VIOLATED)
       PIN :   U10055/A2        0.20           0.27          -0.07  (VIOLATED)
       PIN :   U10067/A2        0.20           0.27          -0.07  (VIOLATED)
       PIN :   U10080/A2        0.20           0.27          -0.07  (VIOLATED)
       PIN :   U10092/A2        0.20           0.27          -0.07  (VIOLATED)
       PIN :   U10104/A2        0.20           0.27          -0.07  (VIOLATED)
       PIN :   U10116/A2        0.20           0.27          -0.07  (VIOLATED)
       PIN :   U10125/A2        0.20           0.27          -0.07  (VIOLATED)
       PIN :   U10137/A2        0.20           0.27          -0.07  (VIOLATED)
       PIN :   U10209/A2        0.20           0.27          -0.07  (VIOLATED)
       PIN :   U10265/A2        0.20           0.27          -0.07  (VIOLATED)
       PIN :   U10327/A2        0.20           0.27          -0.07  (VIOLATED)
       PIN :   U10366/B1        0.20           0.27          -0.07  (VIOLATED)
       PIN :   U10396/B1        0.20           0.27          -0.07  (VIOLATED)
       PIN :   U10425/B1        0.20           0.27          -0.07  (VIOLATED)
       PIN :   U10449/B1        0.20           0.27          -0.07  (VIOLATED)
       PIN :   U10471/B1        0.20           0.27          -0.07  (VIOLATED)
       PIN :   U10518/B1        0.20           0.27          -0.07  (VIOLATED)
       PIN :   U10606/B1        0.20           0.27          -0.07  (VIOLATED)
       PIN :   U10629/B1        0.20           0.27          -0.07  (VIOLATED)
       PIN :   U10674/B1        0.20           0.27          -0.07  (VIOLATED)
       PIN :   U5166/ZN         0.20           0.27          -0.07  (VIOLATED)

   -----------------------------------------------------------------
   Total                      1                  -0.07  

   max_capacitance

                             Required        Actual
   Net                      Capacitance    Capacitance       Slack
   -----------------------------------------------------------------
   n9181                       60.58         116.91         -56.34  (VIOLATED)
   n11429                      60.42          83.63         -23.20  (VIOLATED)

   -----------------------------------------------------------------
   Total                      2                 -79.54  

1
