Information: Updating design information... (UID-85)
 
****************************************
Report : timing
        -path full
        -delay max
        -nworst 5
        -max_paths 20
Design : dlx
Version: W-2024.09-SP2
Date   : Wed Sep 16 14:13:00 2026
****************************************

Operating Conditions: typical   Library: NangateOpenCellLibrary
Wire Load Model Mode: top

  Startpoint: id_stage_inst/rs1_addr_reg/reg_data_reg[2]
              (rising edge-triggered flip-flop clocked by clk)
  Endpoint: if_stage_inst/pc_reg_inst/reg_data_reg[6]
            (rising edge-triggered flip-flop clocked by clk)
  Path Group: clk
  Path Type: max

  Des/Clust/Port     Wire Load Model       Library
  ------------------------------------------------
  dlx                5K_hvratio_1_1        NangateOpenCellLibrary

  Point                                                   Incr       Path
  --------------------------------------------------------------------------
  clock clk (rise edge)                                   0.00       0.00
  clock network delay (ideal)                             0.00       0.00
  id_stage_inst/rs1_addr_reg/reg_data_reg[2]/CK (DFF_X1)
                                                          0.00       0.00 r
  id_stage_inst/rs1_addr_reg/reg_data_reg[2]/Q (DFF_X1)
                                                          0.09       0.09 r
  U5553/Z (XOR2_X1)                                       0.06       0.15 r
  U5531/ZN (AND3_X1)                                      0.06       0.21 r
  U5551/ZN (NAND3_X1)                                     0.04       0.25 f
  U8002/ZN (INV_X1)                                       0.03       0.28 r
  U7490/ZN (AND2_X4)                                      0.06       0.35 r
  U7488/ZN (INV_X2)                                       0.06       0.40 f
  U5201/ZN (OAI211_X2)                                    0.08       0.48 r
  U8563/ZN (XNOR2_X1)                                     0.08       0.56 r
  U8564/ZN (XNOR2_X1)                                     0.08       0.64 r
  U8565/ZN (NAND2_X1)                                     0.04       0.68 f
  U8568/ZN (NAND2_X1)                                     0.03       0.71 r
  U8573/ZN (OAI21_X1)                                     0.03       0.74 f
  U7656/ZN (AND2_X1)                                      0.04       0.78 f
  U8600/ZN (NAND3_X1)                                     0.04       0.82 r
  U13804/ZN (NAND4_X1)                                    0.06       0.88 f
  U5675/Z (BUF_X1)                                        0.06       0.94 f
  U7162/ZN (AOI21_X1)                                     0.05       0.99 r
  U5618/ZN (XNOR2_X1)                                     0.07       1.05 r
  U5847/ZN (AND4_X1)                                      0.07       1.12 r
  U5620/ZN (NAND4_X1)                                     0.06       1.18 f
  U7322/ZN (NAND3_X1)                                     0.05       1.23 r
  U7214/ZN (AND4_X2)                                      0.07       1.29 r
  U5424/ZN (AND4_X2)                                      0.06       1.35 r
  U7141/ZN (OAI21_X1)                                     0.04       1.39 f
  U9770/ZN (NAND4_X1)                                     0.05       1.44 r
  U9947/ZN (OAI211_X1)                                    0.05       1.49 f
  U10352/ZN (NAND2_X1)                                    0.05       1.54 r
  U10436/Z (BUF_X2)                                       0.06       1.59 r
  U10958/ZN (OR2_X1)                                      0.04       1.64 r
  U10960/ZN (NAND2_X1)                                    0.02       1.66 f
  U5351/ZN (OR3_X2)                                       0.09       1.75 f
  if_stage_inst/pc_reg_inst/reg_data_reg[6]/D (DFF_X1)
                                                          0.01       1.76 f
  data arrival time                                                  1.76

  clock clk (rise edge)                                   1.40       1.40
  clock network delay (ideal)                             0.00       1.40
  if_stage_inst/pc_reg_inst/reg_data_reg[6]/CK (DFF_X1)
                                                          0.00       1.40 r
  library setup time                                     -0.04       1.36
  data required time                                                 1.36
  --------------------------------------------------------------------------
  data required time                                                 1.36
  data arrival time                                                 -1.76
  --------------------------------------------------------------------------
  slack (VIOLATED)                                                  -0.40


  Startpoint: id_stage_inst/rs1_addr_reg/reg_data_reg[2]
              (rising edge-triggered flip-flop clocked by clk)
  Endpoint: if_stage_inst/predicted_target_reg/reg_data_reg[6]
            (rising edge-triggered flip-flop clocked by clk)
  Path Group: clk
  Path Type: max

  Des/Clust/Port     Wire Load Model       Library
  ------------------------------------------------
  dlx                5K_hvratio_1_1        NangateOpenCellLibrary

  Point                                                   Incr       Path
  --------------------------------------------------------------------------
  clock clk (rise edge)                                   0.00       0.00
  clock network delay (ideal)                             0.00       0.00
  id_stage_inst/rs1_addr_reg/reg_data_reg[2]/CK (DFF_X1)
                                                          0.00       0.00 r
  id_stage_inst/rs1_addr_reg/reg_data_reg[2]/Q (DFF_X1)
                                                          0.09       0.09 r
  U5553/Z (XOR2_X1)                                       0.06       0.15 r
  U5531/ZN (AND3_X1)                                      0.06       0.21 r
  U5551/ZN (NAND3_X1)                                     0.04       0.25 f
  U8002/ZN (INV_X1)                                       0.03       0.28 r
  U7490/ZN (AND2_X4)                                      0.06       0.35 r
  U7488/ZN (INV_X2)                                       0.06       0.40 f
  U5201/ZN (OAI211_X2)                                    0.08       0.48 r
  U8563/ZN (XNOR2_X1)                                     0.08       0.56 r
  U8564/ZN (XNOR2_X1)                                     0.08       0.64 r
  U8565/ZN (NAND2_X1)                                     0.04       0.68 f
  U8568/ZN (NAND2_X1)                                     0.03       0.71 r
  U8573/ZN (OAI21_X1)                                     0.03       0.74 f
  U7656/ZN (AND2_X1)                                      0.04       0.78 f
  U8600/ZN (NAND3_X1)                                     0.04       0.82 r
  U13804/ZN (NAND4_X1)                                    0.06       0.88 f
  U5675/Z (BUF_X1)                                        0.06       0.94 f
  U7162/ZN (AOI21_X1)                                     0.05       0.99 r
  U5618/ZN (XNOR2_X1)                                     0.07       1.05 r
  U5847/ZN (AND4_X1)                                      0.07       1.12 r
  U5620/ZN (NAND4_X1)                                     0.06       1.18 f
  U7322/ZN (NAND3_X1)                                     0.05       1.23 r
  U7214/ZN (AND4_X2)                                      0.07       1.29 r
  U5424/ZN (AND4_X2)                                      0.06       1.35 r
  U7141/ZN (OAI21_X1)                                     0.04       1.39 f
  U9770/ZN (NAND4_X1)                                     0.05       1.44 r
  U9947/ZN (OAI211_X1)                                    0.05       1.49 f
  U10352/ZN (NAND2_X1)                                    0.05       1.54 r
  U10436/Z (BUF_X2)                                       0.06       1.59 r
  U10958/ZN (OR2_X1)                                      0.04       1.64 r
  U10960/ZN (NAND2_X1)                                    0.02       1.66 f
  U5351/ZN (OR3_X2)                                       0.09       1.75 f
  if_stage_inst/predicted_target_reg/reg_data_reg[6]/D (DFF_X1)
                                                          0.01       1.76 f
  data arrival time                                                  1.76

  clock clk (rise edge)                                   1.40       1.40
  clock network delay (ideal)                             0.00       1.40
  if_stage_inst/predicted_target_reg/reg_data_reg[6]/CK (DFF_X1)
                                                          0.00       1.40 r
  library setup time                                     -0.04       1.36
  data required time                                                 1.36
  --------------------------------------------------------------------------
  data required time                                                 1.36
  data arrival time                                                 -1.76
  --------------------------------------------------------------------------
  slack (VIOLATED)                                                  -0.40


  Startpoint: ex_stage_inst/rd_addr_reg/reg_data_reg[0]
              (rising edge-triggered flip-flop clocked by clk)
  Endpoint: if_stage_inst/pc_reg_inst/reg_data_reg[6]
            (rising edge-triggered flip-flop clocked by clk)
  Path Group: clk
  Path Type: max

  Des/Clust/Port     Wire Load Model       Library
  ------------------------------------------------
  dlx                5K_hvratio_1_1        NangateOpenCellLibrary

  Point                                                   Incr       Path
  --------------------------------------------------------------------------
  clock clk (rise edge)                                   0.00       0.00
  clock network delay (ideal)                             0.00       0.00
  ex_stage_inst/rd_addr_reg/reg_data_reg[0]/CK (DFF_X1)
                                                          0.00       0.00 r
  ex_stage_inst/rd_addr_reg/reg_data_reg[0]/Q (DFF_X1)
                                                          0.09       0.09 r
  U7989/ZN (XNOR2_X1)                                     0.06       0.15 r
  U5405/ZN (AND2_X2)                                      0.05       0.19 r
  U6896/ZN (AND3_X1)                                      0.05       0.24 r
  U7120/ZN (NAND2_X1)                                     0.03       0.28 f
  U7094/ZN (AND3_X2)                                      0.06       0.34 f
  U7238/ZN (INV_X2)                                       0.06       0.40 r
  U8089/ZN (NOR2_X1)                                      0.03       0.43 f
  U5418/ZN (OR2_X2)                                       0.06       0.49 f
  U8579/ZN (XNOR2_X1)                                     0.06       0.55 f
  U8586/ZN (NAND2_X1)                                     0.04       0.59 r
  U8587/ZN (INV_X1)                                       0.02       0.61 f
  U7445/ZN (AOI21_X1)                                     0.05       0.66 r
  U8588/ZN (OAI21_X1)                                     0.03       0.70 f
  U8589/ZN (INV_X1)                                       0.03       0.73 r
  U7414/ZN (NAND4_X1)                                     0.04       0.78 f
  U8600/ZN (NAND3_X1)                                     0.05       0.82 r
  U13804/ZN (NAND4_X1)                                    0.06       0.88 f
  U5675/Z (BUF_X1)                                        0.06       0.94 f
  U7162/ZN (AOI21_X1)                                     0.05       0.99 r
  U5618/ZN (XNOR2_X1)                                     0.07       1.05 r
  U5847/ZN (AND4_X1)                                      0.07       1.12 r
  U5620/ZN (NAND4_X1)                                     0.06       1.18 f
  U7322/ZN (NAND3_X1)                                     0.05       1.23 r
  U7214/ZN (AND4_X2)                                      0.07       1.29 r
  U5424/ZN (AND4_X2)                                      0.06       1.35 r
  U7141/ZN (OAI21_X1)                                     0.04       1.39 f
  U9770/ZN (NAND4_X1)                                     0.05       1.44 r
  U9947/ZN (OAI211_X1)                                    0.05       1.49 f
  U10352/ZN (NAND2_X1)                                    0.05       1.54 r
  U10436/Z (BUF_X2)                                       0.06       1.59 r
  U10958/ZN (OR2_X1)                                      0.04       1.64 r
  U10960/ZN (NAND2_X1)                                    0.02       1.66 f
  U5351/ZN (OR3_X2)                                       0.09       1.75 f
  if_stage_inst/pc_reg_inst/reg_data_reg[6]/D (DFF_X1)
                                                          0.01       1.76 f
  data arrival time                                                  1.76

  clock clk (rise edge)                                   1.40       1.40
  clock network delay (ideal)                             0.00       1.40
  if_stage_inst/pc_reg_inst/reg_data_reg[6]/CK (DFF_X1)
                                                          0.00       1.40 r
  library setup time                                     -0.04       1.36
  data required time                                                 1.36
  --------------------------------------------------------------------------
  data required time                                                 1.36
  data arrival time                                                 -1.76
  --------------------------------------------------------------------------
  slack (VIOLATED)                                                  -0.40


  Startpoint: ex_stage_inst/rd_addr_reg/reg_data_reg[0]
              (rising edge-triggered flip-flop clocked by clk)
  Endpoint: if_stage_inst/predicted_target_reg/reg_data_reg[6]
            (rising edge-triggered flip-flop clocked by clk)
  Path Group: clk
  Path Type: max

  Des/Clust/Port     Wire Load Model       Library
  ------------------------------------------------
  dlx                5K_hvratio_1_1        NangateOpenCellLibrary

  Point                                                   Incr       Path
  --------------------------------------------------------------------------
  clock clk (rise edge)                                   0.00       0.00
  clock network delay (ideal)                             0.00       0.00
  ex_stage_inst/rd_addr_reg/reg_data_reg[0]/CK (DFF_X1)
                                                          0.00       0.00 r
  ex_stage_inst/rd_addr_reg/reg_data_reg[0]/Q (DFF_X1)
                                                          0.09       0.09 r
  U7989/ZN (XNOR2_X1)                                     0.06       0.15 r
  U5405/ZN (AND2_X2)                                      0.05       0.19 r
  U6896/ZN (AND3_X1)                                      0.05       0.24 r
  U7120/ZN (NAND2_X1)                                     0.03       0.28 f
  U7094/ZN (AND3_X2)                                      0.06       0.34 f
  U7238/ZN (INV_X2)                                       0.06       0.40 r
  U8089/ZN (NOR2_X1)                                      0.03       0.43 f
  U5418/ZN (OR2_X2)                                       0.06       0.49 f
  U8579/ZN (XNOR2_X1)                                     0.06       0.55 f
  U8586/ZN (NAND2_X1)                                     0.04       0.59 r
  U8587/ZN (INV_X1)                                       0.02       0.61 f
  U7445/ZN (AOI21_X1)                                     0.05       0.66 r
  U8588/ZN (OAI21_X1)                                     0.03       0.70 f
  U8589/ZN (INV_X1)                                       0.03       0.73 r
  U7414/ZN (NAND4_X1)                                     0.04       0.78 f
  U8600/ZN (NAND3_X1)                                     0.05       0.82 r
  U13804/ZN (NAND4_X1)                                    0.06       0.88 f
  U5675/Z (BUF_X1)                                        0.06       0.94 f
  U7162/ZN (AOI21_X1)                                     0.05       0.99 r
  U5618/ZN (XNOR2_X1)                                     0.07       1.05 r
  U5847/ZN (AND4_X1)                                      0.07       1.12 r
  U5620/ZN (NAND4_X1)                                     0.06       1.18 f
  U7322/ZN (NAND3_X1)                                     0.05       1.23 r
  U7214/ZN (AND4_X2)                                      0.07       1.29 r
  U5424/ZN (AND4_X2)                                      0.06       1.35 r
  U7141/ZN (OAI21_X1)                                     0.04       1.39 f
  U9770/ZN (NAND4_X1)                                     0.05       1.44 r
  U9947/ZN (OAI211_X1)                                    0.05       1.49 f
  U10352/ZN (NAND2_X1)                                    0.05       1.54 r
  U10436/Z (BUF_X2)                                       0.06       1.59 r
  U10958/ZN (OR2_X1)                                      0.04       1.64 r
  U10960/ZN (NAND2_X1)                                    0.02       1.66 f
  U5351/ZN (OR3_X2)                                       0.09       1.75 f
  if_stage_inst/predicted_target_reg/reg_data_reg[6]/D (DFF_X1)
                                                          0.01       1.76 f
  data arrival time                                                  1.76

  clock clk (rise edge)                                   1.40       1.40
  clock network delay (ideal)                             0.00       1.40
  if_stage_inst/predicted_target_reg/reg_data_reg[6]/CK (DFF_X1)
                                                          0.00       1.40 r
  library setup time                                     -0.04       1.36
  data required time                                                 1.36
  --------------------------------------------------------------------------
  data required time                                                 1.36
  data arrival time                                                 -1.76
  --------------------------------------------------------------------------
  slack (VIOLATED)                                                  -0.40


  Startpoint: mem_stage_inst/rd_addr_reg/reg_data_reg[4]
              (rising edge-triggered flip-flop clocked by clk)
  Endpoint: if_stage_inst/pc_reg_inst/reg_data_reg[6]
            (rising edge-triggered flip-flop clocked by clk)
  Path Group: clk
  Path Type: max

  Des/Clust/Port     Wire Load Model       Library
  ------------------------------------------------
  dlx                5K_hvratio_1_1        NangateOpenCellLibrary

  Point                                                   Incr       Path
  --------------------------------------------------------------------------
  clock clk (rise edge)                                   0.00       0.00
  clock network delay (ideal)                             0.00       0.00
  mem_stage_inst/rd_addr_reg/reg_data_reg[4]/CK (DFF_X1)
                                                          0.00       0.00 r
  mem_stage_inst/rd_addr_reg/reg_data_reg[4]/Q (DFF_X1)
                                                          0.09       0.09 r
  U7167/ZN (XNOR2_X1)                                     0.06       0.16 r
  U5370/ZN (AND3_X2)                                      0.06       0.21 r
  U5551/ZN (NAND3_X1)                                     0.04       0.25 f
  U8002/ZN (INV_X1)                                       0.03       0.28 r
  U7490/ZN (AND2_X4)                                      0.06       0.35 r
  U7488/ZN (INV_X2)                                       0.06       0.40 f
  U5201/ZN (OAI211_X2)                                    0.08       0.48 r
  U8563/ZN (XNOR2_X1)                                     0.08       0.56 r
  U8564/ZN (XNOR2_X1)                                     0.08       0.64 r
  U8565/ZN (NAND2_X1)                                     0.04       0.68 f
  U8568/ZN (NAND2_X1)                                     0.03       0.71 r
  U8573/ZN (OAI21_X1)                                     0.03       0.74 f
  U7656/ZN (AND2_X1)                                      0.04       0.78 f
  U8600/ZN (NAND3_X1)                                     0.04       0.82 r
  U13804/ZN (NAND4_X1)                                    0.06       0.88 f
  U5675/Z (BUF_X1)                                        0.06       0.94 f
  U7162/ZN (AOI21_X1)                                     0.05       0.99 r
  U5618/ZN (XNOR2_X1)                                     0.07       1.05 r
  U5847/ZN (AND4_X1)                                      0.07       1.12 r
  U5620/ZN (NAND4_X1)                                     0.06       1.18 f
  U7322/ZN (NAND3_X1)                                     0.05       1.23 r
  U7214/ZN (AND4_X2)                                      0.07       1.29 r
  U5424/ZN (AND4_X2)                                      0.06       1.35 r
  U7141/ZN (OAI21_X1)                                     0.04       1.39 f
  U9770/ZN (NAND4_X1)                                     0.05       1.44 r
  U9947/ZN (OAI211_X1)                                    0.05       1.49 f
  U10352/ZN (NAND2_X1)                                    0.05       1.54 r
  U10436/Z (BUF_X2)                                       0.06       1.59 r
  U10958/ZN (OR2_X1)                                      0.04       1.64 r
  U10960/ZN (NAND2_X1)                                    0.02       1.66 f
  U5351/ZN (OR3_X2)                                       0.09       1.75 f
  if_stage_inst/pc_reg_inst/reg_data_reg[6]/D (DFF_X1)
                                                          0.01       1.76 f
  data arrival time                                                  1.76

  clock clk (rise edge)                                   1.40       1.40
  clock network delay (ideal)                             0.00       1.40
  if_stage_inst/pc_reg_inst/reg_data_reg[6]/CK (DFF_X1)
                                                          0.00       1.40 r
  library setup time                                     -0.04       1.36
  data required time                                                 1.36
  --------------------------------------------------------------------------
  data required time                                                 1.36
  data arrival time                                                 -1.76
  --------------------------------------------------------------------------
  slack (VIOLATED)                                                  -0.40


  Startpoint: mem_stage_inst/rd_addr_reg/reg_data_reg[4]
              (rising edge-triggered flip-flop clocked by clk)
  Endpoint: if_stage_inst/predicted_target_reg/reg_data_reg[6]
            (rising edge-triggered flip-flop clocked by clk)
  Path Group: clk
  Path Type: max

  Des/Clust/Port     Wire Load Model       Library
  ------------------------------------------------
  dlx                5K_hvratio_1_1        NangateOpenCellLibrary

  Point                                                   Incr       Path
  --------------------------------------------------------------------------
  clock clk (rise edge)                                   0.00       0.00
  clock network delay (ideal)                             0.00       0.00
  mem_stage_inst/rd_addr_reg/reg_data_reg[4]/CK (DFF_X1)
                                                          0.00       0.00 r
  mem_stage_inst/rd_addr_reg/reg_data_reg[4]/Q (DFF_X1)
                                                          0.09       0.09 r
  U7167/ZN (XNOR2_X1)                                     0.06       0.16 r
  U5370/ZN (AND3_X2)                                      0.06       0.21 r
  U5551/ZN (NAND3_X1)                                     0.04       0.25 f
  U8002/ZN (INV_X1)                                       0.03       0.28 r
  U7490/ZN (AND2_X4)                                      0.06       0.35 r
  U7488/ZN (INV_X2)                                       0.06       0.40 f
  U5201/ZN (OAI211_X2)                                    0.08       0.48 r
  U8563/ZN (XNOR2_X1)                                     0.08       0.56 r
  U8564/ZN (XNOR2_X1)                                     0.08       0.64 r
  U8565/ZN (NAND2_X1)                                     0.04       0.68 f
  U8568/ZN (NAND2_X1)                                     0.03       0.71 r
  U8573/ZN (OAI21_X1)                                     0.03       0.74 f
  U7656/ZN (AND2_X1)                                      0.04       0.78 f
  U8600/ZN (NAND3_X1)                                     0.04       0.82 r
  U13804/ZN (NAND4_X1)                                    0.06       0.88 f
  U5675/Z (BUF_X1)                                        0.06       0.94 f
  U7162/ZN (AOI21_X1)                                     0.05       0.99 r
  U5618/ZN (XNOR2_X1)                                     0.07       1.05 r
  U5847/ZN (AND4_X1)                                      0.07       1.12 r
  U5620/ZN (NAND4_X1)                                     0.06       1.18 f
  U7322/ZN (NAND3_X1)                                     0.05       1.23 r
  U7214/ZN (AND4_X2)                                      0.07       1.29 r
  U5424/ZN (AND4_X2)                                      0.06       1.35 r
  U7141/ZN (OAI21_X1)                                     0.04       1.39 f
  U9770/ZN (NAND4_X1)                                     0.05       1.44 r
  U9947/ZN (OAI211_X1)                                    0.05       1.49 f
  U10352/ZN (NAND2_X1)                                    0.05       1.54 r
  U10436/Z (BUF_X2)                                       0.06       1.59 r
  U10958/ZN (OR2_X1)                                      0.04       1.64 r
  U10960/ZN (NAND2_X1)                                    0.02       1.66 f
  U5351/ZN (OR3_X2)                                       0.09       1.75 f
  if_stage_inst/predicted_target_reg/reg_data_reg[6]/D (DFF_X1)
                                                          0.01       1.76 f
  data arrival time                                                  1.76

  clock clk (rise edge)                                   1.40       1.40
  clock network delay (ideal)                             0.00       1.40
  if_stage_inst/predicted_target_reg/reg_data_reg[6]/CK (DFF_X1)
                                                          0.00       1.40 r
  library setup time                                     -0.04       1.36
  data required time                                                 1.36
  --------------------------------------------------------------------------
  data required time                                                 1.36
  data arrival time                                                 -1.76
  --------------------------------------------------------------------------
  slack (VIOLATED)                                                  -0.40


  Startpoint: id_stage_inst/rs1_addr_reg/reg_data_reg[2]
              (rising edge-triggered flip-flop clocked by clk)
  Endpoint: if_stage_inst/pc_reg_inst/reg_data_reg[6]
            (rising edge-triggered flip-flop clocked by clk)
  Path Group: clk
  Path Type: max

  Des/Clust/Port     Wire Load Model       Library
  ------------------------------------------------
  dlx                5K_hvratio_1_1        NangateOpenCellLibrary

  Point                                                   Incr       Path
  --------------------------------------------------------------------------
  clock clk (rise edge)                                   0.00       0.00
  clock network delay (ideal)                             0.00       0.00
  id_stage_inst/rs1_addr_reg/reg_data_reg[2]/CK (DFF_X1)
                                                          0.00       0.00 r
  id_stage_inst/rs1_addr_reg/reg_data_reg[2]/Q (DFF_X1)
                                                          0.09       0.09 r
  U5553/Z (XOR2_X1)                                       0.06       0.15 r
  U5531/ZN (AND3_X1)                                      0.06       0.21 r
  U5551/ZN (NAND3_X1)                                     0.04       0.25 f
  U8002/ZN (INV_X1)                                       0.03       0.28 r
  U7490/ZN (AND2_X4)                                      0.06       0.35 r
  U7488/ZN (INV_X2)                                       0.06       0.40 f
  U5201/ZN (OAI211_X2)                                    0.08       0.48 r
  U8563/ZN (XNOR2_X1)                                     0.08       0.56 r
  U8564/ZN (XNOR2_X1)                                     0.08       0.64 r
  U8565/ZN (NAND2_X1)                                     0.04       0.68 f
  U8568/ZN (NAND2_X1)                                     0.03       0.71 r
  U8573/ZN (OAI21_X1)                                     0.03       0.74 f
  U7656/ZN (AND2_X1)                                      0.04       0.78 f
  U8600/ZN (NAND3_X1)                                     0.04       0.82 r
  U13802/ZN (NAND4_X1)                                    0.06       0.89 f
  U9198/ZN (AOI21_X1)                                     0.06       0.94 r
  U7256/Z (XOR2_X1)                                       0.07       1.02 r
  U5698/ZN (AND2_X1)                                      0.05       1.06 r
  U5403/ZN (AND4_X2)                                      0.06       1.12 r
  U5620/ZN (NAND4_X1)                                     0.06       1.18 f
  U7322/ZN (NAND3_X1)                                     0.05       1.23 r
  U7214/ZN (AND4_X2)                                      0.07       1.29 r
  U5424/ZN (AND4_X2)                                      0.06       1.35 r
  U7141/ZN (OAI21_X1)                                     0.04       1.39 f
  U9770/ZN (NAND4_X1)                                     0.05       1.44 r
  U9947/ZN (OAI211_X1)                                    0.05       1.49 f
  U10352/ZN (NAND2_X1)                                    0.05       1.54 r
  U10436/Z (BUF_X2)                                       0.06       1.59 r
  U10958/ZN (OR2_X1)                                      0.04       1.64 r
  U10960/ZN (NAND2_X1)                                    0.02       1.66 f
  U5351/ZN (OR3_X2)                                       0.09       1.75 f
  if_stage_inst/pc_reg_inst/reg_data_reg[6]/D (DFF_X1)
                                                          0.01       1.76 f
  data arrival time                                                  1.76

  clock clk (rise edge)                                   1.40       1.40
  clock network delay (ideal)                             0.00       1.40
  if_stage_inst/pc_reg_inst/reg_data_reg[6]/CK (DFF_X1)
                                                          0.00       1.40 r
  library setup time                                     -0.04       1.36
  data required time                                                 1.36
  --------------------------------------------------------------------------
  data required time                                                 1.36
  data arrival time                                                 -1.76
  --------------------------------------------------------------------------
  slack (VIOLATED)                                                  -0.40


  Startpoint: id_stage_inst/rs1_addr_reg/reg_data_reg[2]
              (rising edge-triggered flip-flop clocked by clk)
  Endpoint: if_stage_inst/predicted_target_reg/reg_data_reg[6]
            (rising edge-triggered flip-flop clocked by clk)
  Path Group: clk
  Path Type: max

  Des/Clust/Port     Wire Load Model       Library
  ------------------------------------------------
  dlx                5K_hvratio_1_1        NangateOpenCellLibrary

  Point                                                   Incr       Path
  --------------------------------------------------------------------------
  clock clk (rise edge)                                   0.00       0.00
  clock network delay (ideal)                             0.00       0.00
  id_stage_inst/rs1_addr_reg/reg_data_reg[2]/CK (DFF_X1)
                                                          0.00       0.00 r
  id_stage_inst/rs1_addr_reg/reg_data_reg[2]/Q (DFF_X1)
                                                          0.09       0.09 r
  U5553/Z (XOR2_X1)                                       0.06       0.15 r
  U5531/ZN (AND3_X1)                                      0.06       0.21 r
  U5551/ZN (NAND3_X1)                                     0.04       0.25 f
  U8002/ZN (INV_X1)                                       0.03       0.28 r
  U7490/ZN (AND2_X4)                                      0.06       0.35 r
  U7488/ZN (INV_X2)                                       0.06       0.40 f
  U5201/ZN (OAI211_X2)                                    0.08       0.48 r
  U8563/ZN (XNOR2_X1)                                     0.08       0.56 r
  U8564/ZN (XNOR2_X1)                                     0.08       0.64 r
  U8565/ZN (NAND2_X1)                                     0.04       0.68 f
  U8568/ZN (NAND2_X1)                                     0.03       0.71 r
  U8573/ZN (OAI21_X1)                                     0.03       0.74 f
  U7656/ZN (AND2_X1)                                      0.04       0.78 f
  U8600/ZN (NAND3_X1)                                     0.04       0.82 r
  U13802/ZN (NAND4_X1)                                    0.06       0.89 f
  U9198/ZN (AOI21_X1)                                     0.06       0.94 r
  U7256/Z (XOR2_X1)                                       0.07       1.02 r
  U5698/ZN (AND2_X1)                                      0.05       1.06 r
  U5403/ZN (AND4_X2)                                      0.06       1.12 r
  U5620/ZN (NAND4_X1)                                     0.06       1.18 f
  U7322/ZN (NAND3_X1)                                     0.05       1.23 r
  U7214/ZN (AND4_X2)                                      0.07       1.29 r
  U5424/ZN (AND4_X2)                                      0.06       1.35 r
  U7141/ZN (OAI21_X1)                                     0.04       1.39 f
  U9770/ZN (NAND4_X1)                                     0.05       1.44 r
  U9947/ZN (OAI211_X1)                                    0.05       1.49 f
  U10352/ZN (NAND2_X1)                                    0.05       1.54 r
  U10436/Z (BUF_X2)                                       0.06       1.59 r
  U10958/ZN (OR2_X1)                                      0.04       1.64 r
  U10960/ZN (NAND2_X1)                                    0.02       1.66 f
  U5351/ZN (OR3_X2)                                       0.09       1.75 f
  if_stage_inst/predicted_target_reg/reg_data_reg[6]/D (DFF_X1)
                                                          0.01       1.76 f
  data arrival time                                                  1.76

  clock clk (rise edge)                                   1.40       1.40
  clock network delay (ideal)                             0.00       1.40
  if_stage_inst/predicted_target_reg/reg_data_reg[6]/CK (DFF_X1)
                                                          0.00       1.40 r
  library setup time                                     -0.04       1.36
  data required time                                                 1.36
  --------------------------------------------------------------------------
  data required time                                                 1.36
  data arrival time                                                 -1.76
  --------------------------------------------------------------------------
  slack (VIOLATED)                                                  -0.40


  Startpoint: id_stage_inst/rs1_addr_reg/reg_data_reg[2]
              (rising edge-triggered flip-flop clocked by clk)
  Endpoint: if_stage_inst/pc_reg_inst/reg_data_reg[6]
            (rising edge-triggered flip-flop clocked by clk)
  Path Group: clk
  Path Type: max

  Des/Clust/Port     Wire Load Model       Library
  ------------------------------------------------
  dlx                5K_hvratio_1_1        NangateOpenCellLibrary

  Point                                                   Incr       Path
  --------------------------------------------------------------------------
  clock clk (rise edge)                                   0.00       0.00
  clock network delay (ideal)                             0.00       0.00
  id_stage_inst/rs1_addr_reg/reg_data_reg[2]/CK (DFF_X1)
                                                          0.00       0.00 r
  id_stage_inst/rs1_addr_reg/reg_data_reg[2]/Q (DFF_X1)
                                                          0.09       0.09 r
  U5553/Z (XOR2_X1)                                       0.06       0.15 r
  U5531/ZN (AND3_X1)                                      0.06       0.21 r
  U5551/ZN (NAND3_X1)                                     0.04       0.25 f
  U8002/ZN (INV_X1)                                       0.03       0.28 r
  U7490/ZN (AND2_X4)                                      0.06       0.35 r
  U7488/ZN (INV_X2)                                       0.06       0.40 f
  U5201/ZN (OAI211_X2)                                    0.08       0.48 r
  U8563/ZN (XNOR2_X1)                                     0.08       0.56 r
  U8564/ZN (XNOR2_X1)                                     0.08       0.64 r
  U8565/ZN (NAND2_X1)                                     0.04       0.68 f
  U8568/ZN (NAND2_X1)                                     0.03       0.71 r
  U8573/ZN (OAI21_X1)                                     0.03       0.74 f
  U7656/ZN (AND2_X1)                                      0.04       0.78 f
  U8600/ZN (NAND3_X1)                                     0.04       0.82 r
  U13804/ZN (NAND4_X1)                                    0.06       0.88 f
  U5675/Z (BUF_X1)                                        0.06       0.94 f
  U7162/ZN (AOI21_X1)                                     0.05       0.99 r
  U5618/ZN (XNOR2_X1)                                     0.07       1.05 r
  U5847/ZN (AND4_X1)                                      0.07       1.12 r
  U5620/ZN (NAND4_X1)                                     0.06       1.18 f
  U7322/ZN (NAND3_X1)                                     0.05       1.23 r
  U9723/Z (CLKBUF_X1)                                     0.04       1.26 r
  U6404/ZN (AND2_X1)                                      0.04       1.30 r
  U7171/ZN (AOI22_X1)                                     0.04       1.34 f
  U7140/ZN (XNOR2_X1)                                     0.06       1.40 f
  U9770/ZN (NAND4_X1)                                     0.05       1.44 r
  U9947/ZN (OAI211_X1)                                    0.05       1.49 f
  U10352/ZN (NAND2_X1)                                    0.05       1.54 r
  U10436/Z (BUF_X2)                                       0.06       1.59 r
  U10958/ZN (OR2_X1)                                      0.04       1.64 r
  U10960/ZN (NAND2_X1)                                    0.02       1.66 f
  U5351/ZN (OR3_X2)                                       0.09       1.75 f
  if_stage_inst/pc_reg_inst/reg_data_reg[6]/D (DFF_X1)
                                                          0.01       1.76 f
  data arrival time                                                  1.76

  clock clk (rise edge)                                   1.40       1.40
  clock network delay (ideal)                             0.00       1.40
  if_stage_inst/pc_reg_inst/reg_data_reg[6]/CK (DFF_X1)
                                                          0.00       1.40 r
  library setup time                                     -0.04       1.36
  data required time                                                 1.36
  --------------------------------------------------------------------------
  data required time                                                 1.36
  data arrival time                                                 -1.76
  --------------------------------------------------------------------------
  slack (VIOLATED)                                                  -0.40


  Startpoint: id_stage_inst/rs1_addr_reg/reg_data_reg[2]
              (rising edge-triggered flip-flop clocked by clk)
  Endpoint: if_stage_inst/predicted_target_reg/reg_data_reg[6]
            (rising edge-triggered flip-flop clocked by clk)
  Path Group: clk
  Path Type: max

  Des/Clust/Port     Wire Load Model       Library
  ------------------------------------------------
  dlx                5K_hvratio_1_1        NangateOpenCellLibrary

  Point                                                   Incr       Path
  --------------------------------------------------------------------------
  clock clk (rise edge)                                   0.00       0.00
  clock network delay (ideal)                             0.00       0.00
  id_stage_inst/rs1_addr_reg/reg_data_reg[2]/CK (DFF_X1)
                                                          0.00       0.00 r
  id_stage_inst/rs1_addr_reg/reg_data_reg[2]/Q (DFF_X1)
                                                          0.09       0.09 r
  U5553/Z (XOR2_X1)                                       0.06       0.15 r
  U5531/ZN (AND3_X1)                                      0.06       0.21 r
  U5551/ZN (NAND3_X1)                                     0.04       0.25 f
  U8002/ZN (INV_X1)                                       0.03       0.28 r
  U7490/ZN (AND2_X4)                                      0.06       0.35 r
  U7488/ZN (INV_X2)                                       0.06       0.40 f
  U5201/ZN (OAI211_X2)                                    0.08       0.48 r
  U8563/ZN (XNOR2_X1)                                     0.08       0.56 r
  U8564/ZN (XNOR2_X1)                                     0.08       0.64 r
  U8565/ZN (NAND2_X1)                                     0.04       0.68 f
  U8568/ZN (NAND2_X1)                                     0.03       0.71 r
  U8573/ZN (OAI21_X1)                                     0.03       0.74 f
  U7656/ZN (AND2_X1)                                      0.04       0.78 f
  U8600/ZN (NAND3_X1)                                     0.04       0.82 r
  U13804/ZN (NAND4_X1)                                    0.06       0.88 f
  U5675/Z (BUF_X1)                                        0.06       0.94 f
  U7162/ZN (AOI21_X1)                                     0.05       0.99 r
  U5618/ZN (XNOR2_X1)                                     0.07       1.05 r
  U5847/ZN (AND4_X1)                                      0.07       1.12 r
  U5620/ZN (NAND4_X1)                                     0.06       1.18 f
  U7322/ZN (NAND3_X1)                                     0.05       1.23 r
  U9723/Z (CLKBUF_X1)                                     0.04       1.26 r
  U6404/ZN (AND2_X1)                                      0.04       1.30 r
  U7171/ZN (AOI22_X1)                                     0.04       1.34 f
  U7140/ZN (XNOR2_X1)                                     0.06       1.40 f
  U9770/ZN (NAND4_X1)                                     0.05       1.44 r
  U9947/ZN (OAI211_X1)                                    0.05       1.49 f
  U10352/ZN (NAND2_X1)                                    0.05       1.54 r
  U10436/Z (BUF_X2)                                       0.06       1.59 r
  U10958/ZN (OR2_X1)                                      0.04       1.64 r
  U10960/ZN (NAND2_X1)                                    0.02       1.66 f
  U5351/ZN (OR3_X2)                                       0.09       1.75 f
  if_stage_inst/predicted_target_reg/reg_data_reg[6]/D (DFF_X1)
                                                          0.01       1.76 f
  data arrival time                                                  1.76

  clock clk (rise edge)                                   1.40       1.40
  clock network delay (ideal)                             0.00       1.40
  if_stage_inst/predicted_target_reg/reg_data_reg[6]/CK (DFF_X1)
                                                          0.00       1.40 r
  library setup time                                     -0.04       1.36
  data required time                                                 1.36
  --------------------------------------------------------------------------
  data required time                                                 1.36
  data arrival time                                                 -1.76
  --------------------------------------------------------------------------
  slack (VIOLATED)                                                  -0.40


  Startpoint: ex_stage_inst/rd_addr_reg/reg_data_reg[0]
              (rising edge-triggered flip-flop clocked by clk)
  Endpoint: if_stage_inst/pc_reg_inst/reg_data_reg[4]
            (rising edge-triggered flip-flop clocked by clk)
  Path Group: clk
  Path Type: max

  Des/Clust/Port     Wire Load Model       Library
  ------------------------------------------------
  dlx                5K_hvratio_1_1        NangateOpenCellLibrary

  Point                                                   Incr       Path
  --------------------------------------------------------------------------
  clock clk (rise edge)                                   0.00       0.00
  clock network delay (ideal)                             0.00       0.00
  ex_stage_inst/rd_addr_reg/reg_data_reg[0]/CK (DFF_X1)
                                                          0.00       0.00 r
  ex_stage_inst/rd_addr_reg/reg_data_reg[0]/Q (DFF_X1)
                                                          0.09       0.09 r
  U7989/ZN (XNOR2_X1)                                     0.06       0.15 r
  U5405/ZN (AND2_X2)                                      0.05       0.19 r
  U6896/ZN (AND3_X1)                                      0.05       0.24 r
  U7120/ZN (NAND2_X1)                                     0.03       0.28 f
  U7094/ZN (AND3_X2)                                      0.06       0.34 f
  U6917/ZN (INV_X1)                                       0.05       0.39 r
  U5641/ZN (OAI211_X1)                                    0.04       0.43 f
  U5639/Z (BUF_X1)                                        0.04       0.48 f
  U7100/ZN (OR2_X1)                                       0.05       0.53 f
  U7041/ZN (NOR2_X1)                                      0.07       0.59 r
  U8168/Z (BUF_X2)                                        0.08       0.67 r
  U8182/ZN (NAND2_X1)                                     0.04       0.71 f
  U8192/ZN (NAND4_X1)                                     0.04       0.75 r
  U6775/ZN (INV_X1)                                       0.03       0.78 f
  U8193/ZN (NAND2_X1)                                     0.03       0.81 r
  U5586/ZN (NAND2_X1)                                     0.03       0.83 f
  U5588/ZN (NAND2_X1)                                     0.03       0.86 r
  U5193/ZN (AND2_X2)                                      0.05       0.91 r
  U8856/ZN (NAND2_X1)                                     0.03       0.94 f
  U9252/ZN (AND2_X1)                                      0.04       0.98 f
  U7264/ZN (NAND2_X1)                                     0.02       1.01 r
  U6511/ZN (OR2_X1)                                       0.03       1.04 r
  U6509/ZN (OAI21_X1)                                     0.03       1.07 f
  U9618/ZN (OAI21_X1)                                     0.06       1.13 r
  U9619/ZN (XNOR2_X1)                                     0.06       1.20 r
  U7633/ZN (AND2_X1)                                      0.04       1.24 r
  U5182/ZN (AND4_X2)                                      0.06       1.30 r
  U9685/ZN (NAND4_X1)                                     0.04       1.34 f
  U9686/ZN (NOR2_X1)                                      0.04       1.38 r
  U9761/ZN (AND4_X1)                                      0.06       1.43 r
  U9770/ZN (NAND4_X1)                                     0.05       1.48 f
  U9947/ZN (OAI211_X1)                                    0.05       1.53 r
  U10352/ZN (NAND2_X1)                                    0.04       1.57 f
  U10436/Z (BUF_X2)                                       0.05       1.63 f
  U10460/ZN (OR2_X1)                                      0.06       1.69 f
  U10461/ZN (NAND2_X1)                                    0.03       1.72 r
  U5207/ZN (OR3_X2)                                       0.04       1.76 r
  if_stage_inst/pc_reg_inst/reg_data_reg[4]/D (DFF_X1)
                                                          0.01       1.77 r
  data arrival time                                                  1.77

  clock clk (rise edge)                                   1.40       1.40
  clock network delay (ideal)                             0.00       1.40
  if_stage_inst/pc_reg_inst/reg_data_reg[4]/CK (DFF_X1)
                                                          0.00       1.40 r
  library setup time                                     -0.03       1.37
  data required time                                                 1.37
  --------------------------------------------------------------------------
  data required time                                                 1.37
  data arrival time                                                 -1.77
  --------------------------------------------------------------------------
  slack (VIOLATED)                                                  -0.40


  Startpoint: ex_stage_inst/rd_addr_reg/reg_data_reg[0]
              (rising edge-triggered flip-flop clocked by clk)
  Endpoint: if_stage_inst/pc_reg_inst/reg_data_reg[4]
            (rising edge-triggered flip-flop clocked by clk)
  Path Group: clk
  Path Type: max

  Des/Clust/Port     Wire Load Model       Library
  ------------------------------------------------
  dlx                5K_hvratio_1_1        NangateOpenCellLibrary

  Point                                                   Incr       Path
  --------------------------------------------------------------------------
  clock clk (rise edge)                                   0.00       0.00
  clock network delay (ideal)                             0.00       0.00
  ex_stage_inst/rd_addr_reg/reg_data_reg[0]/CK (DFF_X1)
                                                          0.00       0.00 r
  ex_stage_inst/rd_addr_reg/reg_data_reg[0]/Q (DFF_X1)
                                                          0.09       0.09 r
  U7989/ZN (XNOR2_X1)                                     0.06       0.15 r
  U5405/ZN (AND2_X2)                                      0.05       0.19 r
  U6896/ZN (AND3_X1)                                      0.05       0.24 r
  U7120/ZN (NAND2_X1)                                     0.03       0.28 f
  U7094/ZN (AND3_X2)                                      0.06       0.34 f
  U6917/ZN (INV_X1)                                       0.05       0.39 r
  U7189/Z (CLKBUF_X3)                                     0.06       0.45 r
  U8117/ZN (NOR2_X1)                                      0.04       0.48 f
  U7384/ZN (INV_X1)                                       0.03       0.51 r
  U5187/ZN (AND2_X1)                                      0.06       0.57 r
  U5867/ZN (AND2_X1)                                      0.05       0.62 r
  U5629/ZN (AND2_X1)                                      0.05       0.67 r
  U7371/ZN (AND2_X1)                                      0.06       0.73 r
  U5667/ZN (AND2_X1)                                      0.06       0.79 r
  U5665/ZN (NAND4_X1)                                     0.06       0.85 f
  U5333/ZN (INV_X1)                                       0.07       0.92 r
  U8892/ZN (NAND2_X1)                                     0.04       0.96 f
  U5736/ZN (AND2_X1)                                      0.04       1.00 f
  U7084/ZN (NAND2_X1)                                     0.03       1.02 r
  U7083/ZN (NAND2_X1)                                     0.02       1.05 f
  U6109/ZN (OAI211_X1)                                    0.05       1.09 r
  U9639/ZN (XNOR2_X1)                                     0.07       1.16 r
  U9640/ZN (AND2_X1)                                      0.04       1.20 r
  U7185/ZN (AND2_X1)                                      0.04       1.24 r
  U5182/ZN (AND4_X2)                                      0.06       1.30 r
  U9685/ZN (NAND4_X1)                                     0.04       1.34 f
  U9686/ZN (NOR2_X1)                                      0.04       1.38 r
  U9761/ZN (AND4_X1)                                      0.06       1.43 r
  U9770/ZN (NAND4_X1)                                     0.05       1.48 f
  U9947/ZN (OAI211_X1)                                    0.05       1.53 r
  U10352/ZN (NAND2_X1)                                    0.04       1.57 f
  U10436/Z (BUF_X2)                                       0.05       1.63 f
  U10460/ZN (OR2_X1)                                      0.06       1.69 f
  U10461/ZN (NAND2_X1)                                    0.03       1.72 r
  U5207/ZN (OR3_X2)                                       0.04       1.75 r
  if_stage_inst/pc_reg_inst/reg_data_reg[4]/D (DFF_X1)
                                                          0.01       1.77 r
  data arrival time                                                  1.77

  clock clk (rise edge)                                   1.40       1.40
  clock network delay (ideal)                             0.00       1.40
  if_stage_inst/pc_reg_inst/reg_data_reg[4]/CK (DFF_X1)
                                                          0.00       1.40 r
  library setup time                                     -0.03       1.37
  data required time                                                 1.37
  --------------------------------------------------------------------------
  data required time                                                 1.37
  data arrival time                                                 -1.77
  --------------------------------------------------------------------------
  slack (VIOLATED)                                                  -0.40


  Startpoint: ex_stage_inst/rd_addr_reg/reg_data_reg[1]
              (rising edge-triggered flip-flop clocked by clk)
  Endpoint: if_stage_inst/pc_reg_inst/reg_data_reg[4]
            (rising edge-triggered flip-flop clocked by clk)
  Path Group: clk
  Path Type: max

  Des/Clust/Port     Wire Load Model       Library
  ------------------------------------------------
  dlx                5K_hvratio_1_1        NangateOpenCellLibrary

  Point                                                   Incr       Path
  --------------------------------------------------------------------------
  clock clk (rise edge)                                   0.00       0.00
  clock network delay (ideal)                             0.00       0.00
  ex_stage_inst/rd_addr_reg/reg_data_reg[1]/CK (DFF_X1)
                                                          0.00       0.00 r
  ex_stage_inst/rd_addr_reg/reg_data_reg[1]/Q (DFF_X1)
                                                          0.09       0.09 r
  U7988/ZN (XNOR2_X1)                                     0.06       0.15 r
  U7112/ZN (AND2_X1)                                      0.04       0.19 r
  U6896/ZN (AND3_X1)                                      0.05       0.24 r
  U7120/ZN (NAND2_X1)                                     0.03       0.28 f
  U7094/ZN (AND3_X2)                                      0.06       0.34 f
  U6917/ZN (INV_X1)                                       0.05       0.39 r
  U5641/ZN (OAI211_X1)                                    0.04       0.43 f
  U5639/Z (BUF_X1)                                        0.04       0.48 f
  U7100/ZN (OR2_X1)                                       0.05       0.53 f
  U7041/ZN (NOR2_X1)                                      0.07       0.59 r
  U8168/Z (BUF_X2)                                        0.08       0.67 r
  U8182/ZN (NAND2_X1)                                     0.04       0.71 f
  U8192/ZN (NAND4_X1)                                     0.04       0.75 r
  U6775/ZN (INV_X1)                                       0.03       0.78 f
  U8193/ZN (NAND2_X1)                                     0.03       0.81 r
  U5586/ZN (NAND2_X1)                                     0.03       0.83 f
  U5588/ZN (NAND2_X1)                                     0.03       0.86 r
  U5193/ZN (AND2_X2)                                      0.05       0.91 r
  U8856/ZN (NAND2_X1)                                     0.03       0.94 f
  U9252/ZN (AND2_X1)                                      0.04       0.98 f
  U7264/ZN (NAND2_X1)                                     0.02       1.01 r
  U6511/ZN (OR2_X1)                                       0.03       1.04 r
  U6509/ZN (OAI21_X1)                                     0.03       1.07 f
  U9618/ZN (OAI21_X1)                                     0.06       1.13 r
  U9619/ZN (XNOR2_X1)                                     0.06       1.20 r
  U7633/ZN (AND2_X1)                                      0.04       1.24 r
  U5182/ZN (AND4_X2)                                      0.06       1.30 r
  U9685/ZN (NAND4_X1)                                     0.04       1.34 f
  U9686/ZN (NOR2_X1)                                      0.04       1.38 r
  U9761/ZN (AND4_X1)                                      0.06       1.43 r
  U9770/ZN (NAND4_X1)                                     0.05       1.48 f
  U9947/ZN (OAI211_X1)                                    0.05       1.53 r
  U10352/ZN (NAND2_X1)                                    0.04       1.57 f
  U10436/Z (BUF_X2)                                       0.05       1.63 f
  U10460/ZN (OR2_X1)                                      0.06       1.69 f
  U10461/ZN (NAND2_X1)                                    0.03       1.72 r
  U5207/ZN (OR3_X2)                                       0.04       1.75 r
  if_stage_inst/pc_reg_inst/reg_data_reg[4]/D (DFF_X1)
                                                          0.01       1.77 r
  data arrival time                                                  1.77

  clock clk (rise edge)                                   1.40       1.40
  clock network delay (ideal)                             0.00       1.40
  if_stage_inst/pc_reg_inst/reg_data_reg[4]/CK (DFF_X1)
                                                          0.00       1.40 r
  library setup time                                     -0.03       1.37
  data required time                                                 1.37
  --------------------------------------------------------------------------
  data required time                                                 1.37
  data arrival time                                                 -1.77
  --------------------------------------------------------------------------
  slack (VIOLATED)                                                  -0.40


  Startpoint: id_stage_inst/rs1_addr_reg/reg_data_reg[1]
              (rising edge-triggered flip-flop clocked by clk)
  Endpoint: if_stage_inst/pc_reg_inst/reg_data_reg[4]
            (rising edge-triggered flip-flop clocked by clk)
  Path Group: clk
  Path Type: max

  Des/Clust/Port     Wire Load Model       Library
  ------------------------------------------------
  dlx                5K_hvratio_1_1        NangateOpenCellLibrary

  Point                                                   Incr       Path
  --------------------------------------------------------------------------
  clock clk (rise edge)                                   0.00       0.00
  clock network delay (ideal)                             0.00       0.00
  id_stage_inst/rs1_addr_reg/reg_data_reg[1]/CK (DFF_X1)
                                                          0.00       0.00 r
  id_stage_inst/rs1_addr_reg/reg_data_reg[1]/QN (DFF_X1)
                                                          0.07       0.07 r
  U7012/ZN (XNOR2_X1)                                     0.06       0.13 r
  U7998/ZN (AND2_X1)                                      0.04       0.18 r
  U7250/ZN (AND4_X2)                                      0.06       0.24 r
  U5549/ZN (NAND2_X1)                                     0.04       0.28 f
  U8008/ZN (NAND2_X1)                                     0.06       0.34 r
  U8037/Z (BUF_X1)                                        0.07       0.41 r
  U7129/ZN (NOR2_X1)                                      0.04       0.44 f
  U5461/ZN (OR2_X1)                                       0.06       0.51 f
  U5610/ZN (OR3_X2)                                       0.11       0.61 f
  U7321/ZN (OR2_X2)                                       0.09       0.70 f
  U7163/ZN (OAI211_X1)                                    0.04       0.75 r
  U7278/ZN (INV_X1)                                       0.02       0.77 f
  U7277/ZN (AND2_X2)                                      0.05       0.81 f
  U8748/ZN (NAND2_X1)                                     0.03       0.85 r
  U5307/ZN (AND3_X1)                                      0.07       0.92 r
  U8206/ZN (AND2_X1)                                      0.05       0.96 r
  U8159/ZN (NOR2_X1)                                      0.03       0.99 f
  U6110/ZN (AND2_X1)                                      0.04       1.03 f
  U6109/ZN (OAI211_X1)                                    0.06       1.09 r
  U9639/ZN (XNOR2_X1)                                     0.07       1.16 r
  U9640/ZN (AND2_X1)                                      0.04       1.20 r
  U7185/ZN (AND2_X1)                                      0.04       1.24 r
  U5182/ZN (AND4_X2)                                      0.06       1.30 r
  U9685/ZN (NAND4_X1)                                     0.04       1.34 f
  U9686/ZN (NOR2_X1)                                      0.04       1.38 r
  U9761/ZN (AND4_X1)                                      0.06       1.43 r
  U9770/ZN (NAND4_X1)                                     0.05       1.48 f
  U9947/ZN (OAI211_X1)                                    0.05       1.53 r
  U10352/ZN (NAND2_X1)                                    0.04       1.57 f
  U10436/Z (BUF_X2)                                       0.05       1.63 f
  U10460/ZN (OR2_X1)                                      0.06       1.69 f
  U10461/ZN (NAND2_X1)                                    0.03       1.72 r
  U5207/ZN (OR3_X2)                                       0.04       1.75 r
  if_stage_inst/pc_reg_inst/reg_data_reg[4]/D (DFF_X1)
                                                          0.01       1.77 r
  data arrival time                                                  1.77

  clock clk (rise edge)                                   1.40       1.40
  clock network delay (ideal)                             0.00       1.40
  if_stage_inst/pc_reg_inst/reg_data_reg[4]/CK (DFF_X1)
                                                          0.00       1.40 r
  library setup time                                     -0.03       1.37
  data required time                                                 1.37
  --------------------------------------------------------------------------
  data required time                                                 1.37
  data arrival time                                                 -1.77
  --------------------------------------------------------------------------
  slack (VIOLATED)                                                  -0.40


  Startpoint: ex_stage_inst/rd_addr_reg/reg_data_reg[1]
              (rising edge-triggered flip-flop clocked by clk)
  Endpoint: if_stage_inst/pc_reg_inst/reg_data_reg[4]
            (rising edge-triggered flip-flop clocked by clk)
  Path Group: clk
  Path Type: max

  Des/Clust/Port     Wire Load Model       Library
  ------------------------------------------------
  dlx                5K_hvratio_1_1        NangateOpenCellLibrary

  Point                                                   Incr       Path
  --------------------------------------------------------------------------
  clock clk (rise edge)                                   0.00       0.00
  clock network delay (ideal)                             0.00       0.00
  ex_stage_inst/rd_addr_reg/reg_data_reg[1]/CK (DFF_X1)
                                                          0.00       0.00 r
  ex_stage_inst/rd_addr_reg/reg_data_reg[1]/Q (DFF_X1)
                                                          0.09       0.09 r
  U7988/ZN (XNOR2_X1)                                     0.06       0.15 r
  U7112/ZN (AND2_X1)                                      0.04       0.19 r
  U6896/ZN (AND3_X1)                                      0.05       0.24 r
  U7120/ZN (NAND2_X1)                                     0.03       0.28 f
  U7094/ZN (AND3_X2)                                      0.06       0.34 f
  U6917/ZN (INV_X1)                                       0.05       0.39 r
  U7189/Z (CLKBUF_X3)                                     0.06       0.45 r
  U8117/ZN (NOR2_X1)                                      0.04       0.48 f
  U7384/ZN (INV_X1)                                       0.03       0.51 r
  U5187/ZN (AND2_X1)                                      0.06       0.57 r
  U5867/ZN (AND2_X1)                                      0.05       0.62 r
  U5629/ZN (AND2_X1)                                      0.05       0.67 r
  U7371/ZN (AND2_X1)                                      0.06       0.73 r
  U5667/ZN (AND2_X1)                                      0.06       0.79 r
  U5665/ZN (NAND4_X1)                                     0.06       0.85 f
  U5333/ZN (INV_X1)                                       0.07       0.92 r
  U8892/ZN (NAND2_X1)                                     0.04       0.96 f
  U5736/ZN (AND2_X1)                                      0.04       1.00 f
  U7084/ZN (NAND2_X1)                                     0.03       1.02 r
  U7083/ZN (NAND2_X1)                                     0.02       1.05 f
  U6109/ZN (OAI211_X1)                                    0.05       1.09 r
  U9639/ZN (XNOR2_X1)                                     0.07       1.16 r
  U9640/ZN (AND2_X1)                                      0.04       1.20 r
  U7185/ZN (AND2_X1)                                      0.04       1.24 r
  U5182/ZN (AND4_X2)                                      0.06       1.30 r
  U9685/ZN (NAND4_X1)                                     0.04       1.34 f
  U9686/ZN (NOR2_X1)                                      0.04       1.38 r
  U9761/ZN (AND4_X1)                                      0.06       1.43 r
  U9770/ZN (NAND4_X1)                                     0.05       1.48 f
  U9947/ZN (OAI211_X1)                                    0.05       1.53 r
  U10352/ZN (NAND2_X1)                                    0.04       1.57 f
  U10436/Z (BUF_X2)                                       0.05       1.63 f
  U10460/ZN (OR2_X1)                                      0.06       1.69 f
  U10461/ZN (NAND2_X1)                                    0.03       1.72 r
  U5207/ZN (OR3_X2)                                       0.04       1.75 r
  if_stage_inst/pc_reg_inst/reg_data_reg[4]/D (DFF_X1)
                                                          0.01       1.77 r
  data arrival time                                                  1.77

  clock clk (rise edge)                                   1.40       1.40
  clock network delay (ideal)                             0.00       1.40
  if_stage_inst/pc_reg_inst/reg_data_reg[4]/CK (DFF_X1)
                                                          0.00       1.40 r
  library setup time                                     -0.03       1.37
  data required time                                                 1.37
  --------------------------------------------------------------------------
  data required time                                                 1.37
  data arrival time                                                 -1.77
  --------------------------------------------------------------------------
  slack (VIOLATED)                                                  -0.40


  Startpoint: ex_stage_inst/rd_addr_reg/reg_data_reg[0]
              (rising edge-triggered flip-flop clocked by clk)
  Endpoint: if_stage_inst/predicted_target_reg/reg_data_reg[17]
            (rising edge-triggered flip-flop clocked by clk)
  Path Group: clk
  Path Type: max

  Des/Clust/Port     Wire Load Model       Library
  ------------------------------------------------
  dlx                5K_hvratio_1_1        NangateOpenCellLibrary

  Point                                                   Incr       Path
  --------------------------------------------------------------------------
  clock clk (rise edge)                                   0.00       0.00
  clock network delay (ideal)                             0.00       0.00
  ex_stage_inst/rd_addr_reg/reg_data_reg[0]/CK (DFF_X1)
                                                          0.00       0.00 r
  ex_stage_inst/rd_addr_reg/reg_data_reg[0]/Q (DFF_X1)
                                                          0.09       0.09 r
  U7989/ZN (XNOR2_X1)                                     0.06       0.15 r
  U5405/ZN (AND2_X2)                                      0.05       0.19 r
  U6896/ZN (AND3_X1)                                      0.05       0.24 r
  U7120/ZN (NAND2_X1)                                     0.03       0.28 f
  U7094/ZN (AND3_X2)                                      0.06       0.34 f
  U6917/ZN (INV_X1)                                       0.05       0.39 r
  U5641/ZN (OAI211_X1)                                    0.04       0.43 f
  U5639/Z (BUF_X1)                                        0.04       0.48 f
  U7100/ZN (OR2_X1)                                       0.05       0.53 f
  U7041/ZN (NOR2_X1)                                      0.07       0.59 r
  U8168/Z (BUF_X2)                                        0.08       0.67 r
  U8182/ZN (NAND2_X1)                                     0.04       0.71 f
  U8192/ZN (NAND4_X1)                                     0.04       0.75 r
  U6775/ZN (INV_X1)                                       0.03       0.78 f
  U8193/ZN (NAND2_X1)                                     0.03       0.81 r
  U5586/ZN (NAND2_X1)                                     0.03       0.83 f
  U5588/ZN (NAND2_X1)                                     0.03       0.86 r
  U5193/ZN (AND2_X2)                                      0.05       0.91 r
  U8856/ZN (NAND2_X1)                                     0.03       0.94 f
  U9252/ZN (AND2_X1)                                      0.04       0.98 f
  U7264/ZN (NAND2_X1)                                     0.02       1.01 r
  U6511/ZN (OR2_X1)                                       0.03       1.04 r
  U6509/ZN (OAI21_X1)                                     0.03       1.07 f
  U9618/ZN (OAI21_X1)                                     0.06       1.13 r
  U9619/ZN (XNOR2_X1)                                     0.06       1.20 r
  U7633/ZN (AND2_X1)                                      0.04       1.24 r
  U5182/ZN (AND4_X2)                                      0.06       1.30 r
  U9685/ZN (NAND4_X1)                                     0.04       1.34 f
  U9686/ZN (NOR2_X1)                                      0.04       1.38 r
  U9761/ZN (AND4_X1)                                      0.06       1.43 r
  U9770/ZN (NAND4_X1)                                     0.05       1.48 f
  U9947/ZN (OAI211_X1)                                    0.05       1.53 r
  U10352/ZN (NAND2_X1)                                    0.04       1.57 f
  U10616/Z (BUF_X2)                                       0.05       1.63 f
  U10552/ZN (OR2_X1)                                      0.06       1.69 f
  U7206/ZN (NAND2_X1)                                     0.03       1.72 r
  U6202/ZN (OR3_X2)                                       0.04       1.76 r
  if_stage_inst/predicted_target_reg/reg_data_reg[17]/D (DFF_X2)
                                                          0.01       1.77 r
  data arrival time                                                  1.77

  clock clk (rise edge)                                   1.40       1.40
  clock network delay (ideal)                             0.00       1.40
  if_stage_inst/predicted_target_reg/reg_data_reg[17]/CK (DFF_X2)
                                                          0.00       1.40 r
  library setup time                                     -0.03       1.37
  data required time                                                 1.37
  --------------------------------------------------------------------------
  data required time                                                 1.37
  data arrival time                                                 -1.77
  --------------------------------------------------------------------------
  slack (VIOLATED)                                                  -0.40


  Startpoint: ex_stage_inst/rd_addr_reg/reg_data_reg[0]
              (rising edge-triggered flip-flop clocked by clk)
  Endpoint: if_stage_inst/predicted_target_reg/reg_data_reg[10]
            (rising edge-triggered flip-flop clocked by clk)
  Path Group: clk
  Path Type: max

  Des/Clust/Port     Wire Load Model       Library
  ------------------------------------------------
  dlx                5K_hvratio_1_1        NangateOpenCellLibrary

  Point                                                   Incr       Path
  --------------------------------------------------------------------------
  clock clk (rise edge)                                   0.00       0.00
  clock network delay (ideal)                             0.00       0.00
  ex_stage_inst/rd_addr_reg/reg_data_reg[0]/CK (DFF_X1)
                                                          0.00       0.00 r
  ex_stage_inst/rd_addr_reg/reg_data_reg[0]/Q (DFF_X1)
                                                          0.09       0.09 r
  U7989/ZN (XNOR2_X1)                                     0.06       0.15 r
  U5405/ZN (AND2_X2)                                      0.05       0.19 r
  U6896/ZN (AND3_X1)                                      0.05       0.24 r
  U7120/ZN (NAND2_X1)                                     0.03       0.28 f
  U7094/ZN (AND3_X2)                                      0.06       0.34 f
  U6917/ZN (INV_X1)                                       0.05       0.39 r
  U5641/ZN (OAI211_X1)                                    0.04       0.43 f
  U5639/Z (BUF_X1)                                        0.04       0.48 f
  U7100/ZN (OR2_X1)                                       0.05       0.53 f
  U7041/ZN (NOR2_X1)                                      0.07       0.59 r
  U8168/Z (BUF_X2)                                        0.08       0.67 r
  U8182/ZN (NAND2_X1)                                     0.04       0.71 f
  U8192/ZN (NAND4_X1)                                     0.04       0.75 r
  U6775/ZN (INV_X1)                                       0.03       0.78 f
  U8193/ZN (NAND2_X1)                                     0.03       0.81 r
  U5586/ZN (NAND2_X1)                                     0.03       0.83 f
  U5588/ZN (NAND2_X1)                                     0.03       0.86 r
  U5193/ZN (AND2_X2)                                      0.05       0.91 r
  U8856/ZN (NAND2_X1)                                     0.03       0.94 f
  U9252/ZN (AND2_X1)                                      0.04       0.98 f
  U7264/ZN (NAND2_X1)                                     0.02       1.01 r
  U6511/ZN (OR2_X1)                                       0.03       1.04 r
  U6509/ZN (OAI21_X1)                                     0.03       1.07 f
  U9618/ZN (OAI21_X1)                                     0.06       1.13 r
  U9619/ZN (XNOR2_X1)                                     0.06       1.20 r
  U7633/ZN (AND2_X1)                                      0.04       1.24 r
  U5182/ZN (AND4_X2)                                      0.06       1.30 r
  U9685/ZN (NAND4_X1)                                     0.04       1.34 f
  U9686/ZN (NOR2_X1)                                      0.04       1.38 r
  U9761/ZN (AND4_X1)                                      0.06       1.43 r
  U9770/ZN (NAND4_X1)                                     0.05       1.48 f
  U9947/ZN (OAI211_X1)                                    0.05       1.53 r
  U10352/ZN (NAND2_X1)                                    0.04       1.57 f
  U10353/Z (BUF_X2)                                       0.05       1.63 f
  U10779/ZN (OR2_X1)                                      0.06       1.69 f
  U10780/ZN (NAND2_X1)                                    0.03       1.72 r
  U5635/ZN (OR3_X2)                                       0.04       1.76 r
  if_stage_inst/predicted_target_reg/reg_data_reg[10]/D (DFF_X2)
                                                          0.01       1.77 r
  data arrival time                                                  1.77

  clock clk (rise edge)                                   1.40       1.40
  clock network delay (ideal)                             0.00       1.40
  if_stage_inst/predicted_target_reg/reg_data_reg[10]/CK (DFF_X2)
                                                          0.00       1.40 r
  library setup time                                     -0.03       1.37
  data required time                                                 1.37
  --------------------------------------------------------------------------
  data required time                                                 1.37
  data arrival time                                                 -1.77
  --------------------------------------------------------------------------
  slack (VIOLATED)                                                  -0.40


  Startpoint: ex_stage_inst/rd_addr_reg/reg_data_reg[0]
              (rising edge-triggered flip-flop clocked by clk)
  Endpoint: if_stage_inst/pc_reg_inst/reg_data_reg[10]
            (rising edge-triggered flip-flop clocked by clk)
  Path Group: clk
  Path Type: max

  Des/Clust/Port     Wire Load Model       Library
  ------------------------------------------------
  dlx                5K_hvratio_1_1        NangateOpenCellLibrary

  Point                                                   Incr       Path
  --------------------------------------------------------------------------
  clock clk (rise edge)                                   0.00       0.00
  clock network delay (ideal)                             0.00       0.00
  ex_stage_inst/rd_addr_reg/reg_data_reg[0]/CK (DFF_X1)
                                                          0.00       0.00 r
  ex_stage_inst/rd_addr_reg/reg_data_reg[0]/Q (DFF_X1)
                                                          0.09       0.09 r
  U7989/ZN (XNOR2_X1)                                     0.06       0.15 r
  U5405/ZN (AND2_X2)                                      0.05       0.19 r
  U6896/ZN (AND3_X1)                                      0.05       0.24 r
  U7120/ZN (NAND2_X1)                                     0.03       0.28 f
  U7094/ZN (AND3_X2)                                      0.06       0.34 f
  U6917/ZN (INV_X1)                                       0.05       0.39 r
  U5641/ZN (OAI211_X1)                                    0.04       0.43 f
  U5639/Z (BUF_X1)                                        0.04       0.48 f
  U7100/ZN (OR2_X1)                                       0.05       0.53 f
  U7041/ZN (NOR2_X1)                                      0.07       0.59 r
  U8168/Z (BUF_X2)                                        0.08       0.67 r
  U8182/ZN (NAND2_X1)                                     0.04       0.71 f
  U8192/ZN (NAND4_X1)                                     0.04       0.75 r
  U6775/ZN (INV_X1)                                       0.03       0.78 f
  U8193/ZN (NAND2_X1)                                     0.03       0.81 r
  U5586/ZN (NAND2_X1)                                     0.03       0.83 f
  U5588/ZN (NAND2_X1)                                     0.03       0.86 r
  U5193/ZN (AND2_X2)                                      0.05       0.91 r
  U8856/ZN (NAND2_X1)                                     0.03       0.94 f
  U9252/ZN (AND2_X1)                                      0.04       0.98 f
  U7264/ZN (NAND2_X1)                                     0.02       1.01 r
  U6511/ZN (OR2_X1)                                       0.03       1.04 r
  U6509/ZN (OAI21_X1)                                     0.03       1.07 f
  U9618/ZN (OAI21_X1)                                     0.06       1.13 r
  U9619/ZN (XNOR2_X1)                                     0.06       1.20 r
  U7633/ZN (AND2_X1)                                      0.04       1.24 r
  U5182/ZN (AND4_X2)                                      0.06       1.30 r
  U9685/ZN (NAND4_X1)                                     0.04       1.34 f
  U9686/ZN (NOR2_X1)                                      0.04       1.38 r
  U9761/ZN (AND4_X1)                                      0.06       1.43 r
  U9770/ZN (NAND4_X1)                                     0.05       1.48 f
  U9947/ZN (OAI211_X1)                                    0.05       1.53 r
  U10352/ZN (NAND2_X1)                                    0.04       1.57 f
  U10353/Z (BUF_X2)                                       0.05       1.63 f
  U10779/ZN (OR2_X1)                                      0.06       1.69 f
  U10780/ZN (NAND2_X1)                                    0.03       1.72 r
  U5635/ZN (OR3_X2)                                       0.04       1.76 r
  if_stage_inst/pc_reg_inst/reg_data_reg[10]/D (DFF_X2)
                                                          0.01       1.77 r
  data arrival time                                                  1.77

  clock clk (rise edge)                                   1.40       1.40
  clock network delay (ideal)                             0.00       1.40
  if_stage_inst/pc_reg_inst/reg_data_reg[10]/CK (DFF_X2)
                                                          0.00       1.40 r
  library setup time                                     -0.03       1.37
  data required time                                                 1.37
  --------------------------------------------------------------------------
  data required time                                                 1.37
  data arrival time                                                 -1.77
  --------------------------------------------------------------------------
  slack (VIOLATED)                                                  -0.40


  Startpoint: ex_stage_inst/rd_addr_reg/reg_data_reg[0]
              (rising edge-triggered flip-flop clocked by clk)
  Endpoint: if_stage_inst/pc_reg_inst/reg_data_reg[17]
            (rising edge-triggered flip-flop clocked by clk)
  Path Group: clk
  Path Type: max

  Des/Clust/Port     Wire Load Model       Library
  ------------------------------------------------
  dlx                5K_hvratio_1_1        NangateOpenCellLibrary

  Point                                                   Incr       Path
  --------------------------------------------------------------------------
  clock clk (rise edge)                                   0.00       0.00
  clock network delay (ideal)                             0.00       0.00
  ex_stage_inst/rd_addr_reg/reg_data_reg[0]/CK (DFF_X1)
                                                          0.00       0.00 r
  ex_stage_inst/rd_addr_reg/reg_data_reg[0]/Q (DFF_X1)
                                                          0.09       0.09 r
  U7989/ZN (XNOR2_X1)                                     0.06       0.15 r
  U5405/ZN (AND2_X2)                                      0.05       0.19 r
  U6896/ZN (AND3_X1)                                      0.05       0.24 r
  U7120/ZN (NAND2_X1)                                     0.03       0.28 f
  U7094/ZN (AND3_X2)                                      0.06       0.34 f
  U6917/ZN (INV_X1)                                       0.05       0.39 r
  U5641/ZN (OAI211_X1)                                    0.04       0.43 f
  U5639/Z (BUF_X1)                                        0.04       0.48 f
  U7100/ZN (OR2_X1)                                       0.05       0.53 f
  U7041/ZN (NOR2_X1)                                      0.07       0.59 r
  U8168/Z (BUF_X2)                                        0.08       0.67 r
  U8182/ZN (NAND2_X1)                                     0.04       0.71 f
  U8192/ZN (NAND4_X1)                                     0.04       0.75 r
  U6775/ZN (INV_X1)                                       0.03       0.78 f
  U8193/ZN (NAND2_X1)                                     0.03       0.81 r
  U5586/ZN (NAND2_X1)                                     0.03       0.83 f
  U5588/ZN (NAND2_X1)                                     0.03       0.86 r
  U5193/ZN (AND2_X2)                                      0.05       0.91 r
  U8856/ZN (NAND2_X1)                                     0.03       0.94 f
  U9252/ZN (AND2_X1)                                      0.04       0.98 f
  U7264/ZN (NAND2_X1)                                     0.02       1.01 r
  U6511/ZN (OR2_X1)                                       0.03       1.04 r
  U6509/ZN (OAI21_X1)                                     0.03       1.07 f
  U9618/ZN (OAI21_X1)                                     0.06       1.13 r
  U9619/ZN (XNOR2_X1)                                     0.06       1.20 r
  U7633/ZN (AND2_X1)                                      0.04       1.24 r
  U5182/ZN (AND4_X2)                                      0.06       1.30 r
  U9685/ZN (NAND4_X1)                                     0.04       1.34 f
  U9686/ZN (NOR2_X1)                                      0.04       1.38 r
  U9761/ZN (AND4_X1)                                      0.06       1.43 r
  U9770/ZN (NAND4_X1)                                     0.05       1.48 f
  U9947/ZN (OAI211_X1)                                    0.05       1.53 r
  U10352/ZN (NAND2_X1)                                    0.04       1.57 f
  U10616/Z (BUF_X2)                                       0.05       1.63 f
  U10552/ZN (OR2_X1)                                      0.06       1.69 f
  U7206/ZN (NAND2_X1)                                     0.03       1.72 r
  U6202/ZN (OR3_X2)                                       0.04       1.76 r
  if_stage_inst/pc_reg_inst/reg_data_reg[17]/D (DFF_X2)
                                                          0.01       1.77 r
  data arrival time                                                  1.77

  clock clk (rise edge)                                   1.40       1.40
  clock network delay (ideal)                             0.00       1.40
  if_stage_inst/pc_reg_inst/reg_data_reg[17]/CK (DFF_X2)
                                                          0.00       1.40 r
  library setup time                                     -0.03       1.37
  data required time                                                 1.37
  --------------------------------------------------------------------------
  data required time                                                 1.37
  data arrival time                                                 -1.77
  --------------------------------------------------------------------------
  slack (VIOLATED)                                                  -0.40


  Startpoint: ex_stage_inst/rd_addr_reg/reg_data_reg[0]
              (rising edge-triggered flip-flop clocked by clk)
  Endpoint: if_stage_inst/pc_reg_inst/reg_data_reg[14]
            (rising edge-triggered flip-flop clocked by clk)
  Path Group: clk
  Path Type: max

  Des/Clust/Port     Wire Load Model       Library
  ------------------------------------------------
  dlx                5K_hvratio_1_1        NangateOpenCellLibrary

  Point                                                   Incr       Path
  --------------------------------------------------------------------------
  clock clk (rise edge)                                   0.00       0.00
  clock network delay (ideal)                             0.00       0.00
  ex_stage_inst/rd_addr_reg/reg_data_reg[0]/CK (DFF_X1)
                                                          0.00       0.00 r
  ex_stage_inst/rd_addr_reg/reg_data_reg[0]/Q (DFF_X1)
                                                          0.09       0.09 r
  U7989/ZN (XNOR2_X1)                                     0.06       0.15 r
  U5405/ZN (AND2_X2)                                      0.05       0.19 r
  U6896/ZN (AND3_X1)                                      0.05       0.24 r
  U7120/ZN (NAND2_X1)                                     0.03       0.28 f
  U7094/ZN (AND3_X2)                                      0.06       0.34 f
  U6917/ZN (INV_X1)                                       0.05       0.39 r
  U5641/ZN (OAI211_X1)                                    0.04       0.43 f
  U5639/Z (BUF_X1)                                        0.04       0.48 f
  U7100/ZN (OR2_X1)                                       0.05       0.53 f
  U7041/ZN (NOR2_X1)                                      0.07       0.59 r
  U8168/Z (BUF_X2)                                        0.08       0.67 r
  U8182/ZN (NAND2_X1)                                     0.04       0.71 f
  U8192/ZN (NAND4_X1)                                     0.04       0.75 r
  U6775/ZN (INV_X1)                                       0.03       0.78 f
  U8193/ZN (NAND2_X1)                                     0.03       0.81 r
  U5586/ZN (NAND2_X1)                                     0.03       0.83 f
  U5588/ZN (NAND2_X1)                                     0.03       0.86 r
  U5193/ZN (AND2_X2)                                      0.05       0.91 r
  U8856/ZN (NAND2_X1)                                     0.03       0.94 f
  U9252/ZN (AND2_X1)                                      0.04       0.98 f
  U7264/ZN (NAND2_X1)                                     0.02       1.01 r
  U6511/ZN (OR2_X1)                                       0.03       1.04 r
  U6509/ZN (OAI21_X1)                                     0.03       1.07 f
  U9618/ZN (OAI21_X1)                                     0.06       1.13 r
  U9619/ZN (XNOR2_X1)                                     0.06       1.20 r
  U7633/ZN (AND2_X1)                                      0.04       1.24 r
  U5182/ZN (AND4_X2)                                      0.06       1.30 r
  U9685/ZN (NAND4_X1)                                     0.04       1.34 f
  U9686/ZN (NOR2_X1)                                      0.04       1.38 r
  U9761/ZN (AND4_X1)                                      0.06       1.43 r
  U9770/ZN (NAND4_X1)                                     0.05       1.48 f
  U9947/ZN (OAI211_X1)                                    0.05       1.53 r
  U10352/ZN (NAND2_X1)                                    0.04       1.57 f
  U10616/Z (BUF_X2)                                       0.05       1.63 f
  U10640/ZN (OR2_X1)                                      0.06       1.69 f
  U10642/ZN (NAND2_X1)                                    0.03       1.72 r
  U5236/ZN (OR3_X2)                                       0.04       1.76 r
  if_stage_inst/pc_reg_inst/reg_data_reg[14]/D (DFF_X2)
                                                          0.01       1.77 r
  data arrival time                                                  1.77

  clock clk (rise edge)                                   1.40       1.40
  clock network delay (ideal)                             0.00       1.40
  if_stage_inst/pc_reg_inst/reg_data_reg[14]/CK (DFF_X2)
                                                          0.00       1.40 r
  library setup time                                     -0.03       1.37
  data required time                                                 1.37
  --------------------------------------------------------------------------
  data required time                                                 1.37
  data arrival time                                                 -1.77
  --------------------------------------------------------------------------
  slack (VIOLATED)                                                  -0.40


1
