 
****************************************
Report : constraint
        -all_violators
Design : dlx
Version: W-2024.09-SP2
Date   : Thu Sep 17 15:15:46 2026
****************************************


   max_transition

                             Required        Actual
   Net                      Transition     Transition        Slack
   -----------------------------------------------------------------
   n11825                       0.20           0.27          -0.07  (VIOLATED)
       PIN :   U12775/A1        0.20           0.27          -0.07  (VIOLATED)
       PIN :   U12755/A1        0.20           0.27          -0.07  (VIOLATED)
       PIN :   U12730/A1        0.20           0.27          -0.07  (VIOLATED)
       PIN :   U12706/A1        0.20           0.27          -0.07  (VIOLATED)
       PIN :   U12682/A1        0.20           0.27          -0.07  (VIOLATED)
       PIN :   U12659/A1        0.20           0.27          -0.07  (VIOLATED)
       PIN :   U12636/A1        0.20           0.27          -0.07  (VIOLATED)
       PIN :   U12616/A1        0.20           0.27          -0.07  (VIOLATED)
       PIN :   U12592/A1        0.20           0.27          -0.07  (VIOLATED)
       PIN :   U12567/A1        0.20           0.27          -0.07  (VIOLATED)
       PIN :   U12543/A1        0.20           0.27          -0.07  (VIOLATED)
       PIN :   U12522/A1        0.20           0.27          -0.07  (VIOLATED)
       PIN :   U12494/A1        0.20           0.27          -0.07  (VIOLATED)
       PIN :   U12471/A1        0.20           0.27          -0.07  (VIOLATED)
       PIN :   U12448/A1        0.20           0.27          -0.07  (VIOLATED)
       PIN :   U12424/A1        0.20           0.27          -0.07  (VIOLATED)
       PIN :   U12403/A1        0.20           0.27          -0.07  (VIOLATED)
       PIN :   U12379/A1        0.20           0.27          -0.07  (VIOLATED)
       PIN :   U12332/A1        0.20           0.27          -0.07  (VIOLATED)
       PIN :   U12306/A1        0.20           0.27          -0.07  (VIOLATED)
       PIN :   U12278/A1        0.20           0.27          -0.07  (VIOLATED)
       PIN :   U12159/A1        0.20           0.27          -0.07  (VIOLATED)
       PIN :   U12137/A1        0.20           0.27          -0.07  (VIOLATED)
       PIN :   U11677/A1        0.20           0.27          -0.07  (VIOLATED)
       PIN :   U11714/A2        0.20           0.27          -0.07  (VIOLATED)
       PIN :   U11726/A2        0.20           0.27          -0.07  (VIOLATED)
       PIN :   U11738/A2        0.20           0.27          -0.07  (VIOLATED)
       PIN :   U11750/A2        0.20           0.27          -0.07  (VIOLATED)
       PIN :   U11772/A         0.20           0.27          -0.07  (VIOLATED)
       PIN :   U11785/A2        0.20           0.27          -0.07  (VIOLATED)
       PIN :   U11810/A2        0.20           0.27          -0.07  (VIOLATED)
       PIN :   U11835/A2        0.20           0.27          -0.07  (VIOLATED)
       PIN :   U11869/A2        0.20           0.27          -0.07  (VIOLATED)
       PIN :   U11881/A2        0.20           0.27          -0.07  (VIOLATED)
       PIN :   U11893/A2        0.20           0.27          -0.07  (VIOLATED)
       PIN :   U11905/A2        0.20           0.27          -0.07  (VIOLATED)
       PIN :   U11930/A2        0.20           0.27          -0.07  (VIOLATED)
       PIN :   U11960/A2        0.20           0.27          -0.07  (VIOLATED)
       PIN :   U12033/A2        0.20           0.27          -0.07  (VIOLATED)
       PIN :   U12045/A2        0.20           0.27          -0.07  (VIOLATED)
       PIN :   U12061/A1        0.20           0.27          -0.07  (VIOLATED)
       PIN :   U12090/A1        0.20           0.27          -0.07  (VIOLATED)
       PIN :   U12112/A1        0.20           0.27          -0.07  (VIOLATED)
       PIN :   U12181/A1        0.20           0.27          -0.07  (VIOLATED)
       PIN :   U12205/A1        0.20           0.27          -0.07  (VIOLATED)
       PIN :   U12228/A1        0.20           0.27          -0.07  (VIOLATED)
       PIN :   U12255/A1        0.20           0.27          -0.07  (VIOLATED)
       PIN :   U12356/A1        0.20           0.27          -0.07  (VIOLATED)
       PIN :   U13089/A1        0.20           0.27          -0.07  (VIOLATED)
       PIN :   U5124/ZN         0.20           0.27          -0.07  (VIOLATED)
   n11502                       0.20           0.23          -0.03  (VIOLATED)
       PIN :   U13091/A1        0.20           0.23          -0.03  (VIOLATED)
       PIN :   U12777/A1        0.20           0.23          -0.03  (VIOLATED)
       PIN :   U12757/A1        0.20           0.23          -0.03  (VIOLATED)
       PIN :   U12594/A1        0.20           0.23          -0.03  (VIOLATED)
       PIN :   U12569/A1        0.20           0.23          -0.03  (VIOLATED)
       PIN :   U12545/A1        0.20           0.23          -0.03  (VIOLATED)
       PIN :   U12524/A1        0.20           0.23          -0.03  (VIOLATED)
       PIN :   U12496/A1        0.20           0.23          -0.03  (VIOLATED)
       PIN :   U12473/A1        0.20           0.23          -0.03  (VIOLATED)
       PIN :   U12450/A1        0.20           0.23          -0.03  (VIOLATED)
       PIN :   U12426/A1        0.20           0.23          -0.03  (VIOLATED)
       PIN :   U12405/A1        0.20           0.23          -0.03  (VIOLATED)
       PIN :   U12381/A1        0.20           0.23          -0.03  (VIOLATED)
       PIN :   U12358/A1        0.20           0.23          -0.03  (VIOLATED)
       PIN :   U12334/A1        0.20           0.23          -0.03  (VIOLATED)
       PIN :   U12280/A1        0.20           0.23          -0.03  (VIOLATED)
       PIN :   U12257/A1        0.20           0.23          -0.03  (VIOLATED)
       PIN :   U12230/A1        0.20           0.23          -0.03  (VIOLATED)
       PIN :   U12207/A1        0.20           0.23          -0.03  (VIOLATED)
       PIN :   U12183/A1        0.20           0.23          -0.03  (VIOLATED)
       PIN :   U12114/A1        0.20           0.23          -0.03  (VIOLATED)
       PIN :   U12092/A1        0.20           0.23          -0.03  (VIOLATED)
       PIN :   U12063/A1        0.20           0.23          -0.03  (VIOLATED)
       PIN :   U11694/A1        0.20           0.23          -0.03  (VIOLATED)
       PIN :   U11719/A2        0.20           0.23          -0.03  (VIOLATED)
       PIN :   U11731/A2        0.20           0.23          -0.03  (VIOLATED)
       PIN :   U11743/A2        0.20           0.23          -0.03  (VIOLATED)
       PIN :   U11755/A2        0.20           0.23          -0.03  (VIOLATED)
       PIN :   U11765/A         0.20           0.23          -0.03  (VIOLATED)
       PIN :   U11780/A2        0.20           0.23          -0.03  (VIOLATED)
       PIN :   U11805/A2        0.20           0.23          -0.03  (VIOLATED)
       PIN :   U11874/A2        0.20           0.23          -0.03  (VIOLATED)
       PIN :   U11886/A2        0.20           0.23          -0.03  (VIOLATED)
       PIN :   U11898/A2        0.20           0.23          -0.03  (VIOLATED)
       PIN :   U11910/A2        0.20           0.23          -0.03  (VIOLATED)
       PIN :   U11923/A2        0.20           0.23          -0.03  (VIOLATED)
       PIN :   U11935/A2        0.20           0.23          -0.03  (VIOLATED)
       PIN :   U11945/B2        0.20           0.23          -0.03  (VIOLATED)
       PIN :   U11955/A2        0.20           0.23          -0.03  (VIOLATED)
       PIN :   U11979/A2        0.20           0.23          -0.03  (VIOLATED)
       PIN :   U12028/A2        0.20           0.23          -0.03  (VIOLATED)
       PIN :   U12040/A2        0.20           0.23          -0.03  (VIOLATED)
       PIN :   U12139/A1        0.20           0.23          -0.03  (VIOLATED)
       PIN :   U12161/A1        0.20           0.23          -0.03  (VIOLATED)
       PIN :   U12308/A1        0.20           0.23          -0.03  (VIOLATED)
       PIN :   U12618/A1        0.20           0.23          -0.03  (VIOLATED)
       PIN :   U12638/A1        0.20           0.23          -0.03  (VIOLATED)
       PIN :   U12661/A1        0.20           0.23          -0.03  (VIOLATED)
       PIN :   U12684/A1        0.20           0.23          -0.03  (VIOLATED)
       PIN :   U12708/A1        0.20           0.23          -0.03  (VIOLATED)
       PIN :   U12732/A1        0.20           0.23          -0.03  (VIOLATED)
       PIN :   U5128/ZN         0.20           0.23          -0.03  (VIOLATED)

   -----------------------------------------------------------------
   Total                      2                  -0.11  

   max_capacitance

                             Required        Actual
   Net                      Capacitance    Capacitance       Slack
   -----------------------------------------------------------------
   n11825                      60.58         117.40         -56.82  (VIOLATED)
   n11502                      60.58         100.69         -40.12  (VIOLATED)

   -----------------------------------------------------------------
   Total                      2                 -96.93  

1
