 
****************************************
Report : timing
        -path full
        -delay max
        -nworst 5
        -max_paths 20
Design : dlx
Version: W-2024.09-SP2
Date   : Wed Sep 16 06:12:01 2026
****************************************

Operating Conditions: typical   Library: NangateOpenCellLibrary
Wire Load Model Mode: top

  Startpoint: id_stage_inst/rs2_addr_reg/reg_data_reg[2]
              (rising edge-triggered flip-flop clocked by clk)
  Endpoint: if_stage_inst/pc_reg_inst/reg_data_reg[23]
            (rising edge-triggered flip-flop clocked by clk)
  Path Group: clk
  Path Type: max

  Des/Clust/Port     Wire Load Model       Library
  ------------------------------------------------
  dlx                5K_hvratio_1_1        NangateOpenCellLibrary

  Point                                                   Incr       Path
  --------------------------------------------------------------------------
  clock clk (rise edge)                                   0.00       0.00
  clock network delay (ideal)                             0.00       0.00
  id_stage_inst/rs2_addr_reg/reg_data_reg[2]/CK (DFF_X1)
                                                          0.00       0.00 r
  id_stage_inst/rs2_addr_reg/reg_data_reg[2]/QN (DFF_X1)
                                                          0.07       0.07 r
  U7403/ZN (XNOR2_X1)                                     0.06       0.13 r
  U6709/ZN (AND2_X2)                                      0.05       0.17 r
  U5333/ZN (AND4_X2)                                      0.06       0.24 r
  U8153/ZN (AND3_X2)                                      0.06       0.29 r
  U6427/Z (BUF_X2)                                        0.05       0.34 r
  U8318/ZN (AOI22_X1)                                     0.04       0.38 f
  U5664/ZN (AND3_X1)                                      0.06       0.44 f
  U8401/ZN (XNOR2_X1)                                     0.06       0.50 f
  U8409/ZN (NAND2_X1)                                     0.04       0.54 r
  U8411/ZN (OAI21_X1)                                     0.04       0.57 f
  U7627/ZN (AOI21_X1)                                     0.05       0.63 r
  U7496/ZN (OR2_X1)                                       0.03       0.66 r
  U6353/ZN (OAI211_X1)                                    0.04       0.70 f
  U6352/ZN (INV_X1)                                       0.04       0.74 r
  U5758/ZN (NAND3_X1)                                     0.04       0.78 f
  U5550/ZN (NAND2_X1)                                     0.04       0.81 r
  U6338/ZN (NAND2_X1)                                     0.04       0.85 f
  U8542/ZN (AOI21_X1)                                     0.06       0.91 r
  U7583/ZN (INV_X1)                                       0.03       0.94 f
  U7814/ZN (OAI21_X1)                                     0.05       1.00 r
  U7450/ZN (OR2_X1)                                       0.04       1.04 r
  U5799/ZN (AND3_X1)                                      0.05       1.09 r
  U6377/ZN (OAI211_X1)                                    0.03       1.12 f
  U9612/ZN (INV_X1)                                       0.03       1.15 r
  U5767/ZN (OAI211_X1)                                    0.05       1.20 f
  U9940/ZN (NAND2_X1)                                     0.04       1.23 r
  U7462/ZN (NAND4_X1)                                     0.04       1.27 f
  U7460/ZN (NOR3_X1)                                      0.05       1.33 r
  U6354/ZN (AND4_X1)                                      0.07       1.40 r
  U10591/ZN (NOR2_X1)                                     0.03       1.42 f
  U10592/ZN (NAND2_X1)                                    0.03       1.46 r
  U10593/ZN (OAI211_X1)                                   0.05       1.50 f
  U10822/Z (BUF_X1)                                       0.06       1.56 f
  U10595/ZN (OR2_X1)                                      0.07       1.63 f
  U10598/ZN (NAND4_X1)                                    0.03       1.66 r
  if_stage_inst/pc_reg_inst/reg_data_reg[23]/D (DFF_X2)
                                                          0.01       1.67 r
  data arrival time                                                  1.67

  clock clk (rise edge)                                   1.20       1.20
  clock network delay (ideal)                             0.00       1.20
  if_stage_inst/pc_reg_inst/reg_data_reg[23]/CK (DFF_X2)
                                                          0.00       1.20 r
  library setup time                                     -0.03       1.17
  data required time                                                 1.17
  --------------------------------------------------------------------------
  data required time                                                 1.17
  data arrival time                                                 -1.67
  --------------------------------------------------------------------------
  slack (VIOLATED)                                                  -0.51


  Startpoint: id_stage_inst/rs2_addr_reg/reg_data_reg[2]
              (rising edge-triggered flip-flop clocked by clk)
  Endpoint: if_stage_inst/predicted_target_reg/reg_data_reg[23]
            (rising edge-triggered flip-flop clocked by clk)
  Path Group: clk
  Path Type: max

  Des/Clust/Port     Wire Load Model       Library
  ------------------------------------------------
  dlx                5K_hvratio_1_1        NangateOpenCellLibrary

  Point                                                   Incr       Path
  --------------------------------------------------------------------------
  clock clk (rise edge)                                   0.00       0.00
  clock network delay (ideal)                             0.00       0.00
  id_stage_inst/rs2_addr_reg/reg_data_reg[2]/CK (DFF_X1)
                                                          0.00       0.00 r
  id_stage_inst/rs2_addr_reg/reg_data_reg[2]/QN (DFF_X1)
                                                          0.07       0.07 r
  U7403/ZN (XNOR2_X1)                                     0.06       0.13 r
  U6709/ZN (AND2_X2)                                      0.05       0.17 r
  U5333/ZN (AND4_X2)                                      0.06       0.24 r
  U8153/ZN (AND3_X2)                                      0.06       0.29 r
  U6427/Z (BUF_X2)                                        0.05       0.34 r
  U8318/ZN (AOI22_X1)                                     0.04       0.38 f
  U5664/ZN (AND3_X1)                                      0.06       0.44 f
  U8401/ZN (XNOR2_X1)                                     0.06       0.50 f
  U8409/ZN (NAND2_X1)                                     0.04       0.54 r
  U8411/ZN (OAI21_X1)                                     0.04       0.57 f
  U7627/ZN (AOI21_X1)                                     0.05       0.63 r
  U7496/ZN (OR2_X1)                                       0.03       0.66 r
  U6353/ZN (OAI211_X1)                                    0.04       0.70 f
  U6352/ZN (INV_X1)                                       0.04       0.74 r
  U5758/ZN (NAND3_X1)                                     0.04       0.78 f
  U5550/ZN (NAND2_X1)                                     0.04       0.81 r
  U6338/ZN (NAND2_X1)                                     0.04       0.85 f
  U8542/ZN (AOI21_X1)                                     0.06       0.91 r
  U7583/ZN (INV_X1)                                       0.03       0.94 f
  U7814/ZN (OAI21_X1)                                     0.05       1.00 r
  U7450/ZN (OR2_X1)                                       0.04       1.04 r
  U5799/ZN (AND3_X1)                                      0.05       1.09 r
  U6377/ZN (OAI211_X1)                                    0.03       1.12 f
  U9612/ZN (INV_X1)                                       0.03       1.15 r
  U5767/ZN (OAI211_X1)                                    0.05       1.20 f
  U9940/ZN (NAND2_X1)                                     0.04       1.23 r
  U7462/ZN (NAND4_X1)                                     0.04       1.27 f
  U7460/ZN (NOR3_X1)                                      0.05       1.33 r
  U6354/ZN (AND4_X1)                                      0.07       1.40 r
  U10591/ZN (NOR2_X1)                                     0.03       1.42 f
  U10592/ZN (NAND2_X1)                                    0.03       1.46 r
  U10593/ZN (OAI211_X1)                                   0.05       1.50 f
  U10822/Z (BUF_X1)                                       0.06       1.56 f
  U10595/ZN (OR2_X1)                                      0.07       1.63 f
  U10598/ZN (NAND4_X1)                                    0.03       1.66 r
  if_stage_inst/predicted_target_reg/reg_data_reg[23]/D (DFF_X2)
                                                          0.01       1.67 r
  data arrival time                                                  1.67

  clock clk (rise edge)                                   1.20       1.20
  clock network delay (ideal)                             0.00       1.20
  if_stage_inst/predicted_target_reg/reg_data_reg[23]/CK (DFF_X2)
                                                          0.00       1.20 r
  library setup time                                     -0.03       1.17
  data required time                                                 1.17
  --------------------------------------------------------------------------
  data required time                                                 1.17
  data arrival time                                                 -1.67
  --------------------------------------------------------------------------
  slack (VIOLATED)                                                  -0.51


  Startpoint: id_stage_inst/rs2_addr_reg/reg_data_reg[2]
              (rising edge-triggered flip-flop clocked by clk)
  Endpoint: if_stage_inst/predicted_target_reg/reg_data_reg[24]
            (rising edge-triggered flip-flop clocked by clk)
  Path Group: clk
  Path Type: max

  Des/Clust/Port     Wire Load Model       Library
  ------------------------------------------------
  dlx                5K_hvratio_1_1        NangateOpenCellLibrary

  Point                                                   Incr       Path
  --------------------------------------------------------------------------
  clock clk (rise edge)                                   0.00       0.00
  clock network delay (ideal)                             0.00       0.00
  id_stage_inst/rs2_addr_reg/reg_data_reg[2]/CK (DFF_X1)
                                                          0.00       0.00 r
  id_stage_inst/rs2_addr_reg/reg_data_reg[2]/QN (DFF_X1)
                                                          0.07       0.07 r
  U7403/ZN (XNOR2_X1)                                     0.06       0.13 r
  U6709/ZN (AND2_X2)                                      0.05       0.17 r
  U5333/ZN (AND4_X2)                                      0.06       0.24 r
  U8153/ZN (AND3_X2)                                      0.06       0.29 r
  U6427/Z (BUF_X2)                                        0.05       0.34 r
  U8318/ZN (AOI22_X1)                                     0.04       0.38 f
  U5664/ZN (AND3_X1)                                      0.06       0.44 f
  U8401/ZN (XNOR2_X1)                                     0.06       0.50 f
  U8409/ZN (NAND2_X1)                                     0.04       0.54 r
  U8411/ZN (OAI21_X1)                                     0.04       0.57 f
  U7627/ZN (AOI21_X1)                                     0.05       0.63 r
  U7496/ZN (OR2_X1)                                       0.03       0.66 r
  U6353/ZN (OAI211_X1)                                    0.04       0.70 f
  U6352/ZN (INV_X1)                                       0.04       0.74 r
  U5758/ZN (NAND3_X1)                                     0.04       0.78 f
  U5550/ZN (NAND2_X1)                                     0.04       0.81 r
  U6338/ZN (NAND2_X1)                                     0.04       0.85 f
  U8542/ZN (AOI21_X1)                                     0.06       0.91 r
  U7583/ZN (INV_X1)                                       0.03       0.94 f
  U7814/ZN (OAI21_X1)                                     0.05       1.00 r
  U7450/ZN (OR2_X1)                                       0.04       1.04 r
  U5799/ZN (AND3_X1)                                      0.05       1.09 r
  U6377/ZN (OAI211_X1)                                    0.03       1.12 f
  U9612/ZN (INV_X1)                                       0.03       1.15 r
  U5767/ZN (OAI211_X1)                                    0.05       1.20 f
  U9940/ZN (NAND2_X1)                                     0.04       1.23 r
  U7462/ZN (NAND4_X1)                                     0.04       1.27 f
  U7460/ZN (NOR3_X1)                                      0.05       1.33 r
  U6354/ZN (AND4_X1)                                      0.07       1.40 r
  U10591/ZN (NOR2_X1)                                     0.03       1.42 f
  U10592/ZN (NAND2_X1)                                    0.03       1.46 r
  U10593/ZN (OAI211_X1)                                   0.05       1.50 f
  U10822/Z (BUF_X1)                                       0.06       1.56 f
  U10944/ZN (OR2_X1)                                      0.07       1.63 f
  U10945/ZN (NAND4_X1)                                    0.03       1.66 r
  if_stage_inst/predicted_target_reg/reg_data_reg[24]/D (DFF_X2)
                                                          0.01       1.67 r
  data arrival time                                                  1.67

  clock clk (rise edge)                                   1.20       1.20
  clock network delay (ideal)                             0.00       1.20
  if_stage_inst/predicted_target_reg/reg_data_reg[24]/CK (DFF_X2)
                                                          0.00       1.20 r
  library setup time                                     -0.03       1.17
  data required time                                                 1.17
  --------------------------------------------------------------------------
  data required time                                                 1.17
  data arrival time                                                 -1.67
  --------------------------------------------------------------------------
  slack (VIOLATED)                                                  -0.51


  Startpoint: id_stage_inst/rs2_addr_reg/reg_data_reg[2]
              (rising edge-triggered flip-flop clocked by clk)
  Endpoint: if_stage_inst/pc_reg_inst/reg_data_reg[24]
            (rising edge-triggered flip-flop clocked by clk)
  Path Group: clk
  Path Type: max

  Des/Clust/Port     Wire Load Model       Library
  ------------------------------------------------
  dlx                5K_hvratio_1_1        NangateOpenCellLibrary

  Point                                                   Incr       Path
  --------------------------------------------------------------------------
  clock clk (rise edge)                                   0.00       0.00
  clock network delay (ideal)                             0.00       0.00
  id_stage_inst/rs2_addr_reg/reg_data_reg[2]/CK (DFF_X1)
                                                          0.00       0.00 r
  id_stage_inst/rs2_addr_reg/reg_data_reg[2]/QN (DFF_X1)
                                                          0.07       0.07 r
  U7403/ZN (XNOR2_X1)                                     0.06       0.13 r
  U6709/ZN (AND2_X2)                                      0.05       0.17 r
  U5333/ZN (AND4_X2)                                      0.06       0.24 r
  U8153/ZN (AND3_X2)                                      0.06       0.29 r
  U6427/Z (BUF_X2)                                        0.05       0.34 r
  U8318/ZN (AOI22_X1)                                     0.04       0.38 f
  U5664/ZN (AND3_X1)                                      0.06       0.44 f
  U8401/ZN (XNOR2_X1)                                     0.06       0.50 f
  U8409/ZN (NAND2_X1)                                     0.04       0.54 r
  U8411/ZN (OAI21_X1)                                     0.04       0.57 f
  U7627/ZN (AOI21_X1)                                     0.05       0.63 r
  U7496/ZN (OR2_X1)                                       0.03       0.66 r
  U6353/ZN (OAI211_X1)                                    0.04       0.70 f
  U6352/ZN (INV_X1)                                       0.04       0.74 r
  U5758/ZN (NAND3_X1)                                     0.04       0.78 f
  U5550/ZN (NAND2_X1)                                     0.04       0.81 r
  U6338/ZN (NAND2_X1)                                     0.04       0.85 f
  U8542/ZN (AOI21_X1)                                     0.06       0.91 r
  U7583/ZN (INV_X1)                                       0.03       0.94 f
  U7814/ZN (OAI21_X1)                                     0.05       1.00 r
  U7450/ZN (OR2_X1)                                       0.04       1.04 r
  U5799/ZN (AND3_X1)                                      0.05       1.09 r
  U6377/ZN (OAI211_X1)                                    0.03       1.12 f
  U9612/ZN (INV_X1)                                       0.03       1.15 r
  U5767/ZN (OAI211_X1)                                    0.05       1.20 f
  U9940/ZN (NAND2_X1)                                     0.04       1.23 r
  U7462/ZN (NAND4_X1)                                     0.04       1.27 f
  U7460/ZN (NOR3_X1)                                      0.05       1.33 r
  U6354/ZN (AND4_X1)                                      0.07       1.40 r
  U10591/ZN (NOR2_X1)                                     0.03       1.42 f
  U10592/ZN (NAND2_X1)                                    0.03       1.46 r
  U10593/ZN (OAI211_X1)                                   0.05       1.50 f
  U10822/Z (BUF_X1)                                       0.06       1.56 f
  U10944/ZN (OR2_X1)                                      0.07       1.63 f
  U10945/ZN (NAND4_X1)                                    0.03       1.66 r
  if_stage_inst/pc_reg_inst/reg_data_reg[24]/D (DFF_X2)
                                                          0.01       1.67 r
  data arrival time                                                  1.67

  clock clk (rise edge)                                   1.20       1.20
  clock network delay (ideal)                             0.00       1.20
  if_stage_inst/pc_reg_inst/reg_data_reg[24]/CK (DFF_X2)
                                                          0.00       1.20 r
  library setup time                                     -0.03       1.17
  data required time                                                 1.17
  --------------------------------------------------------------------------
  data required time                                                 1.17
  data arrival time                                                 -1.67
  --------------------------------------------------------------------------
  slack (VIOLATED)                                                  -0.51


  Startpoint: id_stage_inst/rs2_addr_reg/reg_data_reg[2]
              (rising edge-triggered flip-flop clocked by clk)
  Endpoint: if_stage_inst/predicted_target_reg/reg_data_reg[14]
            (rising edge-triggered flip-flop clocked by clk)
  Path Group: clk
  Path Type: max

  Des/Clust/Port     Wire Load Model       Library
  ------------------------------------------------
  dlx                5K_hvratio_1_1        NangateOpenCellLibrary

  Point                                                   Incr       Path
  --------------------------------------------------------------------------
  clock clk (rise edge)                                   0.00       0.00
  clock network delay (ideal)                             0.00       0.00
  id_stage_inst/rs2_addr_reg/reg_data_reg[2]/CK (DFF_X1)
                                                          0.00       0.00 r
  id_stage_inst/rs2_addr_reg/reg_data_reg[2]/QN (DFF_X1)
                                                          0.07       0.07 r
  U7403/ZN (XNOR2_X1)                                     0.06       0.13 r
  U6709/ZN (AND2_X2)                                      0.05       0.17 r
  U5371/ZN (AND4_X2)                                      0.07       0.24 r
  U8151/ZN (NAND2_X1)                                     0.03       0.27 f
  U6344/ZN (AND3_X2)                                      0.05       0.33 f
  U8174/ZN (NAND2_X1)                                     0.04       0.37 r
  U5171/ZN (AND4_X1)                                      0.07       0.44 r
  U5317/ZN (NOR2_X1)                                      0.03       0.48 f
  U5494/ZN (AND2_X2)                                      0.07       0.55 f
  U6165/ZN (INV_X1)                                       0.06       0.60 r
  U7467/ZN (OAI21_X1)                                     0.04       0.64 f
  U5344/ZN (OR4_X2)                                       0.14       0.78 f
  U8979/ZN (NAND2_X1)                                     0.04       0.82 r
  U8982/ZN (NAND3_X1)                                     0.05       0.86 f
  U7880/ZN (INV_X1)                                       0.04       0.90 r
  U6724/ZN (OAI21_X1)                                     0.03       0.92 f
  U8986/ZN (OAI21_X1)                                     0.04       0.97 r
  U8991/ZN (AND4_X1)                                      0.07       1.04 r
  U8995/ZN (OAI211_X1)                                    0.05       1.08 f
  U7441/ZN (OR2_X1)                                       0.07       1.15 f
  U7799/ZN (NOR3_X1)                                      0.05       1.20 r
  U5541/ZN (AND4_X1)                                      0.07       1.27 r
  U9632/ZN (AOI22_X1)                                     0.03       1.31 f
  U5793/ZN (OR2_X1)                                       0.06       1.36 f
  U5736/ZN (AND2_X1)                                      0.04       1.40 f
  U10070/ZN (NAND2_X1)                                    0.03       1.43 r
  U10200/ZN (NAND3_X1)                                    0.05       1.48 f
  U6435/ZN (AND2_X2)                                      0.07       1.54 f
  U10716/ZN (AND2_X1)                                     0.05       1.59 f
  U10717/ZN (INV_X1)                                      0.02       1.61 r
  U10723/ZN (NAND4_X1)                                    0.04       1.65 f
  if_stage_inst/predicted_target_reg/reg_data_reg[14]/D (DFF_X2)
                                                          0.01       1.66 f
  data arrival time                                                  1.66

  clock clk (rise edge)                                   1.20       1.20
  clock network delay (ideal)                             0.00       1.20
  if_stage_inst/predicted_target_reg/reg_data_reg[14]/CK (DFF_X2)
                                                          0.00       1.20 r
  library setup time                                     -0.05       1.15
  data required time                                                 1.15
  --------------------------------------------------------------------------
  data required time                                                 1.15
  data arrival time                                                 -1.66
  --------------------------------------------------------------------------
  slack (VIOLATED)                                                  -0.50


  Startpoint: id_stage_inst/rs2_addr_reg/reg_data_reg[2]
              (rising edge-triggered flip-flop clocked by clk)
  Endpoint: if_stage_inst/predicted_target_reg/reg_data_reg[11]
            (rising edge-triggered flip-flop clocked by clk)
  Path Group: clk
  Path Type: max

  Des/Clust/Port     Wire Load Model       Library
  ------------------------------------------------
  dlx                5K_hvratio_1_1        NangateOpenCellLibrary

  Point                                                   Incr       Path
  --------------------------------------------------------------------------
  clock clk (rise edge)                                   0.00       0.00
  clock network delay (ideal)                             0.00       0.00
  id_stage_inst/rs2_addr_reg/reg_data_reg[2]/CK (DFF_X1)
                                                          0.00       0.00 r
  id_stage_inst/rs2_addr_reg/reg_data_reg[2]/QN (DFF_X1)
                                                          0.07       0.07 r
  U7403/ZN (XNOR2_X1)                                     0.06       0.13 r
  U6709/ZN (AND2_X2)                                      0.05       0.17 r
  U5371/ZN (AND4_X2)                                      0.07       0.24 r
  U8151/ZN (NAND2_X1)                                     0.03       0.27 f
  U6344/ZN (AND3_X2)                                      0.05       0.33 f
  U8174/ZN (NAND2_X1)                                     0.04       0.37 r
  U5171/ZN (AND4_X1)                                      0.07       0.44 r
  U5317/ZN (NOR2_X1)                                      0.03       0.48 f
  U5494/ZN (AND2_X2)                                      0.07       0.55 f
  U6165/ZN (INV_X1)                                       0.06       0.60 r
  U7467/ZN (OAI21_X1)                                     0.04       0.64 f
  U5344/ZN (OR4_X2)                                       0.14       0.78 f
  U8979/ZN (NAND2_X1)                                     0.04       0.82 r
  U8982/ZN (NAND3_X1)                                     0.05       0.86 f
  U7880/ZN (INV_X1)                                       0.04       0.90 r
  U6724/ZN (OAI21_X1)                                     0.03       0.92 f
  U8986/ZN (OAI21_X1)                                     0.04       0.97 r
  U8991/ZN (AND4_X1)                                      0.07       1.04 r
  U8995/ZN (OAI211_X1)                                    0.05       1.08 f
  U7441/ZN (OR2_X1)                                       0.07       1.15 f
  U7799/ZN (NOR3_X1)                                      0.05       1.20 r
  U5541/ZN (AND4_X1)                                      0.07       1.27 r
  U9632/ZN (AOI22_X1)                                     0.03       1.31 f
  U5793/ZN (OR2_X1)                                       0.06       1.36 f
  U5736/ZN (AND2_X1)                                      0.04       1.40 f
  U10070/ZN (NAND2_X1)                                    0.03       1.43 r
  U10200/ZN (NAND3_X1)                                    0.05       1.48 f
  U6435/ZN (AND2_X2)                                      0.07       1.54 f
  U10776/ZN (AND2_X1)                                     0.05       1.59 f
  U10777/ZN (INV_X1)                                      0.02       1.61 r
  U10782/ZN (NAND4_X1)                                    0.04       1.65 f
  if_stage_inst/predicted_target_reg/reg_data_reg[11]/D (DFF_X2)
                                                          0.01       1.66 f
  data arrival time                                                  1.66

  clock clk (rise edge)                                   1.20       1.20
  clock network delay (ideal)                             0.00       1.20
  if_stage_inst/predicted_target_reg/reg_data_reg[11]/CK (DFF_X2)
                                                          0.00       1.20 r
  library setup time                                     -0.05       1.15
  data required time                                                 1.15
  --------------------------------------------------------------------------
  data required time                                                 1.15
  data arrival time                                                 -1.66
  --------------------------------------------------------------------------
  slack (VIOLATED)                                                  -0.50


  Startpoint: id_stage_inst/rs2_addr_reg/reg_data_reg[2]
              (rising edge-triggered flip-flop clocked by clk)
  Endpoint: if_stage_inst/predicted_target_reg/reg_data_reg[10]
            (rising edge-triggered flip-flop clocked by clk)
  Path Group: clk
  Path Type: max

  Des/Clust/Port     Wire Load Model       Library
  ------------------------------------------------
  dlx                5K_hvratio_1_1        NangateOpenCellLibrary

  Point                                                   Incr       Path
  --------------------------------------------------------------------------
  clock clk (rise edge)                                   0.00       0.00
  clock network delay (ideal)                             0.00       0.00
  id_stage_inst/rs2_addr_reg/reg_data_reg[2]/CK (DFF_X1)
                                                          0.00       0.00 r
  id_stage_inst/rs2_addr_reg/reg_data_reg[2]/QN (DFF_X1)
                                                          0.07       0.07 r
  U7403/ZN (XNOR2_X1)                                     0.06       0.13 r
  U6709/ZN (AND2_X2)                                      0.05       0.17 r
  U5371/ZN (AND4_X2)                                      0.07       0.24 r
  U8151/ZN (NAND2_X1)                                     0.03       0.27 f
  U6344/ZN (AND3_X2)                                      0.05       0.33 f
  U8174/ZN (NAND2_X1)                                     0.04       0.37 r
  U5171/ZN (AND4_X1)                                      0.07       0.44 r
  U5317/ZN (NOR2_X1)                                      0.03       0.48 f
  U5494/ZN (AND2_X2)                                      0.07       0.55 f
  U6165/ZN (INV_X1)                                       0.06       0.60 r
  U7467/ZN (OAI21_X1)                                     0.04       0.64 f
  U5344/ZN (OR4_X2)                                       0.14       0.78 f
  U8979/ZN (NAND2_X1)                                     0.04       0.82 r
  U8982/ZN (NAND3_X1)                                     0.05       0.86 f
  U7880/ZN (INV_X1)                                       0.04       0.90 r
  U6724/ZN (OAI21_X1)                                     0.03       0.92 f
  U8986/ZN (OAI21_X1)                                     0.04       0.97 r
  U8991/ZN (AND4_X1)                                      0.07       1.04 r
  U8995/ZN (OAI211_X1)                                    0.05       1.08 f
  U7441/ZN (OR2_X1)                                       0.07       1.15 f
  U7799/ZN (NOR3_X1)                                      0.05       1.20 r
  U5541/ZN (AND4_X1)                                      0.07       1.27 r
  U9632/ZN (AOI22_X1)                                     0.03       1.31 f
  U5793/ZN (OR2_X1)                                       0.06       1.36 f
  U5736/ZN (AND2_X1)                                      0.04       1.40 f
  U10070/ZN (NAND2_X1)                                    0.03       1.43 r
  U10200/ZN (NAND3_X1)                                    0.05       1.48 f
  U6435/ZN (AND2_X2)                                      0.07       1.54 f
  U10959/ZN (AND2_X1)                                     0.05       1.59 f
  U10960/ZN (INV_X1)                                      0.02       1.61 r
  U10964/ZN (NAND4_X1)                                    0.04       1.65 f
  if_stage_inst/predicted_target_reg/reg_data_reg[10]/D (DFF_X2)
                                                          0.01       1.66 f
  data arrival time                                                  1.66

  clock clk (rise edge)                                   1.20       1.20
  clock network delay (ideal)                             0.00       1.20
  if_stage_inst/predicted_target_reg/reg_data_reg[10]/CK (DFF_X2)
                                                          0.00       1.20 r
  library setup time                                     -0.05       1.15
  data required time                                                 1.15
  --------------------------------------------------------------------------
  data required time                                                 1.15
  data arrival time                                                 -1.66
  --------------------------------------------------------------------------
  slack (VIOLATED)                                                  -0.50


  Startpoint: id_stage_inst/rs2_addr_reg/reg_data_reg[2]
              (rising edge-triggered flip-flop clocked by clk)
  Endpoint: if_stage_inst/pc_reg_inst/reg_data_reg[14]
            (rising edge-triggered flip-flop clocked by clk)
  Path Group: clk
  Path Type: max

  Des/Clust/Port     Wire Load Model       Library
  ------------------------------------------------
  dlx                5K_hvratio_1_1        NangateOpenCellLibrary

  Point                                                   Incr       Path
  --------------------------------------------------------------------------
  clock clk (rise edge)                                   0.00       0.00
  clock network delay (ideal)                             0.00       0.00
  id_stage_inst/rs2_addr_reg/reg_data_reg[2]/CK (DFF_X1)
                                                          0.00       0.00 r
  id_stage_inst/rs2_addr_reg/reg_data_reg[2]/QN (DFF_X1)
                                                          0.07       0.07 r
  U7403/ZN (XNOR2_X1)                                     0.06       0.13 r
  U6709/ZN (AND2_X2)                                      0.05       0.17 r
  U5371/ZN (AND4_X2)                                      0.07       0.24 r
  U8151/ZN (NAND2_X1)                                     0.03       0.27 f
  U6344/ZN (AND3_X2)                                      0.05       0.33 f
  U8174/ZN (NAND2_X1)                                     0.04       0.37 r
  U5171/ZN (AND4_X1)                                      0.07       0.44 r
  U5317/ZN (NOR2_X1)                                      0.03       0.48 f
  U5494/ZN (AND2_X2)                                      0.07       0.55 f
  U6165/ZN (INV_X1)                                       0.06       0.60 r
  U7467/ZN (OAI21_X1)                                     0.04       0.64 f
  U5344/ZN (OR4_X2)                                       0.14       0.78 f
  U8979/ZN (NAND2_X1)                                     0.04       0.82 r
  U8982/ZN (NAND3_X1)                                     0.05       0.86 f
  U7880/ZN (INV_X1)                                       0.04       0.90 r
  U6724/ZN (OAI21_X1)                                     0.03       0.92 f
  U8986/ZN (OAI21_X1)                                     0.04       0.97 r
  U8991/ZN (AND4_X1)                                      0.07       1.04 r
  U8995/ZN (OAI211_X1)                                    0.05       1.08 f
  U7441/ZN (OR2_X1)                                       0.07       1.15 f
  U7799/ZN (NOR3_X1)                                      0.05       1.20 r
  U5541/ZN (AND4_X1)                                      0.07       1.27 r
  U9632/ZN (AOI22_X1)                                     0.03       1.31 f
  U5793/ZN (OR2_X1)                                       0.06       1.36 f
  U5736/ZN (AND2_X1)                                      0.04       1.40 f
  U10070/ZN (NAND2_X1)                                    0.03       1.43 r
  U10200/ZN (NAND3_X1)                                    0.05       1.48 f
  U6435/ZN (AND2_X2)                                      0.07       1.54 f
  U10716/ZN (AND2_X1)                                     0.05       1.59 f
  U10717/ZN (INV_X1)                                      0.02       1.61 r
  U10723/ZN (NAND4_X1)                                    0.04       1.65 f
  if_stage_inst/pc_reg_inst/reg_data_reg[14]/D (DFF_X2)
                                                          0.01       1.66 f
  data arrival time                                                  1.66

  clock clk (rise edge)                                   1.20       1.20
  clock network delay (ideal)                             0.00       1.20
  if_stage_inst/pc_reg_inst/reg_data_reg[14]/CK (DFF_X2)
                                                          0.00       1.20 r
  library setup time                                     -0.05       1.15
  data required time                                                 1.15
  --------------------------------------------------------------------------
  data required time                                                 1.15
  data arrival time                                                 -1.66
  --------------------------------------------------------------------------
  slack (VIOLATED)                                                  -0.50


  Startpoint: id_stage_inst/rs2_addr_reg/reg_data_reg[2]
              (rising edge-triggered flip-flop clocked by clk)
  Endpoint: if_stage_inst/pc_reg_inst/reg_data_reg[11]
            (rising edge-triggered flip-flop clocked by clk)
  Path Group: clk
  Path Type: max

  Des/Clust/Port     Wire Load Model       Library
  ------------------------------------------------
  dlx                5K_hvratio_1_1        NangateOpenCellLibrary

  Point                                                   Incr       Path
  --------------------------------------------------------------------------
  clock clk (rise edge)                                   0.00       0.00
  clock network delay (ideal)                             0.00       0.00
  id_stage_inst/rs2_addr_reg/reg_data_reg[2]/CK (DFF_X1)
                                                          0.00       0.00 r
  id_stage_inst/rs2_addr_reg/reg_data_reg[2]/QN (DFF_X1)
                                                          0.07       0.07 r
  U7403/ZN (XNOR2_X1)                                     0.06       0.13 r
  U6709/ZN (AND2_X2)                                      0.05       0.17 r
  U5371/ZN (AND4_X2)                                      0.07       0.24 r
  U8151/ZN (NAND2_X1)                                     0.03       0.27 f
  U6344/ZN (AND3_X2)                                      0.05       0.33 f
  U8174/ZN (NAND2_X1)                                     0.04       0.37 r
  U5171/ZN (AND4_X1)                                      0.07       0.44 r
  U5317/ZN (NOR2_X1)                                      0.03       0.48 f
  U5494/ZN (AND2_X2)                                      0.07       0.55 f
  U6165/ZN (INV_X1)                                       0.06       0.60 r
  U7467/ZN (OAI21_X1)                                     0.04       0.64 f
  U5344/ZN (OR4_X2)                                       0.14       0.78 f
  U8979/ZN (NAND2_X1)                                     0.04       0.82 r
  U8982/ZN (NAND3_X1)                                     0.05       0.86 f
  U7880/ZN (INV_X1)                                       0.04       0.90 r
  U6724/ZN (OAI21_X1)                                     0.03       0.92 f
  U8986/ZN (OAI21_X1)                                     0.04       0.97 r
  U8991/ZN (AND4_X1)                                      0.07       1.04 r
  U8995/ZN (OAI211_X1)                                    0.05       1.08 f
  U7441/ZN (OR2_X1)                                       0.07       1.15 f
  U7799/ZN (NOR3_X1)                                      0.05       1.20 r
  U5541/ZN (AND4_X1)                                      0.07       1.27 r
  U9632/ZN (AOI22_X1)                                     0.03       1.31 f
  U5793/ZN (OR2_X1)                                       0.06       1.36 f
  U5736/ZN (AND2_X1)                                      0.04       1.40 f
  U10070/ZN (NAND2_X1)                                    0.03       1.43 r
  U10200/ZN (NAND3_X1)                                    0.05       1.48 f
  U6435/ZN (AND2_X2)                                      0.07       1.54 f
  U10776/ZN (AND2_X1)                                     0.05       1.59 f
  U10777/ZN (INV_X1)                                      0.02       1.61 r
  U10782/ZN (NAND4_X1)                                    0.04       1.65 f
  if_stage_inst/pc_reg_inst/reg_data_reg[11]/D (DFF_X2)
                                                          0.01       1.66 f
  data arrival time                                                  1.66

  clock clk (rise edge)                                   1.20       1.20
  clock network delay (ideal)                             0.00       1.20
  if_stage_inst/pc_reg_inst/reg_data_reg[11]/CK (DFF_X2)
                                                          0.00       1.20 r
  library setup time                                     -0.05       1.15
  data required time                                                 1.15
  --------------------------------------------------------------------------
  data required time                                                 1.15
  data arrival time                                                 -1.66
  --------------------------------------------------------------------------
  slack (VIOLATED)                                                  -0.50


  Startpoint: id_stage_inst/rs2_addr_reg/reg_data_reg[2]
              (rising edge-triggered flip-flop clocked by clk)
  Endpoint: if_stage_inst/pc_reg_inst/reg_data_reg[10]
            (rising edge-triggered flip-flop clocked by clk)
  Path Group: clk
  Path Type: max

  Des/Clust/Port     Wire Load Model       Library
  ------------------------------------------------
  dlx                5K_hvratio_1_1        NangateOpenCellLibrary

  Point                                                   Incr       Path
  --------------------------------------------------------------------------
  clock clk (rise edge)                                   0.00       0.00
  clock network delay (ideal)                             0.00       0.00
  id_stage_inst/rs2_addr_reg/reg_data_reg[2]/CK (DFF_X1)
                                                          0.00       0.00 r
  id_stage_inst/rs2_addr_reg/reg_data_reg[2]/QN (DFF_X1)
                                                          0.07       0.07 r
  U7403/ZN (XNOR2_X1)                                     0.06       0.13 r
  U6709/ZN (AND2_X2)                                      0.05       0.17 r
  U5371/ZN (AND4_X2)                                      0.07       0.24 r
  U8151/ZN (NAND2_X1)                                     0.03       0.27 f
  U6344/ZN (AND3_X2)                                      0.05       0.33 f
  U8174/ZN (NAND2_X1)                                     0.04       0.37 r
  U5171/ZN (AND4_X1)                                      0.07       0.44 r
  U5317/ZN (NOR2_X1)                                      0.03       0.48 f
  U5494/ZN (AND2_X2)                                      0.07       0.55 f
  U6165/ZN (INV_X1)                                       0.06       0.60 r
  U7467/ZN (OAI21_X1)                                     0.04       0.64 f
  U5344/ZN (OR4_X2)                                       0.14       0.78 f
  U8979/ZN (NAND2_X1)                                     0.04       0.82 r
  U8982/ZN (NAND3_X1)                                     0.05       0.86 f
  U7880/ZN (INV_X1)                                       0.04       0.90 r
  U6724/ZN (OAI21_X1)                                     0.03       0.92 f
  U8986/ZN (OAI21_X1)                                     0.04       0.97 r
  U8991/ZN (AND4_X1)                                      0.07       1.04 r
  U8995/ZN (OAI211_X1)                                    0.05       1.08 f
  U7441/ZN (OR2_X1)                                       0.07       1.15 f
  U7799/ZN (NOR3_X1)                                      0.05       1.20 r
  U5541/ZN (AND4_X1)                                      0.07       1.27 r
  U9632/ZN (AOI22_X1)                                     0.03       1.31 f
  U5793/ZN (OR2_X1)                                       0.06       1.36 f
  U5736/ZN (AND2_X1)                                      0.04       1.40 f
  U10070/ZN (NAND2_X1)                                    0.03       1.43 r
  U10200/ZN (NAND3_X1)                                    0.05       1.48 f
  U6435/ZN (AND2_X2)                                      0.07       1.54 f
  U10959/ZN (AND2_X1)                                     0.05       1.59 f
  U10960/ZN (INV_X1)                                      0.02       1.61 r
  U10964/ZN (NAND4_X1)                                    0.04       1.65 f
  if_stage_inst/pc_reg_inst/reg_data_reg[10]/D (DFF_X2)
                                                          0.01       1.66 f
  data arrival time                                                  1.66

  clock clk (rise edge)                                   1.20       1.20
  clock network delay (ideal)                             0.00       1.20
  if_stage_inst/pc_reg_inst/reg_data_reg[10]/CK (DFF_X2)
                                                          0.00       1.20 r
  library setup time                                     -0.05       1.15
  data required time                                                 1.15
  --------------------------------------------------------------------------
  data required time                                                 1.15
  data arrival time                                                 -1.66
  --------------------------------------------------------------------------
  slack (VIOLATED)                                                  -0.50


  Startpoint: id_stage_inst/rs2_addr_reg/reg_data_reg[2]
              (rising edge-triggered flip-flop clocked by clk)
  Endpoint: if_stage_inst/predicted_target_reg/reg_data_reg[26]
            (rising edge-triggered flip-flop clocked by clk)
  Path Group: clk
  Path Type: max

  Des/Clust/Port     Wire Load Model       Library
  ------------------------------------------------
  dlx                5K_hvratio_1_1        NangateOpenCellLibrary

  Point                                                   Incr       Path
  --------------------------------------------------------------------------
  clock clk (rise edge)                                   0.00       0.00
  clock network delay (ideal)                             0.00       0.00
  id_stage_inst/rs2_addr_reg/reg_data_reg[2]/CK (DFF_X1)
                                                          0.00       0.00 r
  id_stage_inst/rs2_addr_reg/reg_data_reg[2]/QN (DFF_X1)
                                                          0.07       0.07 r
  U7403/ZN (XNOR2_X1)                                     0.06       0.13 r
  U6709/ZN (AND2_X2)                                      0.05       0.17 r
  U5371/ZN (AND4_X2)                                      0.07       0.24 r
  U8151/ZN (NAND2_X1)                                     0.03       0.27 f
  U6344/ZN (AND3_X2)                                      0.05       0.33 f
  U8174/ZN (NAND2_X1)                                     0.04       0.37 r
  U5171/ZN (AND4_X1)                                      0.07       0.44 r
  U5317/ZN (NOR2_X1)                                      0.03       0.48 f
  U5494/ZN (AND2_X2)                                      0.07       0.55 f
  U6165/ZN (INV_X1)                                       0.06       0.60 r
  U7467/ZN (OAI21_X1)                                     0.04       0.64 f
  U5344/ZN (OR4_X2)                                       0.14       0.78 f
  U8979/ZN (NAND2_X1)                                     0.04       0.82 r
  U8982/ZN (NAND3_X1)                                     0.05       0.86 f
  U7880/ZN (INV_X1)                                       0.04       0.90 r
  U6724/ZN (OAI21_X1)                                     0.03       0.92 f
  U8986/ZN (OAI21_X1)                                     0.04       0.97 r
  U8991/ZN (AND4_X1)                                      0.07       1.04 r
  U8995/ZN (OAI211_X1)                                    0.05       1.08 f
  U7441/ZN (OR2_X1)                                       0.07       1.15 f
  U7799/ZN (NOR3_X1)                                      0.05       1.20 r
  U5541/ZN (AND4_X1)                                      0.07       1.27 r
  U9632/ZN (AOI22_X1)                                     0.03       1.31 f
  U5793/ZN (OR2_X1)                                       0.06       1.36 f
  U5736/ZN (AND2_X1)                                      0.04       1.40 f
  U10070/ZN (NAND2_X1)                                    0.03       1.43 r
  U10200/ZN (NAND3_X1)                                    0.05       1.48 f
  U6435/ZN (AND2_X2)                                      0.07       1.54 f
  U10615/ZN (AND2_X1)                                     0.05       1.59 f
  U10616/ZN (INV_X1)                                      0.02       1.61 r
  U10619/ZN (NAND4_X1)                                    0.04       1.65 f
  if_stage_inst/predicted_target_reg/reg_data_reg[26]/D (DFF_X2)
                                                          0.01       1.66 f
  data arrival time                                                  1.66

  clock clk (rise edge)                                   1.20       1.20
  clock network delay (ideal)                             0.00       1.20
  if_stage_inst/predicted_target_reg/reg_data_reg[26]/CK (DFF_X2)
                                                          0.00       1.20 r
  library setup time                                     -0.05       1.15
  data required time                                                 1.15
  --------------------------------------------------------------------------
  data required time                                                 1.15
  data arrival time                                                 -1.66
  --------------------------------------------------------------------------
  slack (VIOLATED)                                                  -0.50


  Startpoint: id_stage_inst/rs2_addr_reg/reg_data_reg[2]
              (rising edge-triggered flip-flop clocked by clk)
  Endpoint: if_stage_inst/pc_reg_inst/reg_data_reg[26]
            (rising edge-triggered flip-flop clocked by clk)
  Path Group: clk
  Path Type: max

  Des/Clust/Port     Wire Load Model       Library
  ------------------------------------------------
  dlx                5K_hvratio_1_1        NangateOpenCellLibrary

  Point                                                   Incr       Path
  --------------------------------------------------------------------------
  clock clk (rise edge)                                   0.00       0.00
  clock network delay (ideal)                             0.00       0.00
  id_stage_inst/rs2_addr_reg/reg_data_reg[2]/CK (DFF_X1)
                                                          0.00       0.00 r
  id_stage_inst/rs2_addr_reg/reg_data_reg[2]/QN (DFF_X1)
                                                          0.07       0.07 r
  U7403/ZN (XNOR2_X1)                                     0.06       0.13 r
  U6709/ZN (AND2_X2)                                      0.05       0.17 r
  U5371/ZN (AND4_X2)                                      0.07       0.24 r
  U8151/ZN (NAND2_X1)                                     0.03       0.27 f
  U6344/ZN (AND3_X2)                                      0.05       0.33 f
  U8174/ZN (NAND2_X1)                                     0.04       0.37 r
  U5171/ZN (AND4_X1)                                      0.07       0.44 r
  U5317/ZN (NOR2_X1)                                      0.03       0.48 f
  U5494/ZN (AND2_X2)                                      0.07       0.55 f
  U6165/ZN (INV_X1)                                       0.06       0.60 r
  U7467/ZN (OAI21_X1)                                     0.04       0.64 f
  U5344/ZN (OR4_X2)                                       0.14       0.78 f
  U8979/ZN (NAND2_X1)                                     0.04       0.82 r
  U8982/ZN (NAND3_X1)                                     0.05       0.86 f
  U7880/ZN (INV_X1)                                       0.04       0.90 r
  U6724/ZN (OAI21_X1)                                     0.03       0.92 f
  U8986/ZN (OAI21_X1)                                     0.04       0.97 r
  U8991/ZN (AND4_X1)                                      0.07       1.04 r
  U8995/ZN (OAI211_X1)                                    0.05       1.08 f
  U7441/ZN (OR2_X1)                                       0.07       1.15 f
  U7799/ZN (NOR3_X1)                                      0.05       1.20 r
  U5541/ZN (AND4_X1)                                      0.07       1.27 r
  U9632/ZN (AOI22_X1)                                     0.03       1.31 f
  U5793/ZN (OR2_X1)                                       0.06       1.36 f
  U5736/ZN (AND2_X1)                                      0.04       1.40 f
  U10070/ZN (NAND2_X1)                                    0.03       1.43 r
  U10200/ZN (NAND3_X1)                                    0.05       1.48 f
  U6435/ZN (AND2_X2)                                      0.07       1.54 f
  U10615/ZN (AND2_X1)                                     0.05       1.59 f
  U10616/ZN (INV_X1)                                      0.02       1.61 r
  U10619/ZN (NAND4_X1)                                    0.04       1.65 f
  if_stage_inst/pc_reg_inst/reg_data_reg[26]/D (DFF_X2)
                                                          0.01       1.66 f
  data arrival time                                                  1.66

  clock clk (rise edge)                                   1.20       1.20
  clock network delay (ideal)                             0.00       1.20
  if_stage_inst/pc_reg_inst/reg_data_reg[26]/CK (DFF_X2)
                                                          0.00       1.20 r
  library setup time                                     -0.05       1.15
  data required time                                                 1.15
  --------------------------------------------------------------------------
  data required time                                                 1.15
  data arrival time                                                 -1.66
  --------------------------------------------------------------------------
  slack (VIOLATED)                                                  -0.50


  Startpoint: id_stage_inst/rs2_addr_reg/reg_data_reg[2]
              (rising edge-triggered flip-flop clocked by clk)
  Endpoint: if_stage_inst/predicted_target_reg/reg_data_reg[11]
            (rising edge-triggered flip-flop clocked by clk)
  Path Group: clk
  Path Type: max

  Des/Clust/Port     Wire Load Model       Library
  ------------------------------------------------
  dlx                5K_hvratio_1_1        NangateOpenCellLibrary

  Point                                                   Incr       Path
  --------------------------------------------------------------------------
  clock clk (rise edge)                                   0.00       0.00
  clock network delay (ideal)                             0.00       0.00
  id_stage_inst/rs2_addr_reg/reg_data_reg[2]/CK (DFF_X1)
                                                          0.00       0.00 r
  id_stage_inst/rs2_addr_reg/reg_data_reg[2]/QN (DFF_X1)
                                                          0.07       0.07 r
  U7403/ZN (XNOR2_X1)                                     0.06       0.13 r
  U6709/ZN (AND2_X2)                                      0.05       0.17 r
  U5333/ZN (AND4_X2)                                      0.06       0.24 r
  U8153/ZN (AND3_X2)                                      0.06       0.29 r
  U6427/Z (BUF_X2)                                        0.05       0.34 r
  U8318/ZN (AOI22_X1)                                     0.04       0.38 f
  U5664/ZN (AND3_X1)                                      0.06       0.44 f
  U8401/ZN (XNOR2_X1)                                     0.06       0.50 f
  U8409/ZN (NAND2_X1)                                     0.04       0.54 r
  U8411/ZN (OAI21_X1)                                     0.04       0.57 f
  U7627/ZN (AOI21_X1)                                     0.05       0.63 r
  U7496/ZN (OR2_X1)                                       0.03       0.66 r
  U6353/ZN (OAI211_X1)                                    0.04       0.70 f
  U6352/ZN (INV_X1)                                       0.04       0.74 r
  U5758/ZN (NAND3_X1)                                     0.04       0.78 f
  U5550/ZN (NAND2_X1)                                     0.04       0.81 r
  U6338/ZN (NAND2_X1)                                     0.04       0.85 f
  U8542/ZN (AOI21_X1)                                     0.06       0.91 r
  U7583/ZN (INV_X1)                                       0.03       0.94 f
  U7814/ZN (OAI21_X1)                                     0.05       1.00 r
  U7450/ZN (OR2_X1)                                       0.04       1.04 r
  U5799/ZN (AND3_X1)                                      0.05       1.09 r
  U6377/ZN (OAI211_X1)                                    0.03       1.12 f
  U9612/ZN (INV_X1)                                       0.03       1.15 r
  U5767/ZN (OAI211_X1)                                    0.05       1.20 f
  U9940/ZN (NAND2_X1)                                     0.04       1.23 r
  U7462/ZN (NAND4_X1)                                     0.04       1.27 f
  U7460/ZN (NOR3_X1)                                      0.05       1.33 r
  U6354/ZN (AND4_X1)                                      0.07       1.40 r
  U10591/ZN (NOR2_X1)                                     0.03       1.42 f
  U10592/ZN (NAND2_X1)                                    0.03       1.46 r
  U10593/ZN (OAI211_X1)                                   0.05       1.50 f
  U10594/Z (BUF_X1)                                       0.06       1.56 f
  U10780/ZN (OR2_X1)                                      0.07       1.63 f
  U10782/ZN (NAND4_X1)                                    0.03       1.66 r
  if_stage_inst/predicted_target_reg/reg_data_reg[11]/D (DFF_X2)
                                                          0.01       1.67 r
  data arrival time                                                  1.67

  clock clk (rise edge)                                   1.20       1.20
  clock network delay (ideal)                             0.00       1.20
  if_stage_inst/predicted_target_reg/reg_data_reg[11]/CK (DFF_X2)
                                                          0.00       1.20 r
  library setup time                                     -0.03       1.17
  data required time                                                 1.17
  --------------------------------------------------------------------------
  data required time                                                 1.17
  data arrival time                                                 -1.67
  --------------------------------------------------------------------------
  slack (VIOLATED)                                                  -0.50


  Startpoint: id_stage_inst/rs2_addr_reg/reg_data_reg[2]
              (rising edge-triggered flip-flop clocked by clk)
  Endpoint: if_stage_inst/pc_reg_inst/reg_data_reg[11]
            (rising edge-triggered flip-flop clocked by clk)
  Path Group: clk
  Path Type: max

  Des/Clust/Port     Wire Load Model       Library
  ------------------------------------------------
  dlx                5K_hvratio_1_1        NangateOpenCellLibrary

  Point                                                   Incr       Path
  --------------------------------------------------------------------------
  clock clk (rise edge)                                   0.00       0.00
  clock network delay (ideal)                             0.00       0.00
  id_stage_inst/rs2_addr_reg/reg_data_reg[2]/CK (DFF_X1)
                                                          0.00       0.00 r
  id_stage_inst/rs2_addr_reg/reg_data_reg[2]/QN (DFF_X1)
                                                          0.07       0.07 r
  U7403/ZN (XNOR2_X1)                                     0.06       0.13 r
  U6709/ZN (AND2_X2)                                      0.05       0.17 r
  U5333/ZN (AND4_X2)                                      0.06       0.24 r
  U8153/ZN (AND3_X2)                                      0.06       0.29 r
  U6427/Z (BUF_X2)                                        0.05       0.34 r
  U8318/ZN (AOI22_X1)                                     0.04       0.38 f
  U5664/ZN (AND3_X1)                                      0.06       0.44 f
  U8401/ZN (XNOR2_X1)                                     0.06       0.50 f
  U8409/ZN (NAND2_X1)                                     0.04       0.54 r
  U8411/ZN (OAI21_X1)                                     0.04       0.57 f
  U7627/ZN (AOI21_X1)                                     0.05       0.63 r
  U7496/ZN (OR2_X1)                                       0.03       0.66 r
  U6353/ZN (OAI211_X1)                                    0.04       0.70 f
  U6352/ZN (INV_X1)                                       0.04       0.74 r
  U5758/ZN (NAND3_X1)                                     0.04       0.78 f
  U5550/ZN (NAND2_X1)                                     0.04       0.81 r
  U6338/ZN (NAND2_X1)                                     0.04       0.85 f
  U8542/ZN (AOI21_X1)                                     0.06       0.91 r
  U7583/ZN (INV_X1)                                       0.03       0.94 f
  U7814/ZN (OAI21_X1)                                     0.05       1.00 r
  U7450/ZN (OR2_X1)                                       0.04       1.04 r
  U5799/ZN (AND3_X1)                                      0.05       1.09 r
  U6377/ZN (OAI211_X1)                                    0.03       1.12 f
  U9612/ZN (INV_X1)                                       0.03       1.15 r
  U5767/ZN (OAI211_X1)                                    0.05       1.20 f
  U9940/ZN (NAND2_X1)                                     0.04       1.23 r
  U7462/ZN (NAND4_X1)                                     0.04       1.27 f
  U7460/ZN (NOR3_X1)                                      0.05       1.33 r
  U6354/ZN (AND4_X1)                                      0.07       1.40 r
  U10591/ZN (NOR2_X1)                                     0.03       1.42 f
  U10592/ZN (NAND2_X1)                                    0.03       1.46 r
  U10593/ZN (OAI211_X1)                                   0.05       1.50 f
  U10594/Z (BUF_X1)                                       0.06       1.56 f
  U10780/ZN (OR2_X1)                                      0.07       1.63 f
  U10782/ZN (NAND4_X1)                                    0.03       1.66 r
  if_stage_inst/pc_reg_inst/reg_data_reg[11]/D (DFF_X2)
                                                          0.01       1.67 r
  data arrival time                                                  1.67

  clock clk (rise edge)                                   1.20       1.20
  clock network delay (ideal)                             0.00       1.20
  if_stage_inst/pc_reg_inst/reg_data_reg[11]/CK (DFF_X2)
                                                          0.00       1.20 r
  library setup time                                     -0.03       1.17
  data required time                                                 1.17
  --------------------------------------------------------------------------
  data required time                                                 1.17
  data arrival time                                                 -1.67
  --------------------------------------------------------------------------
  slack (VIOLATED)                                                  -0.50


  Startpoint: id_stage_inst/rs2_addr_reg/reg_data_reg[2]
              (rising edge-triggered flip-flop clocked by clk)
  Endpoint: if_stage_inst/predicted_target_reg/reg_data_reg[10]
            (rising edge-triggered flip-flop clocked by clk)
  Path Group: clk
  Path Type: max

  Des/Clust/Port     Wire Load Model       Library
  ------------------------------------------------
  dlx                5K_hvratio_1_1        NangateOpenCellLibrary

  Point                                                   Incr       Path
  --------------------------------------------------------------------------
  clock clk (rise edge)                                   0.00       0.00
  clock network delay (ideal)                             0.00       0.00
  id_stage_inst/rs2_addr_reg/reg_data_reg[2]/CK (DFF_X1)
                                                          0.00       0.00 r
  id_stage_inst/rs2_addr_reg/reg_data_reg[2]/QN (DFF_X1)
                                                          0.07       0.07 r
  U7403/ZN (XNOR2_X1)                                     0.06       0.13 r
  U6709/ZN (AND2_X2)                                      0.05       0.17 r
  U5333/ZN (AND4_X2)                                      0.06       0.24 r
  U8153/ZN (AND3_X2)                                      0.06       0.29 r
  U6427/Z (BUF_X2)                                        0.05       0.34 r
  U8318/ZN (AOI22_X1)                                     0.04       0.38 f
  U5664/ZN (AND3_X1)                                      0.06       0.44 f
  U8401/ZN (XNOR2_X1)                                     0.06       0.50 f
  U8409/ZN (NAND2_X1)                                     0.04       0.54 r
  U8411/ZN (OAI21_X1)                                     0.04       0.57 f
  U7627/ZN (AOI21_X1)                                     0.05       0.63 r
  U7496/ZN (OR2_X1)                                       0.03       0.66 r
  U6353/ZN (OAI211_X1)                                    0.04       0.70 f
  U6352/ZN (INV_X1)                                       0.04       0.74 r
  U5758/ZN (NAND3_X1)                                     0.04       0.78 f
  U5550/ZN (NAND2_X1)                                     0.04       0.81 r
  U6338/ZN (NAND2_X1)                                     0.04       0.85 f
  U8542/ZN (AOI21_X1)                                     0.06       0.91 r
  U7583/ZN (INV_X1)                                       0.03       0.94 f
  U7814/ZN (OAI21_X1)                                     0.05       1.00 r
  U7450/ZN (OR2_X1)                                       0.04       1.04 r
  U5799/ZN (AND3_X1)                                      0.05       1.09 r
  U6377/ZN (OAI211_X1)                                    0.03       1.12 f
  U9612/ZN (INV_X1)                                       0.03       1.15 r
  U5767/ZN (OAI211_X1)                                    0.05       1.20 f
  U9940/ZN (NAND2_X1)                                     0.04       1.23 r
  U7462/ZN (NAND4_X1)                                     0.04       1.27 f
  U7460/ZN (NOR3_X1)                                      0.05       1.33 r
  U6354/ZN (AND4_X1)                                      0.07       1.40 r
  U10591/ZN (NOR2_X1)                                     0.03       1.42 f
  U10592/ZN (NAND2_X1)                                    0.03       1.46 r
  U10593/ZN (OAI211_X1)                                   0.05       1.50 f
  U10594/Z (BUF_X1)                                       0.06       1.56 f
  U10963/ZN (OR2_X1)                                      0.07       1.63 f
  U10964/ZN (NAND4_X1)                                    0.03       1.66 r
  if_stage_inst/predicted_target_reg/reg_data_reg[10]/D (DFF_X2)
                                                          0.01       1.67 r
  data arrival time                                                  1.67

  clock clk (rise edge)                                   1.20       1.20
  clock network delay (ideal)                             0.00       1.20
  if_stage_inst/predicted_target_reg/reg_data_reg[10]/CK (DFF_X2)
                                                          0.00       1.20 r
  library setup time                                     -0.03       1.17
  data required time                                                 1.17
  --------------------------------------------------------------------------
  data required time                                                 1.17
  data arrival time                                                 -1.67
  --------------------------------------------------------------------------
  slack (VIOLATED)                                                  -0.50


  Startpoint: id_stage_inst/rs2_addr_reg/reg_data_reg[2]
              (rising edge-triggered flip-flop clocked by clk)
  Endpoint: if_stage_inst/pc_reg_inst/reg_data_reg[10]
            (rising edge-triggered flip-flop clocked by clk)
  Path Group: clk
  Path Type: max

  Des/Clust/Port     Wire Load Model       Library
  ------------------------------------------------
  dlx                5K_hvratio_1_1        NangateOpenCellLibrary

  Point                                                   Incr       Path
  --------------------------------------------------------------------------
  clock clk (rise edge)                                   0.00       0.00
  clock network delay (ideal)                             0.00       0.00
  id_stage_inst/rs2_addr_reg/reg_data_reg[2]/CK (DFF_X1)
                                                          0.00       0.00 r
  id_stage_inst/rs2_addr_reg/reg_data_reg[2]/QN (DFF_X1)
                                                          0.07       0.07 r
  U7403/ZN (XNOR2_X1)                                     0.06       0.13 r
  U6709/ZN (AND2_X2)                                      0.05       0.17 r
  U5333/ZN (AND4_X2)                                      0.06       0.24 r
  U8153/ZN (AND3_X2)                                      0.06       0.29 r
  U6427/Z (BUF_X2)                                        0.05       0.34 r
  U8318/ZN (AOI22_X1)                                     0.04       0.38 f
  U5664/ZN (AND3_X1)                                      0.06       0.44 f
  U8401/ZN (XNOR2_X1)                                     0.06       0.50 f
  U8409/ZN (NAND2_X1)                                     0.04       0.54 r
  U8411/ZN (OAI21_X1)                                     0.04       0.57 f
  U7627/ZN (AOI21_X1)                                     0.05       0.63 r
  U7496/ZN (OR2_X1)                                       0.03       0.66 r
  U6353/ZN (OAI211_X1)                                    0.04       0.70 f
  U6352/ZN (INV_X1)                                       0.04       0.74 r
  U5758/ZN (NAND3_X1)                                     0.04       0.78 f
  U5550/ZN (NAND2_X1)                                     0.04       0.81 r
  U6338/ZN (NAND2_X1)                                     0.04       0.85 f
  U8542/ZN (AOI21_X1)                                     0.06       0.91 r
  U7583/ZN (INV_X1)                                       0.03       0.94 f
  U7814/ZN (OAI21_X1)                                     0.05       1.00 r
  U7450/ZN (OR2_X1)                                       0.04       1.04 r
  U5799/ZN (AND3_X1)                                      0.05       1.09 r
  U6377/ZN (OAI211_X1)                                    0.03       1.12 f
  U9612/ZN (INV_X1)                                       0.03       1.15 r
  U5767/ZN (OAI211_X1)                                    0.05       1.20 f
  U9940/ZN (NAND2_X1)                                     0.04       1.23 r
  U7462/ZN (NAND4_X1)                                     0.04       1.27 f
  U7460/ZN (NOR3_X1)                                      0.05       1.33 r
  U6354/ZN (AND4_X1)                                      0.07       1.40 r
  U10591/ZN (NOR2_X1)                                     0.03       1.42 f
  U10592/ZN (NAND2_X1)                                    0.03       1.46 r
  U10593/ZN (OAI211_X1)                                   0.05       1.50 f
  U10594/Z (BUF_X1)                                       0.06       1.56 f
  U10963/ZN (OR2_X1)                                      0.07       1.63 f
  U10964/ZN (NAND4_X1)                                    0.03       1.66 r
  if_stage_inst/pc_reg_inst/reg_data_reg[10]/D (DFF_X2)
                                                          0.01       1.67 r
  data arrival time                                                  1.67

  clock clk (rise edge)                                   1.20       1.20
  clock network delay (ideal)                             0.00       1.20
  if_stage_inst/pc_reg_inst/reg_data_reg[10]/CK (DFF_X2)
                                                          0.00       1.20 r
  library setup time                                     -0.03       1.17
  data required time                                                 1.17
  --------------------------------------------------------------------------
  data required time                                                 1.17
  data arrival time                                                 -1.67
  --------------------------------------------------------------------------
  slack (VIOLATED)                                                  -0.50


  Startpoint: id_stage_inst/rs2_addr_reg/reg_data_reg[2]
              (rising edge-triggered flip-flop clocked by clk)
  Endpoint: if_stage_inst/predicted_target_reg/reg_data_reg[14]
            (rising edge-triggered flip-flop clocked by clk)
  Path Group: clk
  Path Type: max

  Des/Clust/Port     Wire Load Model       Library
  ------------------------------------------------
  dlx                5K_hvratio_1_1        NangateOpenCellLibrary

  Point                                                   Incr       Path
  --------------------------------------------------------------------------
  clock clk (rise edge)                                   0.00       0.00
  clock network delay (ideal)                             0.00       0.00
  id_stage_inst/rs2_addr_reg/reg_data_reg[2]/CK (DFF_X1)
                                                          0.00       0.00 r
  id_stage_inst/rs2_addr_reg/reg_data_reg[2]/QN (DFF_X1)
                                                          0.07       0.07 r
  U7403/ZN (XNOR2_X1)                                     0.06       0.13 r
  U6709/ZN (AND2_X2)                                      0.05       0.17 r
  U5333/ZN (AND4_X2)                                      0.06       0.24 r
  U8153/ZN (AND3_X2)                                      0.06       0.29 r
  U6427/Z (BUF_X2)                                        0.05       0.34 r
  U8318/ZN (AOI22_X1)                                     0.04       0.38 f
  U5664/ZN (AND3_X1)                                      0.06       0.44 f
  U8401/ZN (XNOR2_X1)                                     0.06       0.50 f
  U8409/ZN (NAND2_X1)                                     0.04       0.54 r
  U8411/ZN (OAI21_X1)                                     0.04       0.57 f
  U7627/ZN (AOI21_X1)                                     0.05       0.63 r
  U7496/ZN (OR2_X1)                                       0.03       0.66 r
  U6353/ZN (OAI211_X1)                                    0.04       0.70 f
  U6352/ZN (INV_X1)                                       0.04       0.74 r
  U5758/ZN (NAND3_X1)                                     0.04       0.78 f
  U5550/ZN (NAND2_X1)                                     0.04       0.81 r
  U6338/ZN (NAND2_X1)                                     0.04       0.85 f
  U8542/ZN (AOI21_X1)                                     0.06       0.91 r
  U7583/ZN (INV_X1)                                       0.03       0.94 f
  U7814/ZN (OAI21_X1)                                     0.05       1.00 r
  U7450/ZN (OR2_X1)                                       0.04       1.04 r
  U5799/ZN (AND3_X1)                                      0.05       1.09 r
  U6377/ZN (OAI211_X1)                                    0.03       1.12 f
  U9612/ZN (INV_X1)                                       0.03       1.15 r
  U5767/ZN (OAI211_X1)                                    0.05       1.20 f
  U9940/ZN (NAND2_X1)                                     0.04       1.23 r
  U7462/ZN (NAND4_X1)                                     0.04       1.27 f
  U7460/ZN (NOR3_X1)                                      0.05       1.33 r
  U6354/ZN (AND4_X1)                                      0.07       1.40 r
  U10591/ZN (NOR2_X1)                                     0.03       1.42 f
  U10592/ZN (NAND2_X1)                                    0.03       1.46 r
  U10593/ZN (OAI211_X1)                                   0.05       1.50 f
  U10594/Z (BUF_X1)                                       0.06       1.56 f
  U10722/ZN (OR2_X1)                                      0.07       1.63 f
  U10723/ZN (NAND4_X1)                                    0.03       1.66 r
  if_stage_inst/predicted_target_reg/reg_data_reg[14]/D (DFF_X2)
                                                          0.01       1.67 r
  data arrival time                                                  1.67

  clock clk (rise edge)                                   1.20       1.20
  clock network delay (ideal)                             0.00       1.20
  if_stage_inst/predicted_target_reg/reg_data_reg[14]/CK (DFF_X2)
                                                          0.00       1.20 r
  library setup time                                     -0.03       1.17
  data required time                                                 1.17
  --------------------------------------------------------------------------
  data required time                                                 1.17
  data arrival time                                                 -1.67
  --------------------------------------------------------------------------
  slack (VIOLATED)                                                  -0.50


  Startpoint: id_stage_inst/rs2_addr_reg/reg_data_reg[2]
              (rising edge-triggered flip-flop clocked by clk)
  Endpoint: if_stage_inst/pc_reg_inst/reg_data_reg[14]
            (rising edge-triggered flip-flop clocked by clk)
  Path Group: clk
  Path Type: max

  Des/Clust/Port     Wire Load Model       Library
  ------------------------------------------------
  dlx                5K_hvratio_1_1        NangateOpenCellLibrary

  Point                                                   Incr       Path
  --------------------------------------------------------------------------
  clock clk (rise edge)                                   0.00       0.00
  clock network delay (ideal)                             0.00       0.00
  id_stage_inst/rs2_addr_reg/reg_data_reg[2]/CK (DFF_X1)
                                                          0.00       0.00 r
  id_stage_inst/rs2_addr_reg/reg_data_reg[2]/QN (DFF_X1)
                                                          0.07       0.07 r
  U7403/ZN (XNOR2_X1)                                     0.06       0.13 r
  U6709/ZN (AND2_X2)                                      0.05       0.17 r
  U5333/ZN (AND4_X2)                                      0.06       0.24 r
  U8153/ZN (AND3_X2)                                      0.06       0.29 r
  U6427/Z (BUF_X2)                                        0.05       0.34 r
  U8318/ZN (AOI22_X1)                                     0.04       0.38 f
  U5664/ZN (AND3_X1)                                      0.06       0.44 f
  U8401/ZN (XNOR2_X1)                                     0.06       0.50 f
  U8409/ZN (NAND2_X1)                                     0.04       0.54 r
  U8411/ZN (OAI21_X1)                                     0.04       0.57 f
  U7627/ZN (AOI21_X1)                                     0.05       0.63 r
  U7496/ZN (OR2_X1)                                       0.03       0.66 r
  U6353/ZN (OAI211_X1)                                    0.04       0.70 f
  U6352/ZN (INV_X1)                                       0.04       0.74 r
  U5758/ZN (NAND3_X1)                                     0.04       0.78 f
  U5550/ZN (NAND2_X1)                                     0.04       0.81 r
  U6338/ZN (NAND2_X1)                                     0.04       0.85 f
  U8542/ZN (AOI21_X1)                                     0.06       0.91 r
  U7583/ZN (INV_X1)                                       0.03       0.94 f
  U7814/ZN (OAI21_X1)                                     0.05       1.00 r
  U7450/ZN (OR2_X1)                                       0.04       1.04 r
  U5799/ZN (AND3_X1)                                      0.05       1.09 r
  U6377/ZN (OAI211_X1)                                    0.03       1.12 f
  U9612/ZN (INV_X1)                                       0.03       1.15 r
  U5767/ZN (OAI211_X1)                                    0.05       1.20 f
  U9940/ZN (NAND2_X1)                                     0.04       1.23 r
  U7462/ZN (NAND4_X1)                                     0.04       1.27 f
  U7460/ZN (NOR3_X1)                                      0.05       1.33 r
  U6354/ZN (AND4_X1)                                      0.07       1.40 r
  U10591/ZN (NOR2_X1)                                     0.03       1.42 f
  U10592/ZN (NAND2_X1)                                    0.03       1.46 r
  U10593/ZN (OAI211_X1)                                   0.05       1.50 f
  U10594/Z (BUF_X1)                                       0.06       1.56 f
  U10722/ZN (OR2_X1)                                      0.07       1.63 f
  U10723/ZN (NAND4_X1)                                    0.03       1.66 r
  if_stage_inst/pc_reg_inst/reg_data_reg[14]/D (DFF_X2)
                                                          0.01       1.67 r
  data arrival time                                                  1.67

  clock clk (rise edge)                                   1.20       1.20
  clock network delay (ideal)                             0.00       1.20
  if_stage_inst/pc_reg_inst/reg_data_reg[14]/CK (DFF_X2)
                                                          0.00       1.20 r
  library setup time                                     -0.03       1.17
  data required time                                                 1.17
  --------------------------------------------------------------------------
  data required time                                                 1.17
  data arrival time                                                 -1.67
  --------------------------------------------------------------------------
  slack (VIOLATED)                                                  -0.50


  Startpoint: id_stage_inst/rs2_addr_reg/reg_data_reg[2]
              (rising edge-triggered flip-flop clocked by clk)
  Endpoint: if_stage_inst/pc_reg_inst/reg_data_reg[19]
            (rising edge-triggered flip-flop clocked by clk)
  Path Group: clk
  Path Type: max

  Des/Clust/Port     Wire Load Model       Library
  ------------------------------------------------
  dlx                5K_hvratio_1_1        NangateOpenCellLibrary

  Point                                                   Incr       Path
  --------------------------------------------------------------------------
  clock clk (rise edge)                                   0.00       0.00
  clock network delay (ideal)                             0.00       0.00
  id_stage_inst/rs2_addr_reg/reg_data_reg[2]/CK (DFF_X1)
                                                          0.00       0.00 r
  id_stage_inst/rs2_addr_reg/reg_data_reg[2]/QN (DFF_X1)
                                                          0.07       0.07 r
  U7403/ZN (XNOR2_X1)                                     0.06       0.13 r
  U6709/ZN (AND2_X2)                                      0.05       0.17 r
  U5333/ZN (AND4_X2)                                      0.06       0.24 r
  U8153/ZN (AND3_X2)                                      0.06       0.29 r
  U6427/Z (BUF_X2)                                        0.05       0.34 r
  U8318/ZN (AOI22_X1)                                     0.04       0.38 f
  U5664/ZN (AND3_X1)                                      0.06       0.44 f
  U8401/ZN (XNOR2_X1)                                     0.06       0.50 f
  U8409/ZN (NAND2_X1)                                     0.04       0.54 r
  U8411/ZN (OAI21_X1)                                     0.04       0.57 f
  U7627/ZN (AOI21_X1)                                     0.05       0.63 r
  U7496/ZN (OR2_X1)                                       0.03       0.66 r
  U6353/ZN (OAI211_X1)                                    0.04       0.70 f
  U6352/ZN (INV_X1)                                       0.04       0.74 r
  U5758/ZN (NAND3_X1)                                     0.04       0.78 f
  U5550/ZN (NAND2_X1)                                     0.04       0.81 r
  U6338/ZN (NAND2_X1)                                     0.04       0.85 f
  U8542/ZN (AOI21_X1)                                     0.06       0.91 r
  U7583/ZN (INV_X1)                                       0.03       0.94 f
  U7814/ZN (OAI21_X1)                                     0.05       1.00 r
  U7450/ZN (OR2_X1)                                       0.04       1.04 r
  U5799/ZN (AND3_X1)                                      0.05       1.09 r
  U6377/ZN (OAI211_X1)                                    0.03       1.12 f
  U9612/ZN (INV_X1)                                       0.03       1.15 r
  U5767/ZN (OAI211_X1)                                    0.05       1.20 f
  U9940/ZN (NAND2_X1)                                     0.04       1.23 r
  U7462/ZN (NAND4_X1)                                     0.04       1.27 f
  U7460/ZN (NOR3_X1)                                      0.05       1.33 r
  U6354/ZN (AND4_X1)                                      0.07       1.40 r
  U10591/ZN (NOR2_X1)                                     0.03       1.42 f
  U10592/ZN (NAND2_X1)                                    0.03       1.46 r
  U10593/ZN (OAI211_X1)                                   0.05       1.50 f
  U10594/Z (BUF_X1)                                       0.06       1.56 f
  U10638/ZN (OR2_X1)                                      0.07       1.63 f
  U10639/ZN (NAND4_X1)                                    0.03       1.66 r
  if_stage_inst/pc_reg_inst/reg_data_reg[19]/D (DFF_X2)
                                                          0.01       1.67 r
  data arrival time                                                  1.67

  clock clk (rise edge)                                   1.20       1.20
  clock network delay (ideal)                             0.00       1.20
  if_stage_inst/pc_reg_inst/reg_data_reg[19]/CK (DFF_X2)
                                                          0.00       1.20 r
  library setup time                                     -0.03       1.17
  data required time                                                 1.17
  --------------------------------------------------------------------------
  data required time                                                 1.17
  data arrival time                                                 -1.67
  --------------------------------------------------------------------------
  slack (VIOLATED)                                                  -0.50


  Startpoint: id_stage_inst/rs2_addr_reg/reg_data_reg[2]
              (rising edge-triggered flip-flop clocked by clk)
  Endpoint: if_stage_inst/pc_reg_inst/reg_data_reg[26]
            (rising edge-triggered flip-flop clocked by clk)
  Path Group: clk
  Path Type: max

  Des/Clust/Port     Wire Load Model       Library
  ------------------------------------------------
  dlx                5K_hvratio_1_1        NangateOpenCellLibrary

  Point                                                   Incr       Path
  --------------------------------------------------------------------------
  clock clk (rise edge)                                   0.00       0.00
  clock network delay (ideal)                             0.00       0.00
  id_stage_inst/rs2_addr_reg/reg_data_reg[2]/CK (DFF_X1)
                                                          0.00       0.00 r
  id_stage_inst/rs2_addr_reg/reg_data_reg[2]/QN (DFF_X1)
                                                          0.07       0.07 r
  U7403/ZN (XNOR2_X1)                                     0.06       0.13 r
  U6709/ZN (AND2_X2)                                      0.05       0.17 r
  U5333/ZN (AND4_X2)                                      0.06       0.24 r
  U8153/ZN (AND3_X2)                                      0.06       0.29 r
  U6427/Z (BUF_X2)                                        0.05       0.34 r
  U8318/ZN (AOI22_X1)                                     0.04       0.38 f
  U5664/ZN (AND3_X1)                                      0.06       0.44 f
  U8401/ZN (XNOR2_X1)                                     0.06       0.50 f
  U8409/ZN (NAND2_X1)                                     0.04       0.54 r
  U8411/ZN (OAI21_X1)                                     0.04       0.57 f
  U7627/ZN (AOI21_X1)                                     0.05       0.63 r
  U7496/ZN (OR2_X1)                                       0.03       0.66 r
  U6353/ZN (OAI211_X1)                                    0.04       0.70 f
  U6352/ZN (INV_X1)                                       0.04       0.74 r
  U5758/ZN (NAND3_X1)                                     0.04       0.78 f
  U5550/ZN (NAND2_X1)                                     0.04       0.81 r
  U6338/ZN (NAND2_X1)                                     0.04       0.85 f
  U8542/ZN (AOI21_X1)                                     0.06       0.91 r
  U7583/ZN (INV_X1)                                       0.03       0.94 f
  U7814/ZN (OAI21_X1)                                     0.05       1.00 r
  U7450/ZN (OR2_X1)                                       0.04       1.04 r
  U5799/ZN (AND3_X1)                                      0.05       1.09 r
  U6377/ZN (OAI211_X1)                                    0.03       1.12 f
  U9612/ZN (INV_X1)                                       0.03       1.15 r
  U5767/ZN (OAI211_X1)                                    0.05       1.20 f
  U9940/ZN (NAND2_X1)                                     0.04       1.23 r
  U7462/ZN (NAND4_X1)                                     0.04       1.27 f
  U7460/ZN (NOR3_X1)                                      0.05       1.33 r
  U6354/ZN (AND4_X1)                                      0.07       1.40 r
  U10591/ZN (NOR2_X1)                                     0.03       1.42 f
  U10592/ZN (NAND2_X1)                                    0.03       1.46 r
  U10593/ZN (OAI211_X1)                                   0.05       1.50 f
  U10594/Z (BUF_X1)                                       0.06       1.56 f
  U10618/ZN (OR2_X1)                                      0.07       1.63 f
  U10619/ZN (NAND4_X1)                                    0.03       1.66 r
  if_stage_inst/pc_reg_inst/reg_data_reg[26]/D (DFF_X2)
                                                          0.01       1.67 r
  data arrival time                                                  1.67

  clock clk (rise edge)                                   1.20       1.20
  clock network delay (ideal)                             0.00       1.20
  if_stage_inst/pc_reg_inst/reg_data_reg[26]/CK (DFF_X2)
                                                          0.00       1.20 r
  library setup time                                     -0.03       1.17
  data required time                                                 1.17
  --------------------------------------------------------------------------
  data required time                                                 1.17
  data arrival time                                                 -1.67
  --------------------------------------------------------------------------
  slack (VIOLATED)                                                  -0.50


1
