Information: Updating design information... (UID-85)
 
****************************************
Report : qor
Design : dlx
Version: W-2024.09-SP2
Date   : Wed Sep 16 05:35:38 2026
****************************************


  Timing Path Group 'clk'
  -----------------------------------
  Levels of Logic:              35.00
  Critical Path Length:          1.77
  Critical Path Slack:          -0.61
  Critical Path Clk Period:      1.20
  Total Negative Slack:       -502.53
  No. of Violating Paths:     1301.00
  Worst Hold Violation:          0.00
  Total Hold Violation:          0.00
  No. of Hold Violations:        0.00
  -----------------------------------


  Cell Count
  -----------------------------------
  Hierarchical Cell Count:         54
  Hierarchical Port Count:        572
  Leaf Cell Count:              13125
  Buf/Inv Cell Count:            1168
  Buf Cell Count:                 179
  Inv Cell Count:                 989
  CT Buf/Inv Cell Count:            0
  Combinational Cell Count:     10470
  Sequential Cell Count:         2655
  Macro Count:                      0
  -----------------------------------


  Area
  -----------------------------------
  Combinational Area:    12164.978052
  Noncombinational Area: 12043.415586
  Buf/Inv Area:            694.526003
  Total Buffer Area:           156.41
  Total Inverter Area:         538.12
  Macro/Black Box Area:      0.000000
  Net Area:                  0.000000
  -----------------------------------
  Cell Area:             24208.393638
  Design Area:           24208.393638


  Design Rules
  -----------------------------------
  Total Number of Nets:         13452
  Nets With Violations:             0
  Max Trans Violations:             0
  Max Cap Violations:               0
  -----------------------------------


  Hostname: microsys.openstack.polito

  Compile CPU Statistics
  -----------------------------------------
  Resource Sharing:                    0.01
  Logic Optimization:                  0.39
  Mapping Optimization:               15.69
  -----------------------------------------
  Overall Compile Time:               28.73
  Overall Compile Wall Clock Time:    29.23

  --------------------------------------------------------------------

  Design  WNS: 0.61  TNS: 502.53  Number of Violating Paths: 1301


  Design (Hold)  WNS: 0.00  TNS: 0.00  Number of Violating Paths: 0

  --------------------------------------------------------------------


1
