 
****************************************
Report : reference
Design : dlx
Version: W-2024.09-SP2
Date   : Wed Sep 16 05:35:39 2026
****************************************

Attributes:
    b - black box (unknown)
   bo - allows boundary optimization
    d - dont_touch
   mo - map_only
    h - hierarchical
    n - noncombinational
    r - removable
    s - synthetic operator
    u - contains unmapped logic

Reference          Library       Unit Area   Count    Total Area   Attributes
-----------------------------------------------------------------------------
AND2_X1            NangateOpenCellLibrary
                                  1.064000    1062   1129.968011  
AND2_X2            NangateOpenCellLibrary
                                  1.330000      37     49.210002  
AND2_X4            NangateOpenCellLibrary
                                  2.394000       4      9.576000  
AND3_X1            NangateOpenCellLibrary
                                  1.330000      96    127.680004  
AND3_X2            NangateOpenCellLibrary
                                  1.596000      16     25.535999  
AND3_X4            NangateOpenCellLibrary
                                  2.926000       2      5.852000  
AND4_X1            NangateOpenCellLibrary
                                  1.596000     200    319.199991  
AND4_X2            NangateOpenCellLibrary
                                  1.862000      24     44.688000  
AOI21_X1           NangateOpenCellLibrary
                                  1.064000     102    108.528001  
AOI21_X2           NangateOpenCellLibrary
                                  1.862000       1      1.862000  
AOI22_X1           NangateOpenCellLibrary
                                  1.330000     743    988.190032  
AOI211_X1          NangateOpenCellLibrary
                                  1.330000       6      7.980000  
BUF_X1             NangateOpenCellLibrary
                                  0.798000      35     27.929999  
BUF_X2             NangateOpenCellLibrary
                                  1.064000      35     37.240000  
CLKBUF_X1          NangateOpenCellLibrary
                                  0.798000      42     33.515999  
CLKBUF_X2          NangateOpenCellLibrary
                                  1.064000      10     10.640000  
CLKBUF_X3          NangateOpenCellLibrary
                                  1.330000       3      3.990000  
DFFRS_X1           NangateOpenCellLibrary
                                  6.384000       1      6.384000  n
DFF_X1             NangateOpenCellLibrary
                                  4.522000    1495   6760.389755  n
DFF_X2             NangateOpenCellLibrary
                                  5.054000      66    333.563993  n
FA_X1              NangateOpenCellLibrary
                                  4.256000     208    885.248009  r
HA_X1              NangateOpenCellLibrary
                                  2.660000      12     31.920001  r
INV_X1             NangateOpenCellLibrary
                                  0.532000     897    477.204005  
INV_X2             NangateOpenCellLibrary
                                  0.798000      23     18.353999  
INV_X4             NangateOpenCellLibrary
                                  1.330000       6      7.980000  
MUX2_X1            NangateOpenCellLibrary
                                  1.862000     164    305.367998  
MUX2_X2            NangateOpenCellLibrary
                                  2.394000       4      9.576000  
NAND2_X1           NangateOpenCellLibrary
                                  0.798000    1703   1358.993963  
NAND2_X2           NangateOpenCellLibrary
                                  1.330000       3      3.990000  
NAND3_X1           NangateOpenCellLibrary
                                  1.064000      51     54.264001  
NAND3_X2           NangateOpenCellLibrary
                                  1.862000       1      1.862000  
NAND4_X1           NangateOpenCellLibrary
                                  1.330000     223    296.590010  
NAND4_X2           NangateOpenCellLibrary
                                  2.394000       1      2.394000  
NOR2_X1            NangateOpenCellLibrary
                                  0.798000     388    309.623991  
NOR2_X2            NangateOpenCellLibrary
                                  1.330000       8     10.640000  
NOR3_X1            NangateOpenCellLibrary
                                  1.064000      29     30.856000  
NOR4_X1            NangateOpenCellLibrary
                                  1.330000      16     21.280001  
OAI21_X1           NangateOpenCellLibrary
                                  1.064000     249    264.936003  
OAI21_X2           NangateOpenCellLibrary
                                  1.862000       3      5.586000  
OAI22_X1           NangateOpenCellLibrary
                                  1.330000     139    184.870006  
OAI211_X1          NangateOpenCellLibrary
                                  1.330000     117    155.610005  
OAI222_X1          NangateOpenCellLibrary
                                  2.128000       7     14.896000  
OR2_X1             NangateOpenCellLibrary
                                  1.064000     926    985.264010  
OR2_X2             NangateOpenCellLibrary
                                  1.330000       8     10.640000  
OR3_X1             NangateOpenCellLibrary
                                  1.330000      76    101.080003  
OR3_X2             NangateOpenCellLibrary
                                  1.596000       6      9.576000  
OR3_X4             NangateOpenCellLibrary
                                  2.926000       3      8.778000  
OR4_X1             NangateOpenCellLibrary
                                  1.596000       4      6.384000  
OR4_X2             NangateOpenCellLibrary
                                  1.862000       4      7.448000  
SDFFRS_X2          NangateOpenCellLibrary
                                  8.246000       1      8.246000  n
SDFF_X1            NangateOpenCellLibrary
                                  6.118000      16     97.888000  n
SNPS_CLOCK_GATE_HIGH_BTB_if_1_0
                                  3.724000       1      3.724000  h, n
SNPS_CLOCK_GATE_HIGH_BTB_if_1_1
                                  3.724000       1      3.724000  h, n
SNPS_CLOCK_GATE_HIGH_BTB_if_1_2
                                  3.724000       1      3.724000  h, n
SNPS_CLOCK_GATE_HIGH_BTB_if_1_3
                                  3.724000       1      3.724000  h, n
SNPS_CLOCK_GATE_HIGH_BTB_if_1_4
                                  3.724000       1      3.724000  h, n
SNPS_CLOCK_GATE_HIGH_BTB_if_1_5
                                  3.724000       1      3.724000  h, n
SNPS_CLOCK_GATE_HIGH_BTB_if_1_6
                                  3.724000       1      3.724000  h, n
SNPS_CLOCK_GATE_HIGH_BTB_if_1_7
                                  3.724000       1      3.724000  h, n
SNPS_CLOCK_GATE_HIGH_BTB_if_1_8
                                  3.724000       1      3.724000  h, n
SNPS_CLOCK_GATE_HIGH_BTB_if_1_9
                                  3.724000       1      3.724000  h, n
SNPS_CLOCK_GATE_HIGH_BTB_if_1_10
                                  3.724000       1      3.724000  h, n
SNPS_CLOCK_GATE_HIGH_BTB_if_1_11
                                  3.724000       1      3.724000  h, n
SNPS_CLOCK_GATE_HIGH_BTB_if_1_12
                                  3.724000       1      3.724000  h, n
SNPS_CLOCK_GATE_HIGH_BTB_if_1_13
                                  3.724000       1      3.724000  h, n
SNPS_CLOCK_GATE_HIGH_BTB_if_1_14
                                  3.724000       1      3.724000  h, n
SNPS_CLOCK_GATE_HIGH_BTB_if_1_15
                                  3.724000       1      3.724000  h, n
SNPS_CLOCK_GATE_HIGH_dadda_tree_1
                                  3.724000       1      3.724000  h, n
SNPS_CLOCK_GATE_HIGH_gen_register_DATA_WIDTH32_12_1
                                  3.724000       1      3.724000  h, n
SNPS_CLOCK_GATE_HIGH_gen_register_DATA_WIDTH32_12_5
                                  3.724000       1      3.724000  h, n
SNPS_CLOCK_GATE_HIGH_gen_register_DATA_WIDTH32_12_9
                                  3.724000       1      3.724000  h, n
XNOR2_X1           NangateOpenCellLibrary
                                  1.596000     717   1144.331969  
XNOR2_X2           NangateOpenCellLibrary
                                  2.660000       4     10.640000  
XOR2_X1            NangateOpenCellLibrary
                                  1.596000     101    161.195996  
XOR2_X2            NangateOpenCellLibrary
                                  2.394000       4      9.576000  
mem_if_1                         75.012001       1     75.012001  h, n
reg_file_id_1                  7013.887877       1   7013.887877  h, n
-----------------------------------------------------------------------------
Total 77 references                                 24208.393638

****************************************
Design: SNPS_CLOCK_GATE_HIGH_BTB_if_1_0 
****************************************
Reference          Library       Unit Area   Count    Total Area   Attributes
-----------------------------------------------------------------------------
AND2_X1            NangateOpenCellLibrary
                                  1.064000       1      1.064000  
DLL_X1             NangateOpenCellLibrary
                                  2.660000       1      2.660000  n
-----------------------------------------------------------------------------
Total 2 references                                      3.724000

****************************************
Design: SNPS_CLOCK_GATE_HIGH_BTB_if_1_1 
****************************************
Reference          Library       Unit Area   Count    Total Area   Attributes
-----------------------------------------------------------------------------
AND2_X1            NangateOpenCellLibrary
                                  1.064000       1      1.064000  
DLL_X1             NangateOpenCellLibrary
                                  2.660000       1      2.660000  n
-----------------------------------------------------------------------------
Total 2 references                                      3.724000

****************************************
Design: SNPS_CLOCK_GATE_HIGH_BTB_if_1_2 
****************************************
Reference          Library       Unit Area   Count    Total Area   Attributes
-----------------------------------------------------------------------------
AND2_X1            NangateOpenCellLibrary
                                  1.064000       1      1.064000  
DLL_X1             NangateOpenCellLibrary
                                  2.660000       1      2.660000  n
-----------------------------------------------------------------------------
Total 2 references                                      3.724000

****************************************
Design: SNPS_CLOCK_GATE_HIGH_BTB_if_1_3 
****************************************
Reference          Library       Unit Area   Count    Total Area   Attributes
-----------------------------------------------------------------------------
AND2_X1            NangateOpenCellLibrary
                                  1.064000       1      1.064000  
DLL_X1             NangateOpenCellLibrary
                                  2.660000       1      2.660000  n
-----------------------------------------------------------------------------
Total 2 references                                      3.724000

****************************************
Design: SNPS_CLOCK_GATE_HIGH_BTB_if_1_4 
****************************************
Reference          Library       Unit Area   Count    Total Area   Attributes
-----------------------------------------------------------------------------
AND2_X1            NangateOpenCellLibrary
                                  1.064000       1      1.064000  
DLL_X1             NangateOpenCellLibrary
                                  2.660000       1      2.660000  n
-----------------------------------------------------------------------------
Total 2 references                                      3.724000

****************************************
Design: SNPS_CLOCK_GATE_HIGH_BTB_if_1_5 
****************************************
Reference          Library       Unit Area   Count    Total Area   Attributes
-----------------------------------------------------------------------------
AND2_X1            NangateOpenCellLibrary
                                  1.064000       1      1.064000  
DLL_X1             NangateOpenCellLibrary
                                  2.660000       1      2.660000  n
-----------------------------------------------------------------------------
Total 2 references                                      3.724000

****************************************
Design: SNPS_CLOCK_GATE_HIGH_BTB_if_1_6 
****************************************
Reference          Library       Unit Area   Count    Total Area   Attributes
-----------------------------------------------------------------------------
AND2_X1            NangateOpenCellLibrary
                                  1.064000       1      1.064000  
DLL_X1             NangateOpenCellLibrary
                                  2.660000       1      2.660000  n
-----------------------------------------------------------------------------
Total 2 references                                      3.724000

****************************************
Design: SNPS_CLOCK_GATE_HIGH_BTB_if_1_7 
****************************************
Reference          Library       Unit Area   Count    Total Area   Attributes
-----------------------------------------------------------------------------
AND2_X1            NangateOpenCellLibrary
                                  1.064000       1      1.064000  
DLL_X1             NangateOpenCellLibrary
                                  2.660000       1      2.660000  n
-----------------------------------------------------------------------------
Total 2 references                                      3.724000

****************************************
Design: SNPS_CLOCK_GATE_HIGH_BTB_if_1_8 
****************************************
Reference          Library       Unit Area   Count    Total Area   Attributes
-----------------------------------------------------------------------------
AND2_X1            NangateOpenCellLibrary
                                  1.064000       1      1.064000  
DLL_X1             NangateOpenCellLibrary
                                  2.660000       1      2.660000  n
-----------------------------------------------------------------------------
Total 2 references                                      3.724000

****************************************
Design: SNPS_CLOCK_GATE_HIGH_BTB_if_1_9 
****************************************
Reference          Library       Unit Area   Count    Total Area   Attributes
-----------------------------------------------------------------------------
AND2_X1            NangateOpenCellLibrary
                                  1.064000       1      1.064000  
DLL_X1             NangateOpenCellLibrary
                                  2.660000       1      2.660000  n
-----------------------------------------------------------------------------
Total 2 references                                      3.724000

****************************************
Design: SNPS_CLOCK_GATE_HIGH_BTB_if_1_10 
****************************************
Reference          Library       Unit Area   Count    Total Area   Attributes
-----------------------------------------------------------------------------
AND2_X1            NangateOpenCellLibrary
                                  1.064000       1      1.064000  
DLL_X1             NangateOpenCellLibrary
                                  2.660000       1      2.660000  n
-----------------------------------------------------------------------------
Total 2 references                                      3.724000

****************************************
Design: SNPS_CLOCK_GATE_HIGH_BTB_if_1_11 
****************************************
Reference          Library       Unit Area   Count    Total Area   Attributes
-----------------------------------------------------------------------------
AND2_X1            NangateOpenCellLibrary
                                  1.064000       1      1.064000  
DLL_X1             NangateOpenCellLibrary
                                  2.660000       1      2.660000  n
-----------------------------------------------------------------------------
Total 2 references                                      3.724000

****************************************
Design: SNPS_CLOCK_GATE_HIGH_BTB_if_1_12 
****************************************
Reference          Library       Unit Area   Count    Total Area   Attributes
-----------------------------------------------------------------------------
AND2_X1            NangateOpenCellLibrary
                                  1.064000       1      1.064000  
DLL_X1             NangateOpenCellLibrary
                                  2.660000       1      2.660000  n
-----------------------------------------------------------------------------
Total 2 references                                      3.724000

****************************************
Design: SNPS_CLOCK_GATE_HIGH_BTB_if_1_13 
****************************************
Reference          Library       Unit Area   Count    Total Area   Attributes
-----------------------------------------------------------------------------
AND2_X1            NangateOpenCellLibrary
                                  1.064000       1      1.064000  
DLL_X1             NangateOpenCellLibrary
                                  2.660000       1      2.660000  n
-----------------------------------------------------------------------------
Total 2 references                                      3.724000

****************************************
Design: SNPS_CLOCK_GATE_HIGH_BTB_if_1_14 
****************************************
Reference          Library       Unit Area   Count    Total Area   Attributes
-----------------------------------------------------------------------------
AND2_X1            NangateOpenCellLibrary
                                  1.064000       1      1.064000  
DLL_X1             NangateOpenCellLibrary
                                  2.660000       1      2.660000  n
-----------------------------------------------------------------------------
Total 2 references                                      3.724000

****************************************
Design: SNPS_CLOCK_GATE_HIGH_BTB_if_1_15 
****************************************
Reference          Library       Unit Area   Count    Total Area   Attributes
-----------------------------------------------------------------------------
AND2_X1            NangateOpenCellLibrary
                                  1.064000       1      1.064000  
DLL_X1             NangateOpenCellLibrary
                                  2.660000       1      2.660000  n
-----------------------------------------------------------------------------
Total 2 references                                      3.724000

****************************************
Design: SNPS_CLOCK_GATE_HIGH_dadda_tree_1 
****************************************
Reference          Library       Unit Area   Count    Total Area   Attributes
-----------------------------------------------------------------------------
AND2_X1            NangateOpenCellLibrary
                                  1.064000       1      1.064000  
DLL_X1             NangateOpenCellLibrary
                                  2.660000       1      2.660000  n
-----------------------------------------------------------------------------
Total 2 references                                      3.724000

****************************************
Design: SNPS_CLOCK_GATE_HIGH_gen_register_DATA_WIDTH32_12_1 
****************************************
Reference          Library       Unit Area   Count    Total Area   Attributes
-----------------------------------------------------------------------------
AND2_X1            NangateOpenCellLibrary
                                  1.064000       1      1.064000  
DLL_X1             NangateOpenCellLibrary
                                  2.660000       1      2.660000  n
-----------------------------------------------------------------------------
Total 2 references                                      3.724000

****************************************
Design: SNPS_CLOCK_GATE_HIGH_gen_register_DATA_WIDTH32_12_5 
****************************************
Reference          Library       Unit Area   Count    Total Area   Attributes
-----------------------------------------------------------------------------
AND2_X1            NangateOpenCellLibrary
                                  1.064000       1      1.064000  
DLL_X1             NangateOpenCellLibrary
                                  2.660000       1      2.660000  n
-----------------------------------------------------------------------------
Total 2 references                                      3.724000

****************************************
Design: SNPS_CLOCK_GATE_HIGH_gen_register_DATA_WIDTH32_12_9 
****************************************
Reference          Library       Unit Area   Count    Total Area   Attributes
-----------------------------------------------------------------------------
AND2_X1            NangateOpenCellLibrary
                                  1.064000       1      1.064000  
DLL_X1             NangateOpenCellLibrary
                                  2.660000       1      2.660000  n
-----------------------------------------------------------------------------
Total 2 references                                      3.724000

****************************************
Design: mem_if_1 
****************************************
Reference          Library       Unit Area   Count    Total Area   Attributes
-----------------------------------------------------------------------------
INV_X1             NangateOpenCellLibrary
                                  0.532000       3      1.596000  
NAND2_X2           NangateOpenCellLibrary
                                  1.330000       1      1.330000  
NOR2_X1            NangateOpenCellLibrary
                                  0.798000       5      3.990000  
TBUF_X1            NangateOpenCellLibrary
                                  2.128000      32     68.096001  n
-----------------------------------------------------------------------------
Total 4 references                                     75.012001

****************************************
Design: reg_file_id_1 
****************************************
Reference          Library       Unit Area   Count    Total Area   Attributes
-----------------------------------------------------------------------------
AND2_X1            NangateOpenCellLibrary
                                  1.064000      71     75.544001  
AND2_X2            NangateOpenCellLibrary
                                  1.330000      11     14.630000  
AND3_X1            NangateOpenCellLibrary
                                  1.330000      33     43.890001  
AND4_X1            NangateOpenCellLibrary
                                  1.596000     128    204.287994  
AOI21_X1           NangateOpenCellLibrary
                                  1.064000       1      1.064000  
AOI22_X1           NangateOpenCellLibrary
                                  1.330000     992   1319.360043  
BUF_X1             NangateOpenCellLibrary
                                  0.798000      45     35.909999  
CLKBUF_X1          NangateOpenCellLibrary
                                  0.798000       9      7.182000  
DFF_X1             NangateOpenCellLibrary
                                  4.522000    1024   4630.527832  n
INV_X1             NangateOpenCellLibrary
                                  0.532000      58     30.856000  
INV_X2             NangateOpenCellLibrary
                                  0.798000       1      0.798000  
INV_X4             NangateOpenCellLibrary
                                  1.330000       1      1.330000  
MUX2_X1            NangateOpenCellLibrary
                                  1.862000       1      1.862000  
NAND2_X1           NangateOpenCellLibrary
                                  0.798000     115     91.769997  
NAND3_X1           NangateOpenCellLibrary
                                  1.064000       8      8.512000  
NAND4_X1           NangateOpenCellLibrary
                                  1.330000     160    212.800007  
NOR2_X1            NangateOpenCellLibrary
                                  0.798000     101     80.597998  
NOR3_X1            NangateOpenCellLibrary
                                  1.064000      32     34.048000  
NOR4_X1            NangateOpenCellLibrary
                                  1.330000       1      1.330000  
OAI21_X1           NangateOpenCellLibrary
                                  1.064000      20     21.280000  
OR2_X1             NangateOpenCellLibrary
                                  1.064000      50     53.200001  
OR3_X1             NangateOpenCellLibrary
                                  1.330000       6      7.980000  
OR4_X1             NangateOpenCellLibrary
                                  1.596000       1      1.596000  
SNPS_CLOCK_GATE_HIGH_reg_file_id_1_0
                                  3.724000       1      3.724000  h, n
SNPS_CLOCK_GATE_HIGH_reg_file_id_1_1
                                  3.724000       1      3.724000  h, n
SNPS_CLOCK_GATE_HIGH_reg_file_id_1_2
                                  3.724000       1      3.724000  h, n
SNPS_CLOCK_GATE_HIGH_reg_file_id_1_3
                                  3.724000       1      3.724000  h, n
SNPS_CLOCK_GATE_HIGH_reg_file_id_1_4
                                  3.724000       1      3.724000  h, n
SNPS_CLOCK_GATE_HIGH_reg_file_id_1_5
                                  3.724000       1      3.724000  h, n
SNPS_CLOCK_GATE_HIGH_reg_file_id_1_6
                                  3.724000       1      3.724000  h, n
SNPS_CLOCK_GATE_HIGH_reg_file_id_1_7
                                  3.724000       1      3.724000  h, n
SNPS_CLOCK_GATE_HIGH_reg_file_id_1_8
                                  3.724000       1      3.724000  h, n
SNPS_CLOCK_GATE_HIGH_reg_file_id_1_9
                                  3.724000       1      3.724000  h, n
SNPS_CLOCK_GATE_HIGH_reg_file_id_1_10
                                  3.724000       1      3.724000  h, n
SNPS_CLOCK_GATE_HIGH_reg_file_id_1_11
                                  3.724000       1      3.724000  h, n
SNPS_CLOCK_GATE_HIGH_reg_file_id_1_12
                                  3.724000       1      3.724000  h, n
SNPS_CLOCK_GATE_HIGH_reg_file_id_1_13
                                  3.724000       1      3.724000  h, n
SNPS_CLOCK_GATE_HIGH_reg_file_id_1_14
                                  3.724000       1      3.724000  h, n
SNPS_CLOCK_GATE_HIGH_reg_file_id_1_15
                                  3.724000       1      3.724000  h, n
SNPS_CLOCK_GATE_HIGH_reg_file_id_1_16
                                  3.724000       1      3.724000  h, n
SNPS_CLOCK_GATE_HIGH_reg_file_id_1_17
                                  3.724000       1      3.724000  h, n
SNPS_CLOCK_GATE_HIGH_reg_file_id_1_18
                                  3.724000       1      3.724000  h, n
SNPS_CLOCK_GATE_HIGH_reg_file_id_1_19
                                  3.724000       1      3.724000  h, n
SNPS_CLOCK_GATE_HIGH_reg_file_id_1_20
                                  3.724000       1      3.724000  h, n
SNPS_CLOCK_GATE_HIGH_reg_file_id_1_21
                                  3.724000       1      3.724000  h, n
SNPS_CLOCK_GATE_HIGH_reg_file_id_1_22
                                  3.724000       1      3.724000  h, n
SNPS_CLOCK_GATE_HIGH_reg_file_id_1_23
                                  3.724000       1      3.724000  h, n
SNPS_CLOCK_GATE_HIGH_reg_file_id_1_24
                                  3.724000       1      3.724000  h, n
SNPS_CLOCK_GATE_HIGH_reg_file_id_1_25
                                  3.724000       1      3.724000  h, n
SNPS_CLOCK_GATE_HIGH_reg_file_id_1_26
                                  3.724000       1      3.724000  h, n
SNPS_CLOCK_GATE_HIGH_reg_file_id_1_27
                                  3.724000       1      3.724000  h, n
SNPS_CLOCK_GATE_HIGH_reg_file_id_1_28
                                  3.724000       1      3.724000  h, n
SNPS_CLOCK_GATE_HIGH_reg_file_id_1_29
                                  3.724000       1      3.724000  h, n
SNPS_CLOCK_GATE_HIGH_reg_file_id_1_30
                                  3.724000       1      3.724000  h, n
SNPS_CLOCK_GATE_HIGH_reg_file_id_1_31
                                  3.724000       1      3.724000  h, n
XNOR2_X1           NangateOpenCellLibrary
                                  1.596000       8     12.768000  
XOR2_X1            NangateOpenCellLibrary
                                  1.596000       1      1.596000  
-----------------------------------------------------------------------------
Total 57 references                                  7013.887877

****************************************
Design: SNPS_CLOCK_GATE_HIGH_reg_file_id_1_0 
****************************************
Reference          Library       Unit Area   Count    Total Area   Attributes
-----------------------------------------------------------------------------
AND2_X1            NangateOpenCellLibrary
                                  1.064000       1      1.064000  
DLL_X1             NangateOpenCellLibrary
                                  2.660000       1      2.660000  n
-----------------------------------------------------------------------------
Total 2 references                                      3.724000

****************************************
Design: SNPS_CLOCK_GATE_HIGH_reg_file_id_1_1 
****************************************
Reference          Library       Unit Area   Count    Total Area   Attributes
-----------------------------------------------------------------------------
AND2_X1            NangateOpenCellLibrary
                                  1.064000       1      1.064000  
DLL_X1             NangateOpenCellLibrary
                                  2.660000       1      2.660000  n
-----------------------------------------------------------------------------
Total 2 references                                      3.724000

****************************************
Design: SNPS_CLOCK_GATE_HIGH_reg_file_id_1_2 
****************************************
Reference          Library       Unit Area   Count    Total Area   Attributes
-----------------------------------------------------------------------------
AND2_X1            NangateOpenCellLibrary
                                  1.064000       1      1.064000  
DLL_X1             NangateOpenCellLibrary
                                  2.660000       1      2.660000  n
-----------------------------------------------------------------------------
Total 2 references                                      3.724000

****************************************
Design: SNPS_CLOCK_GATE_HIGH_reg_file_id_1_3 
****************************************
Reference          Library       Unit Area   Count    Total Area   Attributes
-----------------------------------------------------------------------------
AND2_X1            NangateOpenCellLibrary
                                  1.064000       1      1.064000  
DLL_X1             NangateOpenCellLibrary
                                  2.660000       1      2.660000  n
-----------------------------------------------------------------------------
Total 2 references                                      3.724000

****************************************
Design: SNPS_CLOCK_GATE_HIGH_reg_file_id_1_4 
****************************************
Reference          Library       Unit Area   Count    Total Area   Attributes
-----------------------------------------------------------------------------
AND2_X1            NangateOpenCellLibrary
                                  1.064000       1      1.064000  
DLL_X1             NangateOpenCellLibrary
                                  2.660000       1      2.660000  n
-----------------------------------------------------------------------------
Total 2 references                                      3.724000

****************************************
Design: SNPS_CLOCK_GATE_HIGH_reg_file_id_1_5 
****************************************
Reference          Library       Unit Area   Count    Total Area   Attributes
-----------------------------------------------------------------------------
AND2_X1            NangateOpenCellLibrary
                                  1.064000       1      1.064000  
DLL_X1             NangateOpenCellLibrary
                                  2.660000       1      2.660000  n
-----------------------------------------------------------------------------
Total 2 references                                      3.724000

****************************************
Design: SNPS_CLOCK_GATE_HIGH_reg_file_id_1_6 
****************************************
Reference          Library       Unit Area   Count    Total Area   Attributes
-----------------------------------------------------------------------------
AND2_X1            NangateOpenCellLibrary
                                  1.064000       1      1.064000  
DLL_X1             NangateOpenCellLibrary
                                  2.660000       1      2.660000  n
-----------------------------------------------------------------------------
Total 2 references                                      3.724000

****************************************
Design: SNPS_CLOCK_GATE_HIGH_reg_file_id_1_7 
****************************************
Reference          Library       Unit Area   Count    Total Area   Attributes
-----------------------------------------------------------------------------
AND2_X1            NangateOpenCellLibrary
                                  1.064000       1      1.064000  
DLL_X1             NangateOpenCellLibrary
                                  2.660000       1      2.660000  n
-----------------------------------------------------------------------------
Total 2 references                                      3.724000

****************************************
Design: SNPS_CLOCK_GATE_HIGH_reg_file_id_1_8 
****************************************
Reference          Library       Unit Area   Count    Total Area   Attributes
-----------------------------------------------------------------------------
AND2_X1            NangateOpenCellLibrary
                                  1.064000       1      1.064000  
DLL_X1             NangateOpenCellLibrary
                                  2.660000       1      2.660000  n
-----------------------------------------------------------------------------
Total 2 references                                      3.724000

****************************************
Design: SNPS_CLOCK_GATE_HIGH_reg_file_id_1_9 
****************************************
Reference          Library       Unit Area   Count    Total Area   Attributes
-----------------------------------------------------------------------------
AND2_X1            NangateOpenCellLibrary
                                  1.064000       1      1.064000  
DLL_X1             NangateOpenCellLibrary
                                  2.660000       1      2.660000  n
-----------------------------------------------------------------------------
Total 2 references                                      3.724000

****************************************
Design: SNPS_CLOCK_GATE_HIGH_reg_file_id_1_10 
****************************************
Reference          Library       Unit Area   Count    Total Area   Attributes
-----------------------------------------------------------------------------
AND2_X1            NangateOpenCellLibrary
                                  1.064000       1      1.064000  
DLL_X1             NangateOpenCellLibrary
                                  2.660000       1      2.660000  n
-----------------------------------------------------------------------------
Total 2 references                                      3.724000

****************************************
Design: SNPS_CLOCK_GATE_HIGH_reg_file_id_1_11 
****************************************
Reference          Library       Unit Area   Count    Total Area   Attributes
-----------------------------------------------------------------------------
AND2_X1            NangateOpenCellLibrary
                                  1.064000       1      1.064000  
DLL_X1             NangateOpenCellLibrary
                                  2.660000       1      2.660000  n
-----------------------------------------------------------------------------
Total 2 references                                      3.724000

****************************************
Design: SNPS_CLOCK_GATE_HIGH_reg_file_id_1_12 
****************************************
Reference          Library       Unit Area   Count    Total Area   Attributes
-----------------------------------------------------------------------------
AND2_X1            NangateOpenCellLibrary
                                  1.064000       1      1.064000  
DLL_X1             NangateOpenCellLibrary
                                  2.660000       1      2.660000  n
-----------------------------------------------------------------------------
Total 2 references                                      3.724000

****************************************
Design: SNPS_CLOCK_GATE_HIGH_reg_file_id_1_13 
****************************************
Reference          Library       Unit Area   Count    Total Area   Attributes
-----------------------------------------------------------------------------
AND2_X1            NangateOpenCellLibrary
                                  1.064000       1      1.064000  
DLL_X1             NangateOpenCellLibrary
                                  2.660000       1      2.660000  n
-----------------------------------------------------------------------------
Total 2 references                                      3.724000

****************************************
Design: SNPS_CLOCK_GATE_HIGH_reg_file_id_1_14 
****************************************
Reference          Library       Unit Area   Count    Total Area   Attributes
-----------------------------------------------------------------------------
AND2_X1            NangateOpenCellLibrary
                                  1.064000       1      1.064000  
DLL_X1             NangateOpenCellLibrary
                                  2.660000       1      2.660000  n
-----------------------------------------------------------------------------
Total 2 references                                      3.724000

****************************************
Design: SNPS_CLOCK_GATE_HIGH_reg_file_id_1_15 
****************************************
Reference          Library       Unit Area   Count    Total Area   Attributes
-----------------------------------------------------------------------------
AND2_X1            NangateOpenCellLibrary
                                  1.064000       1      1.064000  
DLL_X1             NangateOpenCellLibrary
                                  2.660000       1      2.660000  n
-----------------------------------------------------------------------------
Total 2 references                                      3.724000

****************************************
Design: SNPS_CLOCK_GATE_HIGH_reg_file_id_1_16 
****************************************
Reference          Library       Unit Area   Count    Total Area   Attributes
-----------------------------------------------------------------------------
AND2_X1            NangateOpenCellLibrary
                                  1.064000       1      1.064000  
DLL_X1             NangateOpenCellLibrary
                                  2.660000       1      2.660000  n
-----------------------------------------------------------------------------
Total 2 references                                      3.724000

****************************************
Design: SNPS_CLOCK_GATE_HIGH_reg_file_id_1_17 
****************************************
Reference          Library       Unit Area   Count    Total Area   Attributes
-----------------------------------------------------------------------------
AND2_X1            NangateOpenCellLibrary
                                  1.064000       1      1.064000  
DLL_X1             NangateOpenCellLibrary
                                  2.660000       1      2.660000  n
-----------------------------------------------------------------------------
Total 2 references                                      3.724000

****************************************
Design: SNPS_CLOCK_GATE_HIGH_reg_file_id_1_18 
****************************************
Reference          Library       Unit Area   Count    Total Area   Attributes
-----------------------------------------------------------------------------
AND2_X1            NangateOpenCellLibrary
                                  1.064000       1      1.064000  
DLL_X1             NangateOpenCellLibrary
                                  2.660000       1      2.660000  n
-----------------------------------------------------------------------------
Total 2 references                                      3.724000

****************************************
Design: SNPS_CLOCK_GATE_HIGH_reg_file_id_1_19 
****************************************
Reference          Library       Unit Area   Count    Total Area   Attributes
-----------------------------------------------------------------------------
AND2_X1            NangateOpenCellLibrary
                                  1.064000       1      1.064000  
DLL_X1             NangateOpenCellLibrary
                                  2.660000       1      2.660000  n
-----------------------------------------------------------------------------
Total 2 references                                      3.724000

****************************************
Design: SNPS_CLOCK_GATE_HIGH_reg_file_id_1_20 
****************************************
Reference          Library       Unit Area   Count    Total Area   Attributes
-----------------------------------------------------------------------------
AND2_X1            NangateOpenCellLibrary
                                  1.064000       1      1.064000  
DLL_X1             NangateOpenCellLibrary
                                  2.660000       1      2.660000  n
-----------------------------------------------------------------------------
Total 2 references                                      3.724000

****************************************
Design: SNPS_CLOCK_GATE_HIGH_reg_file_id_1_21 
****************************************
Reference          Library       Unit Area   Count    Total Area   Attributes
-----------------------------------------------------------------------------
AND2_X1            NangateOpenCellLibrary
                                  1.064000       1      1.064000  
DLL_X1             NangateOpenCellLibrary
                                  2.660000       1      2.660000  n
-----------------------------------------------------------------------------
Total 2 references                                      3.724000

****************************************
Design: SNPS_CLOCK_GATE_HIGH_reg_file_id_1_22 
****************************************
Reference          Library       Unit Area   Count    Total Area   Attributes
-----------------------------------------------------------------------------
AND2_X1            NangateOpenCellLibrary
                                  1.064000       1      1.064000  
DLL_X1             NangateOpenCellLibrary
                                  2.660000       1      2.660000  n
-----------------------------------------------------------------------------
Total 2 references                                      3.724000

****************************************
Design: SNPS_CLOCK_GATE_HIGH_reg_file_id_1_23 
****************************************
Reference          Library       Unit Area   Count    Total Area   Attributes
-----------------------------------------------------------------------------
AND2_X1            NangateOpenCellLibrary
                                  1.064000       1      1.064000  
DLL_X1             NangateOpenCellLibrary
                                  2.660000       1      2.660000  n
-----------------------------------------------------------------------------
Total 2 references                                      3.724000

****************************************
Design: SNPS_CLOCK_GATE_HIGH_reg_file_id_1_24 
****************************************
Reference          Library       Unit Area   Count    Total Area   Attributes
-----------------------------------------------------------------------------
AND2_X1            NangateOpenCellLibrary
                                  1.064000       1      1.064000  
DLL_X1             NangateOpenCellLibrary
                                  2.660000       1      2.660000  n
-----------------------------------------------------------------------------
Total 2 references                                      3.724000

****************************************
Design: SNPS_CLOCK_GATE_HIGH_reg_file_id_1_25 
****************************************
Reference          Library       Unit Area   Count    Total Area   Attributes
-----------------------------------------------------------------------------
AND2_X1            NangateOpenCellLibrary
                                  1.064000       1      1.064000  
DLL_X1             NangateOpenCellLibrary
                                  2.660000       1      2.660000  n
-----------------------------------------------------------------------------
Total 2 references                                      3.724000

****************************************
Design: SNPS_CLOCK_GATE_HIGH_reg_file_id_1_26 
****************************************
Reference          Library       Unit Area   Count    Total Area   Attributes
-----------------------------------------------------------------------------
AND2_X1            NangateOpenCellLibrary
                                  1.064000       1      1.064000  
DLL_X1             NangateOpenCellLibrary
                                  2.660000       1      2.660000  n
-----------------------------------------------------------------------------
Total 2 references                                      3.724000

****************************************
Design: SNPS_CLOCK_GATE_HIGH_reg_file_id_1_27 
****************************************
Reference          Library       Unit Area   Count    Total Area   Attributes
-----------------------------------------------------------------------------
AND2_X1            NangateOpenCellLibrary
                                  1.064000       1      1.064000  
DLL_X1             NangateOpenCellLibrary
                                  2.660000       1      2.660000  n
-----------------------------------------------------------------------------
Total 2 references                                      3.724000

****************************************
Design: SNPS_CLOCK_GATE_HIGH_reg_file_id_1_28 
****************************************
Reference          Library       Unit Area   Count    Total Area   Attributes
-----------------------------------------------------------------------------
AND2_X1            NangateOpenCellLibrary
                                  1.064000       1      1.064000  
DLL_X1             NangateOpenCellLibrary
                                  2.660000       1      2.660000  n
-----------------------------------------------------------------------------
Total 2 references                                      3.724000

****************************************
Design: SNPS_CLOCK_GATE_HIGH_reg_file_id_1_29 
****************************************
Reference          Library       Unit Area   Count    Total Area   Attributes
-----------------------------------------------------------------------------
AND2_X1            NangateOpenCellLibrary
                                  1.064000       1      1.064000  
DLL_X1             NangateOpenCellLibrary
                                  2.660000       1      2.660000  n
-----------------------------------------------------------------------------
Total 2 references                                      3.724000

****************************************
Design: SNPS_CLOCK_GATE_HIGH_reg_file_id_1_30 
****************************************
Reference          Library       Unit Area   Count    Total Area   Attributes
-----------------------------------------------------------------------------
AND2_X1            NangateOpenCellLibrary
                                  1.064000       1      1.064000  
DLL_X1             NangateOpenCellLibrary
                                  2.660000       1      2.660000  n
-----------------------------------------------------------------------------
Total 2 references                                      3.724000

****************************************
Design: SNPS_CLOCK_GATE_HIGH_reg_file_id_1_31 
****************************************
Reference          Library       Unit Area   Count    Total Area   Attributes
-----------------------------------------------------------------------------
AND2_X1            NangateOpenCellLibrary
                                  1.064000       1      1.064000  
DLL_X1             NangateOpenCellLibrary
                                  2.660000       1      2.660000  n
-----------------------------------------------------------------------------
Total 2 references                                      3.724000
1
