Information: Updating design information... (UID-85)
Warning: Design 'dlx' contains 1 high-fanout nets. A fanout number of 1000 will be used for delay calculations involving these nets. (TIM-134)
 
****************************************
Report : timing
        -path full
        -delay max
        -nworst 5
        -max_paths 20
Design : dlx
Version: W-2024.09-SP2
Date   : Wed Sep 16 14:11:22 2026
****************************************

 # A fanout number of 1000 was used for high fanout net computations.

Operating Conditions: typical   Library: NangateOpenCellLibrary
Wire Load Model Mode: top

  Startpoint: R_1081 (rising edge-triggered flip-flop clocked by clk)
  Endpoint: R_157 (rising edge-triggered flip-flop clocked by clk)
  Path Group: clk
  Path Type: max

  Des/Clust/Port     Wire Load Model       Library
  ------------------------------------------------
  dlx                5K_hvratio_1_1        NangateOpenCellLibrary

  Point                                                   Incr       Path
  --------------------------------------------------------------------------
  clock clk (rise edge)                                   0.00       0.00
  clock network delay (ideal)                             0.00       0.00
  R_1081/CK (DFF_X1)                                      0.00 #     0.00 r
  R_1081/Q (DFF_X1)                                       0.08       0.08 f
  U9038/ZN (NAND2_X1)                                     0.03       0.11 r
  U5889/ZN (AND3_X2)                                      0.05       0.16 r
  U9170/ZN (NAND2_X1)                                     0.03       0.19 f
  U10469/ZN (AND2_X1)                                     0.04       0.23 f
  U11505/ZN (AND2_X1)                                     0.04       0.27 f
  U9182/ZN (NAND2_X1)                                     0.03       0.29 r
  U14196/ZN (AND3_X1)                                     0.06       0.35 r
  U9186/ZN (NOR2_X1)                                      0.02       0.37 f
  U9312/ZN (OAI21_X1)                                     0.04       0.42 r
  U7739/ZN (NOR2_X1)                                      0.03       0.45 f
  U7945/ZN (OR2_X1)                                       0.06       0.50 f
  U5851/ZN (AND2_X2)                                      0.04       0.55 f
  U9994/ZN (NAND2_X1)                                     0.03       0.57 r
  U6374/ZN (AND2_X1)                                      0.04       0.61 r
  U9996/ZN (NOR2_X1)                                      0.02       0.63 f
  U9999/ZN (OAI21_X1)                                     0.05       0.68 r
  U10183/Z (BUF_X1)                                       0.04       0.72 r
  U14323/ZN (OR2_X1)                                      0.04       0.76 r
  U6032/ZN (OR2_X1)                                       0.03       0.79 r
  U6366/ZN (NAND3_X1)                                     0.03       0.82 f
  U6365/ZN (NOR3_X1)                                      0.06       0.88 r
  U8011/ZN (OAI211_X1)                                    0.05       0.93 f
  U14347/ZN (OR2_X1)                                      0.07       1.00 f
  U10230/ZN (INV_X1)                                      0.03       1.02 r
  U10231/ZN (NAND2_X1)                                    0.02       1.05 f
  U10232/ZN (NOR2_X1)                                     0.04       1.09 r
  U10411/ZN (NAND4_X1)                                    0.04       1.13 f
  U14311/ZN (AND2_X1)                                     0.05       1.18 f
  U7857/ZN (NAND3_X1)                                     0.03       1.21 r
  U7279/ZN (AND3_X1)                                      0.06       1.27 r
  if_stage_inst/btb_inst/br_corr_flush (BTB_if_1)         0.00       1.27 r
  if_stage_inst/btb_inst/U305/ZN (NOR2_X1)                0.03       1.30 f
  if_stage_inst/btb_inst/U22/ZN (AND4_X2)                 0.05       1.35 f
  if_stage_inst/btb_inst/pr_sel[0] (BTB_if_1)             0.00       1.35 f
  U5906/ZN (OR2_X1)                                       0.06       1.41 f
  U6479/ZN (INV_X1)                                       0.04       1.45 r
  U12423/ZN (AND2_X1)                                     0.05       1.50 r
  U12424/ZN (INV_X1)                                      0.02       1.53 f
  R_157/D (DFF_X1)                                        0.01       1.53 f
  data arrival time                                                  1.53

  clock clk (rise edge)                                   1.20       1.20
  clock network delay (ideal)                             0.00       1.20
  R_157/CK (DFF_X1)                                       0.00       1.20 r
  library setup time                                     -0.04       1.16
  data required time                                                 1.16
  --------------------------------------------------------------------------
  data required time                                                 1.16
  data arrival time                                                 -1.53
  --------------------------------------------------------------------------
  slack (VIOLATED)                                                  -0.37


  Startpoint: R_1081 (rising edge-triggered flip-flop clocked by clk)
  Endpoint: R_165 (rising edge-triggered flip-flop clocked by clk)
  Path Group: clk
  Path Type: max

  Des/Clust/Port     Wire Load Model       Library
  ------------------------------------------------
  dlx                5K_hvratio_1_1        NangateOpenCellLibrary

  Point                                                   Incr       Path
  --------------------------------------------------------------------------
  clock clk (rise edge)                                   0.00       0.00
  clock network delay (ideal)                             0.00       0.00
  R_1081/CK (DFF_X1)                                      0.00 #     0.00 r
  R_1081/Q (DFF_X1)                                       0.08       0.08 f
  U9038/ZN (NAND2_X1)                                     0.03       0.11 r
  U5889/ZN (AND3_X2)                                      0.05       0.16 r
  U9170/ZN (NAND2_X1)                                     0.03       0.19 f
  U10469/ZN (AND2_X1)                                     0.04       0.23 f
  U11505/ZN (AND2_X1)                                     0.04       0.27 f
  U9182/ZN (NAND2_X1)                                     0.03       0.29 r
  U14196/ZN (AND3_X1)                                     0.06       0.35 r
  U9186/ZN (NOR2_X1)                                      0.02       0.37 f
  U9312/ZN (OAI21_X1)                                     0.04       0.42 r
  U7739/ZN (NOR2_X1)                                      0.03       0.45 f
  U7945/ZN (OR2_X1)                                       0.06       0.50 f
  U5851/ZN (AND2_X2)                                      0.04       0.55 f
  U9994/ZN (NAND2_X1)                                     0.03       0.57 r
  U6374/ZN (AND2_X1)                                      0.04       0.61 r
  U9996/ZN (NOR2_X1)                                      0.02       0.63 f
  U9999/ZN (OAI21_X1)                                     0.05       0.68 r
  U10183/Z (BUF_X1)                                       0.04       0.72 r
  U14323/ZN (OR2_X1)                                      0.04       0.76 r
  U6032/ZN (OR2_X1)                                       0.03       0.79 r
  U6366/ZN (NAND3_X1)                                     0.03       0.82 f
  U6365/ZN (NOR3_X1)                                      0.06       0.88 r
  U8011/ZN (OAI211_X1)                                    0.05       0.93 f
  U14347/ZN (OR2_X1)                                      0.07       1.00 f
  U10230/ZN (INV_X1)                                      0.03       1.02 r
  U10231/ZN (NAND2_X1)                                    0.02       1.05 f
  U10232/ZN (NOR2_X1)                                     0.04       1.09 r
  U10411/ZN (NAND4_X1)                                    0.04       1.13 f
  U14311/ZN (AND2_X1)                                     0.05       1.18 f
  U7857/ZN (NAND3_X1)                                     0.03       1.21 r
  U7279/ZN (AND3_X1)                                      0.06       1.27 r
  if_stage_inst/btb_inst/br_corr_flush (BTB_if_1)         0.00       1.27 r
  if_stage_inst/btb_inst/U305/ZN (NOR2_X1)                0.03       1.30 f
  if_stage_inst/btb_inst/U22/ZN (AND4_X2)                 0.05       1.35 f
  if_stage_inst/btb_inst/pr_sel[0] (BTB_if_1)             0.00       1.35 f
  U5906/ZN (OR2_X1)                                       0.06       1.41 f
  U6479/ZN (INV_X1)                                       0.04       1.45 r
  U12425/ZN (AND2_X1)                                     0.05       1.50 r
  U12426/ZN (INV_X1)                                      0.02       1.53 f
  R_165/D (DFF_X1)                                        0.01       1.53 f
  data arrival time                                                  1.53

  clock clk (rise edge)                                   1.20       1.20
  clock network delay (ideal)                             0.00       1.20
  R_165/CK (DFF_X1)                                       0.00       1.20 r
  library setup time                                     -0.04       1.16
  data required time                                                 1.16
  --------------------------------------------------------------------------
  data required time                                                 1.16
  data arrival time                                                 -1.53
  --------------------------------------------------------------------------
  slack (VIOLATED)                                                  -0.37


  Startpoint: R_1081 (rising edge-triggered flip-flop clocked by clk)
  Endpoint: R_177 (rising edge-triggered flip-flop clocked by clk)
  Path Group: clk
  Path Type: max

  Des/Clust/Port     Wire Load Model       Library
  ------------------------------------------------
  dlx                5K_hvratio_1_1        NangateOpenCellLibrary

  Point                                                   Incr       Path
  --------------------------------------------------------------------------
  clock clk (rise edge)                                   0.00       0.00
  clock network delay (ideal)                             0.00       0.00
  R_1081/CK (DFF_X1)                                      0.00 #     0.00 r
  R_1081/Q (DFF_X1)                                       0.08       0.08 f
  U9038/ZN (NAND2_X1)                                     0.03       0.11 r
  U5889/ZN (AND3_X2)                                      0.05       0.16 r
  U9170/ZN (NAND2_X1)                                     0.03       0.19 f
  U10469/ZN (AND2_X1)                                     0.04       0.23 f
  U11505/ZN (AND2_X1)                                     0.04       0.27 f
  U9182/ZN (NAND2_X1)                                     0.03       0.29 r
  U14196/ZN (AND3_X1)                                     0.06       0.35 r
  U9186/ZN (NOR2_X1)                                      0.02       0.37 f
  U9312/ZN (OAI21_X1)                                     0.04       0.42 r
  U7739/ZN (NOR2_X1)                                      0.03       0.45 f
  U7945/ZN (OR2_X1)                                       0.06       0.50 f
  U5851/ZN (AND2_X2)                                      0.04       0.55 f
  U9994/ZN (NAND2_X1)                                     0.03       0.57 r
  U6374/ZN (AND2_X1)                                      0.04       0.61 r
  U9996/ZN (NOR2_X1)                                      0.02       0.63 f
  U9999/ZN (OAI21_X1)                                     0.05       0.68 r
  U10183/Z (BUF_X1)                                       0.04       0.72 r
  U14323/ZN (OR2_X1)                                      0.04       0.76 r
  U6032/ZN (OR2_X1)                                       0.03       0.79 r
  U6366/ZN (NAND3_X1)                                     0.03       0.82 f
  U6365/ZN (NOR3_X1)                                      0.06       0.88 r
  U8011/ZN (OAI211_X1)                                    0.05       0.93 f
  U14347/ZN (OR2_X1)                                      0.07       1.00 f
  U10230/ZN (INV_X1)                                      0.03       1.02 r
  U10231/ZN (NAND2_X1)                                    0.02       1.05 f
  U10232/ZN (NOR2_X1)                                     0.04       1.09 r
  U10411/ZN (NAND4_X1)                                    0.04       1.13 f
  U14311/ZN (AND2_X1)                                     0.05       1.18 f
  U7857/ZN (NAND3_X1)                                     0.03       1.21 r
  U7279/ZN (AND3_X1)                                      0.06       1.27 r
  if_stage_inst/btb_inst/br_corr_flush (BTB_if_1)         0.00       1.27 r
  if_stage_inst/btb_inst/U305/ZN (NOR2_X1)                0.03       1.30 f
  if_stage_inst/btb_inst/U22/ZN (AND4_X2)                 0.05       1.35 f
  if_stage_inst/btb_inst/pr_sel[0] (BTB_if_1)             0.00       1.35 f
  U5906/ZN (OR2_X1)                                       0.06       1.41 f
  U6479/ZN (INV_X1)                                       0.04       1.45 r
  U12429/ZN (AND2_X1)                                     0.05       1.50 r
  U12430/ZN (INV_X1)                                      0.02       1.53 f
  R_177/D (DFF_X1)                                        0.01       1.53 f
  data arrival time                                                  1.53

  clock clk (rise edge)                                   1.20       1.20
  clock network delay (ideal)                             0.00       1.20
  R_177/CK (DFF_X1)                                       0.00       1.20 r
  library setup time                                     -0.04       1.16
  data required time                                                 1.16
  --------------------------------------------------------------------------
  data required time                                                 1.16
  data arrival time                                                 -1.53
  --------------------------------------------------------------------------
  slack (VIOLATED)                                                  -0.37


  Startpoint: R_1081 (rising edge-triggered flip-flop clocked by clk)
  Endpoint: R_198 (rising edge-triggered flip-flop clocked by clk)
  Path Group: clk
  Path Type: max

  Des/Clust/Port     Wire Load Model       Library
  ------------------------------------------------
  dlx                5K_hvratio_1_1        NangateOpenCellLibrary

  Point                                                   Incr       Path
  --------------------------------------------------------------------------
  clock clk (rise edge)                                   0.00       0.00
  clock network delay (ideal)                             0.00       0.00
  R_1081/CK (DFF_X1)                                      0.00 #     0.00 r
  R_1081/Q (DFF_X1)                                       0.08       0.08 f
  U9038/ZN (NAND2_X1)                                     0.03       0.11 r
  U5889/ZN (AND3_X2)                                      0.05       0.16 r
  U9170/ZN (NAND2_X1)                                     0.03       0.19 f
  U10469/ZN (AND2_X1)                                     0.04       0.23 f
  U11505/ZN (AND2_X1)                                     0.04       0.27 f
  U9182/ZN (NAND2_X1)                                     0.03       0.29 r
  U14196/ZN (AND3_X1)                                     0.06       0.35 r
  U9186/ZN (NOR2_X1)                                      0.02       0.37 f
  U9312/ZN (OAI21_X1)                                     0.04       0.42 r
  U7739/ZN (NOR2_X1)                                      0.03       0.45 f
  U7945/ZN (OR2_X1)                                       0.06       0.50 f
  U5851/ZN (AND2_X2)                                      0.04       0.55 f
  U9994/ZN (NAND2_X1)                                     0.03       0.57 r
  U6374/ZN (AND2_X1)                                      0.04       0.61 r
  U9996/ZN (NOR2_X1)                                      0.02       0.63 f
  U9999/ZN (OAI21_X1)                                     0.05       0.68 r
  U10183/Z (BUF_X1)                                       0.04       0.72 r
  U14323/ZN (OR2_X1)                                      0.04       0.76 r
  U6032/ZN (OR2_X1)                                       0.03       0.79 r
  U6366/ZN (NAND3_X1)                                     0.03       0.82 f
  U6365/ZN (NOR3_X1)                                      0.06       0.88 r
  U8011/ZN (OAI211_X1)                                    0.05       0.93 f
  U14347/ZN (OR2_X1)                                      0.07       1.00 f
  U10230/ZN (INV_X1)                                      0.03       1.02 r
  U10231/ZN (NAND2_X1)                                    0.02       1.05 f
  U10232/ZN (NOR2_X1)                                     0.04       1.09 r
  U10411/ZN (NAND4_X1)                                    0.04       1.13 f
  U14311/ZN (AND2_X1)                                     0.05       1.18 f
  U7857/ZN (NAND3_X1)                                     0.03       1.21 r
  U7279/ZN (AND3_X1)                                      0.06       1.27 r
  if_stage_inst/btb_inst/br_corr_flush (BTB_if_1)         0.00       1.27 r
  if_stage_inst/btb_inst/U305/ZN (NOR2_X1)                0.03       1.30 f
  if_stage_inst/btb_inst/U22/ZN (AND4_X2)                 0.05       1.35 f
  if_stage_inst/btb_inst/pr_sel[0] (BTB_if_1)             0.00       1.35 f
  U5906/ZN (OR2_X1)                                       0.06       1.41 f
  U6479/ZN (INV_X1)                                       0.04       1.45 r
  U12433/ZN (AND2_X1)                                     0.05       1.50 r
  U12434/ZN (INV_X1)                                      0.02       1.53 f
  R_198/D (DFF_X1)                                        0.01       1.53 f
  data arrival time                                                  1.53

  clock clk (rise edge)                                   1.20       1.20
  clock network delay (ideal)                             0.00       1.20
  R_198/CK (DFF_X1)                                       0.00       1.20 r
  library setup time                                     -0.04       1.16
  data required time                                                 1.16
  --------------------------------------------------------------------------
  data required time                                                 1.16
  data arrival time                                                 -1.53
  --------------------------------------------------------------------------
  slack (VIOLATED)                                                  -0.37


  Startpoint: R_1081 (rising edge-triggered flip-flop clocked by clk)
  Endpoint: R_218 (rising edge-triggered flip-flop clocked by clk)
  Path Group: clk
  Path Type: max

  Des/Clust/Port     Wire Load Model       Library
  ------------------------------------------------
  dlx                5K_hvratio_1_1        NangateOpenCellLibrary

  Point                                                   Incr       Path
  --------------------------------------------------------------------------
  clock clk (rise edge)                                   0.00       0.00
  clock network delay (ideal)                             0.00       0.00
  R_1081/CK (DFF_X1)                                      0.00 #     0.00 r
  R_1081/Q (DFF_X1)                                       0.08       0.08 f
  U9038/ZN (NAND2_X1)                                     0.03       0.11 r
  U5889/ZN (AND3_X2)                                      0.05       0.16 r
  U9170/ZN (NAND2_X1)                                     0.03       0.19 f
  U10469/ZN (AND2_X1)                                     0.04       0.23 f
  U11505/ZN (AND2_X1)                                     0.04       0.27 f
  U9182/ZN (NAND2_X1)                                     0.03       0.29 r
  U14196/ZN (AND3_X1)                                     0.06       0.35 r
  U9186/ZN (NOR2_X1)                                      0.02       0.37 f
  U9312/ZN (OAI21_X1)                                     0.04       0.42 r
  U7739/ZN (NOR2_X1)                                      0.03       0.45 f
  U7945/ZN (OR2_X1)                                       0.06       0.50 f
  U5851/ZN (AND2_X2)                                      0.04       0.55 f
  U9994/ZN (NAND2_X1)                                     0.03       0.57 r
  U6374/ZN (AND2_X1)                                      0.04       0.61 r
  U9996/ZN (NOR2_X1)                                      0.02       0.63 f
  U9999/ZN (OAI21_X1)                                     0.05       0.68 r
  U10183/Z (BUF_X1)                                       0.04       0.72 r
  U14323/ZN (OR2_X1)                                      0.04       0.76 r
  U6032/ZN (OR2_X1)                                       0.03       0.79 r
  U6366/ZN (NAND3_X1)                                     0.03       0.82 f
  U6365/ZN (NOR3_X1)                                      0.06       0.88 r
  U8011/ZN (OAI211_X1)                                    0.05       0.93 f
  U14347/ZN (OR2_X1)                                      0.07       1.00 f
  U10230/ZN (INV_X1)                                      0.03       1.02 r
  U10231/ZN (NAND2_X1)                                    0.02       1.05 f
  U10232/ZN (NOR2_X1)                                     0.04       1.09 r
  U10411/ZN (NAND4_X1)                                    0.04       1.13 f
  U14311/ZN (AND2_X1)                                     0.05       1.18 f
  U7857/ZN (NAND3_X1)                                     0.03       1.21 r
  U7279/ZN (AND3_X1)                                      0.06       1.27 r
  if_stage_inst/btb_inst/br_corr_flush (BTB_if_1)         0.00       1.27 r
  if_stage_inst/btb_inst/U305/ZN (NOR2_X1)                0.03       1.30 f
  if_stage_inst/btb_inst/U22/ZN (AND4_X2)                 0.05       1.35 f
  if_stage_inst/btb_inst/pr_sel[0] (BTB_if_1)             0.00       1.35 f
  U5906/ZN (OR2_X1)                                       0.06       1.41 f
  U6479/ZN (INV_X1)                                       0.04       1.45 r
  U12410/ZN (AND2_X1)                                     0.05       1.50 r
  U12411/ZN (INV_X1)                                      0.02       1.53 f
  R_218/D (DFF_X1)                                        0.01       1.53 f
  data arrival time                                                  1.53

  clock clk (rise edge)                                   1.20       1.20
  clock network delay (ideal)                             0.00       1.20
  R_218/CK (DFF_X1)                                       0.00       1.20 r
  library setup time                                     -0.04       1.16
  data required time                                                 1.16
  --------------------------------------------------------------------------
  data required time                                                 1.16
  data arrival time                                                 -1.53
  --------------------------------------------------------------------------
  slack (VIOLATED)                                                  -0.37


  Startpoint: R_1081 (rising edge-triggered flip-flop clocked by clk)
  Endpoint: R_222 (rising edge-triggered flip-flop clocked by clk)
  Path Group: clk
  Path Type: max

  Des/Clust/Port     Wire Load Model       Library
  ------------------------------------------------
  dlx                5K_hvratio_1_1        NangateOpenCellLibrary

  Point                                                   Incr       Path
  --------------------------------------------------------------------------
  clock clk (rise edge)                                   0.00       0.00
  clock network delay (ideal)                             0.00       0.00
  R_1081/CK (DFF_X1)                                      0.00 #     0.00 r
  R_1081/Q (DFF_X1)                                       0.08       0.08 f
  U9038/ZN (NAND2_X1)                                     0.03       0.11 r
  U5889/ZN (AND3_X2)                                      0.05       0.16 r
  U9170/ZN (NAND2_X1)                                     0.03       0.19 f
  U10469/ZN (AND2_X1)                                     0.04       0.23 f
  U11505/ZN (AND2_X1)                                     0.04       0.27 f
  U9182/ZN (NAND2_X1)                                     0.03       0.29 r
  U14196/ZN (AND3_X1)                                     0.06       0.35 r
  U9186/ZN (NOR2_X1)                                      0.02       0.37 f
  U9312/ZN (OAI21_X1)                                     0.04       0.42 r
  U7739/ZN (NOR2_X1)                                      0.03       0.45 f
  U7945/ZN (OR2_X1)                                       0.06       0.50 f
  U5851/ZN (AND2_X2)                                      0.04       0.55 f
  U9994/ZN (NAND2_X1)                                     0.03       0.57 r
  U6374/ZN (AND2_X1)                                      0.04       0.61 r
  U9996/ZN (NOR2_X1)                                      0.02       0.63 f
  U9999/ZN (OAI21_X1)                                     0.05       0.68 r
  U10183/Z (BUF_X1)                                       0.04       0.72 r
  U14323/ZN (OR2_X1)                                      0.04       0.76 r
  U6032/ZN (OR2_X1)                                       0.03       0.79 r
  U6366/ZN (NAND3_X1)                                     0.03       0.82 f
  U6365/ZN (NOR3_X1)                                      0.06       0.88 r
  U8011/ZN (OAI211_X1)                                    0.05       0.93 f
  U14347/ZN (OR2_X1)                                      0.07       1.00 f
  U10230/ZN (INV_X1)                                      0.03       1.02 r
  U10231/ZN (NAND2_X1)                                    0.02       1.05 f
  U10232/ZN (NOR2_X1)                                     0.04       1.09 r
  U10411/ZN (NAND4_X1)                                    0.04       1.13 f
  U14311/ZN (AND2_X1)                                     0.05       1.18 f
  U7857/ZN (NAND3_X1)                                     0.03       1.21 r
  U7279/ZN (AND3_X1)                                      0.06       1.27 r
  if_stage_inst/btb_inst/br_corr_flush (BTB_if_1)         0.00       1.27 r
  if_stage_inst/btb_inst/U305/ZN (NOR2_X1)                0.03       1.30 f
  if_stage_inst/btb_inst/U22/ZN (AND4_X2)                 0.05       1.35 f
  if_stage_inst/btb_inst/pr_sel[0] (BTB_if_1)             0.00       1.35 f
  U5906/ZN (OR2_X1)                                       0.06       1.41 f
  U6479/ZN (INV_X1)                                       0.04       1.45 r
  U12419/ZN (AND2_X1)                                     0.05       1.50 r
  U12420/ZN (INV_X1)                                      0.02       1.53 f
  R_222/D (DFF_X1)                                        0.01       1.53 f
  data arrival time                                                  1.53

  clock clk (rise edge)                                   1.20       1.20
  clock network delay (ideal)                             0.00       1.20
  R_222/CK (DFF_X1)                                       0.00       1.20 r
  library setup time                                     -0.04       1.16
  data required time                                                 1.16
  --------------------------------------------------------------------------
  data required time                                                 1.16
  data arrival time                                                 -1.53
  --------------------------------------------------------------------------
  slack (VIOLATED)                                                  -0.37


  Startpoint: R_1077 (rising edge-triggered flip-flop clocked by clk)
  Endpoint: R_145 (rising edge-triggered flip-flop clocked by clk)
  Path Group: clk
  Path Type: max

  Des/Clust/Port     Wire Load Model       Library
  ------------------------------------------------
  dlx                5K_hvratio_1_1        NangateOpenCellLibrary

  Point                                                   Incr       Path
  --------------------------------------------------------------------------
  clock clk (rise edge)                                   0.00       0.00
  clock network delay (ideal)                             0.00       0.00
  R_1077/CK (DFF_X1)                                      0.00 #     0.00 r
  R_1077/Q (DFF_X1)                                       0.09       0.09 f
  U6405/ZN (NOR2_X1)                                      0.06       0.14 r
  U6429/ZN (XNOR2_X1)                                     0.07       0.21 r
  U6430/ZN (NOR2_X1)                                      0.03       0.24 f
  U9090/ZN (NOR2_X1)                                      0.04       0.28 r
  U9093/ZN (NAND2_X1)                                     0.04       0.32 f
  U9094/ZN (NOR2_X1)                                      0.05       0.37 r
  U9108/ZN (AOI21_X1)                                     0.03       0.40 f
  U9112/ZN (OAI21_X1)                                     0.05       0.45 r
  U9113/ZN (AOI21_X1)                                     0.03       0.48 f
  U9274/ZN (OAI21_X1)                                     0.05       0.53 r
  U7801/ZN (NAND2_X1)                                     0.03       0.55 f
  U6340/ZN (AND2_X1)                                      0.04       0.60 f
  U9384/ZN (OAI21_X1)                                     0.06       0.66 r
  U8718/ZN (NAND2_X1)                                     0.03       0.69 f
  U8733/ZN (NAND2_X1)                                     0.03       0.72 r
  U9533/ZN (AOI21_X1)                                     0.03       0.75 f
  U7972/ZN (OAI21_X1)                                     0.06       0.81 r
  U10549/ZN (AOI21_X1)                                    0.04       0.85 f
  U7747/ZN (XNOR2_X1)                                     0.05       0.90 f
  U10551/ZN (AND2_X1)                                     0.04       0.94 f
  U10552/ZN (OAI21_X1)                                    0.04       0.98 r
  U8094/ZN (AND4_X1)                                      0.06       1.04 r
  U5871/ZN (NAND4_X1)                                     0.04       1.08 f
  U5870/ZN (NOR3_X1)                                      0.05       1.13 r
  U10565/ZN (AND3_X1)                                     0.05       1.19 r
  U10626/ZN (NAND4_X1)                                    0.04       1.22 f
  U7279/ZN (AND3_X1)                                      0.05       1.27 f
  if_stage_inst/btb_inst/br_corr_flush (BTB_if_1)         0.00       1.27 f
  if_stage_inst/btb_inst/U305/ZN (NOR2_X1)                0.04       1.31 r
  if_stage_inst/btb_inst/U22/ZN (AND4_X2)                 0.07       1.39 r
  if_stage_inst/btb_inst/pr_sel[0] (BTB_if_1)             0.00       1.39 r
  U5909/ZN (OR2_X1)                                       0.05       1.43 r
  U6478/ZN (INV_X1)                                       0.03       1.47 f
  U12447/ZN (AND2_X1)                                     0.04       1.51 f
  U12448/ZN (INV_X1)                                      0.02       1.53 r
  R_145/D (DFF_X2)                                        0.01       1.54 r
  data arrival time                                                  1.54

  clock clk (rise edge)                                   1.20       1.20
  clock network delay (ideal)                             0.00       1.20
  R_145/CK (DFF_X2)                                       0.00       1.20 r
  library setup time                                     -0.03       1.17
  data required time                                                 1.17
  --------------------------------------------------------------------------
  data required time                                                 1.17
  data arrival time                                                 -1.54
  --------------------------------------------------------------------------
  slack (VIOLATED)                                                  -0.37


  Startpoint: R_1077 (rising edge-triggered flip-flop clocked by clk)
  Endpoint: R_125 (rising edge-triggered flip-flop clocked by clk)
  Path Group: clk
  Path Type: max

  Des/Clust/Port     Wire Load Model       Library
  ------------------------------------------------
  dlx                5K_hvratio_1_1        NangateOpenCellLibrary

  Point                                                   Incr       Path
  --------------------------------------------------------------------------
  clock clk (rise edge)                                   0.00       0.00
  clock network delay (ideal)                             0.00       0.00
  R_1077/CK (DFF_X1)                                      0.00 #     0.00 r
  R_1077/Q (DFF_X1)                                       0.09       0.09 f
  U6405/ZN (NOR2_X1)                                      0.06       0.14 r
  U6429/ZN (XNOR2_X1)                                     0.07       0.21 r
  U6430/ZN (NOR2_X1)                                      0.03       0.24 f
  U9090/ZN (NOR2_X1)                                      0.04       0.28 r
  U9093/ZN (NAND2_X1)                                     0.04       0.32 f
  U9094/ZN (NOR2_X1)                                      0.05       0.37 r
  U9108/ZN (AOI21_X1)                                     0.03       0.40 f
  U9112/ZN (OAI21_X1)                                     0.05       0.45 r
  U9113/ZN (AOI21_X1)                                     0.03       0.48 f
  U9274/ZN (OAI21_X1)                                     0.05       0.53 r
  U7801/ZN (NAND2_X1)                                     0.03       0.55 f
  U6340/ZN (AND2_X1)                                      0.04       0.60 f
  U9384/ZN (OAI21_X1)                                     0.06       0.66 r
  U8718/ZN (NAND2_X1)                                     0.03       0.69 f
  U8733/ZN (NAND2_X1)                                     0.03       0.72 r
  U9533/ZN (AOI21_X1)                                     0.03       0.75 f
  U7972/ZN (OAI21_X1)                                     0.06       0.81 r
  U10549/ZN (AOI21_X1)                                    0.04       0.85 f
  U7747/ZN (XNOR2_X1)                                     0.05       0.90 f
  U10551/ZN (AND2_X1)                                     0.04       0.94 f
  U10552/ZN (OAI21_X1)                                    0.04       0.98 r
  U8094/ZN (AND4_X1)                                      0.06       1.04 r
  U5871/ZN (NAND4_X1)                                     0.04       1.08 f
  U5870/ZN (NOR3_X1)                                      0.05       1.13 r
  U10565/ZN (AND3_X1)                                     0.05       1.19 r
  U10626/ZN (NAND4_X1)                                    0.04       1.22 f
  U7279/ZN (AND3_X1)                                      0.05       1.27 f
  if_stage_inst/btb_inst/br_corr_flush (BTB_if_1)         0.00       1.27 f
  if_stage_inst/btb_inst/U305/ZN (NOR2_X1)                0.04       1.31 r
  if_stage_inst/btb_inst/U22/ZN (AND4_X2)                 0.07       1.39 r
  if_stage_inst/btb_inst/pr_sel[0] (BTB_if_1)             0.00       1.39 r
  U5909/ZN (OR2_X1)                                       0.05       1.43 r
  U6483/ZN (INV_X1)                                       0.03       1.47 f
  U12443/ZN (AND2_X1)                                     0.04       1.51 f
  U12444/ZN (INV_X1)                                      0.02       1.53 r
  R_125/D (DFF_X2)                                        0.01       1.54 r
  data arrival time                                                  1.54

  clock clk (rise edge)                                   1.20       1.20
  clock network delay (ideal)                             0.00       1.20
  R_125/CK (DFF_X2)                                       0.00       1.20 r
  library setup time                                     -0.03       1.17
  data required time                                                 1.17
  --------------------------------------------------------------------------
  data required time                                                 1.17
  data arrival time                                                 -1.54
  --------------------------------------------------------------------------
  slack (VIOLATED)                                                  -0.37


  Startpoint: R_1077 (rising edge-triggered flip-flop clocked by clk)
  Endpoint: R_169 (rising edge-triggered flip-flop clocked by clk)
  Path Group: clk
  Path Type: max

  Des/Clust/Port     Wire Load Model       Library
  ------------------------------------------------
  dlx                5K_hvratio_1_1        NangateOpenCellLibrary

  Point                                                   Incr       Path
  --------------------------------------------------------------------------
  clock clk (rise edge)                                   0.00       0.00
  clock network delay (ideal)                             0.00       0.00
  R_1077/CK (DFF_X1)                                      0.00 #     0.00 r
  R_1077/Q (DFF_X1)                                       0.09       0.09 f
  U6405/ZN (NOR2_X1)                                      0.06       0.14 r
  U6429/ZN (XNOR2_X1)                                     0.07       0.21 r
  U6430/ZN (NOR2_X1)                                      0.03       0.24 f
  U9090/ZN (NOR2_X1)                                      0.04       0.28 r
  U9093/ZN (NAND2_X1)                                     0.04       0.32 f
  U9094/ZN (NOR2_X1)                                      0.05       0.37 r
  U9108/ZN (AOI21_X1)                                     0.03       0.40 f
  U9112/ZN (OAI21_X1)                                     0.05       0.45 r
  U9113/ZN (AOI21_X1)                                     0.03       0.48 f
  U9274/ZN (OAI21_X1)                                     0.05       0.53 r
  U7801/ZN (NAND2_X1)                                     0.03       0.55 f
  U6340/ZN (AND2_X1)                                      0.04       0.60 f
  U9384/ZN (OAI21_X1)                                     0.06       0.66 r
  U8718/ZN (NAND2_X1)                                     0.03       0.69 f
  U8733/ZN (NAND2_X1)                                     0.03       0.72 r
  U9533/ZN (AOI21_X1)                                     0.03       0.75 f
  U7972/ZN (OAI21_X1)                                     0.06       0.81 r
  U10549/ZN (AOI21_X1)                                    0.04       0.85 f
  U7747/ZN (XNOR2_X1)                                     0.05       0.90 f
  U10551/ZN (AND2_X1)                                     0.04       0.94 f
  U10552/ZN (OAI21_X1)                                    0.04       0.98 r
  U8094/ZN (AND4_X1)                                      0.06       1.04 r
  U5871/ZN (NAND4_X1)                                     0.04       1.08 f
  U5870/ZN (NOR3_X1)                                      0.05       1.13 r
  U10565/ZN (AND3_X1)                                     0.05       1.19 r
  U10626/ZN (NAND4_X1)                                    0.04       1.22 f
  U7279/ZN (AND3_X1)                                      0.05       1.27 f
  if_stage_inst/btb_inst/br_corr_flush (BTB_if_1)         0.00       1.27 f
  if_stage_inst/btb_inst/U305/ZN (NOR2_X1)                0.04       1.31 r
  if_stage_inst/btb_inst/U22/ZN (AND4_X2)                 0.07       1.39 r
  if_stage_inst/btb_inst/pr_sel[0] (BTB_if_1)             0.00       1.39 r
  U5909/ZN (OR2_X1)                                       0.05       1.43 r
  U14348/ZN (INV_X1)                                      0.03       1.47 f
  U12439/ZN (AND2_X1)                                     0.04       1.51 f
  U12440/ZN (INV_X1)                                      0.02       1.53 r
  R_169/D (DFF_X2)                                        0.01       1.54 r
  data arrival time                                                  1.54

  clock clk (rise edge)                                   1.20       1.20
  clock network delay (ideal)                             0.00       1.20
  R_169/CK (DFF_X2)                                       0.00       1.20 r
  library setup time                                     -0.03       1.17
  data required time                                                 1.17
  --------------------------------------------------------------------------
  data required time                                                 1.17
  data arrival time                                                 -1.54
  --------------------------------------------------------------------------
  slack (VIOLATED)                                                  -0.37


  Startpoint: R_1077 (rising edge-triggered flip-flop clocked by clk)
  Endpoint: R_235 (rising edge-triggered flip-flop clocked by clk)
  Path Group: clk
  Path Type: max

  Des/Clust/Port     Wire Load Model       Library
  ------------------------------------------------
  dlx                5K_hvratio_1_1        NangateOpenCellLibrary

  Point                                                   Incr       Path
  --------------------------------------------------------------------------
  clock clk (rise edge)                                   0.00       0.00
  clock network delay (ideal)                             0.00       0.00
  R_1077/CK (DFF_X1)                                      0.00 #     0.00 r
  R_1077/Q (DFF_X1)                                       0.09       0.09 f
  U6405/ZN (NOR2_X1)                                      0.06       0.14 r
  U6429/ZN (XNOR2_X1)                                     0.07       0.21 r
  U6430/ZN (NOR2_X1)                                      0.03       0.24 f
  U9090/ZN (NOR2_X1)                                      0.04       0.28 r
  U9093/ZN (NAND2_X1)                                     0.04       0.32 f
  U9094/ZN (NOR2_X1)                                      0.05       0.37 r
  U9108/ZN (AOI21_X1)                                     0.03       0.40 f
  U9112/ZN (OAI21_X1)                                     0.05       0.45 r
  U9113/ZN (AOI21_X1)                                     0.03       0.48 f
  U9274/ZN (OAI21_X1)                                     0.05       0.53 r
  U7801/ZN (NAND2_X1)                                     0.03       0.55 f
  U6340/ZN (AND2_X1)                                      0.04       0.60 f
  U9384/ZN (OAI21_X1)                                     0.06       0.66 r
  U8718/ZN (NAND2_X1)                                     0.03       0.69 f
  U8733/ZN (NAND2_X1)                                     0.03       0.72 r
  U9533/ZN (AOI21_X1)                                     0.03       0.75 f
  U7972/ZN (OAI21_X1)                                     0.06       0.81 r
  U10549/ZN (AOI21_X1)                                    0.04       0.85 f
  U7747/ZN (XNOR2_X1)                                     0.05       0.90 f
  U10551/ZN (AND2_X1)                                     0.04       0.94 f
  U10552/ZN (OAI21_X1)                                    0.04       0.98 r
  U8094/ZN (AND4_X1)                                      0.06       1.04 r
  U5871/ZN (NAND4_X1)                                     0.04       1.08 f
  U5870/ZN (NOR3_X1)                                      0.05       1.13 r
  U10565/ZN (AND3_X1)                                     0.05       1.19 r
  U10626/ZN (NAND4_X1)                                    0.04       1.22 f
  U7279/ZN (AND3_X1)                                      0.05       1.27 f
  if_stage_inst/btb_inst/br_corr_flush (BTB_if_1)         0.00       1.27 f
  if_stage_inst/btb_inst/U305/ZN (NOR2_X1)                0.04       1.31 r
  if_stage_inst/btb_inst/U22/ZN (AND4_X2)                 0.07       1.39 r
  if_stage_inst/btb_inst/pr_sel[0] (BTB_if_1)             0.00       1.39 r
  U5909/ZN (OR2_X1)                                       0.05       1.43 r
  U14348/ZN (INV_X1)                                      0.03       1.47 f
  U12495/ZN (AND2_X1)                                     0.04       1.51 f
  U12496/ZN (INV_X1)                                      0.02       1.53 r
  R_235/D (DFF_X2)                                        0.01       1.54 r
  data arrival time                                                  1.54

  clock clk (rise edge)                                   1.20       1.20
  clock network delay (ideal)                             0.00       1.20
  R_235/CK (DFF_X2)                                       0.00       1.20 r
  library setup time                                     -0.03       1.17
  data required time                                                 1.17
  --------------------------------------------------------------------------
  data required time                                                 1.17
  data arrival time                                                 -1.54
  --------------------------------------------------------------------------
  slack (VIOLATED)                                                  -0.37


  Startpoint: R_1077 (rising edge-triggered flip-flop clocked by clk)
  Endpoint: R_247 (rising edge-triggered flip-flop clocked by clk)
  Path Group: clk
  Path Type: max

  Des/Clust/Port     Wire Load Model       Library
  ------------------------------------------------
  dlx                5K_hvratio_1_1        NangateOpenCellLibrary

  Point                                                   Incr       Path
  --------------------------------------------------------------------------
  clock clk (rise edge)                                   0.00       0.00
  clock network delay (ideal)                             0.00       0.00
  R_1077/CK (DFF_X1)                                      0.00 #     0.00 r
  R_1077/Q (DFF_X1)                                       0.09       0.09 f
  U6405/ZN (NOR2_X1)                                      0.06       0.14 r
  U6429/ZN (XNOR2_X1)                                     0.07       0.21 r
  U6430/ZN (NOR2_X1)                                      0.03       0.24 f
  U9090/ZN (NOR2_X1)                                      0.04       0.28 r
  U9093/ZN (NAND2_X1)                                     0.04       0.32 f
  U9094/ZN (NOR2_X1)                                      0.05       0.37 r
  U9108/ZN (AOI21_X1)                                     0.03       0.40 f
  U9112/ZN (OAI21_X1)                                     0.05       0.45 r
  U9113/ZN (AOI21_X1)                                     0.03       0.48 f
  U9274/ZN (OAI21_X1)                                     0.05       0.53 r
  U7801/ZN (NAND2_X1)                                     0.03       0.55 f
  U6340/ZN (AND2_X1)                                      0.04       0.60 f
  U9384/ZN (OAI21_X1)                                     0.06       0.66 r
  U8718/ZN (NAND2_X1)                                     0.03       0.69 f
  U8733/ZN (NAND2_X1)                                     0.03       0.72 r
  U9533/ZN (AOI21_X1)                                     0.03       0.75 f
  U7972/ZN (OAI21_X1)                                     0.06       0.81 r
  U10549/ZN (AOI21_X1)                                    0.04       0.85 f
  U7747/ZN (XNOR2_X1)                                     0.05       0.90 f
  U10551/ZN (AND2_X1)                                     0.04       0.94 f
  U10552/ZN (OAI21_X1)                                    0.04       0.98 r
  U8094/ZN (AND4_X1)                                      0.06       1.04 r
  U5871/ZN (NAND4_X1)                                     0.04       1.08 f
  U5870/ZN (NOR3_X1)                                      0.05       1.13 r
  U10565/ZN (AND3_X1)                                     0.05       1.19 r
  U10626/ZN (NAND4_X1)                                    0.04       1.22 f
  U7279/ZN (AND3_X1)                                      0.05       1.27 f
  if_stage_inst/btb_inst/br_corr_flush (BTB_if_1)         0.00       1.27 f
  if_stage_inst/btb_inst/U305/ZN (NOR2_X1)                0.04       1.31 r
  if_stage_inst/btb_inst/U22/ZN (AND4_X2)                 0.07       1.39 r
  if_stage_inst/btb_inst/pr_sel[0] (BTB_if_1)             0.00       1.39 r
  U5909/ZN (OR2_X1)                                       0.05       1.43 r
  U14348/ZN (INV_X1)                                      0.03       1.47 f
  U12488/ZN (AND2_X1)                                     0.04       1.51 f
  U12489/ZN (INV_X1)                                      0.02       1.53 r
  R_247/D (DFF_X2)                                        0.01       1.54 r
  data arrival time                                                  1.54

  clock clk (rise edge)                                   1.20       1.20
  clock network delay (ideal)                             0.00       1.20
  R_247/CK (DFF_X2)                                       0.00       1.20 r
  library setup time                                     -0.03       1.17
  data required time                                                 1.17
  --------------------------------------------------------------------------
  data required time                                                 1.17
  data arrival time                                                 -1.54
  --------------------------------------------------------------------------
  slack (VIOLATED)                                                  -0.37


  Startpoint: R_1077 (rising edge-triggered flip-flop clocked by clk)
  Endpoint: R_202 (rising edge-triggered flip-flop clocked by clk)
  Path Group: clk
  Path Type: max

  Des/Clust/Port     Wire Load Model       Library
  ------------------------------------------------
  dlx                5K_hvratio_1_1        NangateOpenCellLibrary

  Point                                                   Incr       Path
  --------------------------------------------------------------------------
  clock clk (rise edge)                                   0.00       0.00
  clock network delay (ideal)                             0.00       0.00
  R_1077/CK (DFF_X1)                                      0.00 #     0.00 r
  R_1077/Q (DFF_X1)                                       0.09       0.09 f
  U6405/ZN (NOR2_X1)                                      0.06       0.14 r
  U6429/ZN (XNOR2_X1)                                     0.07       0.21 r
  U6430/ZN (NOR2_X1)                                      0.03       0.24 f
  U9090/ZN (NOR2_X1)                                      0.04       0.28 r
  U9093/ZN (NAND2_X1)                                     0.04       0.32 f
  U9094/ZN (NOR2_X1)                                      0.05       0.37 r
  U9108/ZN (AOI21_X1)                                     0.03       0.40 f
  U9112/ZN (OAI21_X1)                                     0.05       0.45 r
  U9113/ZN (AOI21_X1)                                     0.03       0.48 f
  U9274/ZN (OAI21_X1)                                     0.05       0.53 r
  U7801/ZN (NAND2_X1)                                     0.03       0.55 f
  U6340/ZN (AND2_X1)                                      0.04       0.60 f
  U9384/ZN (OAI21_X1)                                     0.06       0.66 r
  U8718/ZN (NAND2_X1)                                     0.03       0.69 f
  U8733/ZN (NAND2_X1)                                     0.03       0.72 r
  U9533/ZN (AOI21_X1)                                     0.03       0.75 f
  U7972/ZN (OAI21_X1)                                     0.06       0.81 r
  U10549/ZN (AOI21_X1)                                    0.04       0.85 f
  U7747/ZN (XNOR2_X1)                                     0.05       0.90 f
  U10551/ZN (AND2_X1)                                     0.04       0.94 f
  U10552/ZN (OAI21_X1)                                    0.04       0.98 r
  U8094/ZN (AND4_X1)                                      0.06       1.04 r
  U5871/ZN (NAND4_X1)                                     0.04       1.08 f
  U5870/ZN (NOR3_X1)                                      0.05       1.13 r
  U10565/ZN (AND3_X1)                                     0.05       1.19 r
  U10626/ZN (NAND4_X1)                                    0.04       1.22 f
  U7279/ZN (AND3_X1)                                      0.05       1.27 f
  if_stage_inst/btb_inst/br_corr_flush (BTB_if_1)         0.00       1.27 f
  if_stage_inst/btb_inst/U305/ZN (NOR2_X1)                0.04       1.31 r
  if_stage_inst/btb_inst/U22/ZN (AND4_X2)                 0.07       1.39 r
  if_stage_inst/btb_inst/pr_sel[0] (BTB_if_1)             0.00       1.39 r
  U5909/ZN (OR2_X1)                                       0.05       1.43 r
  U14348/ZN (INV_X1)                                      0.03       1.47 f
  U12416/ZN (AND2_X1)                                     0.04       1.51 f
  U12417/ZN (INV_X1)                                      0.02       1.53 r
  R_202/D (DFF_X2)                                        0.01       1.54 r
  data arrival time                                                  1.54

  clock clk (rise edge)                                   1.20       1.20
  clock network delay (ideal)                             0.00       1.20
  R_202/CK (DFF_X2)                                       0.00       1.20 r
  library setup time                                     -0.03       1.17
  data required time                                                 1.17
  --------------------------------------------------------------------------
  data required time                                                 1.17
  data arrival time                                                 -1.54
  --------------------------------------------------------------------------
  slack (VIOLATED)                                                  -0.37


  Startpoint: R_1077 (rising edge-triggered flip-flop clocked by clk)
  Endpoint: R_194 (rising edge-triggered flip-flop clocked by clk)
  Path Group: clk
  Path Type: max

  Des/Clust/Port     Wire Load Model       Library
  ------------------------------------------------
  dlx                5K_hvratio_1_1        NangateOpenCellLibrary

  Point                                                   Incr       Path
  --------------------------------------------------------------------------
  clock clk (rise edge)                                   0.00       0.00
  clock network delay (ideal)                             0.00       0.00
  R_1077/CK (DFF_X1)                                      0.00 #     0.00 r
  R_1077/Q (DFF_X1)                                       0.09       0.09 f
  U6405/ZN (NOR2_X1)                                      0.06       0.14 r
  U6429/ZN (XNOR2_X1)                                     0.07       0.21 r
  U6430/ZN (NOR2_X1)                                      0.03       0.24 f
  U9090/ZN (NOR2_X1)                                      0.04       0.28 r
  U9093/ZN (NAND2_X1)                                     0.04       0.32 f
  U9094/ZN (NOR2_X1)                                      0.05       0.37 r
  U9108/ZN (AOI21_X1)                                     0.03       0.40 f
  U9112/ZN (OAI21_X1)                                     0.05       0.45 r
  U9113/ZN (AOI21_X1)                                     0.03       0.48 f
  U9274/ZN (OAI21_X1)                                     0.05       0.53 r
  U7801/ZN (NAND2_X1)                                     0.03       0.55 f
  U6340/ZN (AND2_X1)                                      0.04       0.60 f
  U9384/ZN (OAI21_X1)                                     0.06       0.66 r
  U8718/ZN (NAND2_X1)                                     0.03       0.69 f
  U8733/ZN (NAND2_X1)                                     0.03       0.72 r
  U9533/ZN (AOI21_X1)                                     0.03       0.75 f
  U7972/ZN (OAI21_X1)                                     0.06       0.81 r
  U10549/ZN (AOI21_X1)                                    0.04       0.85 f
  U7747/ZN (XNOR2_X1)                                     0.05       0.90 f
  U10551/ZN (AND2_X1)                                     0.04       0.94 f
  U10552/ZN (OAI21_X1)                                    0.04       0.98 r
  U8094/ZN (AND4_X1)                                      0.06       1.04 r
  U5871/ZN (NAND4_X1)                                     0.04       1.08 f
  U5870/ZN (NOR3_X1)                                      0.05       1.13 r
  U10565/ZN (AND3_X1)                                     0.05       1.19 r
  U10626/ZN (NAND4_X1)                                    0.04       1.22 f
  U7279/ZN (AND3_X1)                                      0.05       1.27 f
  if_stage_inst/btb_inst/br_corr_flush (BTB_if_1)         0.00       1.27 f
  if_stage_inst/btb_inst/U305/ZN (NOR2_X1)                0.04       1.31 r
  if_stage_inst/btb_inst/U22/ZN (AND4_X2)                 0.07       1.39 r
  if_stage_inst/btb_inst/pr_sel[0] (BTB_if_1)             0.00       1.39 r
  U5909/ZN (OR2_X1)                                       0.05       1.43 r
  U6483/ZN (INV_X1)                                       0.03       1.47 f
  U12524/ZN (AND2_X1)                                     0.04       1.51 f
  U12525/ZN (INV_X1)                                      0.02       1.53 r
  R_194/D (DFF_X2)                                        0.01       1.54 r
  data arrival time                                                  1.54

  clock clk (rise edge)                                   1.20       1.20
  clock network delay (ideal)                             0.00       1.20
  R_194/CK (DFF_X2)                                       0.00       1.20 r
  library setup time                                     -0.03       1.17
  data required time                                                 1.17
  --------------------------------------------------------------------------
  data required time                                                 1.17
  data arrival time                                                 -1.54
  --------------------------------------------------------------------------
  slack (VIOLATED)                                                  -0.37


  Startpoint: R_1077 (rising edge-triggered flip-flop clocked by clk)
  Endpoint: R_153 (rising edge-triggered flip-flop clocked by clk)
  Path Group: clk
  Path Type: max

  Des/Clust/Port     Wire Load Model       Library
  ------------------------------------------------
  dlx                5K_hvratio_1_1        NangateOpenCellLibrary

  Point                                                   Incr       Path
  --------------------------------------------------------------------------
  clock clk (rise edge)                                   0.00       0.00
  clock network delay (ideal)                             0.00       0.00
  R_1077/CK (DFF_X1)                                      0.00 #     0.00 r
  R_1077/Q (DFF_X1)                                       0.09       0.09 f
  U6405/ZN (NOR2_X1)                                      0.06       0.14 r
  U6429/ZN (XNOR2_X1)                                     0.07       0.21 r
  U6430/ZN (NOR2_X1)                                      0.03       0.24 f
  U9090/ZN (NOR2_X1)                                      0.04       0.28 r
  U9093/ZN (NAND2_X1)                                     0.04       0.32 f
  U9094/ZN (NOR2_X1)                                      0.05       0.37 r
  U9108/ZN (AOI21_X1)                                     0.03       0.40 f
  U9112/ZN (OAI21_X1)                                     0.05       0.45 r
  U9113/ZN (AOI21_X1)                                     0.03       0.48 f
  U9274/ZN (OAI21_X1)                                     0.05       0.53 r
  U7801/ZN (NAND2_X1)                                     0.03       0.55 f
  U6340/ZN (AND2_X1)                                      0.04       0.60 f
  U9384/ZN (OAI21_X1)                                     0.06       0.66 r
  U8718/ZN (NAND2_X1)                                     0.03       0.69 f
  U8733/ZN (NAND2_X1)                                     0.03       0.72 r
  U9533/ZN (AOI21_X1)                                     0.03       0.75 f
  U7972/ZN (OAI21_X1)                                     0.06       0.81 r
  U10549/ZN (AOI21_X1)                                    0.04       0.85 f
  U7747/ZN (XNOR2_X1)                                     0.05       0.90 f
  U10551/ZN (AND2_X1)                                     0.04       0.94 f
  U10552/ZN (OAI21_X1)                                    0.04       0.98 r
  U8094/ZN (AND4_X1)                                      0.06       1.04 r
  U5871/ZN (NAND4_X1)                                     0.04       1.08 f
  U5870/ZN (NOR3_X1)                                      0.05       1.13 r
  U10565/ZN (AND3_X1)                                     0.05       1.19 r
  U10626/ZN (NAND4_X1)                                    0.04       1.22 f
  U7279/ZN (AND3_X1)                                      0.05       1.27 f
  if_stage_inst/btb_inst/br_corr_flush (BTB_if_1)         0.00       1.27 f
  if_stage_inst/btb_inst/U305/ZN (NOR2_X1)                0.04       1.31 r
  if_stage_inst/btb_inst/U22/ZN (AND4_X2)                 0.07       1.39 r
  if_stage_inst/btb_inst/pr_sel[0] (BTB_if_1)             0.00       1.39 r
  U5909/ZN (OR2_X1)                                       0.05       1.43 r
  U6483/ZN (INV_X1)                                       0.03       1.47 f
  U12435/ZN (AND2_X1)                                     0.04       1.51 f
  U12436/ZN (INV_X1)                                      0.02       1.53 r
  R_153/D (DFF_X2)                                        0.01       1.54 r
  data arrival time                                                  1.54

  clock clk (rise edge)                                   1.20       1.20
  clock network delay (ideal)                             0.00       1.20
  R_153/CK (DFF_X2)                                       0.00       1.20 r
  library setup time                                     -0.03       1.17
  data required time                                                 1.17
  --------------------------------------------------------------------------
  data required time                                                 1.17
  data arrival time                                                 -1.54
  --------------------------------------------------------------------------
  slack (VIOLATED)                                                  -0.37


  Startpoint: R_1077 (rising edge-triggered flip-flop clocked by clk)
  Endpoint: R_214 (rising edge-triggered flip-flop clocked by clk)
  Path Group: clk
  Path Type: max

  Des/Clust/Port     Wire Load Model       Library
  ------------------------------------------------
  dlx                5K_hvratio_1_1        NangateOpenCellLibrary

  Point                                                   Incr       Path
  --------------------------------------------------------------------------
  clock clk (rise edge)                                   0.00       0.00
  clock network delay (ideal)                             0.00       0.00
  R_1077/CK (DFF_X1)                                      0.00 #     0.00 r
  R_1077/Q (DFF_X1)                                       0.09       0.09 f
  U6405/ZN (NOR2_X1)                                      0.06       0.14 r
  U6429/ZN (XNOR2_X1)                                     0.07       0.21 r
  U6430/ZN (NOR2_X1)                                      0.03       0.24 f
  U9090/ZN (NOR2_X1)                                      0.04       0.28 r
  U9093/ZN (NAND2_X1)                                     0.04       0.32 f
  U9094/ZN (NOR2_X1)                                      0.05       0.37 r
  U9108/ZN (AOI21_X1)                                     0.03       0.40 f
  U9112/ZN (OAI21_X1)                                     0.05       0.45 r
  U9113/ZN (AOI21_X1)                                     0.03       0.48 f
  U9274/ZN (OAI21_X1)                                     0.05       0.53 r
  U7801/ZN (NAND2_X1)                                     0.03       0.55 f
  U6340/ZN (AND2_X1)                                      0.04       0.60 f
  U9384/ZN (OAI21_X1)                                     0.06       0.66 r
  U8718/ZN (NAND2_X1)                                     0.03       0.69 f
  U8733/ZN (NAND2_X1)                                     0.03       0.72 r
  U9533/ZN (AOI21_X1)                                     0.03       0.75 f
  U7972/ZN (OAI21_X1)                                     0.06       0.81 r
  U10549/ZN (AOI21_X1)                                    0.04       0.85 f
  U7747/ZN (XNOR2_X1)                                     0.05       0.90 f
  U10551/ZN (AND2_X1)                                     0.04       0.94 f
  U10552/ZN (OAI21_X1)                                    0.04       0.98 r
  U8094/ZN (AND4_X1)                                      0.06       1.04 r
  U5871/ZN (NAND4_X1)                                     0.04       1.08 f
  U5870/ZN (NOR3_X1)                                      0.05       1.13 r
  U10565/ZN (AND3_X1)                                     0.05       1.19 r
  U10626/ZN (NAND4_X1)                                    0.04       1.22 f
  U7279/ZN (AND3_X1)                                      0.05       1.27 f
  if_stage_inst/btb_inst/br_corr_flush (BTB_if_1)         0.00       1.27 f
  if_stage_inst/btb_inst/U305/ZN (NOR2_X1)                0.04       1.31 r
  if_stage_inst/btb_inst/U22/ZN (AND4_X2)                 0.07       1.39 r
  if_stage_inst/btb_inst/pr_sel[0] (BTB_if_1)             0.00       1.39 r
  U5909/ZN (OR2_X1)                                       0.05       1.43 r
  U6478/ZN (INV_X1)                                       0.03       1.47 f
  U12441/ZN (AND2_X1)                                     0.04       1.51 f
  U12442/ZN (INV_X1)                                      0.02       1.53 r
  R_214/D (DFF_X2)                                        0.01       1.54 r
  data arrival time                                                  1.54

  clock clk (rise edge)                                   1.20       1.20
  clock network delay (ideal)                             0.00       1.20
  R_214/CK (DFF_X2)                                       0.00       1.20 r
  library setup time                                     -0.03       1.17
  data required time                                                 1.17
  --------------------------------------------------------------------------
  data required time                                                 1.17
  data arrival time                                                 -1.54
  --------------------------------------------------------------------------
  slack (VIOLATED)                                                  -0.37


  Startpoint: R_1077 (rising edge-triggered flip-flop clocked by clk)
  Endpoint: R_181 (rising edge-triggered flip-flop clocked by clk)
  Path Group: clk
  Path Type: max

  Des/Clust/Port     Wire Load Model       Library
  ------------------------------------------------
  dlx                5K_hvratio_1_1        NangateOpenCellLibrary

  Point                                                   Incr       Path
  --------------------------------------------------------------------------
  clock clk (rise edge)                                   0.00       0.00
  clock network delay (ideal)                             0.00       0.00
  R_1077/CK (DFF_X1)                                      0.00 #     0.00 r
  R_1077/Q (DFF_X1)                                       0.09       0.09 f
  U6405/ZN (NOR2_X1)                                      0.06       0.14 r
  U6429/ZN (XNOR2_X1)                                     0.07       0.21 r
  U6430/ZN (NOR2_X1)                                      0.03       0.24 f
  U9090/ZN (NOR2_X1)                                      0.04       0.28 r
  U9093/ZN (NAND2_X1)                                     0.04       0.32 f
  U9094/ZN (NOR2_X1)                                      0.05       0.37 r
  U9108/ZN (AOI21_X1)                                     0.03       0.40 f
  U9112/ZN (OAI21_X1)                                     0.05       0.45 r
  U9113/ZN (AOI21_X1)                                     0.03       0.48 f
  U9274/ZN (OAI21_X1)                                     0.05       0.53 r
  U7801/ZN (NAND2_X1)                                     0.03       0.55 f
  U6340/ZN (AND2_X1)                                      0.04       0.60 f
  U9384/ZN (OAI21_X1)                                     0.06       0.66 r
  U8718/ZN (NAND2_X1)                                     0.03       0.69 f
  U8733/ZN (NAND2_X1)                                     0.03       0.72 r
  U9533/ZN (AOI21_X1)                                     0.03       0.75 f
  U7972/ZN (OAI21_X1)                                     0.06       0.81 r
  U10549/ZN (AOI21_X1)                                    0.04       0.85 f
  U7747/ZN (XNOR2_X1)                                     0.05       0.90 f
  U10551/ZN (AND2_X1)                                     0.04       0.94 f
  U10552/ZN (OAI21_X1)                                    0.04       0.98 r
  U8094/ZN (AND4_X1)                                      0.06       1.04 r
  U5871/ZN (NAND4_X1)                                     0.04       1.08 f
  U5870/ZN (NOR3_X1)                                      0.05       1.13 r
  U10565/ZN (AND3_X1)                                     0.05       1.19 r
  U10626/ZN (NAND4_X1)                                    0.04       1.22 f
  U7279/ZN (AND3_X1)                                      0.05       1.27 f
  if_stage_inst/btb_inst/br_corr_flush (BTB_if_1)         0.00       1.27 f
  if_stage_inst/btb_inst/U305/ZN (NOR2_X1)                0.04       1.31 r
  if_stage_inst/btb_inst/U22/ZN (AND4_X2)                 0.07       1.39 r
  if_stage_inst/btb_inst/pr_sel[0] (BTB_if_1)             0.00       1.39 r
  U5909/ZN (OR2_X1)                                       0.05       1.43 r
  U6478/ZN (INV_X1)                                       0.03       1.47 f
  U12431/ZN (AND2_X1)                                     0.04       1.51 f
  U12432/ZN (INV_X1)                                      0.02       1.53 r
  R_181/D (DFF_X2)                                        0.01       1.54 r
  data arrival time                                                  1.54

  clock clk (rise edge)                                   1.20       1.20
  clock network delay (ideal)                             0.00       1.20
  R_181/CK (DFF_X2)                                       0.00       1.20 r
  library setup time                                     -0.03       1.17
  data required time                                                 1.17
  --------------------------------------------------------------------------
  data required time                                                 1.17
  data arrival time                                                 -1.54
  --------------------------------------------------------------------------
  slack (VIOLATED)                                                  -0.37


  Startpoint: R_1077 (rising edge-triggered flip-flop clocked by clk)
  Endpoint: R_243 (rising edge-triggered flip-flop clocked by clk)
  Path Group: clk
  Path Type: max

  Des/Clust/Port     Wire Load Model       Library
  ------------------------------------------------
  dlx                5K_hvratio_1_1        NangateOpenCellLibrary

  Point                                                   Incr       Path
  --------------------------------------------------------------------------
  clock clk (rise edge)                                   0.00       0.00
  clock network delay (ideal)                             0.00       0.00
  R_1077/CK (DFF_X1)                                      0.00 #     0.00 r
  R_1077/Q (DFF_X1)                                       0.09       0.09 f
  U6405/ZN (NOR2_X1)                                      0.06       0.14 r
  U6429/ZN (XNOR2_X1)                                     0.07       0.21 r
  U6430/ZN (NOR2_X1)                                      0.03       0.24 f
  U9090/ZN (NOR2_X1)                                      0.04       0.28 r
  U9093/ZN (NAND2_X1)                                     0.04       0.32 f
  U9094/ZN (NOR2_X1)                                      0.05       0.37 r
  U9108/ZN (AOI21_X1)                                     0.03       0.40 f
  U9112/ZN (OAI21_X1)                                     0.05       0.45 r
  U9113/ZN (AOI21_X1)                                     0.03       0.48 f
  U9274/ZN (OAI21_X1)                                     0.05       0.53 r
  U7801/ZN (NAND2_X1)                                     0.03       0.55 f
  U6340/ZN (AND2_X1)                                      0.04       0.60 f
  U9384/ZN (OAI21_X1)                                     0.06       0.66 r
  U8718/ZN (NAND2_X1)                                     0.03       0.69 f
  U8733/ZN (NAND2_X1)                                     0.03       0.72 r
  U9533/ZN (AOI21_X1)                                     0.03       0.75 f
  U7972/ZN (OAI21_X1)                                     0.06       0.81 r
  U10549/ZN (AOI21_X1)                                    0.04       0.85 f
  U7747/ZN (XNOR2_X1)                                     0.05       0.90 f
  U10551/ZN (AND2_X1)                                     0.04       0.94 f
  U10552/ZN (OAI21_X1)                                    0.04       0.98 r
  U8094/ZN (AND4_X1)                                      0.06       1.04 r
  U5871/ZN (NAND4_X1)                                     0.04       1.08 f
  U5870/ZN (NOR3_X1)                                      0.05       1.13 r
  U10565/ZN (AND3_X1)                                     0.05       1.19 r
  U10626/ZN (NAND4_X1)                                    0.04       1.22 f
  U7279/ZN (AND3_X1)                                      0.05       1.27 f
  if_stage_inst/btb_inst/br_corr_flush (BTB_if_1)         0.00       1.27 f
  if_stage_inst/btb_inst/U305/ZN (NOR2_X1)                0.04       1.31 r
  if_stage_inst/btb_inst/U22/ZN (AND4_X2)                 0.07       1.39 r
  if_stage_inst/btb_inst/pr_sel[0] (BTB_if_1)             0.00       1.39 r
  U5909/ZN (OR2_X1)                                       0.05       1.43 r
  U6478/ZN (INV_X1)                                       0.03       1.47 f
  U12492/ZN (AND2_X1)                                     0.04       1.51 f
  U12493/ZN (INV_X1)                                      0.02       1.53 r
  R_243/D (DFF_X2)                                        0.01       1.54 r
  data arrival time                                                  1.54

  clock clk (rise edge)                                   1.20       1.20
  clock network delay (ideal)                             0.00       1.20
  R_243/CK (DFF_X2)                                       0.00       1.20 r
  library setup time                                     -0.03       1.17
  data required time                                                 1.17
  --------------------------------------------------------------------------
  data required time                                                 1.17
  data arrival time                                                 -1.54
  --------------------------------------------------------------------------
  slack (VIOLATED)                                                  -0.37


  Startpoint: R_1077 (rising edge-triggered flip-flop clocked by clk)
  Endpoint: R_190 (rising edge-triggered flip-flop clocked by clk)
  Path Group: clk
  Path Type: max

  Des/Clust/Port     Wire Load Model       Library
  ------------------------------------------------
  dlx                5K_hvratio_1_1        NangateOpenCellLibrary

  Point                                                   Incr       Path
  --------------------------------------------------------------------------
  clock clk (rise edge)                                   0.00       0.00
  clock network delay (ideal)                             0.00       0.00
  R_1077/CK (DFF_X1)                                      0.00 #     0.00 r
  R_1077/Q (DFF_X1)                                       0.09       0.09 f
  U6405/ZN (NOR2_X1)                                      0.06       0.14 r
  U6429/ZN (XNOR2_X1)                                     0.07       0.21 r
  U6430/ZN (NOR2_X1)                                      0.03       0.24 f
  U9090/ZN (NOR2_X1)                                      0.04       0.28 r
  U9093/ZN (NAND2_X1)                                     0.04       0.32 f
  U9094/ZN (NOR2_X1)                                      0.05       0.37 r
  U9108/ZN (AOI21_X1)                                     0.03       0.40 f
  U9112/ZN (OAI21_X1)                                     0.05       0.45 r
  U9113/ZN (AOI21_X1)                                     0.03       0.48 f
  U9274/ZN (OAI21_X1)                                     0.05       0.53 r
  U7801/ZN (NAND2_X1)                                     0.03       0.55 f
  U6340/ZN (AND2_X1)                                      0.04       0.60 f
  U9384/ZN (OAI21_X1)                                     0.06       0.66 r
  U8718/ZN (NAND2_X1)                                     0.03       0.69 f
  U8733/ZN (NAND2_X1)                                     0.03       0.72 r
  U9533/ZN (AOI21_X1)                                     0.03       0.75 f
  U7972/ZN (OAI21_X1)                                     0.06       0.81 r
  U10549/ZN (AOI21_X1)                                    0.04       0.85 f
  U7747/ZN (XNOR2_X1)                                     0.05       0.90 f
  U10551/ZN (AND2_X1)                                     0.04       0.94 f
  U10552/ZN (OAI21_X1)                                    0.04       0.98 r
  U8094/ZN (AND4_X1)                                      0.06       1.04 r
  U5871/ZN (NAND4_X1)                                     0.04       1.08 f
  U5870/ZN (NOR3_X1)                                      0.05       1.13 r
  U10565/ZN (AND3_X1)                                     0.05       1.19 r
  U10626/ZN (NAND4_X1)                                    0.04       1.22 f
  U7279/ZN (AND3_X1)                                      0.05       1.27 f
  if_stage_inst/btb_inst/br_corr_flush (BTB_if_1)         0.00       1.27 f
  if_stage_inst/btb_inst/U305/ZN (NOR2_X1)                0.04       1.31 r
  if_stage_inst/btb_inst/U22/ZN (AND4_X2)                 0.07       1.39 r
  if_stage_inst/btb_inst/pr_sel[0] (BTB_if_1)             0.00       1.39 r
  U5909/ZN (OR2_X1)                                       0.05       1.43 r
  U6483/ZN (INV_X1)                                       0.03       1.47 f
  U12412/ZN (AND2_X1)                                     0.04       1.51 f
  U12413/ZN (INV_X1)                                      0.02       1.53 r
  R_190/D (DFF_X2)                                        0.01       1.54 r
  data arrival time                                                  1.54

  clock clk (rise edge)                                   1.20       1.20
  clock network delay (ideal)                             0.00       1.20
  R_190/CK (DFF_X2)                                       0.00       1.20 r
  library setup time                                     -0.03       1.17
  data required time                                                 1.17
  --------------------------------------------------------------------------
  data required time                                                 1.17
  data arrival time                                                 -1.54
  --------------------------------------------------------------------------
  slack (VIOLATED)                                                  -0.37


  Startpoint: R_935 (rising edge-triggered flip-flop clocked by clk)
  Endpoint: R_157 (rising edge-triggered flip-flop clocked by clk)
  Path Group: clk
  Path Type: max

  Des/Clust/Port     Wire Load Model       Library
  ------------------------------------------------
  dlx                5K_hvratio_1_1        NangateOpenCellLibrary

  Point                                                   Incr       Path
  --------------------------------------------------------------------------
  clock clk (rise edge)                                   0.00       0.00
  clock network delay (ideal)                             0.00       0.00
  R_935/CK (DFF_X1)                                       0.00 #     0.00 r
  R_935/Q (DFF_X1)                                        0.11       0.11 r
  U8732/ZN (AOI22_X1)                                     0.05       0.16 f
  U5956/ZN (AND3_X2)                                      0.05       0.21 f
  U8907/ZN (XNOR2_X1)                                     0.06       0.27 f
  U6399/ZN (AND2_X1)                                      0.05       0.31 f
  U8918/ZN (AOI21_X1)                                     0.05       0.37 r
  U9239/ZN (OAI21_X1)                                     0.03       0.40 f
  U9240/ZN (AOI21_X1)                                     0.06       0.46 r
  U9292/ZN (OAI21_X1)                                     0.04       0.49 f
  U9350/ZN (NAND2_X1)                                     0.03       0.52 r
  U9351/ZN (NAND2_X1)                                     0.03       0.55 f
  U6494/ZN (AOI21_X1)                                     0.06       0.61 r
  U10084/ZN (NAND2_X1)                                    0.04       0.65 f
  U7271/ZN (AND3_X1)                                      0.05       0.70 f
  U10108/ZN (AOI21_X1)                                    0.04       0.74 r
  U7749/ZN (XNOR2_X1)                                     0.06       0.80 r
  U6404/ZN (AND3_X1)                                      0.05       0.85 r
  U7807/ZN (AND3_X1)                                      0.05       0.90 r
  U7869/ZN (NAND4_X1)                                     0.04       0.94 f
  U7868/Z (MUX2_X1)                                       0.08       1.02 r
  U6393/ZN (NAND2_X1)                                     0.03       1.05 f
  U10232/ZN (NOR2_X1)                                     0.04       1.09 r
  U10411/ZN (NAND4_X1)                                    0.04       1.13 f
  U14311/ZN (AND2_X1)                                     0.05       1.18 f
  U7857/ZN (NAND3_X1)                                     0.03       1.21 r
  U7279/ZN (AND3_X1)                                      0.06       1.27 r
  if_stage_inst/btb_inst/br_corr_flush (BTB_if_1)         0.00       1.27 r
  if_stage_inst/btb_inst/U305/ZN (NOR2_X1)                0.03       1.30 f
  if_stage_inst/btb_inst/U22/ZN (AND4_X2)                 0.05       1.35 f
  if_stage_inst/btb_inst/pr_sel[0] (BTB_if_1)             0.00       1.35 f
  U5906/ZN (OR2_X1)                                       0.06       1.41 f
  U6479/ZN (INV_X1)                                       0.04       1.45 r
  U12423/ZN (AND2_X1)                                     0.05       1.50 r
  U12424/ZN (INV_X1)                                      0.02       1.52 f
  R_157/D (DFF_X1)                                        0.01       1.53 f
  data arrival time                                                  1.53

  clock clk (rise edge)                                   1.20       1.20
  clock network delay (ideal)                             0.00       1.20
  R_157/CK (DFF_X1)                                       0.00       1.20 r
  library setup time                                     -0.04       1.16
  data required time                                                 1.16
  --------------------------------------------------------------------------
  data required time                                                 1.16
  data arrival time                                                 -1.53
  --------------------------------------------------------------------------
  slack (VIOLATED)                                                  -0.37


  Startpoint: R_935 (rising edge-triggered flip-flop clocked by clk)
  Endpoint: R_165 (rising edge-triggered flip-flop clocked by clk)
  Path Group: clk
  Path Type: max

  Des/Clust/Port     Wire Load Model       Library
  ------------------------------------------------
  dlx                5K_hvratio_1_1        NangateOpenCellLibrary

  Point                                                   Incr       Path
  --------------------------------------------------------------------------
  clock clk (rise edge)                                   0.00       0.00
  clock network delay (ideal)                             0.00       0.00
  R_935/CK (DFF_X1)                                       0.00 #     0.00 r
  R_935/Q (DFF_X1)                                        0.11       0.11 r
  U8732/ZN (AOI22_X1)                                     0.05       0.16 f
  U5956/ZN (AND3_X2)                                      0.05       0.21 f
  U8907/ZN (XNOR2_X1)                                     0.06       0.27 f
  U6399/ZN (AND2_X1)                                      0.05       0.31 f
  U8918/ZN (AOI21_X1)                                     0.05       0.37 r
  U9239/ZN (OAI21_X1)                                     0.03       0.40 f
  U9240/ZN (AOI21_X1)                                     0.06       0.46 r
  U9292/ZN (OAI21_X1)                                     0.04       0.49 f
  U9350/ZN (NAND2_X1)                                     0.03       0.52 r
  U9351/ZN (NAND2_X1)                                     0.03       0.55 f
  U6494/ZN (AOI21_X1)                                     0.06       0.61 r
  U10084/ZN (NAND2_X1)                                    0.04       0.65 f
  U7271/ZN (AND3_X1)                                      0.05       0.70 f
  U10108/ZN (AOI21_X1)                                    0.04       0.74 r
  U7749/ZN (XNOR2_X1)                                     0.06       0.80 r
  U6404/ZN (AND3_X1)                                      0.05       0.85 r
  U7807/ZN (AND3_X1)                                      0.05       0.90 r
  U7869/ZN (NAND4_X1)                                     0.04       0.94 f
  U7868/Z (MUX2_X1)                                       0.08       1.02 r
  U6393/ZN (NAND2_X1)                                     0.03       1.05 f
  U10232/ZN (NOR2_X1)                                     0.04       1.09 r
  U10411/ZN (NAND4_X1)                                    0.04       1.13 f
  U14311/ZN (AND2_X1)                                     0.05       1.18 f
  U7857/ZN (NAND3_X1)                                     0.03       1.21 r
  U7279/ZN (AND3_X1)                                      0.06       1.27 r
  if_stage_inst/btb_inst/br_corr_flush (BTB_if_1)         0.00       1.27 r
  if_stage_inst/btb_inst/U305/ZN (NOR2_X1)                0.03       1.30 f
  if_stage_inst/btb_inst/U22/ZN (AND4_X2)                 0.05       1.35 f
  if_stage_inst/btb_inst/pr_sel[0] (BTB_if_1)             0.00       1.35 f
  U5906/ZN (OR2_X1)                                       0.06       1.41 f
  U6479/ZN (INV_X1)                                       0.04       1.45 r
  U12425/ZN (AND2_X1)                                     0.05       1.50 r
  U12426/ZN (INV_X1)                                      0.02       1.52 f
  R_165/D (DFF_X1)                                        0.01       1.53 f
  data arrival time                                                  1.53

  clock clk (rise edge)                                   1.20       1.20
  clock network delay (ideal)                             0.00       1.20
  R_165/CK (DFF_X1)                                       0.00       1.20 r
  library setup time                                     -0.04       1.16
  data required time                                                 1.16
  --------------------------------------------------------------------------
  data required time                                                 1.16
  data arrival time                                                 -1.53
  --------------------------------------------------------------------------
  slack (VIOLATED)                                                  -0.37


1
