Information: Updating design information... (UID-85)
 
****************************************
Report : qor
Design : dlx
Version: W-2024.09-SP2
Date   : Wed Sep 16 04:51:49 2026
****************************************


  Timing Path Group 'clk'
  -----------------------------------
  Levels of Logic:              34.00
  Critical Path Length:          1.68
  Critical Path Slack:          -0.83
  Critical Path Clk Period:      0.90
  Total Negative Slack:       -658.46
  No. of Violating Paths:     1327.00
  Worst Hold Violation:          0.00
  Total Hold Violation:          0.00
  No. of Hold Violations:        0.00
  -----------------------------------


  Cell Count
  -----------------------------------
  Hierarchical Cell Count:         55
  Hierarchical Port Count:        575
  Leaf Cell Count:              14790
  Buf/Inv Cell Count:            1316
  Buf Cell Count:                 169
  Inv Cell Count:                1147
  CT Buf/Inv Cell Count:            0
  Combinational Cell Count:     12135
  Sequential Cell Count:         2655
  Macro Count:                      0
  -----------------------------------


  Area
  -----------------------------------
  Combinational Area:    13500.829990
  Noncombinational Area: 12046.341587
  Buf/Inv Area:            769.804003
  Total Buffer Area:           151.35
  Total Inverter Area:         618.45
  Macro/Black Box Area:      0.000000
  Net Area:                  0.000000
  -----------------------------------
  Cell Area:             25547.171577
  Design Area:           25547.171577


  Design Rules
  -----------------------------------
  Total Number of Nets:         15266
  Nets With Violations:             0
  Max Trans Violations:             0
  Max Cap Violations:               0
  -----------------------------------


  Hostname: microsys.openstack.polito

  Compile CPU Statistics
  -----------------------------------------
  Resource Sharing:                    0.01
  Logic Optimization:                  0.46
  Mapping Optimization:               24.72
  -----------------------------------------
  Overall Compile Time:               40.74
  Overall Compile Wall Clock Time:    41.34

  --------------------------------------------------------------------

  Design  WNS: 0.83  TNS: 658.46  Number of Violating Paths: 1327


  Design (Hold)  WNS: 0.00  TNS: 0.00  Number of Violating Paths: 0

  --------------------------------------------------------------------


1
