 
****************************************
Report : qor
Design : dlx
Version: W-2024.09-SP2
Date   : Wed Sep 16 14:12:46 2026
****************************************


  Timing Path Group 'clk'
  -----------------------------------
  Levels of Logic:              30.00
  Critical Path Length:          1.60
  Critical Path Slack:           0.00
  Critical Path Clk Period:      1.81
  Total Negative Slack:          0.00
  No. of Violating Paths:        0.00
  Worst Hold Violation:          0.00
  Total Hold Violation:          0.00
  No. of Hold Violations:        0.00
  -----------------------------------


  Cell Count
  -----------------------------------
  Hierarchical Cell Count:         53
  Hierarchical Port Count:        271
  Leaf Cell Count:              15642
  Buf/Inv Cell Count:            1294
  Buf Cell Count:                 169
  Inv Cell Count:                1125
  CT Buf/Inv Cell Count:            0
  Combinational Cell Count:     12961
  Sequential Cell Count:         2681
  Macro Count:                      0
  -----------------------------------


  Area
  -----------------------------------
  Combinational Area:    13862.323946
  Noncombinational Area: 12154.337580
  Buf/Inv Area:            767.942004
  Total Buffer Area:           159.60
  Total Inverter Area:         608.34
  Macro/Black Box Area:      0.000000
  Net Area:                  0.000000
  -----------------------------------
  Cell Area:             26016.661526
  Design Area:           26016.661526


  Design Rules
  -----------------------------------
  Total Number of Nets:         16708
  Nets With Violations:             0
  Max Trans Violations:             0
  Max Cap Violations:               0
  -----------------------------------


  Hostname: microsys.openstack.polito

  Compile CPU Statistics
  -----------------------------------------
  Resource Sharing:                    0.01
  Logic Optimization:                  0.47
  Mapping Optimization:               22.27
  -----------------------------------------
  Overall Compile Time:               38.36
  Overall Compile Wall Clock Time:    38.93

  --------------------------------------------------------------------

  Design  WNS: 0.00  TNS: 0.00  Number of Violating Paths: 0


  Design (Hold)  WNS: 0.00  TNS: 0.00  Number of Violating Paths: 0

  --------------------------------------------------------------------


1
