Information: Propagating switching activity (low effort zero delay simulation). (PWR-6)
Warning: The derived static probability value (0.500000) for the clock net 'clk' conflicts with the annotated value (0.262219). Using the annotated value. (PWR-12)
Warning: The derived toggle rate value (1.082251) for the clock net 'clk' conflicts with the annotated value (0.582411). Using the annotated value. (PWR-12)
 
****************************************
Report : power
        -hier
        -analysis_effort low
Design : dlx
Version: W-2024.09-SP2
Date   : Wed Sep 16 16:42:16 2026
****************************************


Library(s) Used:

    NangateOpenCellLibrary (File: /home/repository/do/libnandgate/NangateOpenCellLibrary_typical_ecsm.db)


Operating Conditions: typical   Library: NangateOpenCellLibrary
Wire Load Model Mode: top

Design        Wire Load Model            Library
------------------------------------------------
dlx                    5K_hvratio_1_1    NangateOpenCellLibrary


Global Operating Voltage = 1.1  
Power-specific unit information :
    Voltage Units = 1V
    Capacitance Units = 1.000000ff
    Time Units = 1ns
    Dynamic Power Units = 1uW    (derived from V,C,T units)
    Leakage Power Units = 1nW


--------------------------------------------------------------------------------
                                       Switch   Int      Leak     Total
Hierarchy                              Power    Power    Power    Power    %
--------------------------------------------------------------------------------
dlx                                     807.010 2.67e+03 5.27e+05 4.01e+03 100.0
  id_stage_inst/reg_file_inst (reg_file_id_1)
                                        560.496 2.00e+03 1.48e+05 2.71e+03  67.6
1
