 
****************************************
Report : constraint
        -all_violators
Design : dlx
Version: W-2024.09-SP2
Date   : Wed Sep 16 05:14:41 2026
****************************************


   max_delay/setup ('clk' group)

                             Required        Actual
   Endpoint                 Path Delay     Path Delay        Slack
   -----------------------------------------------------------------
   if_stage_inst/pc_reg_inst/reg_data_reg[15]/D
                                1.75           1.90 f        -0.15  (VIOLATED)
   if_stage_inst/predicted_target_reg/reg_data_reg[15]/D
                                1.75           1.90 f        -0.15  (VIOLATED)
   if_stage_inst/pc_reg_inst/reg_data_reg[21]/D
                                1.75           1.90 f        -0.15  (VIOLATED)
   if_stage_inst/predicted_target_reg/reg_data_reg[21]/D
                                1.75           1.90 f        -0.15  (VIOLATED)
   if_stage_inst/pc_reg_inst/reg_data_reg[17]/D
                                1.75           1.90 f        -0.15  (VIOLATED)
   if_stage_inst/predicted_target_reg/reg_data_reg[17]/D
                                1.75           1.90 f        -0.15  (VIOLATED)
   if_stage_inst/pc_reg_inst/reg_data_reg[27]/D
                                1.75           1.90 f        -0.15  (VIOLATED)
   if_stage_inst/predicted_target_reg/reg_data_reg[27]/D
                                1.75           1.90 f        -0.15  (VIOLATED)
   if_stage_inst/pc_reg_inst/reg_data_reg[24]/D
                                1.75           1.90 f        -0.15  (VIOLATED)
   if_stage_inst/predicted_target_reg/reg_data_reg[24]/D
                                1.75           1.90 f        -0.15  (VIOLATED)
   if_stage_inst/pc_reg_inst/reg_data_reg[25]/D
                                1.75           1.90 f        -0.15  (VIOLATED)
   if_stage_inst/predicted_target_reg/reg_data_reg[25]/D
                                1.75           1.90 f        -0.15  (VIOLATED)
   if_stage_inst/pc_reg_inst/reg_data_reg[5]/D
                                1.75           1.90 f        -0.15  (VIOLATED)
   if_stage_inst/predicted_target_reg/reg_data_reg[5]/D
                                1.75           1.90 f        -0.15  (VIOLATED)
   if_stage_inst/pc_reg_inst/reg_data_reg[11]/D
                                1.75           1.90 f        -0.15  (VIOLATED)
   if_stage_inst/predicted_target_reg/reg_data_reg[11]/D
                                1.75           1.90 f        -0.15  (VIOLATED)
   if_stage_inst/pc_reg_inst/reg_data_reg[30]/D
                                1.75           1.90 f        -0.15  (VIOLATED)
   if_stage_inst/pc_reg_inst/reg_data_reg[31]/D
                                1.75           1.90 f        -0.15  (VIOLATED)
   if_stage_inst/predicted_target_reg/reg_data_reg[30]/D
                                1.75           1.90 f        -0.15  (VIOLATED)
   if_stage_inst/predicted_target_reg/reg_data_reg[31]/D
                                1.75           1.90 f        -0.15  (VIOLATED)
   if_stage_inst/pc_reg_inst/reg_data_reg[26]/D
                                1.75           1.90 f        -0.15  (VIOLATED)
   if_stage_inst/predicted_target_reg/reg_data_reg[26]/D
                                1.75           1.90 f        -0.15  (VIOLATED)
   if_stage_inst/pc_reg_inst/reg_data_reg[13]/D
                                1.75           1.90 f        -0.15  (VIOLATED)
   if_stage_inst/predicted_target_reg/reg_data_reg[13]/D
                                1.75           1.90 f        -0.15  (VIOLATED)
   if_stage_inst/pc_reg_inst/reg_data_reg[0]/D
                                1.76           1.91 r        -0.15  (VIOLATED)
   if_stage_inst/pc_reg_inst/reg_data_reg[1]/D
                                1.76           1.91 r        -0.15  (VIOLATED)
   if_stage_inst/pc_reg_inst/reg_data_reg[6]/D
                                1.76           1.91 r        -0.15  (VIOLATED)
   if_stage_inst/pc_reg_inst/reg_data_reg[14]/D
                                1.76           1.91 r        -0.15  (VIOLATED)
   if_stage_inst/pc_reg_inst/reg_data_reg[22]/D
                                1.76           1.91 r        -0.15  (VIOLATED)
   if_stage_inst/predicted_target_reg/reg_data_reg[0]/D
                                1.76           1.91 r        -0.15  (VIOLATED)
   if_stage_inst/predicted_target_reg/reg_data_reg[1]/D
                                1.76           1.91 r        -0.15  (VIOLATED)
   if_stage_inst/predicted_target_reg/reg_data_reg[6]/D
                                1.76           1.91 r        -0.15  (VIOLATED)
   if_stage_inst/predicted_target_reg/reg_data_reg[14]/D
                                1.76           1.91 r        -0.15  (VIOLATED)
   if_stage_inst/predicted_target_reg/reg_data_reg[22]/D
                                1.76           1.91 r        -0.15  (VIOLATED)
   if_stage_inst/pc_reg_inst/reg_data_reg[8]/D
                                1.76           1.91 r        -0.15  (VIOLATED)
   if_stage_inst/pc_reg_inst/reg_data_reg[10]/D
                                1.76           1.91 r        -0.15  (VIOLATED)
   if_stage_inst/pc_reg_inst/reg_data_reg[18]/D
                                1.76           1.91 r        -0.15  (VIOLATED)
   if_stage_inst/pc_reg_inst/reg_data_reg[28]/D
                                1.76           1.91 r        -0.15  (VIOLATED)
   if_stage_inst/pc_reg_inst/reg_data_reg[29]/D
                                1.76           1.91 r        -0.15  (VIOLATED)
   if_stage_inst/predicted_target_reg/reg_data_reg[8]/D
                                1.76           1.91 r        -0.15  (VIOLATED)
   if_stage_inst/predicted_target_reg/reg_data_reg[10]/D
                                1.76           1.91 r        -0.15  (VIOLATED)
   if_stage_inst/predicted_target_reg/reg_data_reg[18]/D
                                1.76           1.91 r        -0.15  (VIOLATED)
   if_stage_inst/predicted_target_reg/reg_data_reg[28]/D
                                1.76           1.91 r        -0.15  (VIOLATED)
   if_stage_inst/predicted_target_reg/reg_data_reg[29]/D
                                1.76           1.91 r        -0.15  (VIOLATED)
   if_stage_inst/pc_reg_inst/reg_data_reg[2]/D
                                1.76           1.91 r        -0.15  (VIOLATED)
   if_stage_inst/pc_reg_inst/reg_data_reg[3]/D
                                1.76           1.91 r        -0.15  (VIOLATED)
   if_stage_inst/pc_reg_inst/reg_data_reg[7]/D
                                1.76           1.91 r        -0.15  (VIOLATED)
   if_stage_inst/pc_reg_inst/reg_data_reg[9]/D
                                1.76           1.91 r        -0.15  (VIOLATED)
   if_stage_inst/pc_reg_inst/reg_data_reg[19]/D
                                1.76           1.91 r        -0.15  (VIOLATED)
   if_stage_inst/pc_reg_inst/reg_data_reg[23]/D
                                1.76           1.91 r        -0.15  (VIOLATED)
   if_stage_inst/predicted_target_reg/reg_data_reg[2]/D
                                1.76           1.91 r        -0.15  (VIOLATED)
   if_stage_inst/predicted_target_reg/reg_data_reg[3]/D
                                1.76           1.91 r        -0.15  (VIOLATED)
   if_stage_inst/predicted_target_reg/reg_data_reg[7]/D
                                1.76           1.91 r        -0.15  (VIOLATED)
   if_stage_inst/predicted_target_reg/reg_data_reg[9]/D
                                1.76           1.91 r        -0.15  (VIOLATED)
   if_stage_inst/predicted_target_reg/reg_data_reg[19]/D
                                1.76           1.91 r        -0.15  (VIOLATED)
   if_stage_inst/predicted_target_reg/reg_data_reg[23]/D
                                1.76           1.91 r        -0.15  (VIOLATED)
   if_stage_inst/pc_reg_inst/reg_data_reg[20]/D
                                1.76           1.91 r        -0.15  (VIOLATED)
   if_stage_inst/predicted_target_reg/reg_data_reg[20]/D
                                1.76           1.91 r        -0.15  (VIOLATED)
   if_stage_inst/pc_reg_inst/reg_data_reg[4]/D
                                1.76           1.91 r        -0.15  (VIOLATED)
   if_stage_inst/pc_reg_inst/reg_data_reg[16]/D
                                1.76           1.91 r        -0.15  (VIOLATED)
   if_stage_inst/predicted_target_reg/reg_data_reg[4]/D
                                1.76           1.91 r        -0.15  (VIOLATED)
   if_stage_inst/predicted_target_reg/reg_data_reg[16]/D
                                1.76           1.91 r        -0.15  (VIOLATED)
   if_stage_inst/pc_reg_inst/reg_data_reg[12]/D
                                1.75           1.90 f        -0.15  (VIOLATED)
   if_stage_inst/predicted_target_reg/reg_data_reg[12]/D
                                1.75           1.90 f        -0.15  (VIOLATED)
   ex_stage_inst/mult_pp_inst/tree_i/layer_4_r_reg[2][26]/D
                                1.76           1.91 f        -0.15  (VIOLATED)
   ex_stage_inst/mult_pp_inst/tree_i/layer_4_r_reg[0][30]/D
                                1.77           1.90 r        -0.14  (VIOLATED)
   ex_stage_inst/mult_pp_inst/tree_i/layer_4_r_reg[0][29]/D
                                1.77           1.90 r        -0.13  (VIOLATED)
   ex_stage_inst/mult_pp_inst/tree_i/layer_4_r_reg[2][31]/D
                                1.77           1.90 r        -0.13  (VIOLATED)
   ex_stage_inst/mult_pp_inst/tree_i/layer_4_r_reg[1][28]/D
                                1.76           1.89 r        -0.13  (VIOLATED)
   ex_stage_inst/mult_pp_inst/tree_i/layer_4_r_reg[3][27]/D
                                1.76           1.88 f        -0.11  (VIOLATED)
   ex_stage_inst/mult_pp_inst/tree_i/layer_4_r_reg[0][28]/D
                                1.76           1.88 r        -0.11  (VIOLATED)
   ex_stage_inst/mult_pp_inst/tree_i/layer_4_r_reg[0][24]/D
                                1.77           1.87 r        -0.11  (VIOLATED)
   R_26/D                       1.77           1.88 r        -0.11  (VIOLATED)
   ex_stage_inst/mult_pp_inst/tree_i/layer_4_r_reg[0][31]/D
                                1.76           1.87 r        -0.11  (VIOLATED)
   if_stage_inst/btb_inst/btb_reg[0][COUNTER][1]/D
                                1.75           1.85 f        -0.10  (VIOLATED)
   if_stage_inst/btb_inst/btb_reg[1][COUNTER][1]/D
                                1.75           1.85 f        -0.10  (VIOLATED)
   if_stage_inst/btb_inst/btb_reg[2][COUNTER][1]/D
                                1.75           1.85 f        -0.10  (VIOLATED)
   if_stage_inst/btb_inst/btb_reg[3][COUNTER][1]/D
                                1.75           1.85 f        -0.10  (VIOLATED)
   if_stage_inst/btb_inst/btb_reg[4][COUNTER][1]/D
                                1.75           1.85 f        -0.10  (VIOLATED)
   if_stage_inst/btb_inst/btb_reg[5][COUNTER][1]/D
                                1.75           1.85 f        -0.10  (VIOLATED)
   if_stage_inst/btb_inst/btb_reg[6][COUNTER][1]/D
                                1.75           1.85 f        -0.10  (VIOLATED)
   if_stage_inst/btb_inst/btb_reg[7][COUNTER][1]/D
                                1.75           1.85 f        -0.10  (VIOLATED)
   if_stage_inst/btb_inst/btb_reg[8][COUNTER][1]/D
                                1.75           1.85 f        -0.10  (VIOLATED)
   if_stage_inst/btb_inst/btb_reg[9][COUNTER][1]/D
                                1.75           1.85 f        -0.10  (VIOLATED)
   if_stage_inst/btb_inst/btb_reg[10][COUNTER][1]/D
                                1.75           1.85 f        -0.10  (VIOLATED)
   if_stage_inst/btb_inst/btb_reg[11][COUNTER][1]/D
                                1.75           1.85 f        -0.10  (VIOLATED)
   if_stage_inst/btb_inst/btb_reg[12][COUNTER][1]/D
                                1.75           1.85 f        -0.10  (VIOLATED)
   if_stage_inst/btb_inst/btb_reg[13][COUNTER][1]/D
                                1.75           1.85 f        -0.10  (VIOLATED)
   if_stage_inst/btb_inst/btb_reg[14][COUNTER][1]/D
                                1.75           1.85 f        -0.10  (VIOLATED)
   if_stage_inst/btb_inst/btb_reg[15][COUNTER][1]/D
                                1.75           1.85 f        -0.10  (VIOLATED)
   ex_stage_inst/mult_pp_inst/tree_i/layer_4_r_reg[0][21]/D
                                1.77           1.86 r        -0.10  (VIOLATED)
   if_stage_inst/if_id_valid_reg/reg_data_reg[0]/D
                                1.77           1.86 r        -0.10  (VIOLATED)
   ex_stage_inst/mult_pp_inst/tree_i/layer_4_r_reg[0][25]/D
                                1.77           1.86 r        -0.09  (VIOLATED)
   ex_stage_inst/mult_pp_inst/tree_i/layer_4_r_reg[1][29]/D
                                1.76           1.85 r        -0.09  (VIOLATED)
   ex_stage_inst/mult_pp_inst/tree_i/layer_4_r_reg[0][27]/D
                                1.76           1.85 r        -0.08  (VIOLATED)
   if_stage_inst/btb_inst/btb_reg[0][COUNTER][0]/D
                                1.76           1.84 f        -0.08  (VIOLATED)
   if_stage_inst/btb_inst/btb_reg[10][COUNTER][0]/D
                                1.76           1.84 f        -0.08  (VIOLATED)
   if_stage_inst/btb_inst/btb_reg[12][COUNTER][0]/D
                                1.76           1.84 f        -0.08  (VIOLATED)
   if_stage_inst/btb_inst/btb_reg[13][COUNTER][0]/D
                                1.76           1.84 f        -0.08  (VIOLATED)
   if_stage_inst/btb_inst/btb_reg[14][COUNTER][0]/D
                                1.76           1.84 f        -0.08  (VIOLATED)
   if_stage_inst/btb_inst/btb_reg[15][COUNTER][0]/D
                                1.76           1.84 f        -0.08  (VIOLATED)
   ex_stage_inst/mult_pp_inst/tree_i/layer_4_r_reg[0][26]/D
                                1.76           1.84 r        -0.08  (VIOLATED)
   if_stage_inst/btb_inst/btb_reg[3][COUNTER][0]/D
                                1.76           1.84 f        -0.08  (VIOLATED)
   if_stage_inst/btb_inst/btb_reg[5][COUNTER][0]/D
                                1.76           1.84 f        -0.08  (VIOLATED)
   if_stage_inst/btb_inst/btb_reg[7][COUNTER][0]/D
                                1.76           1.84 f        -0.08  (VIOLATED)
   if_stage_inst/btb_inst/btb_reg[9][COUNTER][0]/D
                                1.76           1.84 f        -0.08  (VIOLATED)
   if_stage_inst/btb_inst/btb_reg[1][COUNTER][0]/D
                                1.76           1.84 f        -0.08  (VIOLATED)
   if_stage_inst/btb_inst/btb_reg[2][COUNTER][0]/D
                                1.76           1.84 f        -0.08  (VIOLATED)
   if_stage_inst/btb_inst/btb_reg[4][COUNTER][0]/D
                                1.76           1.84 f        -0.08  (VIOLATED)
   if_stage_inst/btb_inst/btb_reg[6][COUNTER][0]/D
                                1.76           1.84 f        -0.08  (VIOLATED)
   if_stage_inst/btb_inst/btb_reg[8][COUNTER][0]/D
                                1.76           1.84 f        -0.08  (VIOLATED)
   if_stage_inst/btb_inst/btb_reg[11][COUNTER][0]/D
                                1.76           1.84 f        -0.08  (VIOLATED)
   R_25/D                       1.76           1.84 f        -0.08  (VIOLATED)
   ex_stage_inst/mult_pp_inst/tree_i/layer_4_r_reg[1][26]/D
                                1.76           1.84 r        -0.08  (VIOLATED)
   ex_stage_inst/mult_pp_inst/tree_i/layer_4_r_reg[1][30]/D
                                1.76           1.83 r        -0.07  (VIOLATED)
   ex_stage_inst/mult_pp_inst/tree_i/layer_4_r_reg[1][31]/D
                                1.77           1.83 r        -0.06  (VIOLATED)
   ex_stage_inst/mult_pp_inst/tree_i/layer_4_r_reg[1][25]/D
                                1.77           1.82 r        -0.06  (VIOLATED)
   ex_stage_inst/mult_pp_inst/tree_i/layer_4_r_reg[1][22]/D
                                1.76           1.81 f        -0.05  (VIOLATED)
   R_28/D                       1.77           1.79 r        -0.02  (VIOLATED)
   ex_stage_inst/mult_pp_inst/tree_i/layer_4_r_reg[0][17]/D
                                1.76           1.78 f        -0.02  (VIOLATED)
   ex_stage_inst/mult_pp_inst/tree_i/layer_4_r_reg[0][18]/D
                                1.77           1.78 r        -0.01  (VIOLATED)
   ex_stage_inst/mult_pp_inst/tree_i/layer_4_r_reg[1][27]/D
                                1.76           1.77 r        -0.01  (VIOLATED)
   ex_stage_inst/mult_pp_inst/tree_i/layer_4_r_reg[0][20]/D
                                1.76           1.77 r        -0.01  (VIOLATED)
   ex_stage_inst/mult_pp_inst/tree_i/layer_4_r_reg[0][22]/D
                                1.77           1.77 r         0.00  (VIOLATED: increase significant digits)


   max_leakage_power

                             Required        Actual
   Design                   Leakage Power  Leakage Power     Slack
   -----------------------------------------------------------------
   dlx                          0.00       514229.44      -514229.44
                                                                    (VIOLATED)


1
