Information: Updating design information... (UID-85)
 
****************************************
Report : qor
Design : dlx
Version: W-2024.09-SP2
Date   : Wed Sep 16 06:16:00 2026
****************************************


  Timing Path Group 'clk'
  -----------------------------------
  Levels of Logic:              31.00
  Critical Path Length:          1.76
  Critical Path Slack:          -0.40
  Critical Path Clk Period:      1.40
  Total Negative Slack:       -124.38
  No. of Violating Paths:     1006.00
  Worst Hold Violation:          0.00
  Total Hold Violation:          0.00
  No. of Hold Violations:        0.00
  -----------------------------------


  Cell Count
  -----------------------------------
  Hierarchical Cell Count:         54
  Hierarchical Port Count:        572
  Leaf Cell Count:              13381
  Buf/Inv Cell Count:            1242
  Buf Cell Count:                 173
  Inv Cell Count:                1069
  CT Buf/Inv Cell Count:            0
  Combinational Cell Count:     10728
  Sequential Cell Count:         2653
  Macro Count:                      0
  -----------------------------------


  Area
  -----------------------------------
  Combinational Area:    12242.118052
  Noncombinational Area: 12045.543588
  Buf/Inv Area:            726.978003
  Total Buffer Area:           148.69
  Total Inverter Area:         578.28
  Macro/Black Box Area:      0.000000
  Net Area:                  0.000000
  -----------------------------------
  Cell Area:             24287.661640
  Design Area:           24287.661640


  Design Rules
  -----------------------------------
  Total Number of Nets:         13744
  Nets With Violations:             2
  Max Trans Violations:             1
  Max Cap Violations:               2
  -----------------------------------


  Hostname: microsys.openstack.polito

  Compile CPU Statistics
  -----------------------------------------
  Resource Sharing:                    0.01
  Logic Optimization:                  0.42
  Mapping Optimization:               19.12
  -----------------------------------------
  Overall Compile Time:               31.91
  Overall Compile Wall Clock Time:    32.44

  --------------------------------------------------------------------

  Design  WNS: 0.40  TNS: 124.38  Number of Violating Paths: 1006


  Design (Hold)  WNS: 0.00  TNS: 0.00  Number of Violating Paths: 0

  --------------------------------------------------------------------


1
