 
****************************************
Report : reference
Design : dlx
Version: W-2024.09-SP2
Date   : Wed Sep 16 05:07:24 2026
****************************************

Attributes:
    b - black box (unknown)
   bo - allows boundary optimization
    d - dont_touch
   mo - map_only
    h - hierarchical
    n - noncombinational
    r - removable
    s - synthetic operator
    u - contains unmapped logic

Reference          Library       Unit Area   Count    Total Area   Attributes
-----------------------------------------------------------------------------
AND2_X1            NangateOpenCellLibrary
                                  1.064000    1055   1122.520011  
AND2_X2            NangateOpenCellLibrary
                                  1.330000      33     43.890001  
AND2_X4            NangateOpenCellLibrary
                                  2.394000       3      7.182000  
AND3_X1            NangateOpenCellLibrary
                                  1.330000      98    130.340004  
AND3_X2            NangateOpenCellLibrary
                                  1.596000       8     12.768000  
AND3_X4            NangateOpenCellLibrary
                                  2.926000       1      2.926000  
AND4_X1            NangateOpenCellLibrary
                                  1.596000     224    357.503990  
AND4_X2            NangateOpenCellLibrary
                                  1.862000       7     13.034000  
AOI21_X1           NangateOpenCellLibrary
                                  1.064000      94    100.016001  
AOI21_X2           NangateOpenCellLibrary
                                  1.862000       2      3.724000  
AOI22_X1           NangateOpenCellLibrary
                                  1.330000     707    940.310030  
AOI22_X2           NangateOpenCellLibrary
                                  2.394000       1      2.394000  
AOI211_X1          NangateOpenCellLibrary
                                  1.330000      41     54.530002  
AOI221_X1          NangateOpenCellLibrary
                                  1.596000       6      9.576000  
AOI222_X1          NangateOpenCellLibrary
                                  2.128000      28     59.584001  
BUF_X1             NangateOpenCellLibrary
                                  0.798000      29     23.141999  
BUF_X2             NangateOpenCellLibrary
                                  1.064000      24     25.536000  
BUF_X4             NangateOpenCellLibrary
                                  1.862000       1      1.862000  
CLKBUF_X1          NangateOpenCellLibrary
                                  0.798000      44     35.111999  
CLKBUF_X2          NangateOpenCellLibrary
                                  1.064000       5      5.320000  
CLKBUF_X3          NangateOpenCellLibrary
                                  1.330000       1      1.330000  
DFFRS_X1           NangateOpenCellLibrary
                                  6.384000       3     19.151999  n
DFF_X1             NangateOpenCellLibrary
                                  4.522000    1509   6823.697752  n
DFF_X2             NangateOpenCellLibrary
                                  5.054000      55    277.969995  n
FA_X1              NangateOpenCellLibrary
                                  4.256000     145    617.120006  r
HA_X1              NangateOpenCellLibrary
                                  2.660000       3      7.980000  r
INV_X1             NangateOpenCellLibrary
                                  0.532000     892    474.544005  
INV_X2             NangateOpenCellLibrary
                                  0.798000      23     18.353999  
INV_X4             NangateOpenCellLibrary
                                  1.330000       4      5.320000  
MUX2_X1            NangateOpenCellLibrary
                                  1.862000     157    292.333998  
MUX2_X2            NangateOpenCellLibrary
                                  2.394000       1      2.394000  
NAND2_X1           NangateOpenCellLibrary
                                  0.798000    1992   1589.615956  
NAND2_X2           NangateOpenCellLibrary
                                  1.330000       6      7.980000  
NAND3_X1           NangateOpenCellLibrary
                                  1.064000      72     76.608001  
NAND3_X4           NangateOpenCellLibrary
                                  3.458000       1      3.458000  
NAND4_X1           NangateOpenCellLibrary
                                  1.330000     222    295.260010  
NAND4_X2           NangateOpenCellLibrary
                                  2.394000      14     33.516001  
NAND4_X4           NangateOpenCellLibrary
                                  4.788000       1      4.788000  
NOR2_X1            NangateOpenCellLibrary
                                  0.798000     478    381.443990  
NOR2_X2            NangateOpenCellLibrary
                                  1.330000       6      7.980000  
NOR3_X1            NangateOpenCellLibrary
                                  1.064000      17     18.088000  
NOR4_X1            NangateOpenCellLibrary
                                  1.330000      13     17.290001  
OAI21_X1           NangateOpenCellLibrary
                                  1.064000     232    246.848002  
OAI21_X2           NangateOpenCellLibrary
                                  1.862000       2      3.724000  
OAI22_X1           NangateOpenCellLibrary
                                  1.330000     101    134.330004  
OAI211_X1          NangateOpenCellLibrary
                                  1.330000      57     75.810002  
OAI211_X2          NangateOpenCellLibrary
                                  2.394000       2      4.788000  
OAI221_X1          NangateOpenCellLibrary
                                  1.596000       4      6.384000  
OAI222_X1          NangateOpenCellLibrary
                                  2.128000      15     31.920000  
OR2_X1             NangateOpenCellLibrary
                                  1.064000     825    877.800009  
OR2_X2             NangateOpenCellLibrary
                                  1.330000       9     11.970000  
OR2_X4             NangateOpenCellLibrary
                                  2.394000       1      2.394000  
OR3_X1             NangateOpenCellLibrary
                                  1.330000      66     87.780003  
OR3_X2             NangateOpenCellLibrary
                                  1.596000       1      1.596000  
OR4_X1             NangateOpenCellLibrary
                                  1.596000       8     12.768000  
OR4_X2             NangateOpenCellLibrary
                                  1.862000       1      1.862000  
SDFF_X1            NangateOpenCellLibrary
                                  6.118000       9     55.062000  n
SNPS_CLOCK_GATE_HIGH_BTB_if_1_0
                                  3.724000       1      3.724000  h, n
SNPS_CLOCK_GATE_HIGH_BTB_if_1_1
                                  3.724000       1      3.724000  h, n
SNPS_CLOCK_GATE_HIGH_BTB_if_1_2
                                  3.724000       1      3.724000  h, n
SNPS_CLOCK_GATE_HIGH_BTB_if_1_3
                                  3.724000       1      3.724000  h, n
SNPS_CLOCK_GATE_HIGH_BTB_if_1_4
                                  3.724000       1      3.724000  h, n
SNPS_CLOCK_GATE_HIGH_BTB_if_1_5
                                  3.724000       1      3.724000  h, n
SNPS_CLOCK_GATE_HIGH_BTB_if_1_6
                                  3.724000       1      3.724000  h, n
SNPS_CLOCK_GATE_HIGH_BTB_if_1_7
                                  3.724000       1      3.724000  h, n
SNPS_CLOCK_GATE_HIGH_BTB_if_1_8
                                  3.724000       1      3.724000  h, n
SNPS_CLOCK_GATE_HIGH_BTB_if_1_9
                                  3.724000       1      3.724000  h, n
SNPS_CLOCK_GATE_HIGH_BTB_if_1_10
                                  3.724000       1      3.724000  h, n
SNPS_CLOCK_GATE_HIGH_BTB_if_1_11
                                  3.724000       1      3.724000  h, n
SNPS_CLOCK_GATE_HIGH_BTB_if_1_12
                                  3.724000       1      3.724000  h, n
SNPS_CLOCK_GATE_HIGH_BTB_if_1_13
                                  3.724000       1      3.724000  h, n
SNPS_CLOCK_GATE_HIGH_BTB_if_1_14
                                  3.724000       1      3.724000  h, n
SNPS_CLOCK_GATE_HIGH_BTB_if_1_15
                                  3.724000       1      3.724000  h, n
SNPS_CLOCK_GATE_HIGH_BTB_if_1_16
                                  3.724000       1      3.724000  h, n
SNPS_CLOCK_GATE_HIGH_dadda_tree_1
                                  3.724000       1      3.724000  h, n
SNPS_CLOCK_GATE_HIGH_gen_register_DATA_WIDTH32_12_1
                                  3.724000       1      3.724000  h, n
SNPS_CLOCK_GATE_HIGH_gen_register_DATA_WIDTH32_12_5
                                  3.724000       1      3.724000  h, n
SNPS_CLOCK_GATE_HIGH_gen_register_DATA_WIDTH32_12_9
                                  3.724000       1      3.724000  h, n
XNOR2_X1           NangateOpenCellLibrary
                                  1.596000     734   1171.463968  
XNOR2_X2           NangateOpenCellLibrary
                                  2.660000       6     15.960001  
XOR2_X1            NangateOpenCellLibrary
                                  1.596000     102    162.791996  
XOR2_X2            NangateOpenCellLibrary
                                  2.394000       2      4.788000  
mem_if_1                         75.278001       1     75.278001  h, n
reg_file_id_1                  6892.857888       1   6892.857888  h, n
-----------------------------------------------------------------------------
Total 84 references                                 23883.873628

****************************************
Design: SNPS_CLOCK_GATE_HIGH_BTB_if_1_0 
****************************************
Reference          Library       Unit Area   Count    Total Area   Attributes
-----------------------------------------------------------------------------
AND2_X1            NangateOpenCellLibrary
                                  1.064000       1      1.064000  
DLL_X1             NangateOpenCellLibrary
                                  2.660000       1      2.660000  n
-----------------------------------------------------------------------------
Total 2 references                                      3.724000

****************************************
Design: SNPS_CLOCK_GATE_HIGH_BTB_if_1_1 
****************************************
Reference          Library       Unit Area   Count    Total Area   Attributes
-----------------------------------------------------------------------------
AND2_X1            NangateOpenCellLibrary
                                  1.064000       1      1.064000  
DLL_X1             NangateOpenCellLibrary
                                  2.660000       1      2.660000  n
-----------------------------------------------------------------------------
Total 2 references                                      3.724000

****************************************
Design: SNPS_CLOCK_GATE_HIGH_BTB_if_1_2 
****************************************
Reference          Library       Unit Area   Count    Total Area   Attributes
-----------------------------------------------------------------------------
AND2_X1            NangateOpenCellLibrary
                                  1.064000       1      1.064000  
DLL_X1             NangateOpenCellLibrary
                                  2.660000       1      2.660000  n
-----------------------------------------------------------------------------
Total 2 references                                      3.724000

****************************************
Design: SNPS_CLOCK_GATE_HIGH_BTB_if_1_3 
****************************************
Reference          Library       Unit Area   Count    Total Area   Attributes
-----------------------------------------------------------------------------
AND2_X1            NangateOpenCellLibrary
                                  1.064000       1      1.064000  
DLL_X1             NangateOpenCellLibrary
                                  2.660000       1      2.660000  n
-----------------------------------------------------------------------------
Total 2 references                                      3.724000

****************************************
Design: SNPS_CLOCK_GATE_HIGH_BTB_if_1_4 
****************************************
Reference          Library       Unit Area   Count    Total Area   Attributes
-----------------------------------------------------------------------------
AND2_X1            NangateOpenCellLibrary
                                  1.064000       1      1.064000  
DLL_X1             NangateOpenCellLibrary
                                  2.660000       1      2.660000  n
-----------------------------------------------------------------------------
Total 2 references                                      3.724000

****************************************
Design: SNPS_CLOCK_GATE_HIGH_BTB_if_1_5 
****************************************
Reference          Library       Unit Area   Count    Total Area   Attributes
-----------------------------------------------------------------------------
AND2_X1            NangateOpenCellLibrary
                                  1.064000       1      1.064000  
DLL_X1             NangateOpenCellLibrary
                                  2.660000       1      2.660000  n
-----------------------------------------------------------------------------
Total 2 references                                      3.724000

****************************************
Design: SNPS_CLOCK_GATE_HIGH_BTB_if_1_6 
****************************************
Reference          Library       Unit Area   Count    Total Area   Attributes
-----------------------------------------------------------------------------
AND2_X1            NangateOpenCellLibrary
                                  1.064000       1      1.064000  
DLL_X1             NangateOpenCellLibrary
                                  2.660000       1      2.660000  n
-----------------------------------------------------------------------------
Total 2 references                                      3.724000

****************************************
Design: SNPS_CLOCK_GATE_HIGH_BTB_if_1_7 
****************************************
Reference          Library       Unit Area   Count    Total Area   Attributes
-----------------------------------------------------------------------------
AND2_X1            NangateOpenCellLibrary
                                  1.064000       1      1.064000  
DLL_X1             NangateOpenCellLibrary
                                  2.660000       1      2.660000  n
-----------------------------------------------------------------------------
Total 2 references                                      3.724000

****************************************
Design: SNPS_CLOCK_GATE_HIGH_BTB_if_1_8 
****************************************
Reference          Library       Unit Area   Count    Total Area   Attributes
-----------------------------------------------------------------------------
AND2_X1            NangateOpenCellLibrary
                                  1.064000       1      1.064000  
DLL_X1             NangateOpenCellLibrary
                                  2.660000       1      2.660000  n
-----------------------------------------------------------------------------
Total 2 references                                      3.724000

****************************************
Design: SNPS_CLOCK_GATE_HIGH_BTB_if_1_9 
****************************************
Reference          Library       Unit Area   Count    Total Area   Attributes
-----------------------------------------------------------------------------
AND2_X1            NangateOpenCellLibrary
                                  1.064000       1      1.064000  
DLL_X1             NangateOpenCellLibrary
                                  2.660000       1      2.660000  n
-----------------------------------------------------------------------------
Total 2 references                                      3.724000

****************************************
Design: SNPS_CLOCK_GATE_HIGH_BTB_if_1_10 
****************************************
Reference          Library       Unit Area   Count    Total Area   Attributes
-----------------------------------------------------------------------------
AND2_X1            NangateOpenCellLibrary
                                  1.064000       1      1.064000  
DLL_X1             NangateOpenCellLibrary
                                  2.660000       1      2.660000  n
-----------------------------------------------------------------------------
Total 2 references                                      3.724000

****************************************
Design: SNPS_CLOCK_GATE_HIGH_BTB_if_1_11 
****************************************
Reference          Library       Unit Area   Count    Total Area   Attributes
-----------------------------------------------------------------------------
AND2_X1            NangateOpenCellLibrary
                                  1.064000       1      1.064000  
DLL_X1             NangateOpenCellLibrary
                                  2.660000       1      2.660000  n
-----------------------------------------------------------------------------
Total 2 references                                      3.724000

****************************************
Design: SNPS_CLOCK_GATE_HIGH_BTB_if_1_12 
****************************************
Reference          Library       Unit Area   Count    Total Area   Attributes
-----------------------------------------------------------------------------
AND2_X1            NangateOpenCellLibrary
                                  1.064000       1      1.064000  
DLL_X1             NangateOpenCellLibrary
                                  2.660000       1      2.660000  n
-----------------------------------------------------------------------------
Total 2 references                                      3.724000

****************************************
Design: SNPS_CLOCK_GATE_HIGH_BTB_if_1_13 
****************************************
Reference          Library       Unit Area   Count    Total Area   Attributes
-----------------------------------------------------------------------------
AND2_X1            NangateOpenCellLibrary
                                  1.064000       1      1.064000  
DLL_X1             NangateOpenCellLibrary
                                  2.660000       1      2.660000  n
-----------------------------------------------------------------------------
Total 2 references                                      3.724000

****************************************
Design: SNPS_CLOCK_GATE_HIGH_BTB_if_1_14 
****************************************
Reference          Library       Unit Area   Count    Total Area   Attributes
-----------------------------------------------------------------------------
AND2_X1            NangateOpenCellLibrary
                                  1.064000       1      1.064000  
DLL_X1             NangateOpenCellLibrary
                                  2.660000       1      2.660000  n
-----------------------------------------------------------------------------
Total 2 references                                      3.724000

****************************************
Design: SNPS_CLOCK_GATE_HIGH_BTB_if_1_15 
****************************************
Reference          Library       Unit Area   Count    Total Area   Attributes
-----------------------------------------------------------------------------
AND2_X1            NangateOpenCellLibrary
                                  1.064000       1      1.064000  
DLL_X1             NangateOpenCellLibrary
                                  2.660000       1      2.660000  n
-----------------------------------------------------------------------------
Total 2 references                                      3.724000

****************************************
Design: SNPS_CLOCK_GATE_HIGH_BTB_if_1_16 
****************************************
Reference          Library       Unit Area   Count    Total Area   Attributes
-----------------------------------------------------------------------------
AND2_X1            NangateOpenCellLibrary
                                  1.064000       1      1.064000  
DLL_X1             NangateOpenCellLibrary
                                  2.660000       1      2.660000  n
-----------------------------------------------------------------------------
Total 2 references                                      3.724000

****************************************
Design: SNPS_CLOCK_GATE_HIGH_dadda_tree_1 
****************************************
Reference          Library       Unit Area   Count    Total Area   Attributes
-----------------------------------------------------------------------------
AND2_X1            NangateOpenCellLibrary
                                  1.064000       1      1.064000  
DLL_X1             NangateOpenCellLibrary
                                  2.660000       1      2.660000  n
-----------------------------------------------------------------------------
Total 2 references                                      3.724000

****************************************
Design: SNPS_CLOCK_GATE_HIGH_gen_register_DATA_WIDTH32_12_1 
****************************************
Reference          Library       Unit Area   Count    Total Area   Attributes
-----------------------------------------------------------------------------
AND2_X1            NangateOpenCellLibrary
                                  1.064000       1      1.064000  
DLL_X1             NangateOpenCellLibrary
                                  2.660000       1      2.660000  n
-----------------------------------------------------------------------------
Total 2 references                                      3.724000

****************************************
Design: SNPS_CLOCK_GATE_HIGH_gen_register_DATA_WIDTH32_12_5 
****************************************
Reference          Library       Unit Area   Count    Total Area   Attributes
-----------------------------------------------------------------------------
AND2_X1            NangateOpenCellLibrary
                                  1.064000       1      1.064000  
DLL_X1             NangateOpenCellLibrary
                                  2.660000       1      2.660000  n
-----------------------------------------------------------------------------
Total 2 references                                      3.724000

****************************************
Design: SNPS_CLOCK_GATE_HIGH_gen_register_DATA_WIDTH32_12_9 
****************************************
Reference          Library       Unit Area   Count    Total Area   Attributes
-----------------------------------------------------------------------------
AND2_X1            NangateOpenCellLibrary
                                  1.064000       1      1.064000  
DLL_X1             NangateOpenCellLibrary
                                  2.660000       1      2.660000  n
-----------------------------------------------------------------------------
Total 2 references                                      3.724000

****************************************
Design: mem_if_1 
****************************************
Reference          Library       Unit Area   Count    Total Area   Attributes
-----------------------------------------------------------------------------
CLKBUF_X1          NangateOpenCellLibrary
                                  0.798000       1      0.798000  
INV_X1             NangateOpenCellLibrary
                                  0.532000       3      1.596000  
NAND2_X1           NangateOpenCellLibrary
                                  0.798000       1      0.798000  
NOR2_X1            NangateOpenCellLibrary
                                  0.798000       5      3.990000  
TBUF_X1            NangateOpenCellLibrary
                                  2.128000      32     68.096001  n
-----------------------------------------------------------------------------
Total 5 references                                     75.278001

****************************************
Design: reg_file_id_1 
****************************************
Reference          Library       Unit Area   Count    Total Area   Attributes
-----------------------------------------------------------------------------
AND2_X1            NangateOpenCellLibrary
                                  1.064000      32     34.048000  
AOI21_X1           NangateOpenCellLibrary
                                  1.064000      64     68.096001  
AOI22_X1           NangateOpenCellLibrary
                                  1.330000    1025   1363.250044  
AOI221_X1          NangateOpenCellLibrary
                                  1.596000       2      3.192000  
BUF_X1             NangateOpenCellLibrary
                                  0.798000      27     21.545999  
BUF_X2             NangateOpenCellLibrary
                                  1.064000      10     10.640000  
CLKBUF_X1          NangateOpenCellLibrary
                                  0.798000      32     25.535999  
DFF_X1             NangateOpenCellLibrary
                                  4.522000    1024   4630.527832  n
INV_X1             NangateOpenCellLibrary
                                  0.532000      19     10.108000  
INV_X2             NangateOpenCellLibrary
                                  0.798000       1      0.798000  
NAND2_X1           NangateOpenCellLibrary
                                  0.798000      78     62.243998  
NAND3_X1           NangateOpenCellLibrary
                                  1.064000      23     24.472000  
NAND4_X1           NangateOpenCellLibrary
                                  1.330000     256    340.480011  
NOR2_X1            NangateOpenCellLibrary
                                  0.798000      67     53.465999  
NOR2_X2            NangateOpenCellLibrary
                                  1.330000       5      6.650000  
NOR2_X4            NangateOpenCellLibrary
                                  2.394000       1      2.394000  
NOR3_X1            NangateOpenCellLibrary
                                  1.064000      64     68.096001  
OAI21_X1           NangateOpenCellLibrary
                                  1.064000      32     34.048000  
OAI22_X1           NangateOpenCellLibrary
                                  1.330000       2      2.660000  
OAI221_X1          NangateOpenCellLibrary
                                  1.596000       3      4.788000  
OR2_X1             NangateOpenCellLibrary
                                  1.064000       2      2.128000  
OR3_X1             NangateOpenCellLibrary
                                  1.330000       1      1.330000  
SNPS_CLOCK_GATE_HIGH_reg_file_id_1_0
                                  3.724000       1      3.724000  h, n
SNPS_CLOCK_GATE_HIGH_reg_file_id_1_1
                                  3.724000       1      3.724000  h, n
SNPS_CLOCK_GATE_HIGH_reg_file_id_1_2
                                  3.724000       1      3.724000  h, n
SNPS_CLOCK_GATE_HIGH_reg_file_id_1_3
                                  3.724000       1      3.724000  h, n
SNPS_CLOCK_GATE_HIGH_reg_file_id_1_4
                                  3.724000       1      3.724000  h, n
SNPS_CLOCK_GATE_HIGH_reg_file_id_1_5
                                  3.724000       1      3.724000  h, n
SNPS_CLOCK_GATE_HIGH_reg_file_id_1_6
                                  3.724000       1      3.724000  h, n
SNPS_CLOCK_GATE_HIGH_reg_file_id_1_7
                                  3.724000       1      3.724000  h, n
SNPS_CLOCK_GATE_HIGH_reg_file_id_1_8
                                  3.724000       1      3.724000  h, n
SNPS_CLOCK_GATE_HIGH_reg_file_id_1_9
                                  3.724000       1      3.724000  h, n
SNPS_CLOCK_GATE_HIGH_reg_file_id_1_10
                                  3.724000       1      3.724000  h, n
SNPS_CLOCK_GATE_HIGH_reg_file_id_1_11
                                  3.724000       1      3.724000  h, n
SNPS_CLOCK_GATE_HIGH_reg_file_id_1_12
                                  3.724000       1      3.724000  h, n
SNPS_CLOCK_GATE_HIGH_reg_file_id_1_13
                                  3.724000       1      3.724000  h, n
SNPS_CLOCK_GATE_HIGH_reg_file_id_1_14
                                  3.724000       1      3.724000  h, n
SNPS_CLOCK_GATE_HIGH_reg_file_id_1_15
                                  3.724000       1      3.724000  h, n
SNPS_CLOCK_GATE_HIGH_reg_file_id_1_16
                                  3.724000       1      3.724000  h, n
SNPS_CLOCK_GATE_HIGH_reg_file_id_1_17
                                  3.724000       1      3.724000  h, n
SNPS_CLOCK_GATE_HIGH_reg_file_id_1_18
                                  3.724000       1      3.724000  h, n
SNPS_CLOCK_GATE_HIGH_reg_file_id_1_19
                                  3.724000       1      3.724000  h, n
SNPS_CLOCK_GATE_HIGH_reg_file_id_1_20
                                  3.724000       1      3.724000  h, n
SNPS_CLOCK_GATE_HIGH_reg_file_id_1_21
                                  3.724000       1      3.724000  h, n
SNPS_CLOCK_GATE_HIGH_reg_file_id_1_22
                                  3.724000       1      3.724000  h, n
SNPS_CLOCK_GATE_HIGH_reg_file_id_1_23
                                  3.724000       1      3.724000  h, n
SNPS_CLOCK_GATE_HIGH_reg_file_id_1_24
                                  3.724000       1      3.724000  h, n
SNPS_CLOCK_GATE_HIGH_reg_file_id_1_25
                                  3.724000       1      3.724000  h, n
SNPS_CLOCK_GATE_HIGH_reg_file_id_1_26
                                  3.724000       1      3.724000  h, n
SNPS_CLOCK_GATE_HIGH_reg_file_id_1_27
                                  3.724000       1      3.724000  h, n
SNPS_CLOCK_GATE_HIGH_reg_file_id_1_28
                                  3.724000       1      3.724000  h, n
SNPS_CLOCK_GATE_HIGH_reg_file_id_1_29
                                  3.724000       1      3.724000  h, n
SNPS_CLOCK_GATE_HIGH_reg_file_id_1_30
                                  3.724000       1      3.724000  h, n
SNPS_CLOCK_GATE_HIGH_reg_file_id_1_31
                                  3.724000       1      3.724000  h, n
XOR2_X1            NangateOpenCellLibrary
                                  1.596000       2      3.192000  
-----------------------------------------------------------------------------
Total 55 references                                  6892.857888

****************************************
Design: SNPS_CLOCK_GATE_HIGH_reg_file_id_1_0 
****************************************
Reference          Library       Unit Area   Count    Total Area   Attributes
-----------------------------------------------------------------------------
AND2_X1            NangateOpenCellLibrary
                                  1.064000       1      1.064000  
DLL_X1             NangateOpenCellLibrary
                                  2.660000       1      2.660000  n
-----------------------------------------------------------------------------
Total 2 references                                      3.724000

****************************************
Design: SNPS_CLOCK_GATE_HIGH_reg_file_id_1_1 
****************************************
Reference          Library       Unit Area   Count    Total Area   Attributes
-----------------------------------------------------------------------------
AND2_X1            NangateOpenCellLibrary
                                  1.064000       1      1.064000  
DLL_X1             NangateOpenCellLibrary
                                  2.660000       1      2.660000  n
-----------------------------------------------------------------------------
Total 2 references                                      3.724000

****************************************
Design: SNPS_CLOCK_GATE_HIGH_reg_file_id_1_2 
****************************************
Reference          Library       Unit Area   Count    Total Area   Attributes
-----------------------------------------------------------------------------
AND2_X1            NangateOpenCellLibrary
                                  1.064000       1      1.064000  
DLL_X1             NangateOpenCellLibrary
                                  2.660000       1      2.660000  n
-----------------------------------------------------------------------------
Total 2 references                                      3.724000

****************************************
Design: SNPS_CLOCK_GATE_HIGH_reg_file_id_1_3 
****************************************
Reference          Library       Unit Area   Count    Total Area   Attributes
-----------------------------------------------------------------------------
AND2_X1            NangateOpenCellLibrary
                                  1.064000       1      1.064000  
DLL_X1             NangateOpenCellLibrary
                                  2.660000       1      2.660000  n
-----------------------------------------------------------------------------
Total 2 references                                      3.724000

****************************************
Design: SNPS_CLOCK_GATE_HIGH_reg_file_id_1_4 
****************************************
Reference          Library       Unit Area   Count    Total Area   Attributes
-----------------------------------------------------------------------------
AND2_X1            NangateOpenCellLibrary
                                  1.064000       1      1.064000  
DLL_X1             NangateOpenCellLibrary
                                  2.660000       1      2.660000  n
-----------------------------------------------------------------------------
Total 2 references                                      3.724000

****************************************
Design: SNPS_CLOCK_GATE_HIGH_reg_file_id_1_5 
****************************************
Reference          Library       Unit Area   Count    Total Area   Attributes
-----------------------------------------------------------------------------
AND2_X1            NangateOpenCellLibrary
                                  1.064000       1      1.064000  
DLL_X1             NangateOpenCellLibrary
                                  2.660000       1      2.660000  n
-----------------------------------------------------------------------------
Total 2 references                                      3.724000

****************************************
Design: SNPS_CLOCK_GATE_HIGH_reg_file_id_1_6 
****************************************
Reference          Library       Unit Area   Count    Total Area   Attributes
-----------------------------------------------------------------------------
AND2_X1            NangateOpenCellLibrary
                                  1.064000       1      1.064000  
DLL_X1             NangateOpenCellLibrary
                                  2.660000       1      2.660000  n
-----------------------------------------------------------------------------
Total 2 references                                      3.724000

****************************************
Design: SNPS_CLOCK_GATE_HIGH_reg_file_id_1_7 
****************************************
Reference          Library       Unit Area   Count    Total Area   Attributes
-----------------------------------------------------------------------------
AND2_X1            NangateOpenCellLibrary
                                  1.064000       1      1.064000  
DLL_X1             NangateOpenCellLibrary
                                  2.660000       1      2.660000  n
-----------------------------------------------------------------------------
Total 2 references                                      3.724000

****************************************
Design: SNPS_CLOCK_GATE_HIGH_reg_file_id_1_8 
****************************************
Reference          Library       Unit Area   Count    Total Area   Attributes
-----------------------------------------------------------------------------
AND2_X1            NangateOpenCellLibrary
                                  1.064000       1      1.064000  
DLL_X1             NangateOpenCellLibrary
                                  2.660000       1      2.660000  n
-----------------------------------------------------------------------------
Total 2 references                                      3.724000

****************************************
Design: SNPS_CLOCK_GATE_HIGH_reg_file_id_1_9 
****************************************
Reference          Library       Unit Area   Count    Total Area   Attributes
-----------------------------------------------------------------------------
AND2_X1            NangateOpenCellLibrary
                                  1.064000       1      1.064000  
DLL_X1             NangateOpenCellLibrary
                                  2.660000       1      2.660000  n
-----------------------------------------------------------------------------
Total 2 references                                      3.724000

****************************************
Design: SNPS_CLOCK_GATE_HIGH_reg_file_id_1_10 
****************************************
Reference          Library       Unit Area   Count    Total Area   Attributes
-----------------------------------------------------------------------------
AND2_X1            NangateOpenCellLibrary
                                  1.064000       1      1.064000  
DLL_X1             NangateOpenCellLibrary
                                  2.660000       1      2.660000  n
-----------------------------------------------------------------------------
Total 2 references                                      3.724000

****************************************
Design: SNPS_CLOCK_GATE_HIGH_reg_file_id_1_11 
****************************************
Reference          Library       Unit Area   Count    Total Area   Attributes
-----------------------------------------------------------------------------
AND2_X1            NangateOpenCellLibrary
                                  1.064000       1      1.064000  
DLL_X1             NangateOpenCellLibrary
                                  2.660000       1      2.660000  n
-----------------------------------------------------------------------------
Total 2 references                                      3.724000

****************************************
Design: SNPS_CLOCK_GATE_HIGH_reg_file_id_1_12 
****************************************
Reference          Library       Unit Area   Count    Total Area   Attributes
-----------------------------------------------------------------------------
AND2_X1            NangateOpenCellLibrary
                                  1.064000       1      1.064000  
DLL_X1             NangateOpenCellLibrary
                                  2.660000       1      2.660000  n
-----------------------------------------------------------------------------
Total 2 references                                      3.724000

****************************************
Design: SNPS_CLOCK_GATE_HIGH_reg_file_id_1_13 
****************************************
Reference          Library       Unit Area   Count    Total Area   Attributes
-----------------------------------------------------------------------------
AND2_X1            NangateOpenCellLibrary
                                  1.064000       1      1.064000  
DLL_X1             NangateOpenCellLibrary
                                  2.660000       1      2.660000  n
-----------------------------------------------------------------------------
Total 2 references                                      3.724000

****************************************
Design: SNPS_CLOCK_GATE_HIGH_reg_file_id_1_14 
****************************************
Reference          Library       Unit Area   Count    Total Area   Attributes
-----------------------------------------------------------------------------
AND2_X1            NangateOpenCellLibrary
                                  1.064000       1      1.064000  
DLL_X1             NangateOpenCellLibrary
                                  2.660000       1      2.660000  n
-----------------------------------------------------------------------------
Total 2 references                                      3.724000

****************************************
Design: SNPS_CLOCK_GATE_HIGH_reg_file_id_1_15 
****************************************
Reference          Library       Unit Area   Count    Total Area   Attributes
-----------------------------------------------------------------------------
AND2_X1            NangateOpenCellLibrary
                                  1.064000       1      1.064000  
DLL_X1             NangateOpenCellLibrary
                                  2.660000       1      2.660000  n
-----------------------------------------------------------------------------
Total 2 references                                      3.724000

****************************************
Design: SNPS_CLOCK_GATE_HIGH_reg_file_id_1_16 
****************************************
Reference          Library       Unit Area   Count    Total Area   Attributes
-----------------------------------------------------------------------------
AND2_X1            NangateOpenCellLibrary
                                  1.064000       1      1.064000  
DLL_X1             NangateOpenCellLibrary
                                  2.660000       1      2.660000  n
-----------------------------------------------------------------------------
Total 2 references                                      3.724000

****************************************
Design: SNPS_CLOCK_GATE_HIGH_reg_file_id_1_17 
****************************************
Reference          Library       Unit Area   Count    Total Area   Attributes
-----------------------------------------------------------------------------
AND2_X1            NangateOpenCellLibrary
                                  1.064000       1      1.064000  
DLL_X1             NangateOpenCellLibrary
                                  2.660000       1      2.660000  n
-----------------------------------------------------------------------------
Total 2 references                                      3.724000

****************************************
Design: SNPS_CLOCK_GATE_HIGH_reg_file_id_1_18 
****************************************
Reference          Library       Unit Area   Count    Total Area   Attributes
-----------------------------------------------------------------------------
AND2_X1            NangateOpenCellLibrary
                                  1.064000       1      1.064000  
DLL_X1             NangateOpenCellLibrary
                                  2.660000       1      2.660000  n
-----------------------------------------------------------------------------
Total 2 references                                      3.724000

****************************************
Design: SNPS_CLOCK_GATE_HIGH_reg_file_id_1_19 
****************************************
Reference          Library       Unit Area   Count    Total Area   Attributes
-----------------------------------------------------------------------------
AND2_X1            NangateOpenCellLibrary
                                  1.064000       1      1.064000  
DLL_X1             NangateOpenCellLibrary
                                  2.660000       1      2.660000  n
-----------------------------------------------------------------------------
Total 2 references                                      3.724000

****************************************
Design: SNPS_CLOCK_GATE_HIGH_reg_file_id_1_20 
****************************************
Reference          Library       Unit Area   Count    Total Area   Attributes
-----------------------------------------------------------------------------
AND2_X1            NangateOpenCellLibrary
                                  1.064000       1      1.064000  
DLL_X1             NangateOpenCellLibrary
                                  2.660000       1      2.660000  n
-----------------------------------------------------------------------------
Total 2 references                                      3.724000

****************************************
Design: SNPS_CLOCK_GATE_HIGH_reg_file_id_1_21 
****************************************
Reference          Library       Unit Area   Count    Total Area   Attributes
-----------------------------------------------------------------------------
AND2_X1            NangateOpenCellLibrary
                                  1.064000       1      1.064000  
DLL_X1             NangateOpenCellLibrary
                                  2.660000       1      2.660000  n
-----------------------------------------------------------------------------
Total 2 references                                      3.724000

****************************************
Design: SNPS_CLOCK_GATE_HIGH_reg_file_id_1_22 
****************************************
Reference          Library       Unit Area   Count    Total Area   Attributes
-----------------------------------------------------------------------------
AND2_X1            NangateOpenCellLibrary
                                  1.064000       1      1.064000  
DLL_X1             NangateOpenCellLibrary
                                  2.660000       1      2.660000  n
-----------------------------------------------------------------------------
Total 2 references                                      3.724000

****************************************
Design: SNPS_CLOCK_GATE_HIGH_reg_file_id_1_23 
****************************************
Reference          Library       Unit Area   Count    Total Area   Attributes
-----------------------------------------------------------------------------
AND2_X1            NangateOpenCellLibrary
                                  1.064000       1      1.064000  
DLL_X1             NangateOpenCellLibrary
                                  2.660000       1      2.660000  n
-----------------------------------------------------------------------------
Total 2 references                                      3.724000

****************************************
Design: SNPS_CLOCK_GATE_HIGH_reg_file_id_1_24 
****************************************
Reference          Library       Unit Area   Count    Total Area   Attributes
-----------------------------------------------------------------------------
AND2_X1            NangateOpenCellLibrary
                                  1.064000       1      1.064000  
DLL_X1             NangateOpenCellLibrary
                                  2.660000       1      2.660000  n
-----------------------------------------------------------------------------
Total 2 references                                      3.724000

****************************************
Design: SNPS_CLOCK_GATE_HIGH_reg_file_id_1_25 
****************************************
Reference          Library       Unit Area   Count    Total Area   Attributes
-----------------------------------------------------------------------------
AND2_X1            NangateOpenCellLibrary
                                  1.064000       1      1.064000  
DLL_X1             NangateOpenCellLibrary
                                  2.660000       1      2.660000  n
-----------------------------------------------------------------------------
Total 2 references                                      3.724000

****************************************
Design: SNPS_CLOCK_GATE_HIGH_reg_file_id_1_26 
****************************************
Reference          Library       Unit Area   Count    Total Area   Attributes
-----------------------------------------------------------------------------
AND2_X1            NangateOpenCellLibrary
                                  1.064000       1      1.064000  
DLL_X1             NangateOpenCellLibrary
                                  2.660000       1      2.660000  n
-----------------------------------------------------------------------------
Total 2 references                                      3.724000

****************************************
Design: SNPS_CLOCK_GATE_HIGH_reg_file_id_1_27 
****************************************
Reference          Library       Unit Area   Count    Total Area   Attributes
-----------------------------------------------------------------------------
AND2_X1            NangateOpenCellLibrary
                                  1.064000       1      1.064000  
DLL_X1             NangateOpenCellLibrary
                                  2.660000       1      2.660000  n
-----------------------------------------------------------------------------
Total 2 references                                      3.724000

****************************************
Design: SNPS_CLOCK_GATE_HIGH_reg_file_id_1_28 
****************************************
Reference          Library       Unit Area   Count    Total Area   Attributes
-----------------------------------------------------------------------------
AND2_X1            NangateOpenCellLibrary
                                  1.064000       1      1.064000  
DLL_X1             NangateOpenCellLibrary
                                  2.660000       1      2.660000  n
-----------------------------------------------------------------------------
Total 2 references                                      3.724000

****************************************
Design: SNPS_CLOCK_GATE_HIGH_reg_file_id_1_29 
****************************************
Reference          Library       Unit Area   Count    Total Area   Attributes
-----------------------------------------------------------------------------
AND2_X1            NangateOpenCellLibrary
                                  1.064000       1      1.064000  
DLL_X1             NangateOpenCellLibrary
                                  2.660000       1      2.660000  n
-----------------------------------------------------------------------------
Total 2 references                                      3.724000

****************************************
Design: SNPS_CLOCK_GATE_HIGH_reg_file_id_1_30 
****************************************
Reference          Library       Unit Area   Count    Total Area   Attributes
-----------------------------------------------------------------------------
AND2_X1            NangateOpenCellLibrary
                                  1.064000       1      1.064000  
DLL_X1             NangateOpenCellLibrary
                                  2.660000       1      2.660000  n
-----------------------------------------------------------------------------
Total 2 references                                      3.724000

****************************************
Design: SNPS_CLOCK_GATE_HIGH_reg_file_id_1_31 
****************************************
Reference          Library       Unit Area   Count    Total Area   Attributes
-----------------------------------------------------------------------------
AND2_X1            NangateOpenCellLibrary
                                  1.064000       1      1.064000  
DLL_X1             NangateOpenCellLibrary
                                  2.660000       1      2.660000  n
-----------------------------------------------------------------------------
Total 2 references                                      3.724000
1
