Information: Propagating switching activity (low effort zero delay simulation). (PWR-6)
Warning: Design has unannotated primary inputs. (PWR-414)
Warning: Design has unannotated sequential cell outputs. (PWR-415)
 
****************************************
Report : power
        -hier
        -analysis_effort low
Design : dlx
Version: W-2024.09-SP2
Date   : Wed Sep 16 14:11:15 2026
****************************************


Library(s) Used:

    NangateOpenCellLibrary (File: /home/repository/do/libnandgate/NangateOpenCellLibrary_typical_ecsm.db)


Operating Conditions: typical   Library: NangateOpenCellLibrary
Wire Load Model Mode: top

Design        Wire Load Model            Library
------------------------------------------------
dlx                    5K_hvratio_1_1    NangateOpenCellLibrary


Global Operating Voltage = 1.1  
Power-specific unit information :
    Voltage Units = 1V
    Capacitance Units = 1.000000ff
    Time Units = 1ns
    Dynamic Power Units = 1uW    (derived from V,C,T units)
    Leakage Power Units = 1nW


--------------------------------------------------------------------------------
                                       Switch   Int      Leak     Total
Hierarchy                              Power    Power    Power    Power    %
--------------------------------------------------------------------------------
dlx                                     588.515 1.42e+04 7.00e+05 1.54e+04 100.0
  id_stage_inst/reg_file_inst (reg_file_id_1)
                                        130.149 5.79e+03 2.38e+05 6.16e+03  39.8
  if_stage_inst/btb_inst (BTB_if_1)      80.049 4.47e+03 1.65e+05 4.71e+03  30.5
1
