 
****************************************
Report : timing
        -path full
        -delay max
        -nworst 5
        -max_paths 20
Design : dlx
Version: W-2024.09-SP2
Date   : Thu Sep 17 15:15:30 2026
****************************************

Operating Conditions: typical   Library: NangateOpenCellLibrary
Wire Load Model Mode: top

  Startpoint: id_stage_inst/rs1_addr_reg/reg_data_reg[4]
              (rising edge-triggered flip-flop clocked by clk)
  Endpoint: if_stage_inst/pc_reg_inst/clk_gate_reg_data_reg/latch
            (negative level-sensitive latch clocked by clk)
  Path Group: clk
  Path Type: max

  Des/Clust/Port     Wire Load Model       Library
  ------------------------------------------------
  dlx                5K_hvratio_1_1        NangateOpenCellLibrary

  Point                                                   Incr       Path
  --------------------------------------------------------------------------
  clock clk (rise edge)                                   0.00       0.00
  clock network delay (ideal)                             0.00       0.00
  id_stage_inst/rs1_addr_reg/reg_data_reg[4]/CK (DFF_X1)
                                                          0.00       0.00 r
  id_stage_inst/rs1_addr_reg/reg_data_reg[4]/Q (DFF_X1)
                                                          0.10       0.10 r
  U7112/ZN (XNOR2_X1)                                     0.06       0.16 r
  U7114/ZN (AND2_X1)                                      0.04       0.20 r
  U5525/ZN (NAND4_X1)                                     0.05       0.25 f
  U5183/ZN (OR2_X2)                                       0.07       0.32 f
  U5516/ZN (NAND2_X1)                                     0.04       0.37 r
  U5235/Z (BUF_X2)                                        0.05       0.41 r
  U7460/ZN (OR2_X1)                                       0.03       0.45 r
  U5606/ZN (AND2_X1)                                      0.04       0.49 r
  U5605/ZN (NAND2_X1)                                     0.04       0.52 f
  U5442/ZN (NOR2_X2)                                      0.07       0.59 r
  U7489/ZN (OAI21_X1)                                     0.04       0.63 f
  U7492/ZN (AOI21_X1)                                     0.04       0.67 r
  U7493/ZN (OAI21_X1)                                     0.03       0.70 f
  U7494/ZN (AOI21_X1)                                     0.06       0.76 r
  U6136/ZN (OAI211_X1)                                    0.05       0.82 f
  U13631/ZN (AND2_X1)                                     0.05       0.87 f
  U6064/ZN (AOI21_X1)                                     0.04       0.91 r
  U6116/Z (MUX2_X1)                                       0.08       0.99 f
  U5530/ZN (NOR2_X1)                                      0.04       1.03 r
  U6118/ZN (AND4_X1)                                      0.06       1.09 r
  U6119/ZN (AND4_X1)                                      0.06       1.15 r
  U6277/ZN (NAND4_X1)                                     0.04       1.20 f
  U10614/ZN (OAI211_X1)                                   0.06       1.26 r
  U6259/ZN (NAND2_X1)                                     0.04       1.29 f
  U5482/ZN (OAI211_X1)                                    0.06       1.35 r
  U6024/ZN (XNOR2_X1)                                     0.06       1.41 r
  U6135/ZN (AND4_X1)                                      0.06       1.47 r
  U6304/ZN (NAND4_X1)                                     0.05       1.52 f
  U11516/ZN (AND3_X1)                                     0.05       1.57 f
  U11096/ZN (INV_X1)                                      0.05       1.62 r
  U11098/ZN (NAND2_X1)                                    0.03       1.65 f
  if_stage_inst/pc_reg_inst/clk_gate_reg_data_reg/EN (SNPS_CLOCK_GATE_HIGH_gen_register_DATA_WIDTH32_12_9)
                                                          0.00       1.65 f
  if_stage_inst/pc_reg_inst/clk_gate_reg_data_reg/latch/D (DLL_X1)
                                                          0.01       1.66 f
  data arrival time                                                  1.66

  clock clk (fall edge)                                   0.97       0.97
  clock network delay (ideal)                             0.00       0.97
  if_stage_inst/pc_reg_inst/clk_gate_reg_data_reg/latch/GN (DLL_X1)
                                                          0.00       0.97 f
  time borrowed from endpoint                             0.69       1.66
  data required time                                                 1.66
  --------------------------------------------------------------------------
  data required time                                                 1.66
  data arrival time                                                 -1.66
  --------------------------------------------------------------------------
  slack (MET)                                                        0.00

  Time Borrowing Information
  --------------------------------------------------------------
  clk nominal pulse width                                 0.97   
  library setup time                                     -0.05   
  --------------------------------------------------------------
  max time borrow                                         0.92   
  actual time borrow                                      0.69   
  --------------------------------------------------------------


  Startpoint: id_stage_inst/rs2_addr_reg/reg_data_reg[1]
              (rising edge-triggered flip-flop clocked by clk)
  Endpoint: if_stage_inst/pc_reg_inst/clk_gate_reg_data_reg/latch
            (negative level-sensitive latch clocked by clk)
  Path Group: clk
  Path Type: max

  Des/Clust/Port     Wire Load Model       Library
  ------------------------------------------------
  dlx                5K_hvratio_1_1        NangateOpenCellLibrary

  Point                                                   Incr       Path
  --------------------------------------------------------------------------
  clock clk (rise edge)                                   0.00       0.00
  clock network delay (ideal)                             0.00       0.00
  id_stage_inst/rs2_addr_reg/reg_data_reg[1]/CK (DFF_X1)
                                                          0.00       0.00 r
  id_stage_inst/rs2_addr_reg/reg_data_reg[1]/Q (DFF_X1)
                                                          0.09       0.09 r
  U7082/ZN (XNOR2_X1)                                     0.06       0.15 r
  U7083/ZN (AND2_X1)                                      0.04       0.19 r
  U5251/ZN (AND4_X2)                                      0.06       0.25 r
  U7091/ZN (NAND2_X1)                                     0.03       0.28 f
  U7099/ZN (INV_X1)                                       0.04       0.32 r
  U7100/ZN (NAND2_X2)                                     0.07       0.39 f
  U7459/ZN (OAI211_X1)                                    0.07       0.45 r
  U5587/ZN (OR2_X1)                                       0.04       0.50 r
  U6233/ZN (OAI211_X1)                                    0.04       0.53 f
  U5442/ZN (NOR2_X2)                                      0.06       0.59 r
  U7489/ZN (OAI21_X1)                                     0.04       0.63 f
  U7492/ZN (AOI21_X1)                                     0.04       0.67 r
  U7493/ZN (OAI21_X1)                                     0.03       0.70 f
  U7494/ZN (AOI21_X1)                                     0.06       0.76 r
  U6136/ZN (OAI211_X1)                                    0.05       0.82 f
  U13631/ZN (AND2_X1)                                     0.05       0.87 f
  U6064/ZN (AOI21_X1)                                     0.04       0.91 r
  U6116/Z (MUX2_X1)                                       0.08       0.99 f
  U5530/ZN (NOR2_X1)                                      0.04       1.03 r
  U6118/ZN (AND4_X1)                                      0.06       1.09 r
  U6119/ZN (AND4_X1)                                      0.06       1.15 r
  U6277/ZN (NAND4_X1)                                     0.04       1.20 f
  U10614/ZN (OAI211_X1)                                   0.06       1.26 r
  U6259/ZN (NAND2_X1)                                     0.04       1.29 f
  U5482/ZN (OAI211_X1)                                    0.06       1.35 r
  U6024/ZN (XNOR2_X1)                                     0.06       1.41 r
  U6135/ZN (AND4_X1)                                      0.06       1.47 r
  U6304/ZN (NAND4_X1)                                     0.05       1.52 f
  U11516/ZN (AND3_X1)                                     0.05       1.57 f
  U11096/ZN (INV_X1)                                      0.05       1.62 r
  U11098/ZN (NAND2_X1)                                    0.03       1.65 f
  if_stage_inst/pc_reg_inst/clk_gate_reg_data_reg/EN (SNPS_CLOCK_GATE_HIGH_gen_register_DATA_WIDTH32_12_9)
                                                          0.00       1.65 f
  if_stage_inst/pc_reg_inst/clk_gate_reg_data_reg/latch/D (DLL_X1)
                                                          0.01       1.66 f
  data arrival time                                                  1.66

  clock clk (fall edge)                                   0.97       0.97
  clock network delay (ideal)                             0.00       0.97
  if_stage_inst/pc_reg_inst/clk_gate_reg_data_reg/latch/GN (DLL_X1)
                                                          0.00       0.97 f
  time borrowed from endpoint                             0.69       1.66
  data required time                                                 1.66
  --------------------------------------------------------------------------
  data required time                                                 1.66
  data arrival time                                                 -1.66
  --------------------------------------------------------------------------
  slack (MET)                                                        0.00

  Time Borrowing Information
  --------------------------------------------------------------
  clk nominal pulse width                                 0.97   
  library setup time                                     -0.05   
  --------------------------------------------------------------
  max time borrow                                         0.92   
  actual time borrow                                      0.69   
  --------------------------------------------------------------


  Startpoint: id_stage_inst/rs2_addr_reg/reg_data_reg[1]
              (rising edge-triggered flip-flop clocked by clk)
  Endpoint: if_stage_inst/pc_reg_inst/clk_gate_reg_data_reg/latch
            (negative level-sensitive latch clocked by clk)
  Path Group: clk
  Path Type: max

  Des/Clust/Port     Wire Load Model       Library
  ------------------------------------------------
  dlx                5K_hvratio_1_1        NangateOpenCellLibrary

  Point                                                   Incr       Path
  --------------------------------------------------------------------------
  clock clk (rise edge)                                   0.00       0.00
  clock network delay (ideal)                             0.00       0.00
  id_stage_inst/rs2_addr_reg/reg_data_reg[1]/CK (DFF_X1)
                                                          0.00       0.00 r
  id_stage_inst/rs2_addr_reg/reg_data_reg[1]/Q (DFF_X1)
                                                          0.09       0.09 r
  U7082/ZN (XNOR2_X1)                                     0.06       0.15 r
  U7083/ZN (AND2_X1)                                      0.04       0.19 r
  U5251/ZN (AND4_X2)                                      0.06       0.25 r
  U7091/ZN (NAND2_X1)                                     0.03       0.28 f
  U7099/ZN (INV_X1)                                       0.04       0.32 r
  U5510/ZN (NAND2_X1)                                     0.04       0.37 f
  U5639/ZN (OR2_X1)                                       0.07       0.44 f
  U6033/ZN (NAND4_X2)                                     0.05       0.49 r
  U7427/ZN (XNOR2_X1)                                     0.06       0.54 f
  U7481/ZN (NAND2_X1)                                     0.04       0.58 r
  U7482/ZN (OAI21_X1)                                     0.04       0.62 f
  U7486/ZN (AOI21_X1)                                     0.05       0.67 r
  U7493/ZN (OAI21_X1)                                     0.03       0.70 f
  U7494/ZN (AOI21_X1)                                     0.06       0.76 r
  U6136/ZN (OAI211_X1)                                    0.05       0.82 f
  U13631/ZN (AND2_X1)                                     0.05       0.87 f
  U6064/ZN (AOI21_X1)                                     0.04       0.91 r
  U6116/Z (MUX2_X1)                                       0.08       0.99 f
  U5530/ZN (NOR2_X1)                                      0.04       1.03 r
  U6118/ZN (AND4_X1)                                      0.06       1.09 r
  U6119/ZN (AND4_X1)                                      0.06       1.15 r
  U6277/ZN (NAND4_X1)                                     0.04       1.20 f
  U10614/ZN (OAI211_X1)                                   0.06       1.26 r
  U6259/ZN (NAND2_X1)                                     0.04       1.29 f
  U5482/ZN (OAI211_X1)                                    0.06       1.35 r
  U6024/ZN (XNOR2_X1)                                     0.06       1.41 r
  U6135/ZN (AND4_X1)                                      0.06       1.47 r
  U6304/ZN (NAND4_X1)                                     0.05       1.52 f
  U11516/ZN (AND3_X1)                                     0.05       1.57 f
  U11096/ZN (INV_X1)                                      0.05       1.62 r
  U11098/ZN (NAND2_X1)                                    0.03       1.65 f
  if_stage_inst/pc_reg_inst/clk_gate_reg_data_reg/EN (SNPS_CLOCK_GATE_HIGH_gen_register_DATA_WIDTH32_12_9)
                                                          0.00       1.65 f
  if_stage_inst/pc_reg_inst/clk_gate_reg_data_reg/latch/D (DLL_X1)
                                                          0.01       1.66 f
  data arrival time                                                  1.66

  clock clk (fall edge)                                   0.97       0.97
  clock network delay (ideal)                             0.00       0.97
  if_stage_inst/pc_reg_inst/clk_gate_reg_data_reg/latch/GN (DLL_X1)
                                                          0.00       0.97 f
  time borrowed from endpoint                             0.69       1.66
  data required time                                                 1.66
  --------------------------------------------------------------------------
  data required time                                                 1.66
  data arrival time                                                 -1.66
  --------------------------------------------------------------------------
  slack (MET)                                                        0.00

  Time Borrowing Information
  --------------------------------------------------------------
  clk nominal pulse width                                 0.97   
  library setup time                                     -0.05   
  --------------------------------------------------------------
  max time borrow                                         0.92   
  actual time borrow                                      0.69   
  --------------------------------------------------------------


  Startpoint: id_stage_inst/rs1_addr_reg/reg_data_reg[4]
              (rising edge-triggered flip-flop clocked by clk)
  Endpoint: if_stage_inst/pc_reg_inst/clk_gate_reg_data_reg/latch
            (negative level-sensitive latch clocked by clk)
  Path Group: clk
  Path Type: max

  Des/Clust/Port     Wire Load Model       Library
  ------------------------------------------------
  dlx                5K_hvratio_1_1        NangateOpenCellLibrary

  Point                                                   Incr       Path
  --------------------------------------------------------------------------
  clock clk (rise edge)                                   0.00       0.00
  clock network delay (ideal)                             0.00       0.00
  id_stage_inst/rs1_addr_reg/reg_data_reg[4]/CK (DFF_X1)
                                                          0.00       0.00 r
  id_stage_inst/rs1_addr_reg/reg_data_reg[4]/Q (DFF_X1)
                                                          0.10       0.10 r
  U7112/ZN (XNOR2_X1)                                     0.06       0.16 r
  U7114/ZN (AND2_X1)                                      0.04       0.20 r
  U5525/ZN (NAND4_X1)                                     0.05       0.25 f
  U5183/ZN (OR2_X2)                                       0.07       0.32 f
  U5516/ZN (NAND2_X1)                                     0.04       0.37 r
  U5235/Z (BUF_X2)                                        0.05       0.41 r
  U7460/ZN (OR2_X1)                                       0.03       0.45 r
  U5606/ZN (AND2_X1)                                      0.04       0.49 r
  U5605/ZN (NAND2_X1)                                     0.04       0.52 f
  U5442/ZN (NOR2_X2)                                      0.07       0.59 r
  U7489/ZN (OAI21_X1)                                     0.04       0.63 f
  U7492/ZN (AOI21_X1)                                     0.04       0.67 r
  U7493/ZN (OAI21_X1)                                     0.03       0.70 f
  U7494/ZN (AOI21_X1)                                     0.06       0.76 r
  U6136/ZN (OAI211_X1)                                    0.05       0.82 f
  U13631/ZN (AND2_X1)                                     0.05       0.87 f
  U6064/ZN (AOI21_X1)                                     0.04       0.91 r
  U6116/Z (MUX2_X1)                                       0.08       0.99 f
  U5530/ZN (NOR2_X1)                                      0.04       1.03 r
  U6118/ZN (AND4_X1)                                      0.06       1.09 r
  U6119/ZN (AND4_X1)                                      0.06       1.15 r
  U6277/ZN (NAND4_X1)                                     0.04       1.20 f
  U6276/ZN (NAND2_X1)                                     0.03       1.23 r
  U10614/ZN (OAI211_X1)                                   0.04       1.27 f
  U6259/ZN (NAND2_X1)                                     0.04       1.31 r
  U6091/ZN (AND4_X1)                                      0.06       1.37 r
  U8034/ZN (AND4_X2)                                      0.06       1.44 r
  U13615/ZN (OAI211_X1)                                   0.03       1.47 f
  U6302/ZN (OR2_X2)                                       0.05       1.52 f
  U11516/ZN (AND3_X1)                                     0.05       1.57 f
  U11096/ZN (INV_X1)                                      0.05       1.62 r
  U11098/ZN (NAND2_X1)                                    0.03       1.65 f
  if_stage_inst/pc_reg_inst/clk_gate_reg_data_reg/EN (SNPS_CLOCK_GATE_HIGH_gen_register_DATA_WIDTH32_12_9)
                                                          0.00       1.65 f
  if_stage_inst/pc_reg_inst/clk_gate_reg_data_reg/latch/D (DLL_X1)
                                                          0.01       1.66 f
  data arrival time                                                  1.66

  clock clk (fall edge)                                   0.97       0.97
  clock network delay (ideal)                             0.00       0.97
  if_stage_inst/pc_reg_inst/clk_gate_reg_data_reg/latch/GN (DLL_X1)
                                                          0.00       0.97 f
  time borrowed from endpoint                             0.69       1.66
  data required time                                                 1.66
  --------------------------------------------------------------------------
  data required time                                                 1.66
  data arrival time                                                 -1.66
  --------------------------------------------------------------------------
  slack (MET)                                                        0.00

  Time Borrowing Information
  --------------------------------------------------------------
  clk nominal pulse width                                 0.97   
  library setup time                                     -0.05   
  --------------------------------------------------------------
  max time borrow                                         0.92   
  actual time borrow                                      0.69   
  --------------------------------------------------------------


  Startpoint: id_stage_inst/rs2_addr_reg/reg_data_reg[1]
              (rising edge-triggered flip-flop clocked by clk)
  Endpoint: if_stage_inst/pc_reg_inst/clk_gate_reg_data_reg/latch
            (negative level-sensitive latch clocked by clk)
  Path Group: clk
  Path Type: max

  Des/Clust/Port     Wire Load Model       Library
  ------------------------------------------------
  dlx                5K_hvratio_1_1        NangateOpenCellLibrary

  Point                                                   Incr       Path
  --------------------------------------------------------------------------
  clock clk (rise edge)                                   0.00       0.00
  clock network delay (ideal)                             0.00       0.00
  id_stage_inst/rs2_addr_reg/reg_data_reg[1]/CK (DFF_X1)
                                                          0.00       0.00 r
  id_stage_inst/rs2_addr_reg/reg_data_reg[1]/Q (DFF_X1)
                                                          0.09       0.09 r
  U7082/ZN (XNOR2_X1)                                     0.06       0.15 r
  U7083/ZN (AND2_X1)                                      0.04       0.19 r
  U5251/ZN (AND4_X2)                                      0.06       0.25 r
  U7091/ZN (NAND2_X1)                                     0.03       0.28 f
  U7099/ZN (INV_X1)                                       0.04       0.32 r
  U7100/ZN (NAND2_X2)                                     0.07       0.39 f
  U7459/ZN (OAI211_X1)                                    0.07       0.45 r
  U5587/ZN (OR2_X1)                                       0.04       0.50 r
  U6233/ZN (OAI211_X1)                                    0.04       0.53 f
  U5442/ZN (NOR2_X2)                                      0.06       0.59 r
  U7489/ZN (OAI21_X1)                                     0.04       0.63 f
  U7492/ZN (AOI21_X1)                                     0.04       0.67 r
  U7493/ZN (OAI21_X1)                                     0.03       0.70 f
  U7494/ZN (AOI21_X1)                                     0.06       0.76 r
  U6136/ZN (OAI211_X1)                                    0.05       0.82 f
  U13631/ZN (AND2_X1)                                     0.05       0.87 f
  U6064/ZN (AOI21_X1)                                     0.04       0.91 r
  U6116/Z (MUX2_X1)                                       0.08       0.99 f
  U5530/ZN (NOR2_X1)                                      0.04       1.03 r
  U6118/ZN (AND4_X1)                                      0.06       1.09 r
  U6119/ZN (AND4_X1)                                      0.06       1.15 r
  U6277/ZN (NAND4_X1)                                     0.04       1.20 f
  U6276/ZN (NAND2_X1)                                     0.03       1.23 r
  U10614/ZN (OAI211_X1)                                   0.04       1.27 f
  U6259/ZN (NAND2_X1)                                     0.04       1.31 r
  U6091/ZN (AND4_X1)                                      0.06       1.37 r
  U8034/ZN (AND4_X2)                                      0.06       1.44 r
  U13615/ZN (OAI211_X1)                                   0.03       1.47 f
  U6302/ZN (OR2_X2)                                       0.05       1.52 f
  U11516/ZN (AND3_X1)                                     0.05       1.57 f
  U11096/ZN (INV_X1)                                      0.05       1.62 r
  U11098/ZN (NAND2_X1)                                    0.03       1.65 f
  if_stage_inst/pc_reg_inst/clk_gate_reg_data_reg/EN (SNPS_CLOCK_GATE_HIGH_gen_register_DATA_WIDTH32_12_9)
                                                          0.00       1.65 f
  if_stage_inst/pc_reg_inst/clk_gate_reg_data_reg/latch/D (DLL_X1)
                                                          0.01       1.66 f
  data arrival time                                                  1.66

  clock clk (fall edge)                                   0.97       0.97
  clock network delay (ideal)                             0.00       0.97
  if_stage_inst/pc_reg_inst/clk_gate_reg_data_reg/latch/GN (DLL_X1)
                                                          0.00       0.97 f
  time borrowed from endpoint                             0.69       1.66
  data required time                                                 1.66
  --------------------------------------------------------------------------
  data required time                                                 1.66
  data arrival time                                                 -1.66
  --------------------------------------------------------------------------
  slack (MET)                                                        0.00

  Time Borrowing Information
  --------------------------------------------------------------
  clk nominal pulse width                                 0.97   
  library setup time                                     -0.05   
  --------------------------------------------------------------
  max time borrow                                         0.92   
  actual time borrow                                      0.69   
  --------------------------------------------------------------


  Startpoint: if_stage_inst/instruction_reg/reg_data_reg[22]
              (rising edge-triggered flip-flop clocked by clk)
  Endpoint: if_stage_inst/btb_inst/clk_gate_btb_reg[15][TAG]/latch
            (negative level-sensitive latch clocked by clk)
  Path Group: clk
  Path Type: max

  Des/Clust/Port     Wire Load Model       Library
  ------------------------------------------------
  dlx                5K_hvratio_1_1        NangateOpenCellLibrary

  Point                                                   Incr       Path
  --------------------------------------------------------------------------
  clock clk (rise edge)                                   0.00       0.00
  clock network delay (ideal)                             0.00       0.00
  if_stage_inst/instruction_reg/reg_data_reg[22]/CK (DFF_X2)
                                                          0.00       0.00 r
  if_stage_inst/instruction_reg/reg_data_reg[22]/Q (DFF_X2)
                                                          0.14       0.14 r
  U6911/ZN (OR2_X1)                                       0.05       0.19 r
  U5423/ZN (INV_X1)                                       0.06       0.25 f
  U6951/ZN (AOI22_X1)                                     0.06       0.31 r
  U6953/ZN (AOI21_X1)                                     0.03       0.34 f
  U6954/ZN (AOI211_X1)                                    0.08       0.43 r
  U6955/ZN (OAI221_X1)                                    0.05       0.48 f
  U6968/ZN (OAI21_X1)                                     0.05       0.53 r
  U6969/ZN (INV_X1)                                       0.02       0.55 f
  U6970/ZN (NAND2_X1)                                     0.03       0.58 r
  U7015/ZN (OAI211_X1)                                    0.04       0.62 f
  U7017/ZN (OAI21_X1)                                     0.05       0.67 r
  U5352/ZN (AND2_X1)                                      0.11       0.78 r
  U5614/ZN (AND2_X1)                                      0.07       0.85 r
  U5188/ZN (AND2_X2)                                      0.10       0.95 r
  U7198/ZN (INV_X1)                                       0.05       1.00 f
  U7207/ZN (OR2_X1)                                       0.08       1.08 f
  U11523/ZN (NOR2_X1)                                     0.05       1.13 r
  if_stage_inst/btb_inst/clk_gate_btb_reg[15][TAG]/EN (SNPS_CLOCK_GATE_HIGH_BTB_if_1_1)
                                                          0.00       1.13 r
  if_stage_inst/btb_inst/clk_gate_btb_reg[15][TAG]/latch/D (DLL_X1)
                                                          0.01       1.14 r
  data arrival time                                                  1.14

  clock clk (fall edge)                                   0.97       0.97
  clock network delay (ideal)                             0.00       0.97
  if_stage_inst/btb_inst/clk_gate_btb_reg[15][TAG]/latch/GN (DLL_X1)
                                                          0.00       0.97 f
  time borrowed from endpoint                             0.17       1.14
  data required time                                                 1.14
  --------------------------------------------------------------------------
  data required time                                                 1.14
  data arrival time                                                 -1.14
  --------------------------------------------------------------------------
  slack (MET)                                                        0.00

  Time Borrowing Information
  --------------------------------------------------------------
  clk nominal pulse width                                 0.97   
  library setup time                                     -0.04   
  --------------------------------------------------------------
  max time borrow                                         0.93   
  actual time borrow                                      0.17   
  --------------------------------------------------------------


  Startpoint: if_stage_inst/instruction_reg/reg_data_reg[22]
              (rising edge-triggered flip-flop clocked by clk)
  Endpoint: if_stage_inst/btb_inst/clk_gate_btb_reg[14][TAG]/latch
            (negative level-sensitive latch clocked by clk)
  Path Group: clk
  Path Type: max

  Des/Clust/Port     Wire Load Model       Library
  ------------------------------------------------
  dlx                5K_hvratio_1_1        NangateOpenCellLibrary

  Point                                                   Incr       Path
  --------------------------------------------------------------------------
  clock clk (rise edge)                                   0.00       0.00
  clock network delay (ideal)                             0.00       0.00
  if_stage_inst/instruction_reg/reg_data_reg[22]/CK (DFF_X2)
                                                          0.00       0.00 r
  if_stage_inst/instruction_reg/reg_data_reg[22]/Q (DFF_X2)
                                                          0.14       0.14 r
  U6911/ZN (OR2_X1)                                       0.05       0.19 r
  U5423/ZN (INV_X1)                                       0.06       0.25 f
  U6951/ZN (AOI22_X1)                                     0.06       0.31 r
  U6953/ZN (AOI21_X1)                                     0.03       0.34 f
  U6954/ZN (AOI211_X1)                                    0.08       0.43 r
  U6955/ZN (OAI221_X1)                                    0.05       0.48 f
  U6968/ZN (OAI21_X1)                                     0.05       0.53 r
  U6969/ZN (INV_X1)                                       0.02       0.55 f
  U6970/ZN (NAND2_X1)                                     0.03       0.58 r
  U7015/ZN (OAI211_X1)                                    0.04       0.62 f
  U7017/ZN (OAI21_X1)                                     0.05       0.67 r
  U5352/ZN (AND2_X1)                                      0.11       0.78 r
  U5614/ZN (AND2_X1)                                      0.07       0.85 r
  U5188/ZN (AND2_X2)                                      0.10       0.95 r
  U7198/ZN (INV_X1)                                       0.05       1.00 f
  U7207/ZN (OR2_X1)                                       0.08       1.08 f
  U7221/ZN (NOR2_X1)                                      0.05       1.13 r
  if_stage_inst/btb_inst/clk_gate_btb_reg[14][TAG]/EN (SNPS_CLOCK_GATE_HIGH_BTB_if_1_2)
                                                          0.00       1.13 r
  if_stage_inst/btb_inst/clk_gate_btb_reg[14][TAG]/latch/D (DLL_X1)
                                                          0.01       1.14 r
  data arrival time                                                  1.14

  clock clk (fall edge)                                   0.97       0.97
  clock network delay (ideal)                             0.00       0.97
  if_stage_inst/btb_inst/clk_gate_btb_reg[14][TAG]/latch/GN (DLL_X1)
                                                          0.00       0.97 f
  time borrowed from endpoint                             0.17       1.14
  data required time                                                 1.14
  --------------------------------------------------------------------------
  data required time                                                 1.14
  data arrival time                                                 -1.14
  --------------------------------------------------------------------------
  slack (MET)                                                        0.00

  Time Borrowing Information
  --------------------------------------------------------------
  clk nominal pulse width                                 0.97   
  library setup time                                     -0.04   
  --------------------------------------------------------------
  max time borrow                                         0.93   
  actual time borrow                                      0.17   
  --------------------------------------------------------------


  Startpoint: if_stage_inst/instruction_reg/reg_data_reg[22]
              (rising edge-triggered flip-flop clocked by clk)
  Endpoint: if_stage_inst/btb_inst/clk_gate_btb_reg[13][TAG]/latch
            (negative level-sensitive latch clocked by clk)
  Path Group: clk
  Path Type: max

  Des/Clust/Port     Wire Load Model       Library
  ------------------------------------------------
  dlx                5K_hvratio_1_1        NangateOpenCellLibrary

  Point                                                   Incr       Path
  --------------------------------------------------------------------------
  clock clk (rise edge)                                   0.00       0.00
  clock network delay (ideal)                             0.00       0.00
  if_stage_inst/instruction_reg/reg_data_reg[22]/CK (DFF_X2)
                                                          0.00       0.00 r
  if_stage_inst/instruction_reg/reg_data_reg[22]/Q (DFF_X2)
                                                          0.14       0.14 r
  U6911/ZN (OR2_X1)                                       0.05       0.19 r
  U5423/ZN (INV_X1)                                       0.06       0.25 f
  U6951/ZN (AOI22_X1)                                     0.06       0.31 r
  U6953/ZN (AOI21_X1)                                     0.03       0.34 f
  U6954/ZN (AOI211_X1)                                    0.08       0.43 r
  U6955/ZN (OAI221_X1)                                    0.05       0.48 f
  U6968/ZN (OAI21_X1)                                     0.05       0.53 r
  U6969/ZN (INV_X1)                                       0.02       0.55 f
  U6970/ZN (NAND2_X1)                                     0.03       0.58 r
  U7015/ZN (OAI211_X1)                                    0.04       0.62 f
  U7017/ZN (OAI21_X1)                                     0.05       0.67 r
  U5352/ZN (AND2_X1)                                      0.11       0.78 r
  U5614/ZN (AND2_X1)                                      0.07       0.85 r
  U5188/ZN (AND2_X2)                                      0.10       0.95 r
  U7198/ZN (INV_X1)                                       0.05       1.00 f
  U7212/ZN (OR2_X1)                                       0.08       1.08 f
  U7234/ZN (NOR2_X1)                                      0.05       1.13 r
  if_stage_inst/btb_inst/clk_gate_btb_reg[13][TAG]/EN (SNPS_CLOCK_GATE_HIGH_BTB_if_1_3)
                                                          0.00       1.13 r
  if_stage_inst/btb_inst/clk_gate_btb_reg[13][TAG]/latch/D (DLL_X1)
                                                          0.01       1.14 r
  data arrival time                                                  1.14

  clock clk (fall edge)                                   0.97       0.97
  clock network delay (ideal)                             0.00       0.97
  if_stage_inst/btb_inst/clk_gate_btb_reg[13][TAG]/latch/GN (DLL_X1)
                                                          0.00       0.97 f
  time borrowed from endpoint                             0.17       1.14
  data required time                                                 1.14
  --------------------------------------------------------------------------
  data required time                                                 1.14
  data arrival time                                                 -1.14
  --------------------------------------------------------------------------
  slack (MET)                                                        0.00

  Time Borrowing Information
  --------------------------------------------------------------
  clk nominal pulse width                                 0.97   
  library setup time                                     -0.04   
  --------------------------------------------------------------
  max time borrow                                         0.93   
  actual time borrow                                      0.17   
  --------------------------------------------------------------


  Startpoint: if_stage_inst/instruction_reg/reg_data_reg[22]
              (rising edge-triggered flip-flop clocked by clk)
  Endpoint: if_stage_inst/btb_inst/clk_gate_btb_reg[12][TAG]/latch
            (negative level-sensitive latch clocked by clk)
  Path Group: clk
  Path Type: max

  Des/Clust/Port     Wire Load Model       Library
  ------------------------------------------------
  dlx                5K_hvratio_1_1        NangateOpenCellLibrary

  Point                                                   Incr       Path
  --------------------------------------------------------------------------
  clock clk (rise edge)                                   0.00       0.00
  clock network delay (ideal)                             0.00       0.00
  if_stage_inst/instruction_reg/reg_data_reg[22]/CK (DFF_X2)
                                                          0.00       0.00 r
  if_stage_inst/instruction_reg/reg_data_reg[22]/Q (DFF_X2)
                                                          0.14       0.14 r
  U6911/ZN (OR2_X1)                                       0.05       0.19 r
  U5423/ZN (INV_X1)                                       0.06       0.25 f
  U6951/ZN (AOI22_X1)                                     0.06       0.31 r
  U6953/ZN (AOI21_X1)                                     0.03       0.34 f
  U6954/ZN (AOI211_X1)                                    0.08       0.43 r
  U6955/ZN (OAI221_X1)                                    0.05       0.48 f
  U6968/ZN (OAI21_X1)                                     0.05       0.53 r
  U6969/ZN (INV_X1)                                       0.02       0.55 f
  U6970/ZN (NAND2_X1)                                     0.03       0.58 r
  U7015/ZN (OAI211_X1)                                    0.04       0.62 f
  U7017/ZN (OAI21_X1)                                     0.05       0.67 r
  U5352/ZN (AND2_X1)                                      0.11       0.78 r
  U5614/ZN (AND2_X1)                                      0.07       0.85 r
  U5188/ZN (AND2_X2)                                      0.10       0.95 r
  U7198/ZN (INV_X1)                                       0.05       1.00 f
  U7212/ZN (OR2_X1)                                       0.08       1.08 f
  U7218/ZN (NOR2_X1)                                      0.05       1.13 r
  if_stage_inst/btb_inst/clk_gate_btb_reg[12][TAG]/EN (SNPS_CLOCK_GATE_HIGH_BTB_if_1_4)
                                                          0.00       1.13 r
  if_stage_inst/btb_inst/clk_gate_btb_reg[12][TAG]/latch/D (DLL_X1)
                                                          0.01       1.14 r
  data arrival time                                                  1.14

  clock clk (fall edge)                                   0.97       0.97
  clock network delay (ideal)                             0.00       0.97
  if_stage_inst/btb_inst/clk_gate_btb_reg[12][TAG]/latch/GN (DLL_X1)
                                                          0.00       0.97 f
  time borrowed from endpoint                             0.17       1.14
  data required time                                                 1.14
  --------------------------------------------------------------------------
  data required time                                                 1.14
  data arrival time                                                 -1.14
  --------------------------------------------------------------------------
  slack (MET)                                                        0.00

  Time Borrowing Information
  --------------------------------------------------------------
  clk nominal pulse width                                 0.97   
  library setup time                                     -0.04   
  --------------------------------------------------------------
  max time borrow                                         0.93   
  actual time borrow                                      0.17   
  --------------------------------------------------------------


  Startpoint: if_stage_inst/instruction_reg/reg_data_reg[22]
              (rising edge-triggered flip-flop clocked by clk)
  Endpoint: if_stage_inst/btb_inst/clk_gate_btb_reg[11][TAG]/latch
            (negative level-sensitive latch clocked by clk)
  Path Group: clk
  Path Type: max

  Des/Clust/Port     Wire Load Model       Library
  ------------------------------------------------
  dlx                5K_hvratio_1_1        NangateOpenCellLibrary

  Point                                                   Incr       Path
  --------------------------------------------------------------------------
  clock clk (rise edge)                                   0.00       0.00
  clock network delay (ideal)                             0.00       0.00
  if_stage_inst/instruction_reg/reg_data_reg[22]/CK (DFF_X2)
                                                          0.00       0.00 r
  if_stage_inst/instruction_reg/reg_data_reg[22]/Q (DFF_X2)
                                                          0.14       0.14 r
  U6911/ZN (OR2_X1)                                       0.05       0.19 r
  U5423/ZN (INV_X1)                                       0.06       0.25 f
  U6951/ZN (AOI22_X1)                                     0.06       0.31 r
  U6953/ZN (AOI21_X1)                                     0.03       0.34 f
  U6954/ZN (AOI211_X1)                                    0.08       0.43 r
  U6955/ZN (OAI221_X1)                                    0.05       0.48 f
  U6968/ZN (OAI21_X1)                                     0.05       0.53 r
  U6969/ZN (INV_X1)                                       0.02       0.55 f
  U6970/ZN (NAND2_X1)                                     0.03       0.58 r
  U7015/ZN (OAI211_X1)                                    0.04       0.62 f
  U7017/ZN (OAI21_X1)                                     0.05       0.67 r
  U5352/ZN (AND2_X1)                                      0.11       0.78 r
  U5614/ZN (AND2_X1)                                      0.07       0.85 r
  U5188/ZN (AND2_X2)                                      0.10       0.95 r
  U7198/ZN (INV_X1)                                       0.05       1.00 f
  U11526/ZN (OR2_X1)                                      0.08       1.08 f
  U11530/ZN (NOR2_X1)                                     0.05       1.13 r
  if_stage_inst/btb_inst/clk_gate_btb_reg[11][TAG]/EN (SNPS_CLOCK_GATE_HIGH_BTB_if_1_5)
                                                          0.00       1.13 r
  if_stage_inst/btb_inst/clk_gate_btb_reg[11][TAG]/latch/D (DLL_X1)
                                                          0.01       1.14 r
  data arrival time                                                  1.14

  clock clk (fall edge)                                   0.97       0.97
  clock network delay (ideal)                             0.00       0.97
  if_stage_inst/btb_inst/clk_gate_btb_reg[11][TAG]/latch/GN (DLL_X1)
                                                          0.00       0.97 f
  time borrowed from endpoint                             0.17       1.14
  data required time                                                 1.14
  --------------------------------------------------------------------------
  data required time                                                 1.14
  data arrival time                                                 -1.14
  --------------------------------------------------------------------------
  slack (MET)                                                        0.00

  Time Borrowing Information
  --------------------------------------------------------------
  clk nominal pulse width                                 0.97   
  library setup time                                     -0.04   
  --------------------------------------------------------------
  max time borrow                                         0.93   
  actual time borrow                                      0.17   
  --------------------------------------------------------------


  Startpoint: if_stage_inst/instruction_reg/reg_data_reg[22]
              (rising edge-triggered flip-flop clocked by clk)
  Endpoint: if_stage_inst/btb_inst/clk_gate_btb_reg[10][TAG]/latch
            (negative level-sensitive latch clocked by clk)
  Path Group: clk
  Path Type: max

  Des/Clust/Port     Wire Load Model       Library
  ------------------------------------------------
  dlx                5K_hvratio_1_1        NangateOpenCellLibrary

  Point                                                   Incr       Path
  --------------------------------------------------------------------------
  clock clk (rise edge)                                   0.00       0.00
  clock network delay (ideal)                             0.00       0.00
  if_stage_inst/instruction_reg/reg_data_reg[22]/CK (DFF_X2)
                                                          0.00       0.00 r
  if_stage_inst/instruction_reg/reg_data_reg[22]/Q (DFF_X2)
                                                          0.14       0.14 r
  U6911/ZN (OR2_X1)                                       0.05       0.19 r
  U5423/ZN (INV_X1)                                       0.06       0.25 f
  U6951/ZN (AOI22_X1)                                     0.06       0.31 r
  U6953/ZN (AOI21_X1)                                     0.03       0.34 f
  U6954/ZN (AOI211_X1)                                    0.08       0.43 r
  U6955/ZN (OAI221_X1)                                    0.05       0.48 f
  U6968/ZN (OAI21_X1)                                     0.05       0.53 r
  U6969/ZN (INV_X1)                                       0.02       0.55 f
  U6970/ZN (NAND2_X1)                                     0.03       0.58 r
  U7015/ZN (OAI211_X1)                                    0.04       0.62 f
  U7017/ZN (OAI21_X1)                                     0.05       0.67 r
  U5352/ZN (AND2_X1)                                      0.11       0.78 r
  U5614/ZN (AND2_X1)                                      0.07       0.85 r
  U5188/ZN (AND2_X2)                                      0.10       0.95 r
  U7198/ZN (INV_X1)                                       0.05       1.00 f
  U11526/ZN (OR2_X1)                                      0.08       1.08 f
  U11536/ZN (NOR2_X1)                                     0.05       1.13 r
  if_stage_inst/btb_inst/clk_gate_btb_reg[10][TAG]/EN (SNPS_CLOCK_GATE_HIGH_BTB_if_1_6)
                                                          0.00       1.13 r
  if_stage_inst/btb_inst/clk_gate_btb_reg[10][TAG]/latch/D (DLL_X1)
                                                          0.01       1.14 r
  data arrival time                                                  1.14

  clock clk (fall edge)                                   0.97       0.97
  clock network delay (ideal)                             0.00       0.97
  if_stage_inst/btb_inst/clk_gate_btb_reg[10][TAG]/latch/GN (DLL_X1)
                                                          0.00       0.97 f
  time borrowed from endpoint                             0.17       1.14
  data required time                                                 1.14
  --------------------------------------------------------------------------
  data required time                                                 1.14
  data arrival time                                                 -1.14
  --------------------------------------------------------------------------
  slack (MET)                                                        0.00

  Time Borrowing Information
  --------------------------------------------------------------
  clk nominal pulse width                                 0.97   
  library setup time                                     -0.04   
  --------------------------------------------------------------
  max time borrow                                         0.93   
  actual time borrow                                      0.17   
  --------------------------------------------------------------


  Startpoint: if_stage_inst/instruction_reg/reg_data_reg[22]
              (rising edge-triggered flip-flop clocked by clk)
  Endpoint: if_stage_inst/btb_inst/clk_gate_btb_reg[8][TAG]/latch
            (negative level-sensitive latch clocked by clk)
  Path Group: clk
  Path Type: max

  Des/Clust/Port     Wire Load Model       Library
  ------------------------------------------------
  dlx                5K_hvratio_1_1        NangateOpenCellLibrary

  Point                                                   Incr       Path
  --------------------------------------------------------------------------
  clock clk (rise edge)                                   0.00       0.00
  clock network delay (ideal)                             0.00       0.00
  if_stage_inst/instruction_reg/reg_data_reg[22]/CK (DFF_X2)
                                                          0.00       0.00 r
  if_stage_inst/instruction_reg/reg_data_reg[22]/Q (DFF_X2)
                                                          0.14       0.14 r
  U6911/ZN (OR2_X1)                                       0.05       0.19 r
  U5423/ZN (INV_X1)                                       0.06       0.25 f
  U6951/ZN (AOI22_X1)                                     0.06       0.31 r
  U6953/ZN (AOI21_X1)                                     0.03       0.34 f
  U6954/ZN (AOI211_X1)                                    0.08       0.43 r
  U6955/ZN (OAI221_X1)                                    0.05       0.48 f
  U6968/ZN (OAI21_X1)                                     0.05       0.53 r
  U6969/ZN (INV_X1)                                       0.02       0.55 f
  U6970/ZN (NAND2_X1)                                     0.03       0.58 r
  U7015/ZN (OAI211_X1)                                    0.04       0.62 f
  U7017/ZN (OAI21_X1)                                     0.05       0.67 r
  U5352/ZN (AND2_X1)                                      0.11       0.78 r
  U5614/ZN (AND2_X1)                                      0.07       0.85 r
  U5188/ZN (AND2_X2)                                      0.10       0.95 r
  U7198/ZN (INV_X1)                                       0.05       1.00 f
  U7199/ZN (OR2_X1)                                       0.08       1.08 f
  U7224/ZN (NOR2_X1)                                      0.05       1.13 r
  if_stage_inst/btb_inst/clk_gate_btb_reg[8][TAG]/EN (SNPS_CLOCK_GATE_HIGH_BTB_if_1_8)
                                                          0.00       1.13 r
  if_stage_inst/btb_inst/clk_gate_btb_reg[8][TAG]/latch/D (DLL_X1)
                                                          0.01       1.14 r
  data arrival time                                                  1.14

  clock clk (fall edge)                                   0.97       0.97
  clock network delay (ideal)                             0.00       0.97
  if_stage_inst/btb_inst/clk_gate_btb_reg[8][TAG]/latch/GN (DLL_X1)
                                                          0.00       0.97 f
  time borrowed from endpoint                             0.17       1.14
  data required time                                                 1.14
  --------------------------------------------------------------------------
  data required time                                                 1.14
  data arrival time                                                 -1.14
  --------------------------------------------------------------------------
  slack (MET)                                                        0.00

  Time Borrowing Information
  --------------------------------------------------------------
  clk nominal pulse width                                 0.97   
  library setup time                                     -0.04   
  --------------------------------------------------------------
  max time borrow                                         0.93   
  actual time borrow                                      0.17   
  --------------------------------------------------------------


  Startpoint: if_stage_inst/instruction_reg/reg_data_reg[22]
              (rising edge-triggered flip-flop clocked by clk)
  Endpoint: if_stage_inst/btb_inst/clk_gate_btb_reg[7][TAG]/latch
            (negative level-sensitive latch clocked by clk)
  Path Group: clk
  Path Type: max

  Des/Clust/Port     Wire Load Model       Library
  ------------------------------------------------
  dlx                5K_hvratio_1_1        NangateOpenCellLibrary

  Point                                                   Incr       Path
  --------------------------------------------------------------------------
  clock clk (rise edge)                                   0.00       0.00
  clock network delay (ideal)                             0.00       0.00
  if_stage_inst/instruction_reg/reg_data_reg[22]/CK (DFF_X2)
                                                          0.00       0.00 r
  if_stage_inst/instruction_reg/reg_data_reg[22]/Q (DFF_X2)
                                                          0.14       0.14 r
  U6911/ZN (OR2_X1)                                       0.05       0.19 r
  U5423/ZN (INV_X1)                                       0.06       0.25 f
  U6951/ZN (AOI22_X1)                                     0.06       0.31 r
  U6953/ZN (AOI21_X1)                                     0.03       0.34 f
  U6954/ZN (AOI211_X1)                                    0.08       0.43 r
  U6955/ZN (OAI221_X1)                                    0.05       0.48 f
  U6968/ZN (OAI21_X1)                                     0.05       0.53 r
  U6969/ZN (INV_X1)                                       0.02       0.55 f
  U6970/ZN (NAND2_X1)                                     0.03       0.58 r
  U7015/ZN (OAI211_X1)                                    0.04       0.62 f
  U7017/ZN (OAI21_X1)                                     0.05       0.67 r
  U5352/ZN (AND2_X1)                                      0.11       0.78 r
  U5614/ZN (AND2_X1)                                      0.07       0.85 r
  U5188/ZN (AND2_X2)                                      0.10       0.95 r
  U7198/ZN (INV_X1)                                       0.05       1.00 f
  U7207/ZN (OR2_X1)                                       0.08       1.08 f
  U7208/ZN (NOR2_X1)                                      0.05       1.13 r
  if_stage_inst/btb_inst/clk_gate_btb_reg[7][TAG]/EN (SNPS_CLOCK_GATE_HIGH_BTB_if_1_9)
                                                          0.00       1.13 r
  if_stage_inst/btb_inst/clk_gate_btb_reg[7][TAG]/latch/D (DLL_X1)
                                                          0.01       1.14 r
  data arrival time                                                  1.14

  clock clk (fall edge)                                   0.97       0.97
  clock network delay (ideal)                             0.00       0.97
  if_stage_inst/btb_inst/clk_gate_btb_reg[7][TAG]/latch/GN (DLL_X1)
                                                          0.00       0.97 f
  time borrowed from endpoint                             0.17       1.14
  data required time                                                 1.14
  --------------------------------------------------------------------------
  data required time                                                 1.14
  data arrival time                                                 -1.14
  --------------------------------------------------------------------------
  slack (MET)                                                        0.00

  Time Borrowing Information
  --------------------------------------------------------------
  clk nominal pulse width                                 0.97   
  library setup time                                     -0.04   
  --------------------------------------------------------------
  max time borrow                                         0.93   
  actual time borrow                                      0.17   
  --------------------------------------------------------------


  Startpoint: if_stage_inst/instruction_reg/reg_data_reg[22]
              (rising edge-triggered flip-flop clocked by clk)
  Endpoint: if_stage_inst/btb_inst/clk_gate_btb_reg[6][TAG]/latch
            (negative level-sensitive latch clocked by clk)
  Path Group: clk
  Path Type: max

  Des/Clust/Port     Wire Load Model       Library
  ------------------------------------------------
  dlx                5K_hvratio_1_1        NangateOpenCellLibrary

  Point                                                   Incr       Path
  --------------------------------------------------------------------------
  clock clk (rise edge)                                   0.00       0.00
  clock network delay (ideal)                             0.00       0.00
  if_stage_inst/instruction_reg/reg_data_reg[22]/CK (DFF_X2)
                                                          0.00       0.00 r
  if_stage_inst/instruction_reg/reg_data_reg[22]/Q (DFF_X2)
                                                          0.14       0.14 r
  U6911/ZN (OR2_X1)                                       0.05       0.19 r
  U5423/ZN (INV_X1)                                       0.06       0.25 f
  U6951/ZN (AOI22_X1)                                     0.06       0.31 r
  U6953/ZN (AOI21_X1)                                     0.03       0.34 f
  U6954/ZN (AOI211_X1)                                    0.08       0.43 r
  U6955/ZN (OAI221_X1)                                    0.05       0.48 f
  U6968/ZN (OAI21_X1)                                     0.05       0.53 r
  U6969/ZN (INV_X1)                                       0.02       0.55 f
  U6970/ZN (NAND2_X1)                                     0.03       0.58 r
  U7015/ZN (OAI211_X1)                                    0.04       0.62 f
  U7017/ZN (OAI21_X1)                                     0.05       0.67 r
  U5352/ZN (AND2_X1)                                      0.11       0.78 r
  U5614/ZN (AND2_X1)                                      0.07       0.85 r
  U5188/ZN (AND2_X2)                                      0.10       0.95 r
  U7198/ZN (INV_X1)                                       0.05       1.00 f
  U7207/ZN (OR2_X1)                                       0.08       1.08 f
  U7237/ZN (NOR2_X1)                                      0.05       1.13 r
  if_stage_inst/btb_inst/clk_gate_btb_reg[6][TAG]/EN (SNPS_CLOCK_GATE_HIGH_BTB_if_1_10)
                                                          0.00       1.13 r
  if_stage_inst/btb_inst/clk_gate_btb_reg[6][TAG]/latch/D (DLL_X1)
                                                          0.01       1.14 r
  data arrival time                                                  1.14

  clock clk (fall edge)                                   0.97       0.97
  clock network delay (ideal)                             0.00       0.97
  if_stage_inst/btb_inst/clk_gate_btb_reg[6][TAG]/latch/GN (DLL_X1)
                                                          0.00       0.97 f
  time borrowed from endpoint                             0.17       1.14
  data required time                                                 1.14
  --------------------------------------------------------------------------
  data required time                                                 1.14
  data arrival time                                                 -1.14
  --------------------------------------------------------------------------
  slack (MET)                                                        0.00

  Time Borrowing Information
  --------------------------------------------------------------
  clk nominal pulse width                                 0.97   
  library setup time                                     -0.04   
  --------------------------------------------------------------
  max time borrow                                         0.93   
  actual time borrow                                      0.17   
  --------------------------------------------------------------


  Startpoint: if_stage_inst/instruction_reg/reg_data_reg[22]
              (rising edge-triggered flip-flop clocked by clk)
  Endpoint: if_stage_inst/btb_inst/clk_gate_btb_reg[5][TAG]/latch
            (negative level-sensitive latch clocked by clk)
  Path Group: clk
  Path Type: max

  Des/Clust/Port     Wire Load Model       Library
  ------------------------------------------------
  dlx                5K_hvratio_1_1        NangateOpenCellLibrary

  Point                                                   Incr       Path
  --------------------------------------------------------------------------
  clock clk (rise edge)                                   0.00       0.00
  clock network delay (ideal)                             0.00       0.00
  if_stage_inst/instruction_reg/reg_data_reg[22]/CK (DFF_X2)
                                                          0.00       0.00 r
  if_stage_inst/instruction_reg/reg_data_reg[22]/Q (DFF_X2)
                                                          0.14       0.14 r
  U6911/ZN (OR2_X1)                                       0.05       0.19 r
  U5423/ZN (INV_X1)                                       0.06       0.25 f
  U6951/ZN (AOI22_X1)                                     0.06       0.31 r
  U6953/ZN (AOI21_X1)                                     0.03       0.34 f
  U6954/ZN (AOI211_X1)                                    0.08       0.43 r
  U6955/ZN (OAI221_X1)                                    0.05       0.48 f
  U6968/ZN (OAI21_X1)                                     0.05       0.53 r
  U6969/ZN (INV_X1)                                       0.02       0.55 f
  U6970/ZN (NAND2_X1)                                     0.03       0.58 r
  U7015/ZN (OAI211_X1)                                    0.04       0.62 f
  U7017/ZN (OAI21_X1)                                     0.05       0.67 r
  U5352/ZN (AND2_X1)                                      0.11       0.78 r
  U5614/ZN (AND2_X1)                                      0.07       0.85 r
  U5188/ZN (AND2_X2)                                      0.10       0.95 r
  U7198/ZN (INV_X1)                                       0.05       1.00 f
  U7212/ZN (OR2_X1)                                       0.08       1.08 f
  U7213/ZN (NOR2_X1)                                      0.05       1.13 r
  if_stage_inst/btb_inst/clk_gate_btb_reg[5][TAG]/EN (SNPS_CLOCK_GATE_HIGH_BTB_if_1_11)
                                                          0.00       1.13 r
  if_stage_inst/btb_inst/clk_gate_btb_reg[5][TAG]/latch/D (DLL_X1)
                                                          0.01       1.14 r
  data arrival time                                                  1.14

  clock clk (fall edge)                                   0.97       0.97
  clock network delay (ideal)                             0.00       0.97
  if_stage_inst/btb_inst/clk_gate_btb_reg[5][TAG]/latch/GN (DLL_X1)
                                                          0.00       0.97 f
  time borrowed from endpoint                             0.17       1.14
  data required time                                                 1.14
  --------------------------------------------------------------------------
  data required time                                                 1.14
  data arrival time                                                 -1.14
  --------------------------------------------------------------------------
  slack (MET)                                                        0.00

  Time Borrowing Information
  --------------------------------------------------------------
  clk nominal pulse width                                 0.97   
  library setup time                                     -0.04   
  --------------------------------------------------------------
  max time borrow                                         0.93   
  actual time borrow                                      0.17   
  --------------------------------------------------------------


  Startpoint: if_stage_inst/instruction_reg/reg_data_reg[22]
              (rising edge-triggered flip-flop clocked by clk)
  Endpoint: if_stage_inst/btb_inst/clk_gate_btb_reg[4][TAG]/latch
            (negative level-sensitive latch clocked by clk)
  Path Group: clk
  Path Type: max

  Des/Clust/Port     Wire Load Model       Library
  ------------------------------------------------
  dlx                5K_hvratio_1_1        NangateOpenCellLibrary

  Point                                                   Incr       Path
  --------------------------------------------------------------------------
  clock clk (rise edge)                                   0.00       0.00
  clock network delay (ideal)                             0.00       0.00
  if_stage_inst/instruction_reg/reg_data_reg[22]/CK (DFF_X2)
                                                          0.00       0.00 r
  if_stage_inst/instruction_reg/reg_data_reg[22]/Q (DFF_X2)
                                                          0.14       0.14 r
  U6911/ZN (OR2_X1)                                       0.05       0.19 r
  U5423/ZN (INV_X1)                                       0.06       0.25 f
  U6951/ZN (AOI22_X1)                                     0.06       0.31 r
  U6953/ZN (AOI21_X1)                                     0.03       0.34 f
  U6954/ZN (AOI211_X1)                                    0.08       0.43 r
  U6955/ZN (OAI221_X1)                                    0.05       0.48 f
  U6968/ZN (OAI21_X1)                                     0.05       0.53 r
  U6969/ZN (INV_X1)                                       0.02       0.55 f
  U6970/ZN (NAND2_X1)                                     0.03       0.58 r
  U7015/ZN (OAI211_X1)                                    0.04       0.62 f
  U7017/ZN (OAI21_X1)                                     0.05       0.67 r
  U5352/ZN (AND2_X1)                                      0.11       0.78 r
  U5614/ZN (AND2_X1)                                      0.07       0.85 r
  U5188/ZN (AND2_X2)                                      0.10       0.95 r
  U7198/ZN (INV_X1)                                       0.05       1.00 f
  U7212/ZN (OR2_X1)                                       0.08       1.08 f
  U7231/ZN (NOR2_X1)                                      0.05       1.13 r
  if_stage_inst/btb_inst/clk_gate_btb_reg[4][TAG]/EN (SNPS_CLOCK_GATE_HIGH_BTB_if_1_12)
                                                          0.00       1.13 r
  if_stage_inst/btb_inst/clk_gate_btb_reg[4][TAG]/latch/D (DLL_X1)
                                                          0.01       1.14 r
  data arrival time                                                  1.14

  clock clk (fall edge)                                   0.97       0.97
  clock network delay (ideal)                             0.00       0.97
  if_stage_inst/btb_inst/clk_gate_btb_reg[4][TAG]/latch/GN (DLL_X1)
                                                          0.00       0.97 f
  time borrowed from endpoint                             0.17       1.14
  data required time                                                 1.14
  --------------------------------------------------------------------------
  data required time                                                 1.14
  data arrival time                                                 -1.14
  --------------------------------------------------------------------------
  slack (MET)                                                        0.00

  Time Borrowing Information
  --------------------------------------------------------------
  clk nominal pulse width                                 0.97   
  library setup time                                     -0.04   
  --------------------------------------------------------------
  max time borrow                                         0.93   
  actual time borrow                                      0.17   
  --------------------------------------------------------------


  Startpoint: if_stage_inst/instruction_reg/reg_data_reg[22]
              (rising edge-triggered flip-flop clocked by clk)
  Endpoint: if_stage_inst/btb_inst/clk_gate_btb_reg[3][TAG]/latch
            (negative level-sensitive latch clocked by clk)
  Path Group: clk
  Path Type: max

  Des/Clust/Port     Wire Load Model       Library
  ------------------------------------------------
  dlx                5K_hvratio_1_1        NangateOpenCellLibrary

  Point                                                   Incr       Path
  --------------------------------------------------------------------------
  clock clk (rise edge)                                   0.00       0.00
  clock network delay (ideal)                             0.00       0.00
  if_stage_inst/instruction_reg/reg_data_reg[22]/CK (DFF_X2)
                                                          0.00       0.00 r
  if_stage_inst/instruction_reg/reg_data_reg[22]/Q (DFF_X2)
                                                          0.14       0.14 r
  U6911/ZN (OR2_X1)                                       0.05       0.19 r
  U5423/ZN (INV_X1)                                       0.06       0.25 f
  U6951/ZN (AOI22_X1)                                     0.06       0.31 r
  U6953/ZN (AOI21_X1)                                     0.03       0.34 f
  U6954/ZN (AOI211_X1)                                    0.08       0.43 r
  U6955/ZN (OAI221_X1)                                    0.05       0.48 f
  U6968/ZN (OAI21_X1)                                     0.05       0.53 r
  U6969/ZN (INV_X1)                                       0.02       0.55 f
  U6970/ZN (NAND2_X1)                                     0.03       0.58 r
  U7015/ZN (OAI211_X1)                                    0.04       0.62 f
  U7017/ZN (OAI21_X1)                                     0.05       0.67 r
  U5352/ZN (AND2_X1)                                      0.11       0.78 r
  U5614/ZN (AND2_X1)                                      0.07       0.85 r
  U5188/ZN (AND2_X2)                                      0.10       0.95 r
  U7198/ZN (INV_X1)                                       0.05       1.00 f
  U11526/ZN (OR2_X1)                                      0.08       1.08 f
  U11527/ZN (NOR2_X1)                                     0.05       1.13 r
  if_stage_inst/btb_inst/clk_gate_btb_reg[3][TAG]/EN (SNPS_CLOCK_GATE_HIGH_BTB_if_1_13)
                                                          0.00       1.13 r
  if_stage_inst/btb_inst/clk_gate_btb_reg[3][TAG]/latch/D (DLL_X1)
                                                          0.01       1.14 r
  data arrival time                                                  1.14

  clock clk (fall edge)                                   0.97       0.97
  clock network delay (ideal)                             0.00       0.97
  if_stage_inst/btb_inst/clk_gate_btb_reg[3][TAG]/latch/GN (DLL_X1)
                                                          0.00       0.97 f
  time borrowed from endpoint                             0.17       1.14
  data required time                                                 1.14
  --------------------------------------------------------------------------
  data required time                                                 1.14
  data arrival time                                                 -1.14
  --------------------------------------------------------------------------
  slack (MET)                                                        0.00

  Time Borrowing Information
  --------------------------------------------------------------
  clk nominal pulse width                                 0.97   
  library setup time                                     -0.04   
  --------------------------------------------------------------
  max time borrow                                         0.93   
  actual time borrow                                      0.17   
  --------------------------------------------------------------


  Startpoint: if_stage_inst/instruction_reg/reg_data_reg[22]
              (rising edge-triggered flip-flop clocked by clk)
  Endpoint: if_stage_inst/btb_inst/clk_gate_btb_reg[2][TAG]/latch
            (negative level-sensitive latch clocked by clk)
  Path Group: clk
  Path Type: max

  Des/Clust/Port     Wire Load Model       Library
  ------------------------------------------------
  dlx                5K_hvratio_1_1        NangateOpenCellLibrary

  Point                                                   Incr       Path
  --------------------------------------------------------------------------
  clock clk (rise edge)                                   0.00       0.00
  clock network delay (ideal)                             0.00       0.00
  if_stage_inst/instruction_reg/reg_data_reg[22]/CK (DFF_X2)
                                                          0.00       0.00 r
  if_stage_inst/instruction_reg/reg_data_reg[22]/Q (DFF_X2)
                                                          0.14       0.14 r
  U6911/ZN (OR2_X1)                                       0.05       0.19 r
  U5423/ZN (INV_X1)                                       0.06       0.25 f
  U6951/ZN (AOI22_X1)                                     0.06       0.31 r
  U6953/ZN (AOI21_X1)                                     0.03       0.34 f
  U6954/ZN (AOI211_X1)                                    0.08       0.43 r
  U6955/ZN (OAI221_X1)                                    0.05       0.48 f
  U6968/ZN (OAI21_X1)                                     0.05       0.53 r
  U6969/ZN (INV_X1)                                       0.02       0.55 f
  U6970/ZN (NAND2_X1)                                     0.03       0.58 r
  U7015/ZN (OAI211_X1)                                    0.04       0.62 f
  U7017/ZN (OAI21_X1)                                     0.05       0.67 r
  U5352/ZN (AND2_X1)                                      0.11       0.78 r
  U5614/ZN (AND2_X1)                                      0.07       0.85 r
  U5188/ZN (AND2_X2)                                      0.10       0.95 r
  U7198/ZN (INV_X1)                                       0.05       1.00 f
  U11526/ZN (OR2_X1)                                      0.08       1.08 f
  U11533/ZN (NOR2_X1)                                     0.05       1.13 r
  if_stage_inst/btb_inst/clk_gate_btb_reg[2][TAG]/EN (SNPS_CLOCK_GATE_HIGH_BTB_if_1_14)
                                                          0.00       1.13 r
  if_stage_inst/btb_inst/clk_gate_btb_reg[2][TAG]/latch/D (DLL_X1)
                                                          0.01       1.14 r
  data arrival time                                                  1.14

  clock clk (fall edge)                                   0.97       0.97
  clock network delay (ideal)                             0.00       0.97
  if_stage_inst/btb_inst/clk_gate_btb_reg[2][TAG]/latch/GN (DLL_X1)
                                                          0.00       0.97 f
  time borrowed from endpoint                             0.17       1.14
  data required time                                                 1.14
  --------------------------------------------------------------------------
  data required time                                                 1.14
  data arrival time                                                 -1.14
  --------------------------------------------------------------------------
  slack (MET)                                                        0.00

  Time Borrowing Information
  --------------------------------------------------------------
  clk nominal pulse width                                 0.97   
  library setup time                                     -0.04   
  --------------------------------------------------------------
  max time borrow                                         0.93   
  actual time borrow                                      0.17   
  --------------------------------------------------------------


  Startpoint: if_stage_inst/instruction_reg/reg_data_reg[22]
              (rising edge-triggered flip-flop clocked by clk)
  Endpoint: if_stage_inst/btb_inst/clk_gate_btb_reg[1][TAG]/latch
            (negative level-sensitive latch clocked by clk)
  Path Group: clk
  Path Type: max

  Des/Clust/Port     Wire Load Model       Library
  ------------------------------------------------
  dlx                5K_hvratio_1_1        NangateOpenCellLibrary

  Point                                                   Incr       Path
  --------------------------------------------------------------------------
  clock clk (rise edge)                                   0.00       0.00
  clock network delay (ideal)                             0.00       0.00
  if_stage_inst/instruction_reg/reg_data_reg[22]/CK (DFF_X2)
                                                          0.00       0.00 r
  if_stage_inst/instruction_reg/reg_data_reg[22]/Q (DFF_X2)
                                                          0.14       0.14 r
  U6911/ZN (OR2_X1)                                       0.05       0.19 r
  U5423/ZN (INV_X1)                                       0.06       0.25 f
  U6951/ZN (AOI22_X1)                                     0.06       0.31 r
  U6953/ZN (AOI21_X1)                                     0.03       0.34 f
  U6954/ZN (AOI211_X1)                                    0.08       0.43 r
  U6955/ZN (OAI221_X1)                                    0.05       0.48 f
  U6968/ZN (OAI21_X1)                                     0.05       0.53 r
  U6969/ZN (INV_X1)                                       0.02       0.55 f
  U6970/ZN (NAND2_X1)                                     0.03       0.58 r
  U7015/ZN (OAI211_X1)                                    0.04       0.62 f
  U7017/ZN (OAI21_X1)                                     0.05       0.67 r
  U5352/ZN (AND2_X1)                                      0.11       0.78 r
  U5614/ZN (AND2_X1)                                      0.07       0.85 r
  U5188/ZN (AND2_X2)                                      0.10       0.95 r
  U7198/ZN (INV_X1)                                       0.05       1.00 f
  U7199/ZN (OR2_X1)                                       0.08       1.08 f
  U11520/ZN (NOR2_X1)                                     0.05       1.13 r
  if_stage_inst/btb_inst/clk_gate_btb_reg[1][TAG]/EN (SNPS_CLOCK_GATE_HIGH_BTB_if_1_15)
                                                          0.00       1.13 r
  if_stage_inst/btb_inst/clk_gate_btb_reg[1][TAG]/latch/D (DLL_X1)
                                                          0.01       1.14 r
  data arrival time                                                  1.14

  clock clk (fall edge)                                   0.97       0.97
  clock network delay (ideal)                             0.00       0.97
  if_stage_inst/btb_inst/clk_gate_btb_reg[1][TAG]/latch/GN (DLL_X1)
                                                          0.00       0.97 f
  time borrowed from endpoint                             0.17       1.14
  data required time                                                 1.14
  --------------------------------------------------------------------------
  data required time                                                 1.14
  data arrival time                                                 -1.14
  --------------------------------------------------------------------------
  slack (MET)                                                        0.00

  Time Borrowing Information
  --------------------------------------------------------------
  clk nominal pulse width                                 0.97   
  library setup time                                     -0.04   
  --------------------------------------------------------------
  max time borrow                                         0.93   
  actual time borrow                                      0.17   
  --------------------------------------------------------------


  Startpoint: if_stage_inst/instruction_reg/reg_data_reg[22]
              (rising edge-triggered flip-flop clocked by clk)
  Endpoint: if_stage_inst/btb_inst/clk_gate_btb_reg[0][TAG]/latch
            (negative level-sensitive latch clocked by clk)
  Path Group: clk
  Path Type: max

  Des/Clust/Port     Wire Load Model       Library
  ------------------------------------------------
  dlx                5K_hvratio_1_1        NangateOpenCellLibrary

  Point                                                   Incr       Path
  --------------------------------------------------------------------------
  clock clk (rise edge)                                   0.00       0.00
  clock network delay (ideal)                             0.00       0.00
  if_stage_inst/instruction_reg/reg_data_reg[22]/CK (DFF_X2)
                                                          0.00       0.00 r
  if_stage_inst/instruction_reg/reg_data_reg[22]/Q (DFF_X2)
                                                          0.14       0.14 r
  U6911/ZN (OR2_X1)                                       0.05       0.19 r
  U5423/ZN (INV_X1)                                       0.06       0.25 f
  U6951/ZN (AOI22_X1)                                     0.06       0.31 r
  U6953/ZN (AOI21_X1)                                     0.03       0.34 f
  U6954/ZN (AOI211_X1)                                    0.08       0.43 r
  U6955/ZN (OAI221_X1)                                    0.05       0.48 f
  U6968/ZN (OAI21_X1)                                     0.05       0.53 r
  U6969/ZN (INV_X1)                                       0.02       0.55 f
  U6970/ZN (NAND2_X1)                                     0.03       0.58 r
  U7015/ZN (OAI211_X1)                                    0.04       0.62 f
  U7017/ZN (OAI21_X1)                                     0.05       0.67 r
  U5352/ZN (AND2_X1)                                      0.11       0.78 r
  U5614/ZN (AND2_X1)                                      0.07       0.85 r
  U5188/ZN (AND2_X2)                                      0.10       0.95 r
  U7198/ZN (INV_X1)                                       0.05       1.00 f
  U7199/ZN (OR2_X1)                                       0.08       1.08 f
  U7228/ZN (NOR2_X1)                                      0.05       1.13 r
  if_stage_inst/btb_inst/clk_gate_btb_reg[0][TAG]/EN (SNPS_CLOCK_GATE_HIGH_BTB_if_1_0)
                                                          0.00       1.13 r
  if_stage_inst/btb_inst/clk_gate_btb_reg[0][TAG]/latch/D (DLL_X1)
                                                          0.01       1.14 r
  data arrival time                                                  1.14

  clock clk (fall edge)                                   0.97       0.97
  clock network delay (ideal)                             0.00       0.97
  if_stage_inst/btb_inst/clk_gate_btb_reg[0][TAG]/latch/GN (DLL_X1)
                                                          0.00       0.97 f
  time borrowed from endpoint                             0.17       1.14
  data required time                                                 1.14
  --------------------------------------------------------------------------
  data required time                                                 1.14
  data arrival time                                                 -1.14
  --------------------------------------------------------------------------
  slack (MET)                                                        0.00

  Time Borrowing Information
  --------------------------------------------------------------
  clk nominal pulse width                                 0.97   
  library setup time                                     -0.04   
  --------------------------------------------------------------
  max time borrow                                         0.93   
  actual time borrow                                      0.17   
  --------------------------------------------------------------


1
