 
****************************************
Report : constraint
        -all_violators
Design : dlx
Version: W-2024.09-SP2
Date   : Wed Sep 16 05:50:36 2026
****************************************


   max_delay/setup ('clk' group)

                             Required        Actual
   Endpoint                 Path Delay     Path Delay        Slack
   -----------------------------------------------------------------
   if_stage_inst/pc_reg_inst/reg_data_reg[17]/D
                                1.76           1.82 r        -0.05  (VIOLATED)
   if_stage_inst/pc_reg_inst/reg_data_reg[25]/D
                                1.76           1.82 r        -0.05  (VIOLATED)
   if_stage_inst/pc_reg_inst/reg_data_reg[31]/D
                                1.76           1.82 r        -0.05  (VIOLATED)
   if_stage_inst/predicted_target_reg/reg_data_reg[17]/D
                                1.76           1.82 r        -0.05  (VIOLATED)
   if_stage_inst/predicted_target_reg/reg_data_reg[25]/D
                                1.76           1.82 r        -0.05  (VIOLATED)
   if_stage_inst/predicted_target_reg/reg_data_reg[31]/D
                                1.76           1.82 r        -0.05  (VIOLATED)
   if_stage_inst/pc_reg_inst/reg_data_reg[6]/D
                                1.76           1.82 r        -0.05  (VIOLATED)
   if_stage_inst/pc_reg_inst/reg_data_reg[12]/D
                                1.76           1.82 r        -0.05  (VIOLATED)
   if_stage_inst/pc_reg_inst/reg_data_reg[14]/D
                                1.76           1.82 r        -0.05  (VIOLATED)
   if_stage_inst/predicted_target_reg/reg_data_reg[6]/D
                                1.76           1.82 r        -0.05  (VIOLATED)
   if_stage_inst/predicted_target_reg/reg_data_reg[12]/D
                                1.76           1.82 r        -0.05  (VIOLATED)
   if_stage_inst/predicted_target_reg/reg_data_reg[14]/D
                                1.76           1.82 r        -0.05  (VIOLATED)
   if_stage_inst/pc_reg_inst/reg_data_reg[0]/D
                                1.76           1.82 r        -0.05  (VIOLATED)
   if_stage_inst/pc_reg_inst/reg_data_reg[1]/D
                                1.76           1.82 r        -0.05  (VIOLATED)
   if_stage_inst/pc_reg_inst/reg_data_reg[4]/D
                                1.76           1.82 r        -0.05  (VIOLATED)
   if_stage_inst/pc_reg_inst/reg_data_reg[8]/D
                                1.76           1.82 r        -0.05  (VIOLATED)
   if_stage_inst/pc_reg_inst/reg_data_reg[28]/D
                                1.76           1.82 r        -0.05  (VIOLATED)
   if_stage_inst/pc_reg_inst/reg_data_reg[30]/D
                                1.76           1.82 r        -0.05  (VIOLATED)
   if_stage_inst/predicted_target_reg/reg_data_reg[0]/D
                                1.76           1.82 r        -0.05  (VIOLATED)
   if_stage_inst/predicted_target_reg/reg_data_reg[1]/D
                                1.76           1.82 r        -0.05  (VIOLATED)
   if_stage_inst/predicted_target_reg/reg_data_reg[4]/D
                                1.76           1.82 r        -0.05  (VIOLATED)
   if_stage_inst/predicted_target_reg/reg_data_reg[8]/D
                                1.76           1.82 r        -0.05  (VIOLATED)
   if_stage_inst/predicted_target_reg/reg_data_reg[28]/D
                                1.76           1.82 r        -0.05  (VIOLATED)
   if_stage_inst/predicted_target_reg/reg_data_reg[30]/D
                                1.76           1.82 r        -0.05  (VIOLATED)
   if_stage_inst/pc_reg_inst/reg_data_reg[3]/D
                                1.76           1.82 r        -0.05  (VIOLATED)
   if_stage_inst/predicted_target_reg/reg_data_reg[3]/D
                                1.75           1.81 f        -0.05  (VIOLATED)
   if_stage_inst/pc_reg_inst/reg_data_reg[27]/D
                                1.75           1.81 f        -0.05  (VIOLATED)
   if_stage_inst/predicted_target_reg/reg_data_reg[27]/D
                                1.75           1.81 f        -0.05  (VIOLATED)
   if_stage_inst/pc_reg_inst/reg_data_reg[5]/D
                                1.75           1.81 f        -0.05  (VIOLATED)
   if_stage_inst/predicted_target_reg/reg_data_reg[5]/D
                                1.75           1.81 f        -0.05  (VIOLATED)
   if_stage_inst/pc_reg_inst/reg_data_reg[22]/D
                                1.75           1.81 f        -0.05  (VIOLATED)
   if_stage_inst/predicted_target_reg/reg_data_reg[22]/D
                                1.75           1.81 f        -0.05  (VIOLATED)
   if_stage_inst/pc_reg_inst/reg_data_reg[7]/D
                                1.75           1.81 f        -0.05  (VIOLATED)
   if_stage_inst/pc_reg_inst/reg_data_reg[9]/D
                                1.75           1.81 f        -0.05  (VIOLATED)
   if_stage_inst/pc_reg_inst/reg_data_reg[11]/D
                                1.75           1.81 f        -0.05  (VIOLATED)
   if_stage_inst/pc_reg_inst/reg_data_reg[13]/D
                                1.75           1.81 f        -0.05  (VIOLATED)
   if_stage_inst/predicted_target_reg/reg_data_reg[7]/D
                                1.75           1.81 f        -0.05  (VIOLATED)
   if_stage_inst/predicted_target_reg/reg_data_reg[9]/D
                                1.75           1.81 f        -0.05  (VIOLATED)
   if_stage_inst/predicted_target_reg/reg_data_reg[11]/D
                                1.75           1.81 f        -0.05  (VIOLATED)
   if_stage_inst/predicted_target_reg/reg_data_reg[13]/D
                                1.75           1.81 f        -0.05  (VIOLATED)
   if_stage_inst/pc_reg_inst/reg_data_reg[10]/D
                                1.76           1.82 r        -0.05  (VIOLATED)
   if_stage_inst/pc_reg_inst/reg_data_reg[16]/D
                                1.76           1.82 r        -0.05  (VIOLATED)
   if_stage_inst/pc_reg_inst/reg_data_reg[21]/D
                                1.76           1.82 r        -0.05  (VIOLATED)
   if_stage_inst/pc_reg_inst/reg_data_reg[24]/D
                                1.76           1.82 r        -0.05  (VIOLATED)
   if_stage_inst/pc_reg_inst/reg_data_reg[26]/D
                                1.76           1.82 r        -0.05  (VIOLATED)
   if_stage_inst/predicted_target_reg/reg_data_reg[10]/D
                                1.76           1.82 r        -0.05  (VIOLATED)
   if_stage_inst/predicted_target_reg/reg_data_reg[16]/D
                                1.76           1.82 r        -0.05  (VIOLATED)
   if_stage_inst/predicted_target_reg/reg_data_reg[21]/D
                                1.76           1.82 r        -0.05  (VIOLATED)
   if_stage_inst/predicted_target_reg/reg_data_reg[24]/D
                                1.76           1.82 r        -0.05  (VIOLATED)
   if_stage_inst/predicted_target_reg/reg_data_reg[26]/D
                                1.76           1.82 r        -0.05  (VIOLATED)
   if_stage_inst/pc_reg_inst/reg_data_reg[20]/D
                                1.75           1.80 f        -0.05  (VIOLATED)
   if_stage_inst/predicted_target_reg/reg_data_reg[20]/D
                                1.75           1.80 f        -0.05  (VIOLATED)
   if_stage_inst/pc_reg_inst/reg_data_reg[15]/D
                                1.75           1.80 f        -0.05  (VIOLATED)
   if_stage_inst/pc_reg_inst/reg_data_reg[18]/D
                                1.75           1.80 f        -0.05  (VIOLATED)
   if_stage_inst/pc_reg_inst/reg_data_reg[23]/D
                                1.75           1.80 f        -0.05  (VIOLATED)
   if_stage_inst/predicted_target_reg/reg_data_reg[15]/D
                                1.75           1.80 f        -0.05  (VIOLATED)
   if_stage_inst/predicted_target_reg/reg_data_reg[18]/D
                                1.75           1.80 f        -0.05  (VIOLATED)
   if_stage_inst/predicted_target_reg/reg_data_reg[23]/D
                                1.75           1.80 f        -0.05  (VIOLATED)
   if_stage_inst/pc_reg_inst/reg_data_reg[29]/D
                                1.76           1.81 r        -0.05  (VIOLATED)
   if_stage_inst/predicted_target_reg/reg_data_reg[29]/D
                                1.76           1.81 r        -0.05  (VIOLATED)
   R_18/D                       1.77           1.82 r        -0.05  (VIOLATED)
   if_stage_inst/pc_reg_inst/reg_data_reg[19]/D
                                1.76           1.81 r        -0.05  (VIOLATED)
   if_stage_inst/predicted_target_reg/reg_data_reg[19]/D
                                1.76           1.81 r        -0.05  (VIOLATED)
   if_stage_inst/pc_reg_inst/reg_data_reg[2]/D
                                1.75           1.80 f        -0.05  (VIOLATED)
   if_stage_inst/predicted_target_reg/reg_data_reg[2]/D
                                1.75           1.80 f        -0.05  (VIOLATED)
   if_stage_inst/btb_inst/btb_reg[0][COUNTER][1]/D
                                1.75           1.79 f        -0.04  (VIOLATED)
   if_stage_inst/btb_inst/btb_reg[1][COUNTER][1]/D
                                1.75           1.79 f        -0.04  (VIOLATED)
   if_stage_inst/btb_inst/btb_reg[2][COUNTER][1]/D
                                1.75           1.79 f        -0.04  (VIOLATED)
   if_stage_inst/btb_inst/btb_reg[3][COUNTER][1]/D
                                1.75           1.79 f        -0.04  (VIOLATED)
   if_stage_inst/btb_inst/btb_reg[4][COUNTER][1]/D
                                1.75           1.79 f        -0.04  (VIOLATED)
   if_stage_inst/btb_inst/btb_reg[5][COUNTER][1]/D
                                1.75           1.79 f        -0.04  (VIOLATED)
   if_stage_inst/btb_inst/btb_reg[6][COUNTER][1]/D
                                1.75           1.79 f        -0.04  (VIOLATED)
   if_stage_inst/btb_inst/btb_reg[7][COUNTER][1]/D
                                1.75           1.79 f        -0.04  (VIOLATED)
   if_stage_inst/btb_inst/btb_reg[8][COUNTER][1]/D
                                1.75           1.79 f        -0.04  (VIOLATED)
   if_stage_inst/btb_inst/btb_reg[9][COUNTER][1]/D
                                1.75           1.79 f        -0.04  (VIOLATED)
   if_stage_inst/btb_inst/btb_reg[10][COUNTER][1]/D
                                1.75           1.79 f        -0.04  (VIOLATED)
   if_stage_inst/btb_inst/btb_reg[11][COUNTER][1]/D
                                1.75           1.79 f        -0.04  (VIOLATED)
   if_stage_inst/btb_inst/btb_reg[12][COUNTER][1]/D
                                1.75           1.79 f        -0.04  (VIOLATED)
   if_stage_inst/btb_inst/btb_reg[13][COUNTER][1]/D
                                1.75           1.79 f        -0.04  (VIOLATED)
   if_stage_inst/btb_inst/btb_reg[14][COUNTER][1]/D
                                1.75           1.79 f        -0.04  (VIOLATED)
   if_stage_inst/btb_inst/btb_reg[15][COUNTER][1]/D
                                1.75           1.79 f        -0.04  (VIOLATED)
   ex_stage_inst/mult_pp_inst/tree_i/layer_4_r_reg[2][26]/D
                                1.76           1.80 f        -0.04  (VIOLATED)
   ex_stage_inst/mult_pp_inst/tree_i/layer_4_r_reg[0][27]/D
                                1.77           1.80 r        -0.03  (VIOLATED)
   ex_stage_inst/mult_pp_inst/tree_i/layer_4_r_reg[0][29]/D
                                1.76           1.80 r        -0.03  (VIOLATED)
   ex_stage_inst/mult_pp_inst/tree_i/layer_4_r_reg[0][31]/D
                                1.77           1.80 r        -0.03  (VIOLATED)
   if_stage_inst/btb_inst/btb_reg[0][COUNTER][0]/D
                                1.76           1.78 f        -0.03  (VIOLATED)
   if_stage_inst/btb_inst/btb_reg[1][COUNTER][0]/D
                                1.76           1.78 f        -0.03  (VIOLATED)
   if_stage_inst/btb_inst/btb_reg[4][COUNTER][0]/D
                                1.76           1.78 f        -0.03  (VIOLATED)
   if_stage_inst/btb_inst/btb_reg[7][COUNTER][0]/D
                                1.76           1.78 f        -0.03  (VIOLATED)
   if_stage_inst/btb_inst/btb_reg[10][COUNTER][0]/D
                                1.76           1.78 f        -0.03  (VIOLATED)
   if_stage_inst/btb_inst/btb_reg[13][COUNTER][0]/D
                                1.76           1.78 f        -0.03  (VIOLATED)
   ex_stage_inst/mult_pp_inst/tree_i/layer_4_r_reg[0][23]/D
                                1.75           1.78 f        -0.02  (VIOLATED)
   if_stage_inst/btb_inst/btb_reg[2][COUNTER][0]/D
                                1.76           1.78 f        -0.02  (VIOLATED)
   if_stage_inst/btb_inst/btb_reg[3][COUNTER][0]/D
                                1.76           1.78 f        -0.02  (VIOLATED)
   if_stage_inst/btb_inst/btb_reg[5][COUNTER][0]/D
                                1.76           1.78 f        -0.02  (VIOLATED)
   if_stage_inst/btb_inst/btb_reg[6][COUNTER][0]/D
                                1.76           1.78 f        -0.02  (VIOLATED)
   if_stage_inst/btb_inst/btb_reg[8][COUNTER][0]/D
                                1.76           1.78 f        -0.02  (VIOLATED)
   if_stage_inst/btb_inst/btb_reg[9][COUNTER][0]/D
                                1.76           1.78 f        -0.02  (VIOLATED)
   if_stage_inst/btb_inst/btb_reg[11][COUNTER][0]/D
                                1.76           1.78 f        -0.02  (VIOLATED)
   if_stage_inst/btb_inst/btb_reg[12][COUNTER][0]/D
                                1.76           1.78 f        -0.02  (VIOLATED)
   if_stage_inst/btb_inst/btb_reg[14][COUNTER][0]/D
                                1.76           1.78 f        -0.02  (VIOLATED)
   if_stage_inst/btb_inst/btb_reg[15][COUNTER][0]/D
                                1.76           1.78 f        -0.02  (VIOLATED)
   ex_stage_inst/mult_pp_inst/tree_i/layer_4_r_reg[2][31]/D
                                1.77           1.78 r        -0.02  (VIOLATED)
   R_17/D                       1.76           1.77 f        -0.01  (VIOLATED)
   ex_stage_inst/mult_pp_inst/tree_i/layer_4_r_reg[1][30]/D
                                1.76           1.77 r        -0.01  (VIOLATED)
   ex_stage_inst/mult_pp_inst/tree_i/layer_4_r_reg[1][24]/D
                                1.76           1.77 r        -0.01  (VIOLATED)
   ex_stage_inst/mult_pp_inst/tree_i/layer_4_r_reg[0][21]/D
                                1.77           1.78 r        -0.01  (VIOLATED)
   ex_stage_inst/mult_pp_inst/tree_i/layer_4_r_reg[0][28]/D
                                1.76           1.77 r        -0.01  (VIOLATED)
   ex_stage_inst/mult_pp_inst/tree_i/layer_4_r_reg[1][28]/D
                                1.76           1.76 r         0.00  (VIOLATED: increase significant digits)
   R_16/D                       1.76           1.76 f         0.00  (VIOLATED: increase significant digits)


   max_leakage_power

                             Required        Actual
   Design                   Leakage Power  Leakage Power     Slack
   -----------------------------------------------------------------
   dlx                          0.00       513808.59      -513808.59
                                                                    (VIOLATED)


1
