 
****************************************
Report : constraint
        -all_violators
Design : dlx
Version: W-2024.09-SP2
Date   : Wed Sep 16 13:30:20 2026
****************************************


   max_delay/setup ('clk' group)

                             Required        Actual
   Endpoint                 Path Delay     Path Delay        Slack
   -----------------------------------------------------------------
   if_stage_inst/pc_reg_inst/reg_data_reg[4]/D
                                1.37           1.79 r        -0.42  (VIOLATED)
   if_stage_inst/pc_reg_inst/reg_data_reg[11]/D
                                1.37           1.79 r        -0.42  (VIOLATED)
   if_stage_inst/pc_reg_inst/reg_data_reg[23]/D
                                1.37           1.79 r        -0.42  (VIOLATED)
   if_stage_inst/predicted_target_reg/reg_data_reg[4]/D
                                1.37           1.79 r        -0.42  (VIOLATED)
   if_stage_inst/predicted_target_reg/reg_data_reg[11]/D
                                1.37           1.79 r        -0.42  (VIOLATED)
   if_stage_inst/predicted_target_reg/reg_data_reg[23]/D
                                1.37           1.79 r        -0.42  (VIOLATED)
   if_stage_inst/pc_reg_inst/reg_data_reg[25]/D
                                1.37           1.79 r        -0.42  (VIOLATED)
   if_stage_inst/pc_reg_inst/reg_data_reg[28]/D
                                1.37           1.79 r        -0.42  (VIOLATED)
   if_stage_inst/predicted_target_reg/reg_data_reg[25]/D
                                1.37           1.79 r        -0.42  (VIOLATED)
   if_stage_inst/predicted_target_reg/reg_data_reg[28]/D
                                1.37           1.79 r        -0.42  (VIOLATED)
   if_stage_inst/pc_reg_inst/reg_data_reg[27]/D
                                1.37           1.79 r        -0.42  (VIOLATED)
   if_stage_inst/predicted_target_reg/reg_data_reg[27]/D
                                1.37           1.79 r        -0.42  (VIOLATED)
   if_stage_inst/pc_reg_inst/reg_data_reg[6]/D
                                1.36           1.78 f        -0.42  (VIOLATED)
   if_stage_inst/predicted_target_reg/reg_data_reg[6]/D
                                1.36           1.78 f        -0.42  (VIOLATED)
   if_stage_inst/pc_reg_inst/reg_data_reg[20]/D
                                1.35           1.78 f        -0.42  (VIOLATED)
   if_stage_inst/predicted_target_reg/reg_data_reg[20]/D
                                1.35           1.78 f        -0.42  (VIOLATED)
   if_stage_inst/pc_reg_inst/reg_data_reg[3]/D
                                1.37           1.79 r        -0.42  (VIOLATED)
   if_stage_inst/pc_reg_inst/reg_data_reg[5]/D
                                1.37           1.79 r        -0.42  (VIOLATED)
   if_stage_inst/pc_reg_inst/reg_data_reg[9]/D
                                1.37           1.79 r        -0.42  (VIOLATED)
   if_stage_inst/pc_reg_inst/reg_data_reg[10]/D
                                1.37           1.79 r        -0.42  (VIOLATED)
   if_stage_inst/pc_reg_inst/reg_data_reg[16]/D
                                1.37           1.79 r        -0.42  (VIOLATED)
   if_stage_inst/pc_reg_inst/reg_data_reg[18]/D
                                1.37           1.79 r        -0.42  (VIOLATED)
   if_stage_inst/pc_reg_inst/reg_data_reg[19]/D
                                1.37           1.79 r        -0.42  (VIOLATED)
   if_stage_inst/pc_reg_inst/reg_data_reg[21]/D
                                1.37           1.79 r        -0.42  (VIOLATED)
   if_stage_inst/predicted_target_reg/reg_data_reg[3]/D
                                1.37           1.79 r        -0.42  (VIOLATED)
   if_stage_inst/predicted_target_reg/reg_data_reg[5]/D
                                1.37           1.79 r        -0.42  (VIOLATED)
   if_stage_inst/predicted_target_reg/reg_data_reg[9]/D
                                1.37           1.79 r        -0.42  (VIOLATED)
   if_stage_inst/predicted_target_reg/reg_data_reg[10]/D
                                1.37           1.79 r        -0.42  (VIOLATED)
   if_stage_inst/predicted_target_reg/reg_data_reg[16]/D
                                1.37           1.79 r        -0.42  (VIOLATED)
   if_stage_inst/predicted_target_reg/reg_data_reg[18]/D
                                1.37           1.79 r        -0.42  (VIOLATED)
   if_stage_inst/predicted_target_reg/reg_data_reg[19]/D
                                1.37           1.79 r        -0.42  (VIOLATED)
   if_stage_inst/pc_reg_inst/reg_data_reg[14]/D
                                1.36           1.78 f        -0.42  (VIOLATED)
   if_stage_inst/predicted_target_reg/reg_data_reg[14]/D
                                1.36           1.78 f        -0.42  (VIOLATED)
   if_stage_inst/predicted_target_reg/reg_data_reg[21]/D
                                1.36           1.78 f        -0.42  (VIOLATED)
   if_stage_inst/pc_reg_inst/reg_data_reg[17]/D
                                1.37           1.79 r        -0.42  (VIOLATED)
   if_stage_inst/predicted_target_reg/reg_data_reg[17]/D
                                1.37           1.79 r        -0.42  (VIOLATED)
   if_stage_inst/pc_reg_inst/reg_data_reg[15]/D
                                1.36           1.78 f        -0.42  (VIOLATED)
   if_stage_inst/pc_reg_inst/reg_data_reg[31]/D
                                1.36           1.78 f        -0.42  (VIOLATED)
   if_stage_inst/predicted_target_reg/reg_data_reg[15]/D
                                1.36           1.78 f        -0.42  (VIOLATED)
   if_stage_inst/predicted_target_reg/reg_data_reg[31]/D
                                1.36           1.78 f        -0.42  (VIOLATED)
   if_stage_inst/pc_reg_inst/reg_data_reg[12]/D
                                1.35           1.77 f        -0.42  (VIOLATED)
   if_stage_inst/predicted_target_reg/reg_data_reg[12]/D
                                1.35           1.77 f        -0.42  (VIOLATED)
   if_stage_inst/pc_reg_inst/reg_data_reg[7]/D
                                1.37           1.79 r        -0.42  (VIOLATED)
   if_stage_inst/predicted_target_reg/reg_data_reg[7]/D
                                1.37           1.79 r        -0.42  (VIOLATED)
   if_stage_inst/pc_reg_inst/reg_data_reg[2]/D
                                1.37           1.79 r        -0.42  (VIOLATED)
   if_stage_inst/predicted_target_reg/reg_data_reg[2]/D
                                1.37           1.79 r        -0.42  (VIOLATED)
   if_stage_inst/pc_reg_inst/reg_data_reg[0]/D
                                1.35           1.77 f        -0.42  (VIOLATED)
   if_stage_inst/pc_reg_inst/reg_data_reg[30]/D
                                1.35           1.77 f        -0.42  (VIOLATED)
   if_stage_inst/predicted_target_reg/reg_data_reg[0]/D
                                1.35           1.77 f        -0.42  (VIOLATED)
   if_stage_inst/predicted_target_reg/reg_data_reg[30]/D
                                1.35           1.77 f        -0.42  (VIOLATED)
   if_stage_inst/pc_reg_inst/reg_data_reg[24]/D
                                1.35           1.77 f        -0.42  (VIOLATED)
   if_stage_inst/predicted_target_reg/reg_data_reg[24]/D
                                1.35           1.77 f        -0.42  (VIOLATED)
   if_stage_inst/pc_reg_inst/reg_data_reg[22]/D
                                1.37           1.79 r        -0.42  (VIOLATED)
   if_stage_inst/pc_reg_inst/reg_data_reg[26]/D
                                1.37           1.79 r        -0.42  (VIOLATED)
   if_stage_inst/pc_reg_inst/reg_data_reg[29]/D
                                1.37           1.79 r        -0.42  (VIOLATED)
   if_stage_inst/predicted_target_reg/reg_data_reg[22]/D
                                1.37           1.79 r        -0.42  (VIOLATED)
   if_stage_inst/predicted_target_reg/reg_data_reg[26]/D
                                1.37           1.79 r        -0.42  (VIOLATED)
   if_stage_inst/predicted_target_reg/reg_data_reg[29]/D
                                1.37           1.79 r        -0.42  (VIOLATED)
   if_stage_inst/pc_reg_inst/reg_data_reg[1]/D
                                1.37           1.79 r        -0.42  (VIOLATED)
   if_stage_inst/pc_reg_inst/reg_data_reg[8]/D
                                1.36           1.77 f        -0.42  (VIOLATED)
   if_stage_inst/predicted_target_reg/reg_data_reg[8]/D
                                1.36           1.77 f        -0.42  (VIOLATED)
   if_stage_inst/predicted_target_reg/reg_data_reg[1]/D
                                1.37           1.79 r        -0.42  (VIOLATED)
   if_stage_inst/pc_reg_inst/reg_data_reg[13]/D
                                1.37           1.78 r        -0.42  (VIOLATED)
   if_stage_inst/predicted_target_reg/reg_data_reg[13]/D
                                1.37           1.78 r        -0.42  (VIOLATED)
   ex_stage_inst/mult_pp_inst/tree_i/layer_4_r_reg[0][23]/D
                                1.36           1.78 f        -0.41  (VIOLATED)
   ex_stage_inst/mult_pp_inst/tree_i/layer_4_r_reg[0][31]/D
                                1.36           1.77 f        -0.41  (VIOLATED)
   ex_stage_inst/mult_pp_inst/tree_i/layer_4_r_reg[0][26]/D
                                1.37           1.77 r        -0.41  (VIOLATED)
   ex_stage_inst/mult_pp_inst/tree_i/layer_4_r_reg[0][16]/D
                                1.37           1.78 r        -0.41  (VIOLATED)
   ex_stage_inst/mult_pp_inst/tree_i/layer_4_r_reg[1][22]/D
                                1.36           1.77 f        -0.40  (VIOLATED)
   ex_stage_inst/mult_pp_inst/tree_i/layer_4_r_reg[0][15]/D
                                1.36           1.76 f        -0.40  (VIOLATED)
   ex_stage_inst/mult_pp_inst/tree_i/layer_4_r_reg[1][15]/D
                                1.36           1.76 f        -0.40  (VIOLATED)
   ex_stage_inst/mult_pp_inst/tree_i/layer_4_r_reg[0][27]/D
                                1.36           1.75 f        -0.39  (VIOLATED)
   ex_stage_inst/mult_pp_inst/tree_i/layer_4_r_reg[0][29]/D
                                1.37           1.76 r        -0.39  (VIOLATED)
   ex_stage_inst/mult_pp_inst/tree_i/layer_4_r_reg[0][21]/D
                                1.36           1.75 r        -0.39  (VIOLATED)
   ex_stage_inst/mult_pp_inst/tree_i/layer_4_r_reg[1][27]/D
                                1.37           1.75 r        -0.39  (VIOLATED)
   if_stage_inst/if_id_valid_reg/reg_data_reg[0]/D
                                1.36           1.75 f        -0.39  (VIOLATED)
   ex_stage_inst/mult_pp_inst/tree_i/layer_4_r_reg[0][14]/D
                                1.37           1.75 r        -0.39  (VIOLATED)
   if_stage_inst/pc_reg_inst/clk_gate_reg_data_reg/latch/D
                                1.35           1.74 f        -0.39  (VIOLATED)
   ex_stage_inst/mult_pp_inst/tree_i/layer_4_r_reg[0][25]/D
                                1.37           1.75 r        -0.39  (VIOLATED)
   if_stage_inst/btb_inst/btb_reg[0][COUNTER][0]/D
                                1.36           1.74 f        -0.38  (VIOLATED)
   if_stage_inst/btb_inst/btb_reg[1][COUNTER][0]/D
                                1.36           1.74 f        -0.38  (VIOLATED)
   if_stage_inst/btb_inst/btb_reg[2][COUNTER][0]/D
                                1.36           1.74 f        -0.38  (VIOLATED)
   if_stage_inst/btb_inst/btb_reg[3][COUNTER][0]/D
                                1.36           1.74 f        -0.38  (VIOLATED)
   if_stage_inst/btb_inst/btb_reg[4][COUNTER][0]/D
                                1.36           1.74 f        -0.38  (VIOLATED)
   if_stage_inst/btb_inst/btb_reg[5][COUNTER][0]/D
                                1.36           1.74 f        -0.38  (VIOLATED)
   if_stage_inst/btb_inst/btb_reg[6][COUNTER][0]/D
                                1.36           1.74 f        -0.38  (VIOLATED)
   if_stage_inst/btb_inst/btb_reg[7][COUNTER][0]/D
                                1.36           1.74 f        -0.38  (VIOLATED)
   if_stage_inst/btb_inst/btb_reg[8][COUNTER][0]/D
                                1.36           1.74 f        -0.38  (VIOLATED)
   if_stage_inst/btb_inst/btb_reg[9][COUNTER][0]/D
                                1.36           1.74 f        -0.38  (VIOLATED)
   if_stage_inst/btb_inst/btb_reg[10][COUNTER][0]/D
                                1.36           1.74 f        -0.38  (VIOLATED)
   if_stage_inst/btb_inst/btb_reg[11][COUNTER][0]/D
                                1.36           1.74 f        -0.38  (VIOLATED)
   if_stage_inst/btb_inst/btb_reg[12][COUNTER][0]/D
                                1.36           1.74 f        -0.38  (VIOLATED)
   if_stage_inst/btb_inst/btb_reg[13][COUNTER][0]/D
                                1.36           1.74 f        -0.38  (VIOLATED)
   if_stage_inst/btb_inst/btb_reg[14][COUNTER][0]/D
                                1.36           1.74 f        -0.38  (VIOLATED)
   if_stage_inst/btb_inst/btb_reg[15][COUNTER][0]/D
                                1.36           1.74 f        -0.38  (VIOLATED)
   ex_stage_inst/mult_pp_inst/tree_i/layer_4_r_reg[1][24]/D
                                1.37           1.75 r        -0.38  (VIOLATED)
   ex_stage_inst/mult_pp_inst/tree_i/layer_4_r_reg[0][18]/D
                                1.36           1.74 f        -0.38  (VIOLATED)
   ex_stage_inst/mult_pp_inst/tree_i/layer_4_r_reg[1][23]/D
                                1.37           1.75 r        -0.38  (VIOLATED)
   ex_stage_inst/mult_pp_inst/tree_i/layer_4_r_reg[0][17]/D
                                1.37           1.75 r        -0.38  (VIOLATED)
   ex_stage_inst/mult_pp_inst/tree_i/layer_4_r_reg[1][14]/D
                                1.36           1.74 f        -0.38  (VIOLATED)
   ex_stage_inst/mult_pp_inst/tree_i/layer_4_r_reg[0][24]/D
                                1.37           1.74 r        -0.37  (VIOLATED)
   ex_stage_inst/mult_pp_inst/tree_i/layer_4_r_reg[0][20]/D
                                1.37           1.74 r        -0.37  (VIOLATED)
   ex_stage_inst/mult_pp_inst/tree_i/layer_4_r_reg[0][11]/D
                                1.37           1.74 r        -0.37  (VIOLATED)
   ex_stage_inst/mult_pp_inst/tree_i/layer_4_r_reg[0][19]/D
                                1.36           1.73 f        -0.36  (VIOLATED)
   ex_stage_inst/mult_pp_inst/tree_i/layer_4_r_reg[1][28]/D
                                1.36           1.73 r        -0.36  (VIOLATED)
   ex_stage_inst/mult_pp_inst/tree_i/layer_4_r_reg[0][22]/D
                                1.36           1.72 f        -0.36  (VIOLATED)
   ex_stage_inst/mult_pp_inst/tree_i/layer_4_r_reg[1][18]/D
                                1.36           1.72 f        -0.36  (VIOLATED)
   ex_stage_inst/mult_pp_inst/tree_i/layer_4_r_reg[0][30]/D
                                1.37           1.72 r        -0.36  (VIOLATED)
   ex_stage_inst/mult_pp_inst/tree_i/layer_4_r_reg[1][17]/D
                                1.37           1.72 r        -0.36  (VIOLATED)
   ex_stage_inst/mult_pp_inst/tree_i/layer_4_r_reg[0][28]/D
                                1.37           1.72 r        -0.35  (VIOLATED)
   ex_stage_inst/mult_pp_inst/tree_i/layer_4_r_reg[0][12]/D
                                1.37           1.72 r        -0.35  (VIOLATED)
   ex_stage_inst/mult_pp_inst/tree_i/layer_4_r_reg[1][25]/D
                                1.36           1.72 r        -0.35  (VIOLATED)
   ex_stage_inst/mult_pp_inst/tree_i/layer_4_r_reg[1][16]/D
                                1.36           1.71 f        -0.35  (VIOLATED)
   ex_stage_inst/mult_pp_inst/tree_i/layer_4_r_reg[1][29]/D
                                1.36           1.70 r        -0.34  (VIOLATED)
   ex_stage_inst/mult_pp_inst/tree_i/layer_4_r_reg[0][13]/D
                                1.36           1.71 r        -0.34  (VIOLATED)
   ex_stage_inst/mult_pp_inst/tree_i/layer_4_r_reg[1][26]/D
                                1.35           1.69 f        -0.34  (VIOLATED)
   if_stage_inst/pc_plus4_reg/reg_data_reg[31]/D
                                1.37           1.71 r        -0.34  (VIOLATED)
   ex_stage_inst/mult_pp_inst/tree_i/layer_4_r_reg[1][31]/D
                                1.36           1.70 r        -0.34  (VIOLATED)
   ex_stage_inst/mult_pp_inst/tree_i/layer_4_r_reg[1][20]/D
                                1.36           1.70 r        -0.34  (VIOLATED)
   ex_stage_inst/mult_pp_inst/tree_i/layer_4_r_reg[2][31]/D
                                1.37           1.70 r        -0.33  (VIOLATED)
   if_stage_inst/btb_inst/btb_reg[0][COUNTER][1]/D
                                1.36           1.69 r        -0.33  (VIOLATED)
   if_stage_inst/btb_inst/btb_reg[7][COUNTER][1]/D
                                1.36           1.69 r        -0.33  (VIOLATED)
   if_stage_inst/btb_inst/btb_reg[8][COUNTER][1]/D
                                1.36           1.69 r        -0.33  (VIOLATED)
   if_stage_inst/btb_inst/btb_reg[9][COUNTER][1]/D
                                1.36           1.69 r        -0.33  (VIOLATED)
   if_stage_inst/btb_inst/btb_reg[10][COUNTER][1]/D
                                1.36           1.69 r        -0.33  (VIOLATED)
   if_stage_inst/btb_inst/btb_reg[11][COUNTER][1]/D
                                1.36           1.69 r        -0.33  (VIOLATED)
   ex_stage_inst/mult_pp_inst/tree_i/layer_4_r_reg[1][19]/D
                                1.37           1.69 r        -0.32  (VIOLATED)
   ex_stage_inst/mult_pp_inst/tree_i/layer_4_r_reg[1][12]/D
                                1.37           1.69 r        -0.32  (VIOLATED)
   if_stage_inst/btb_inst/btb_reg[1][COUNTER][1]/D
                                1.37           1.68 r        -0.32  (VIOLATED)
   if_stage_inst/btb_inst/btb_reg[2][COUNTER][1]/D
                                1.37           1.68 r        -0.32  (VIOLATED)
   if_stage_inst/btb_inst/btb_reg[3][COUNTER][1]/D
                                1.37           1.68 r        -0.32  (VIOLATED)
   if_stage_inst/btb_inst/btb_reg[4][COUNTER][1]/D
                                1.37           1.68 r        -0.32  (VIOLATED)
   if_stage_inst/btb_inst/btb_reg[5][COUNTER][1]/D
                                1.37           1.68 r        -0.32  (VIOLATED)
   if_stage_inst/btb_inst/btb_reg[6][COUNTER][1]/D
                                1.37           1.68 r        -0.32  (VIOLATED)
   if_stage_inst/btb_inst/btb_reg[12][COUNTER][1]/D
                                1.37           1.68 r        -0.32  (VIOLATED)
   if_stage_inst/btb_inst/btb_reg[13][COUNTER][1]/D
                                1.37           1.68 r        -0.32  (VIOLATED)
   if_stage_inst/btb_inst/btb_reg[14][COUNTER][1]/D
                                1.37           1.68 r        -0.32  (VIOLATED)
   if_stage_inst/btb_inst/btb_reg[15][COUNTER][1]/D
                                1.37           1.68 r        -0.32  (VIOLATED)
   ex_stage_inst/mult_pp_inst/tree_i/layer_4_r_reg[1][30]/D
                                1.37           1.68 r        -0.31  (VIOLATED)
   ex_stage_inst/mult_pp_inst/tree_i/layer_4_r_reg[1][21]/D
                                1.36           1.67 f        -0.31  (VIOLATED)
   ex_stage_inst/mult_pp_inst/tree_i/layer_4_r_reg[0][10]/D
                                1.37           1.66 r        -0.29  (VIOLATED)
   ex_stage_inst/mult_pp_inst/tree_i/layer_4_r_reg[3][23]/D
                                1.36           1.66 r        -0.29  (VIOLATED)
   ex_stage_inst/mult_pp_inst/tree_i/layer_4_r_reg[2][22]/D
                                1.36           1.65 f        -0.29  (VIOLATED)
   ex_stage_inst/mult_pp_inst/tree_i/layer_4_r_reg[1][13]/D
                                1.37           1.66 r        -0.29  (VIOLATED)
   ex_stage_inst/mult_pp_inst/tree_i/layer_4_r_reg[2][24]/D
                                1.36           1.65 f        -0.29  (VIOLATED)
   if_stage_inst/pc_plus4_reg/reg_data_reg[30]/D
                                1.36           1.63 f        -0.27  (VIOLATED)
   ex_stage_inst/mult_pp_inst/tree_i/layer_4_r_reg[1][11]/D
                                1.37           1.63 r        -0.26  (VIOLATED)
   ex_stage_inst/mult_pp_inst/tree_i/layer_4_r_reg[0][9]/D
                                1.36           1.61 f        -0.26  (VIOLATED)
   ex_stage_inst/mult_pp_inst/tree_i/layer_4_r_reg[3][25]/D
                                1.36           1.62 r        -0.26  (VIOLATED)
   ex_stage_inst/mult_pp_inst/tree_i/layer_4_r_reg[2][28]/D
                                1.37           1.60 r        -0.24  (VIOLATED)
   if_stage_inst/btb_inst/btb_reg[0][TARGET][0]/D
                                1.36           1.59 r        -0.23  (VIOLATED)
   if_stage_inst/btb_inst/btb_reg[1][TARGET][0]/D
                                1.36           1.59 r        -0.23  (VIOLATED)
   if_stage_inst/btb_inst/btb_reg[2][TARGET][0]/D
                                1.36           1.59 r        -0.23  (VIOLATED)
   if_stage_inst/btb_inst/btb_reg[3][TARGET][0]/D
                                1.36           1.59 r        -0.23  (VIOLATED)
   if_stage_inst/btb_inst/btb_reg[4][TARGET][0]/D
                                1.36           1.59 r        -0.23  (VIOLATED)
   if_stage_inst/btb_inst/btb_reg[5][TARGET][0]/D
                                1.36           1.59 r        -0.23  (VIOLATED)
   if_stage_inst/btb_inst/btb_reg[6][TARGET][0]/D
                                1.36           1.59 r        -0.23  (VIOLATED)
   if_stage_inst/btb_inst/btb_reg[7][TARGET][0]/D
                                1.36           1.59 r        -0.23  (VIOLATED)
   if_stage_inst/btb_inst/btb_reg[8][TARGET][0]/D
                                1.36           1.59 r        -0.23  (VIOLATED)
   if_stage_inst/btb_inst/btb_reg[9][TARGET][0]/D
                                1.36           1.59 r        -0.23  (VIOLATED)
   if_stage_inst/btb_inst/btb_reg[10][TARGET][0]/D
                                1.36           1.59 r        -0.23  (VIOLATED)
   if_stage_inst/btb_inst/btb_reg[11][TARGET][0]/D
                                1.36           1.59 r        -0.23  (VIOLATED)
   if_stage_inst/btb_inst/btb_reg[12][TARGET][0]/D
                                1.36           1.59 r        -0.23  (VIOLATED)
   if_stage_inst/btb_inst/btb_reg[13][TARGET][0]/D
                                1.36           1.59 r        -0.23  (VIOLATED)
   if_stage_inst/btb_inst/btb_reg[14][TARGET][0]/D
                                1.36           1.59 r        -0.23  (VIOLATED)
   if_stage_inst/btb_inst/btb_reg[15][TARGET][0]/D
                                1.36           1.59 r        -0.23  (VIOLATED)
   ex_stage_inst/mult_pp_inst/tree_i/layer_4_r_reg[0][7]/D
                                1.37           1.59 r        -0.22  (VIOLATED)
   if_stage_inst/pc_plus4_reg/reg_data_reg[29]/D
                                1.36           1.58 f        -0.22  (VIOLATED)
   ex_stage_inst/mult_pp_inst/tree_i/layer_4_r_reg[1][10]/D
                                1.36           1.58 r        -0.22  (VIOLATED)
   ex_stage_inst/mult_pp_inst/tree_i/layer_4_r_reg[2][29]/D
                                1.36           1.58 r        -0.21  (VIOLATED)
   ex_stage_inst/mult_pp_inst/tree_i/layer_4_r_reg[2][27]/D
                                1.37           1.58 r        -0.21  (VIOLATED)
   ex_stage_inst/mult_pp_inst/tree_i/layer_4_r_reg[3][28]/D
                                1.36           1.56 f        -0.20  (VIOLATED)
   ex_stage_inst/mult_pp_inst/tree_i/layer_4_r_reg[0][8]/D
                                1.36           1.56 f        -0.20  (VIOLATED)
   ex_stage_inst/mult_pp_inst/tree_i/layer_4_r_reg[2][30]/D
                                1.36           1.55 f        -0.19  (VIOLATED)
   ex_stage_inst/mult_pp_inst/tree_i/layer_4_r_reg[3][27]/D
                                1.37           1.56 r        -0.19  (VIOLATED)
   ex_stage_inst/mult_pp_inst/tree_i/layer_4_r_reg[1][9]/D
                                1.36           1.56 r        -0.19  (VIOLATED)
   ex_stage_inst/mult_pp_inst/tree_i/layer_4_r_reg[2][26]/D
                                1.37           1.55 r        -0.19  (VIOLATED)
   ex_stage_inst/mult_pp_inst/tree_i/layer_4_r_reg[3][29]/D
                                1.35           1.54 f        -0.19  (VIOLATED)
   ex_stage_inst/mult_pp_inst/tree_i/layer_4_r_reg[3][30]/D
                                1.35           1.53 f        -0.18  (VIOLATED)
   ex_stage_inst/mult_pp_inst/tree_i/layer_4_r_reg[3][31]/D
                                1.35           1.53 f        -0.18  (VIOLATED)
   ex_stage_inst/mult_pp_inst/tree_i/layer_4_r_reg[1][8]/D
                                1.36           1.54 r        -0.18  (VIOLATED)
   if_stage_inst/pc_plus4_reg/reg_data_reg[28]/D
                                1.37           1.54 r        -0.17  (VIOLATED)
   if_stage_inst/btb_inst/btb_reg[0][TARGET][30]/D
                                1.36           1.50 r        -0.14  (VIOLATED)
   if_stage_inst/btb_inst/btb_reg[1][TARGET][30]/D
                                1.36           1.50 r        -0.14  (VIOLATED)
   if_stage_inst/btb_inst/btb_reg[2][TARGET][30]/D
                                1.36           1.50 r        -0.14  (VIOLATED)
   if_stage_inst/btb_inst/btb_reg[3][TARGET][30]/D
                                1.36           1.50 r        -0.14  (VIOLATED)
   if_stage_inst/btb_inst/btb_reg[4][TARGET][30]/D
                                1.36           1.50 r        -0.14  (VIOLATED)
   if_stage_inst/btb_inst/btb_reg[5][TARGET][30]/D
                                1.36           1.50 r        -0.14  (VIOLATED)
   if_stage_inst/btb_inst/btb_reg[6][TARGET][30]/D
                                1.36           1.50 r        -0.14  (VIOLATED)
   if_stage_inst/btb_inst/btb_reg[7][TARGET][30]/D
                                1.36           1.50 r        -0.14  (VIOLATED)
   if_stage_inst/btb_inst/btb_reg[8][TARGET][30]/D
                                1.36           1.50 r        -0.14  (VIOLATED)
   if_stage_inst/btb_inst/btb_reg[9][TARGET][30]/D
                                1.36           1.50 r        -0.14  (VIOLATED)
   if_stage_inst/btb_inst/btb_reg[10][TARGET][30]/D
                                1.36           1.50 r        -0.14  (VIOLATED)
   if_stage_inst/btb_inst/btb_reg[11][TARGET][30]/D
                                1.36           1.50 r        -0.14  (VIOLATED)
   if_stage_inst/btb_inst/btb_reg[12][TARGET][30]/D
                                1.36           1.50 r        -0.14  (VIOLATED)
   if_stage_inst/btb_inst/btb_reg[13][TARGET][30]/D
                                1.36           1.50 r        -0.14  (VIOLATED)
   if_stage_inst/btb_inst/btb_reg[14][TARGET][30]/D
                                1.36           1.50 r        -0.14  (VIOLATED)
   if_stage_inst/btb_inst/btb_reg[15][TARGET][30]/D
                                1.36           1.50 r        -0.14  (VIOLATED)
   if_stage_inst/btb_inst/btb_reg[0][TARGET][29]/D
                                1.36           1.49 r        -0.14  (VIOLATED)
   if_stage_inst/btb_inst/btb_reg[1][TARGET][29]/D
                                1.36           1.49 r        -0.14  (VIOLATED)
   if_stage_inst/btb_inst/btb_reg[2][TARGET][29]/D
                                1.36           1.49 r        -0.14  (VIOLATED)
   if_stage_inst/btb_inst/btb_reg[3][TARGET][29]/D
                                1.36           1.49 r        -0.14  (VIOLATED)
   if_stage_inst/btb_inst/btb_reg[4][TARGET][29]/D
                                1.36           1.49 r        -0.14  (VIOLATED)
   if_stage_inst/btb_inst/btb_reg[5][TARGET][29]/D
                                1.36           1.49 r        -0.14  (VIOLATED)
   if_stage_inst/btb_inst/btb_reg[6][TARGET][29]/D
                                1.36           1.49 r        -0.14  (VIOLATED)
   if_stage_inst/btb_inst/btb_reg[7][TARGET][29]/D
                                1.36           1.49 r        -0.14  (VIOLATED)
   if_stage_inst/btb_inst/btb_reg[8][TARGET][29]/D
                                1.36           1.49 r        -0.14  (VIOLATED)
   if_stage_inst/btb_inst/btb_reg[9][TARGET][29]/D
                                1.36           1.49 r        -0.14  (VIOLATED)
   if_stage_inst/btb_inst/btb_reg[10][TARGET][29]/D
                                1.36           1.49 r        -0.14  (VIOLATED)
   if_stage_inst/btb_inst/btb_reg[11][TARGET][29]/D
                                1.36           1.49 r        -0.14  (VIOLATED)
   if_stage_inst/btb_inst/btb_reg[12][TARGET][29]/D
                                1.36           1.49 r        -0.14  (VIOLATED)
   if_stage_inst/btb_inst/btb_reg[13][TARGET][29]/D
                                1.36           1.49 r        -0.14  (VIOLATED)
   if_stage_inst/btb_inst/btb_reg[14][TARGET][29]/D
                                1.36           1.49 r        -0.14  (VIOLATED)
   if_stage_inst/btb_inst/btb_reg[15][TARGET][29]/D
                                1.36           1.49 r        -0.14  (VIOLATED)
   if_stage_inst/btb_inst/btb_reg[0][TARGET][31]/D
                                1.36           1.49 r        -0.13  (VIOLATED)
   if_stage_inst/btb_inst/btb_reg[1][TARGET][31]/D
                                1.36           1.49 r        -0.13  (VIOLATED)
   if_stage_inst/btb_inst/btb_reg[2][TARGET][31]/D
                                1.36           1.49 r        -0.13  (VIOLATED)
   if_stage_inst/btb_inst/btb_reg[3][TARGET][31]/D
                                1.36           1.49 r        -0.13  (VIOLATED)
   if_stage_inst/btb_inst/btb_reg[4][TARGET][31]/D
                                1.36           1.49 r        -0.13  (VIOLATED)
   if_stage_inst/btb_inst/btb_reg[5][TARGET][31]/D
                                1.36           1.49 r        -0.13  (VIOLATED)
   if_stage_inst/btb_inst/btb_reg[6][TARGET][31]/D
                                1.36           1.49 r        -0.13  (VIOLATED)
   if_stage_inst/btb_inst/btb_reg[7][TARGET][31]/D
                                1.36           1.49 r        -0.13  (VIOLATED)
   if_stage_inst/btb_inst/btb_reg[8][TARGET][31]/D
                                1.36           1.49 r        -0.13  (VIOLATED)
   if_stage_inst/btb_inst/btb_reg[9][TARGET][31]/D
                                1.36           1.49 r        -0.13  (VIOLATED)
   if_stage_inst/btb_inst/btb_reg[10][TARGET][31]/D
                                1.36           1.49 r        -0.13  (VIOLATED)
   if_stage_inst/btb_inst/btb_reg[11][TARGET][31]/D
                                1.36           1.49 r        -0.13  (VIOLATED)
   if_stage_inst/btb_inst/btb_reg[12][TARGET][31]/D
                                1.36           1.49 r        -0.13  (VIOLATED)
   if_stage_inst/btb_inst/btb_reg[13][TARGET][31]/D
                                1.36           1.49 r        -0.13  (VIOLATED)
   if_stage_inst/btb_inst/btb_reg[14][TARGET][31]/D
                                1.36           1.49 r        -0.13  (VIOLATED)
   if_stage_inst/btb_inst/btb_reg[15][TARGET][31]/D
                                1.36           1.49 r        -0.13  (VIOLATED)
   ex_stage_inst/mult_pp_inst/tree_i/layer_4_r_reg[2][23]/D
                                1.37           1.50 r        -0.13  (VIOLATED)
   ex_stage_inst/mult_pp_inst/tree_i/layer_4_r_reg[3][21]/D
                                1.36           1.49 f        -0.13  (VIOLATED)
   ex_stage_inst/mult_pp_inst/tree_i/layer_4_r_reg[2][20]/D
                                1.37           1.49 r        -0.13  (VIOLATED)
   if_stage_inst/btb_inst/btb_reg[0][TARGET][26]/D
                                1.35           1.47 f        -0.12  (VIOLATED)
   if_stage_inst/btb_inst/btb_reg[1][TARGET][26]/D
                                1.35           1.47 f        -0.12  (VIOLATED)
   if_stage_inst/btb_inst/btb_reg[2][TARGET][26]/D
                                1.35           1.47 f        -0.12  (VIOLATED)
   if_stage_inst/btb_inst/btb_reg[3][TARGET][26]/D
                                1.35           1.47 f        -0.12  (VIOLATED)
   if_stage_inst/btb_inst/btb_reg[4][TARGET][26]/D
                                1.35           1.47 f        -0.12  (VIOLATED)
   if_stage_inst/btb_inst/btb_reg[5][TARGET][26]/D
                                1.35           1.47 f        -0.12  (VIOLATED)
   if_stage_inst/btb_inst/btb_reg[6][TARGET][26]/D
                                1.35           1.47 f        -0.12  (VIOLATED)
   if_stage_inst/btb_inst/btb_reg[7][TARGET][26]/D
                                1.35           1.47 f        -0.12  (VIOLATED)
   if_stage_inst/btb_inst/btb_reg[8][TARGET][26]/D
                                1.35           1.47 f        -0.12  (VIOLATED)
   if_stage_inst/btb_inst/btb_reg[9][TARGET][26]/D
                                1.35           1.47 f        -0.12  (VIOLATED)
   if_stage_inst/btb_inst/btb_reg[10][TARGET][26]/D
                                1.35           1.47 f        -0.12  (VIOLATED)
   if_stage_inst/btb_inst/btb_reg[11][TARGET][26]/D
                                1.35           1.47 f        -0.12  (VIOLATED)
   if_stage_inst/btb_inst/btb_reg[12][TARGET][26]/D
                                1.35           1.47 f        -0.12  (VIOLATED)
   if_stage_inst/btb_inst/btb_reg[13][TARGET][26]/D
                                1.35           1.47 f        -0.12  (VIOLATED)
   if_stage_inst/btb_inst/btb_reg[14][TARGET][26]/D
                                1.35           1.47 f        -0.12  (VIOLATED)
   if_stage_inst/btb_inst/btb_reg[15][TARGET][26]/D
                                1.35           1.47 f        -0.12  (VIOLATED)
   if_stage_inst/pc_plus4_reg/reg_data_reg[27]/D
                                1.36           1.48 f        -0.12  (VIOLATED)
   ex_stage_inst/mult_pp_inst/tree_i/layer_4_r_reg[2][25]/D
                                1.35           1.47 f        -0.11  (VIOLATED)
   if_stage_inst/btb_inst/btb_reg[0][TARGET][28]/D
                                1.36           1.47 r        -0.11  (VIOLATED)
   if_stage_inst/btb_inst/btb_reg[1][TARGET][28]/D
                                1.36           1.47 r        -0.11  (VIOLATED)
   if_stage_inst/btb_inst/btb_reg[2][TARGET][28]/D
                                1.36           1.47 r        -0.11  (VIOLATED)
   if_stage_inst/btb_inst/btb_reg[3][TARGET][28]/D
                                1.36           1.47 r        -0.11  (VIOLATED)
   if_stage_inst/btb_inst/btb_reg[4][TARGET][28]/D
                                1.36           1.47 r        -0.11  (VIOLATED)
   if_stage_inst/btb_inst/btb_reg[5][TARGET][28]/D
                                1.36           1.47 r        -0.11  (VIOLATED)
   if_stage_inst/btb_inst/btb_reg[6][TARGET][28]/D
                                1.36           1.47 r        -0.11  (VIOLATED)
   if_stage_inst/btb_inst/btb_reg[7][TARGET][28]/D
                                1.36           1.47 r        -0.11  (VIOLATED)
   if_stage_inst/btb_inst/btb_reg[8][TARGET][28]/D
                                1.36           1.47 r        -0.11  (VIOLATED)
   if_stage_inst/btb_inst/btb_reg[9][TARGET][28]/D
                                1.36           1.47 r        -0.11  (VIOLATED)
   if_stage_inst/btb_inst/btb_reg[10][TARGET][28]/D
                                1.36           1.47 r        -0.11  (VIOLATED)
   if_stage_inst/btb_inst/btb_reg[11][TARGET][28]/D
                                1.36           1.47 r        -0.11  (VIOLATED)
   if_stage_inst/btb_inst/btb_reg[12][TARGET][28]/D
                                1.36           1.47 r        -0.11  (VIOLATED)
   if_stage_inst/btb_inst/btb_reg[13][TARGET][28]/D
                                1.36           1.47 r        -0.11  (VIOLATED)
   if_stage_inst/btb_inst/btb_reg[14][TARGET][28]/D
                                1.36           1.47 r        -0.11  (VIOLATED)
   if_stage_inst/btb_inst/btb_reg[15][TARGET][28]/D
                                1.36           1.47 r        -0.11  (VIOLATED)
   if_stage_inst/btb_inst/btb_reg[0][TARGET][25]/D
                                1.35           1.45 f        -0.10  (VIOLATED)
   if_stage_inst/btb_inst/btb_reg[1][TARGET][25]/D
                                1.35           1.45 f        -0.10  (VIOLATED)
   if_stage_inst/btb_inst/btb_reg[2][TARGET][25]/D
                                1.35           1.45 f        -0.10  (VIOLATED)
   if_stage_inst/btb_inst/btb_reg[3][TARGET][25]/D
                                1.35           1.45 f        -0.10  (VIOLATED)
   if_stage_inst/btb_inst/btb_reg[4][TARGET][25]/D
                                1.35           1.45 f        -0.10  (VIOLATED)
   if_stage_inst/btb_inst/btb_reg[5][TARGET][25]/D
                                1.35           1.45 f        -0.10  (VIOLATED)
   if_stage_inst/btb_inst/btb_reg[6][TARGET][25]/D
                                1.35           1.45 f        -0.10  (VIOLATED)
   if_stage_inst/btb_inst/btb_reg[7][TARGET][25]/D
                                1.35           1.45 f        -0.10  (VIOLATED)
   if_stage_inst/btb_inst/btb_reg[8][TARGET][25]/D
                                1.35           1.45 f        -0.10  (VIOLATED)
   if_stage_inst/btb_inst/btb_reg[9][TARGET][25]/D
                                1.35           1.45 f        -0.10  (VIOLATED)
   if_stage_inst/btb_inst/btb_reg[10][TARGET][25]/D
                                1.35           1.45 f        -0.10  (VIOLATED)
   if_stage_inst/btb_inst/btb_reg[11][TARGET][25]/D
                                1.35           1.45 f        -0.10  (VIOLATED)
   if_stage_inst/btb_inst/btb_reg[12][TARGET][25]/D
                                1.35           1.45 f        -0.10  (VIOLATED)
   if_stage_inst/btb_inst/btb_reg[13][TARGET][25]/D
                                1.35           1.45 f        -0.10  (VIOLATED)
   if_stage_inst/btb_inst/btb_reg[14][TARGET][25]/D
                                1.35           1.45 f        -0.10  (VIOLATED)
   if_stage_inst/btb_inst/btb_reg[15][TARGET][25]/D
                                1.35           1.45 f        -0.10  (VIOLATED)
   if_stage_inst/btb_inst/btb_reg[0][TARGET][27]/D
                                1.35           1.45 f        -0.10  (VIOLATED)
   if_stage_inst/btb_inst/btb_reg[1][TARGET][27]/D
                                1.35           1.45 f        -0.10  (VIOLATED)
   if_stage_inst/btb_inst/btb_reg[2][TARGET][27]/D
                                1.35           1.45 f        -0.10  (VIOLATED)
   if_stage_inst/btb_inst/btb_reg[3][TARGET][27]/D
                                1.35           1.45 f        -0.10  (VIOLATED)
   if_stage_inst/btb_inst/btb_reg[4][TARGET][27]/D
                                1.35           1.45 f        -0.10  (VIOLATED)
   if_stage_inst/btb_inst/btb_reg[5][TARGET][27]/D
                                1.35           1.45 f        -0.10  (VIOLATED)
   if_stage_inst/btb_inst/btb_reg[6][TARGET][27]/D
                                1.35           1.45 f        -0.10  (VIOLATED)
   if_stage_inst/btb_inst/btb_reg[7][TARGET][27]/D
                                1.35           1.45 f        -0.10  (VIOLATED)
   if_stage_inst/btb_inst/btb_reg[8][TARGET][27]/D
                                1.35           1.45 f        -0.10  (VIOLATED)
   if_stage_inst/btb_inst/btb_reg[9][TARGET][27]/D
                                1.35           1.45 f        -0.10  (VIOLATED)
   if_stage_inst/btb_inst/btb_reg[10][TARGET][27]/D
                                1.35           1.45 f        -0.10  (VIOLATED)
   if_stage_inst/btb_inst/btb_reg[11][TARGET][27]/D
                                1.35           1.45 f        -0.10  (VIOLATED)
   if_stage_inst/btb_inst/btb_reg[12][TARGET][27]/D
                                1.35           1.45 f        -0.10  (VIOLATED)
   if_stage_inst/btb_inst/btb_reg[13][TARGET][27]/D
                                1.35           1.45 f        -0.10  (VIOLATED)
   if_stage_inst/btb_inst/btb_reg[14][TARGET][27]/D
                                1.35           1.45 f        -0.10  (VIOLATED)
   if_stage_inst/btb_inst/btb_reg[15][TARGET][27]/D
                                1.35           1.45 f        -0.10  (VIOLATED)
   ex_stage_inst/mult_pp_inst/tree_i/layer_4_r_reg[0][6]/D
                                1.36           1.46 f        -0.10  (VIOLATED)
   id_stage_inst/rs1_reg/reg_data_reg[0]/D
                                1.37           1.47 r        -0.10  (VIOLATED)
   ex_stage_inst/result_reg/reg_data_reg[0]/D
                                1.36           1.46 r        -0.10  (VIOLATED)
   if_stage_inst/pc_plus4_reg/reg_data_reg[26]/D
                                1.37           1.46 r        -0.10  (VIOLATED)
   if_stage_inst/btb_inst/btb_reg[0][TARGET][24]/D
                                1.35           1.44 f        -0.09  (VIOLATED)
   if_stage_inst/btb_inst/btb_reg[1][TARGET][24]/D
                                1.35           1.44 f        -0.09  (VIOLATED)
   if_stage_inst/btb_inst/btb_reg[2][TARGET][24]/D
                                1.35           1.44 f        -0.09  (VIOLATED)
   if_stage_inst/btb_inst/btb_reg[3][TARGET][24]/D
                                1.35           1.44 f        -0.09  (VIOLATED)
   if_stage_inst/btb_inst/btb_reg[4][TARGET][24]/D
                                1.35           1.44 f        -0.09  (VIOLATED)
   if_stage_inst/btb_inst/btb_reg[5][TARGET][24]/D
                                1.35           1.44 f        -0.09  (VIOLATED)
   if_stage_inst/btb_inst/btb_reg[6][TARGET][24]/D
                                1.35           1.44 f        -0.09  (VIOLATED)
   if_stage_inst/btb_inst/btb_reg[7][TARGET][24]/D
                                1.35           1.44 f        -0.09  (VIOLATED)
   if_stage_inst/btb_inst/btb_reg[8][TARGET][24]/D
                                1.35           1.44 f        -0.09  (VIOLATED)
   if_stage_inst/btb_inst/btb_reg[9][TARGET][24]/D
                                1.35           1.44 f        -0.09  (VIOLATED)
   if_stage_inst/btb_inst/btb_reg[10][TARGET][24]/D
                                1.35           1.44 f        -0.09  (VIOLATED)
   if_stage_inst/btb_inst/btb_reg[11][TARGET][24]/D
                                1.35           1.44 f        -0.09  (VIOLATED)
   if_stage_inst/btb_inst/btb_reg[12][TARGET][24]/D
                                1.35           1.44 f        -0.09  (VIOLATED)
   if_stage_inst/btb_inst/btb_reg[13][TARGET][24]/D
                                1.35           1.44 f        -0.09  (VIOLATED)
   if_stage_inst/btb_inst/btb_reg[14][TARGET][24]/D
                                1.35           1.44 f        -0.09  (VIOLATED)
   if_stage_inst/btb_inst/btb_reg[15][TARGET][24]/D
                                1.35           1.44 f        -0.09  (VIOLATED)
   if_stage_inst/btb_inst/btb_reg[0][TARGET][2]/D
                                1.35           1.44 f        -0.09  (VIOLATED)
   if_stage_inst/btb_inst/btb_reg[1][TARGET][2]/D
                                1.35           1.44 f        -0.09  (VIOLATED)
   if_stage_inst/btb_inst/btb_reg[2][TARGET][2]/D
                                1.35           1.44 f        -0.09  (VIOLATED)
   if_stage_inst/btb_inst/btb_reg[3][TARGET][2]/D
                                1.35           1.44 f        -0.09  (VIOLATED)
   if_stage_inst/btb_inst/btb_reg[4][TARGET][2]/D
                                1.35           1.44 f        -0.09  (VIOLATED)
   if_stage_inst/btb_inst/btb_reg[5][TARGET][2]/D
                                1.35           1.44 f        -0.09  (VIOLATED)
   if_stage_inst/btb_inst/btb_reg[6][TARGET][2]/D
                                1.35           1.44 f        -0.09  (VIOLATED)
   if_stage_inst/btb_inst/btb_reg[7][TARGET][2]/D
                                1.35           1.44 f        -0.09  (VIOLATED)
   if_stage_inst/btb_inst/btb_reg[8][TARGET][2]/D
                                1.35           1.44 f        -0.09  (VIOLATED)
   if_stage_inst/btb_inst/btb_reg[9][TARGET][2]/D
                                1.35           1.44 f        -0.09  (VIOLATED)
   if_stage_inst/btb_inst/btb_reg[10][TARGET][2]/D
                                1.35           1.44 f        -0.09  (VIOLATED)
   if_stage_inst/btb_inst/btb_reg[11][TARGET][2]/D
                                1.35           1.44 f        -0.09  (VIOLATED)
   if_stage_inst/btb_inst/btb_reg[12][TARGET][2]/D
                                1.35           1.44 f        -0.09  (VIOLATED)
   if_stage_inst/btb_inst/btb_reg[13][TARGET][2]/D
                                1.35           1.44 f        -0.09  (VIOLATED)
   if_stage_inst/btb_inst/btb_reg[14][TARGET][2]/D
                                1.35           1.44 f        -0.09  (VIOLATED)
   if_stage_inst/btb_inst/btb_reg[15][TARGET][2]/D
                                1.35           1.44 f        -0.09  (VIOLATED)
   if_stage_inst/pc_plus4_reg/reg_data_reg[25]/D
                                1.36           1.44 f        -0.08  (VIOLATED)
   if_stage_inst/btb_inst/btb_reg[0][TARGET][7]/D
                                1.35           1.42 f        -0.07  (VIOLATED)
   if_stage_inst/btb_inst/btb_reg[1][TARGET][7]/D
                                1.35           1.42 f        -0.07  (VIOLATED)
   if_stage_inst/btb_inst/btb_reg[2][TARGET][7]/D
                                1.35           1.42 f        -0.07  (VIOLATED)
   if_stage_inst/btb_inst/btb_reg[3][TARGET][7]/D
                                1.35           1.42 f        -0.07  (VIOLATED)
   if_stage_inst/btb_inst/btb_reg[4][TARGET][7]/D
                                1.35           1.42 f        -0.07  (VIOLATED)
   if_stage_inst/btb_inst/btb_reg[5][TARGET][7]/D
                                1.35           1.42 f        -0.07  (VIOLATED)
   if_stage_inst/btb_inst/btb_reg[6][TARGET][7]/D
                                1.35           1.42 f        -0.07  (VIOLATED)
   if_stage_inst/btb_inst/btb_reg[7][TARGET][7]/D
                                1.35           1.42 f        -0.07  (VIOLATED)
   if_stage_inst/btb_inst/btb_reg[8][TARGET][7]/D
                                1.35           1.42 f        -0.07  (VIOLATED)
   if_stage_inst/btb_inst/btb_reg[9][TARGET][7]/D
                                1.35           1.42 f        -0.07  (VIOLATED)
   if_stage_inst/btb_inst/btb_reg[10][TARGET][7]/D
                                1.35           1.42 f        -0.07  (VIOLATED)
   if_stage_inst/btb_inst/btb_reg[11][TARGET][7]/D
                                1.35           1.42 f        -0.07  (VIOLATED)
   if_stage_inst/btb_inst/btb_reg[12][TARGET][7]/D
                                1.35           1.42 f        -0.07  (VIOLATED)
   if_stage_inst/btb_inst/btb_reg[13][TARGET][7]/D
                                1.35           1.42 f        -0.07  (VIOLATED)
   if_stage_inst/btb_inst/btb_reg[14][TARGET][7]/D
                                1.35           1.42 f        -0.07  (VIOLATED)
   if_stage_inst/btb_inst/btb_reg[15][TARGET][7]/D
                                1.35           1.42 f        -0.07  (VIOLATED)
   if_stage_inst/btb_inst/btb_reg[0][TARGET][23]/D
                                1.35           1.42 f        -0.07  (VIOLATED)
   if_stage_inst/btb_inst/btb_reg[1][TARGET][23]/D
                                1.35           1.42 f        -0.07  (VIOLATED)
   if_stage_inst/btb_inst/btb_reg[2][TARGET][23]/D
                                1.35           1.42 f        -0.07  (VIOLATED)
   if_stage_inst/btb_inst/btb_reg[3][TARGET][23]/D
                                1.35           1.42 f        -0.07  (VIOLATED)
   if_stage_inst/btb_inst/btb_reg[4][TARGET][23]/D
                                1.35           1.42 f        -0.07  (VIOLATED)
   if_stage_inst/btb_inst/btb_reg[5][TARGET][23]/D
                                1.35           1.42 f        -0.07  (VIOLATED)
   if_stage_inst/btb_inst/btb_reg[6][TARGET][23]/D
                                1.35           1.42 f        -0.07  (VIOLATED)
   if_stage_inst/btb_inst/btb_reg[7][TARGET][23]/D
                                1.35           1.42 f        -0.07  (VIOLATED)
   if_stage_inst/btb_inst/btb_reg[8][TARGET][23]/D
                                1.35           1.42 f        -0.07  (VIOLATED)
   if_stage_inst/btb_inst/btb_reg[9][TARGET][23]/D
                                1.35           1.42 f        -0.07  (VIOLATED)
   if_stage_inst/btb_inst/btb_reg[10][TARGET][23]/D
                                1.35           1.42 f        -0.07  (VIOLATED)
   if_stage_inst/btb_inst/btb_reg[11][TARGET][23]/D
                                1.35           1.42 f        -0.07  (VIOLATED)
   if_stage_inst/btb_inst/btb_reg[12][TARGET][23]/D
                                1.35           1.42 f        -0.07  (VIOLATED)
   if_stage_inst/btb_inst/btb_reg[13][TARGET][23]/D
                                1.35           1.42 f        -0.07  (VIOLATED)
   if_stage_inst/btb_inst/btb_reg[14][TARGET][23]/D
                                1.35           1.42 f        -0.07  (VIOLATED)
   if_stage_inst/btb_inst/btb_reg[15][TARGET][23]/D
                                1.35           1.42 f        -0.07  (VIOLATED)
   ex_stage_inst/mult_pp_inst/tree_i/layer_4_r_reg[1][6]/D
                                1.36           1.43 r        -0.07  (VIOLATED)
   ex_stage_inst/mult_pp_inst/tree_i/layer_4_r_reg[1][7]/D
                                1.36           1.43 r        -0.07  (VIOLATED)
   if_stage_inst/btb_inst/btb_reg[0][TARGET][21]/D
                                1.35           1.42 f        -0.07  (VIOLATED)
   if_stage_inst/btb_inst/btb_reg[1][TARGET][21]/D
                                1.35           1.42 f        -0.07  (VIOLATED)
   if_stage_inst/btb_inst/btb_reg[2][TARGET][21]/D
                                1.35           1.42 f        -0.07  (VIOLATED)
   if_stage_inst/btb_inst/btb_reg[3][TARGET][21]/D
                                1.35           1.42 f        -0.07  (VIOLATED)
   if_stage_inst/btb_inst/btb_reg[4][TARGET][21]/D
                                1.35           1.42 f        -0.07  (VIOLATED)
   if_stage_inst/btb_inst/btb_reg[5][TARGET][21]/D
                                1.35           1.42 f        -0.07  (VIOLATED)
   if_stage_inst/btb_inst/btb_reg[6][TARGET][21]/D
                                1.35           1.42 f        -0.07  (VIOLATED)
   if_stage_inst/btb_inst/btb_reg[7][TARGET][21]/D
                                1.35           1.42 f        -0.07  (VIOLATED)
   if_stage_inst/btb_inst/btb_reg[8][TARGET][21]/D
                                1.35           1.42 f        -0.07  (VIOLATED)
   if_stage_inst/btb_inst/btb_reg[9][TARGET][21]/D
                                1.35           1.42 f        -0.07  (VIOLATED)
   if_stage_inst/btb_inst/btb_reg[10][TARGET][21]/D
                                1.35           1.42 f        -0.07  (VIOLATED)
   if_stage_inst/btb_inst/btb_reg[11][TARGET][21]/D
                                1.35           1.42 f        -0.07  (VIOLATED)
   if_stage_inst/btb_inst/btb_reg[12][TARGET][21]/D
                                1.35           1.42 f        -0.07  (VIOLATED)
   if_stage_inst/btb_inst/btb_reg[13][TARGET][21]/D
                                1.35           1.42 f        -0.07  (VIOLATED)
   if_stage_inst/btb_inst/btb_reg[14][TARGET][21]/D
                                1.35           1.42 f        -0.07  (VIOLATED)
   if_stage_inst/btb_inst/btb_reg[15][TARGET][21]/D
                                1.35           1.42 f        -0.07  (VIOLATED)
   ex_stage_inst/mult_pp_inst/tree_i/layer_4_r_reg[0][5]/D
                                1.37           1.44 r        -0.07  (VIOLATED)
   if_stage_inst/btb_inst/btb_reg[0][TARGET][13]/D
                                1.36           1.42 r        -0.06  (VIOLATED)
   if_stage_inst/btb_inst/btb_reg[1][TARGET][13]/D
                                1.36           1.42 r        -0.06  (VIOLATED)
   if_stage_inst/btb_inst/btb_reg[2][TARGET][13]/D
                                1.36           1.42 r        -0.06  (VIOLATED)
   if_stage_inst/btb_inst/btb_reg[3][TARGET][13]/D
                                1.36           1.42 r        -0.06  (VIOLATED)
   if_stage_inst/btb_inst/btb_reg[4][TARGET][13]/D
                                1.36           1.42 r        -0.06  (VIOLATED)
   if_stage_inst/btb_inst/btb_reg[5][TARGET][13]/D
                                1.36           1.42 r        -0.06  (VIOLATED)
   if_stage_inst/btb_inst/btb_reg[6][TARGET][13]/D
                                1.36           1.42 r        -0.06  (VIOLATED)
   if_stage_inst/btb_inst/btb_reg[7][TARGET][13]/D
                                1.36           1.42 r        -0.06  (VIOLATED)
   if_stage_inst/btb_inst/btb_reg[8][TARGET][13]/D
                                1.36           1.42 r        -0.06  (VIOLATED)
   if_stage_inst/btb_inst/btb_reg[9][TARGET][13]/D
                                1.36           1.42 r        -0.06  (VIOLATED)
   if_stage_inst/btb_inst/btb_reg[10][TARGET][13]/D
                                1.36           1.42 r        -0.06  (VIOLATED)
   if_stage_inst/btb_inst/btb_reg[11][TARGET][13]/D
                                1.36           1.42 r        -0.06  (VIOLATED)
   if_stage_inst/btb_inst/btb_reg[12][TARGET][13]/D
                                1.36           1.42 r        -0.06  (VIOLATED)
   if_stage_inst/btb_inst/btb_reg[13][TARGET][13]/D
                                1.36           1.42 r        -0.06  (VIOLATED)
   if_stage_inst/btb_inst/btb_reg[14][TARGET][13]/D
                                1.36           1.42 r        -0.06  (VIOLATED)
   if_stage_inst/btb_inst/btb_reg[15][TARGET][13]/D
                                1.36           1.42 r        -0.06  (VIOLATED)
   if_stage_inst/btb_inst/btb_reg[0][TARGET][19]/D
                                1.36           1.41 r        -0.05  (VIOLATED)
   if_stage_inst/btb_inst/btb_reg[1][TARGET][19]/D
                                1.36           1.41 r        -0.05  (VIOLATED)
   if_stage_inst/btb_inst/btb_reg[2][TARGET][19]/D
                                1.36           1.41 r        -0.05  (VIOLATED)
   if_stage_inst/btb_inst/btb_reg[3][TARGET][19]/D
                                1.36           1.41 r        -0.05  (VIOLATED)
   if_stage_inst/btb_inst/btb_reg[4][TARGET][19]/D
                                1.36           1.41 r        -0.05  (VIOLATED)
   if_stage_inst/btb_inst/btb_reg[5][TARGET][19]/D
                                1.36           1.41 r        -0.05  (VIOLATED)
   if_stage_inst/btb_inst/btb_reg[6][TARGET][19]/D
                                1.36           1.41 r        -0.05  (VIOLATED)
   if_stage_inst/btb_inst/btb_reg[7][TARGET][19]/D
                                1.36           1.41 r        -0.05  (VIOLATED)
   if_stage_inst/btb_inst/btb_reg[8][TARGET][19]/D
                                1.36           1.41 r        -0.05  (VIOLATED)
   if_stage_inst/btb_inst/btb_reg[9][TARGET][19]/D
                                1.36           1.41 r        -0.05  (VIOLATED)
   if_stage_inst/btb_inst/btb_reg[10][TARGET][19]/D
                                1.36           1.41 r        -0.05  (VIOLATED)
   if_stage_inst/btb_inst/btb_reg[11][TARGET][19]/D
                                1.36           1.41 r        -0.05  (VIOLATED)
   if_stage_inst/btb_inst/btb_reg[12][TARGET][19]/D
                                1.36           1.41 r        -0.05  (VIOLATED)
   if_stage_inst/btb_inst/btb_reg[13][TARGET][19]/D
                                1.36           1.41 r        -0.05  (VIOLATED)
   if_stage_inst/btb_inst/btb_reg[14][TARGET][19]/D
                                1.36           1.41 r        -0.05  (VIOLATED)
   if_stage_inst/btb_inst/btb_reg[15][TARGET][19]/D
                                1.36           1.41 r        -0.05  (VIOLATED)
   if_stage_inst/btb_inst/btb_reg[0][TARGET][16]/D
                                1.36           1.40 r        -0.05  (VIOLATED)
   if_stage_inst/btb_inst/btb_reg[1][TARGET][16]/D
                                1.36           1.40 r        -0.05  (VIOLATED)
   if_stage_inst/btb_inst/btb_reg[2][TARGET][16]/D
                                1.36           1.40 r        -0.05  (VIOLATED)
   if_stage_inst/btb_inst/btb_reg[3][TARGET][16]/D
                                1.36           1.40 r        -0.05  (VIOLATED)
   if_stage_inst/btb_inst/btb_reg[4][TARGET][16]/D
                                1.36           1.40 r        -0.05  (VIOLATED)
   if_stage_inst/btb_inst/btb_reg[5][TARGET][16]/D
                                1.36           1.40 r        -0.05  (VIOLATED)
   if_stage_inst/btb_inst/btb_reg[6][TARGET][16]/D
                                1.36           1.40 r        -0.05  (VIOLATED)
   if_stage_inst/btb_inst/btb_reg[7][TARGET][16]/D
                                1.36           1.40 r        -0.05  (VIOLATED)
   if_stage_inst/btb_inst/btb_reg[8][TARGET][16]/D
                                1.36           1.40 r        -0.05  (VIOLATED)
   if_stage_inst/btb_inst/btb_reg[9][TARGET][16]/D
                                1.36           1.40 r        -0.05  (VIOLATED)
   if_stage_inst/btb_inst/btb_reg[10][TARGET][16]/D
                                1.36           1.40 r        -0.05  (VIOLATED)
   if_stage_inst/btb_inst/btb_reg[11][TARGET][16]/D
                                1.36           1.40 r        -0.05  (VIOLATED)
   if_stage_inst/btb_inst/btb_reg[12][TARGET][16]/D
                                1.36           1.40 r        -0.05  (VIOLATED)
   if_stage_inst/btb_inst/btb_reg[13][TARGET][16]/D
                                1.36           1.40 r        -0.05  (VIOLATED)
   if_stage_inst/btb_inst/btb_reg[14][TARGET][16]/D
                                1.36           1.40 r        -0.05  (VIOLATED)
   if_stage_inst/btb_inst/btb_reg[15][TARGET][16]/D
                                1.36           1.40 r        -0.05  (VIOLATED)
   if_stage_inst/btb_inst/btb_reg[0][TARGET][14]/D
                                1.36           1.40 r        -0.04  (VIOLATED)
   if_stage_inst/btb_inst/btb_reg[1][TARGET][14]/D
                                1.36           1.40 r        -0.04  (VIOLATED)
   if_stage_inst/btb_inst/btb_reg[2][TARGET][14]/D
                                1.36           1.40 r        -0.04  (VIOLATED)
   if_stage_inst/btb_inst/btb_reg[3][TARGET][14]/D
                                1.36           1.40 r        -0.04  (VIOLATED)
   if_stage_inst/btb_inst/btb_reg[4][TARGET][14]/D
                                1.36           1.40 r        -0.04  (VIOLATED)
   if_stage_inst/btb_inst/btb_reg[5][TARGET][14]/D
                                1.36           1.40 r        -0.04  (VIOLATED)
   if_stage_inst/btb_inst/btb_reg[6][TARGET][14]/D
                                1.36           1.40 r        -0.04  (VIOLATED)
   if_stage_inst/btb_inst/btb_reg[7][TARGET][14]/D
                                1.36           1.40 r        -0.04  (VIOLATED)
   if_stage_inst/btb_inst/btb_reg[8][TARGET][14]/D
                                1.36           1.40 r        -0.04  (VIOLATED)
   if_stage_inst/btb_inst/btb_reg[9][TARGET][14]/D
                                1.36           1.40 r        -0.04  (VIOLATED)
   if_stage_inst/btb_inst/btb_reg[10][TARGET][14]/D
                                1.36           1.40 r        -0.04  (VIOLATED)
   if_stage_inst/btb_inst/btb_reg[11][TARGET][14]/D
                                1.36           1.40 r        -0.04  (VIOLATED)
   if_stage_inst/btb_inst/btb_reg[12][TARGET][14]/D
                                1.36           1.40 r        -0.04  (VIOLATED)
   if_stage_inst/btb_inst/btb_reg[13][TARGET][14]/D
                                1.36           1.40 r        -0.04  (VIOLATED)
   if_stage_inst/btb_inst/btb_reg[14][TARGET][14]/D
                                1.36           1.40 r        -0.04  (VIOLATED)
   if_stage_inst/btb_inst/btb_reg[15][TARGET][14]/D
                                1.36           1.40 r        -0.04  (VIOLATED)
   if_stage_inst/btb_inst/btb_reg[0][TARGET][5]/D
                                1.36           1.39 r        -0.04  (VIOLATED)
   if_stage_inst/btb_inst/btb_reg[1][TARGET][5]/D
                                1.36           1.39 r        -0.04  (VIOLATED)
   if_stage_inst/btb_inst/btb_reg[2][TARGET][5]/D
                                1.36           1.39 r        -0.04  (VIOLATED)
   if_stage_inst/btb_inst/btb_reg[3][TARGET][5]/D
                                1.36           1.39 r        -0.04  (VIOLATED)
   if_stage_inst/btb_inst/btb_reg[4][TARGET][5]/D
                                1.36           1.39 r        -0.04  (VIOLATED)
   if_stage_inst/btb_inst/btb_reg[5][TARGET][5]/D
                                1.36           1.39 r        -0.04  (VIOLATED)
   if_stage_inst/btb_inst/btb_reg[6][TARGET][5]/D
                                1.36           1.39 r        -0.04  (VIOLATED)
   if_stage_inst/btb_inst/btb_reg[7][TARGET][5]/D
                                1.36           1.39 r        -0.04  (VIOLATED)
   if_stage_inst/btb_inst/btb_reg[8][TARGET][5]/D
                                1.36           1.39 r        -0.04  (VIOLATED)
   if_stage_inst/btb_inst/btb_reg[9][TARGET][5]/D
                                1.36           1.39 r        -0.04  (VIOLATED)
   if_stage_inst/btb_inst/btb_reg[10][TARGET][5]/D
                                1.36           1.39 r        -0.04  (VIOLATED)
   if_stage_inst/btb_inst/btb_reg[11][TARGET][5]/D
                                1.36           1.39 r        -0.04  (VIOLATED)
   if_stage_inst/btb_inst/btb_reg[12][TARGET][5]/D
                                1.36           1.39 r        -0.04  (VIOLATED)
   if_stage_inst/btb_inst/btb_reg[13][TARGET][5]/D
                                1.36           1.39 r        -0.04  (VIOLATED)
   if_stage_inst/btb_inst/btb_reg[14][TARGET][5]/D
                                1.36           1.39 r        -0.04  (VIOLATED)
   if_stage_inst/btb_inst/btb_reg[15][TARGET][5]/D
                                1.36           1.39 r        -0.04  (VIOLATED)
   if_stage_inst/btb_inst/btb_reg[0][TARGET][17]/D
                                1.35           1.39 f        -0.04  (VIOLATED)
   if_stage_inst/btb_inst/btb_reg[1][TARGET][17]/D
                                1.35           1.39 f        -0.04  (VIOLATED)
   if_stage_inst/btb_inst/btb_reg[2][TARGET][17]/D
                                1.35           1.39 f        -0.04  (VIOLATED)
   if_stage_inst/btb_inst/btb_reg[3][TARGET][17]/D
                                1.35           1.39 f        -0.04  (VIOLATED)
   if_stage_inst/btb_inst/btb_reg[4][TARGET][17]/D
                                1.35           1.39 f        -0.04  (VIOLATED)
   if_stage_inst/btb_inst/btb_reg[5][TARGET][17]/D
                                1.35           1.39 f        -0.04  (VIOLATED)
   if_stage_inst/btb_inst/btb_reg[6][TARGET][17]/D
                                1.35           1.39 f        -0.04  (VIOLATED)
   if_stage_inst/btb_inst/btb_reg[7][TARGET][17]/D
                                1.35           1.39 f        -0.04  (VIOLATED)
   if_stage_inst/btb_inst/btb_reg[8][TARGET][17]/D
                                1.35           1.39 f        -0.04  (VIOLATED)
   if_stage_inst/btb_inst/btb_reg[9][TARGET][17]/D
                                1.35           1.39 f        -0.04  (VIOLATED)
   if_stage_inst/btb_inst/btb_reg[10][TARGET][17]/D
                                1.35           1.39 f        -0.04  (VIOLATED)
   if_stage_inst/btb_inst/btb_reg[11][TARGET][17]/D
                                1.35           1.39 f        -0.04  (VIOLATED)
   if_stage_inst/btb_inst/btb_reg[12][TARGET][17]/D
                                1.35           1.39 f        -0.04  (VIOLATED)
   if_stage_inst/btb_inst/btb_reg[13][TARGET][17]/D
                                1.35           1.39 f        -0.04  (VIOLATED)
   if_stage_inst/btb_inst/btb_reg[14][TARGET][17]/D
                                1.35           1.39 f        -0.04  (VIOLATED)
   if_stage_inst/btb_inst/btb_reg[15][TARGET][17]/D
                                1.35           1.39 f        -0.04  (VIOLATED)
   if_stage_inst/btb_inst/btb_reg[0][TARGET][22]/D
                                1.35           1.38 f        -0.03  (VIOLATED)
   if_stage_inst/btb_inst/btb_reg[1][TARGET][22]/D
                                1.35           1.38 f        -0.03  (VIOLATED)
   if_stage_inst/btb_inst/btb_reg[2][TARGET][22]/D
                                1.35           1.38 f        -0.03  (VIOLATED)
   if_stage_inst/btb_inst/btb_reg[3][TARGET][22]/D
                                1.35           1.38 f        -0.03  (VIOLATED)
   if_stage_inst/btb_inst/btb_reg[4][TARGET][22]/D
                                1.35           1.38 f        -0.03  (VIOLATED)
   if_stage_inst/btb_inst/btb_reg[5][TARGET][22]/D
                                1.35           1.38 f        -0.03  (VIOLATED)
   if_stage_inst/btb_inst/btb_reg[6][TARGET][22]/D
                                1.35           1.38 f        -0.03  (VIOLATED)
   if_stage_inst/btb_inst/btb_reg[7][TARGET][22]/D
                                1.35           1.38 f        -0.03  (VIOLATED)
   if_stage_inst/btb_inst/btb_reg[8][TARGET][22]/D
                                1.35           1.38 f        -0.03  (VIOLATED)
   if_stage_inst/btb_inst/btb_reg[9][TARGET][22]/D
                                1.35           1.38 f        -0.03  (VIOLATED)
   if_stage_inst/btb_inst/btb_reg[10][TARGET][22]/D
                                1.35           1.38 f        -0.03  (VIOLATED)
   if_stage_inst/btb_inst/btb_reg[11][TARGET][22]/D
                                1.35           1.38 f        -0.03  (VIOLATED)
   if_stage_inst/btb_inst/btb_reg[12][TARGET][22]/D
                                1.35           1.38 f        -0.03  (VIOLATED)
   if_stage_inst/btb_inst/btb_reg[13][TARGET][22]/D
                                1.35           1.38 f        -0.03  (VIOLATED)
   if_stage_inst/btb_inst/btb_reg[14][TARGET][22]/D
                                1.35           1.38 f        -0.03  (VIOLATED)
   if_stage_inst/btb_inst/btb_reg[15][TARGET][22]/D
                                1.35           1.38 f        -0.03  (VIOLATED)
   if_stage_inst/pc_plus4_reg/reg_data_reg[24]/D
                                1.36           1.39 f        -0.03  (VIOLATED)
   if_stage_inst/btb_inst/btb_reg[0][TARGET][1]/D
                                1.36           1.38 r        -0.02  (VIOLATED)
   if_stage_inst/btb_inst/btb_reg[1][TARGET][1]/D
                                1.36           1.38 r        -0.02  (VIOLATED)
   if_stage_inst/btb_inst/btb_reg[2][TARGET][1]/D
                                1.36           1.38 r        -0.02  (VIOLATED)
   if_stage_inst/btb_inst/btb_reg[3][TARGET][1]/D
                                1.36           1.38 r        -0.02  (VIOLATED)
   if_stage_inst/btb_inst/btb_reg[4][TARGET][1]/D
                                1.36           1.38 r        -0.02  (VIOLATED)
   if_stage_inst/btb_inst/btb_reg[5][TARGET][1]/D
                                1.36           1.38 r        -0.02  (VIOLATED)
   if_stage_inst/btb_inst/btb_reg[6][TARGET][1]/D
                                1.36           1.38 r        -0.02  (VIOLATED)
   if_stage_inst/btb_inst/btb_reg[7][TARGET][1]/D
                                1.36           1.38 r        -0.02  (VIOLATED)
   if_stage_inst/btb_inst/btb_reg[8][TARGET][1]/D
                                1.36           1.38 r        -0.02  (VIOLATED)
   if_stage_inst/btb_inst/btb_reg[9][TARGET][1]/D
                                1.36           1.38 r        -0.02  (VIOLATED)
   if_stage_inst/btb_inst/btb_reg[10][TARGET][1]/D
                                1.36           1.38 r        -0.02  (VIOLATED)
   if_stage_inst/btb_inst/btb_reg[11][TARGET][1]/D
                                1.36           1.38 r        -0.02  (VIOLATED)
   if_stage_inst/btb_inst/btb_reg[12][TARGET][1]/D
                                1.36           1.38 r        -0.02  (VIOLATED)
   if_stage_inst/btb_inst/btb_reg[13][TARGET][1]/D
                                1.36           1.38 r        -0.02  (VIOLATED)
   if_stage_inst/btb_inst/btb_reg[14][TARGET][1]/D
                                1.36           1.38 r        -0.02  (VIOLATED)
   if_stage_inst/btb_inst/btb_reg[15][TARGET][1]/D
                                1.36           1.38 r        -0.02  (VIOLATED)
   if_stage_inst/btb_inst/btb_reg[0][TARGET][4]/D
                                1.35           1.37 f        -0.02  (VIOLATED)
   if_stage_inst/btb_inst/btb_reg[1][TARGET][4]/D
                                1.35           1.37 f        -0.02  (VIOLATED)
   if_stage_inst/btb_inst/btb_reg[2][TARGET][4]/D
                                1.35           1.37 f        -0.02  (VIOLATED)
   if_stage_inst/btb_inst/btb_reg[3][TARGET][4]/D
                                1.35           1.37 f        -0.02  (VIOLATED)
   if_stage_inst/btb_inst/btb_reg[4][TARGET][4]/D
                                1.35           1.37 f        -0.02  (VIOLATED)
   if_stage_inst/btb_inst/btb_reg[5][TARGET][4]/D
                                1.35           1.37 f        -0.02  (VIOLATED)
   if_stage_inst/btb_inst/btb_reg[6][TARGET][4]/D
                                1.35           1.37 f        -0.02  (VIOLATED)
   if_stage_inst/btb_inst/btb_reg[7][TARGET][4]/D
                                1.35           1.37 f        -0.02  (VIOLATED)
   if_stage_inst/btb_inst/btb_reg[8][TARGET][4]/D
                                1.35           1.37 f        -0.02  (VIOLATED)
   if_stage_inst/btb_inst/btb_reg[9][TARGET][4]/D
                                1.35           1.37 f        -0.02  (VIOLATED)
   if_stage_inst/btb_inst/btb_reg[10][TARGET][4]/D
                                1.35           1.37 f        -0.02  (VIOLATED)
   if_stage_inst/btb_inst/btb_reg[11][TARGET][4]/D
                                1.35           1.37 f        -0.02  (VIOLATED)
   if_stage_inst/btb_inst/btb_reg[12][TARGET][4]/D
                                1.35           1.37 f        -0.02  (VIOLATED)
   if_stage_inst/btb_inst/btb_reg[13][TARGET][4]/D
                                1.35           1.37 f        -0.02  (VIOLATED)
   if_stage_inst/btb_inst/btb_reg[14][TARGET][4]/D
                                1.35           1.37 f        -0.02  (VIOLATED)
   if_stage_inst/btb_inst/btb_reg[15][TARGET][4]/D
                                1.35           1.37 f        -0.02  (VIOLATED)
   if_stage_inst/btb_inst/btb_reg[0][TARGET][18]/D
                                1.36           1.37 r        -0.02  (VIOLATED)
   if_stage_inst/btb_inst/btb_reg[1][TARGET][18]/D
                                1.36           1.37 r        -0.02  (VIOLATED)
   if_stage_inst/btb_inst/btb_reg[2][TARGET][18]/D
                                1.36           1.37 r        -0.02  (VIOLATED)
   if_stage_inst/btb_inst/btb_reg[3][TARGET][18]/D
                                1.36           1.37 r        -0.02  (VIOLATED)
   if_stage_inst/btb_inst/btb_reg[4][TARGET][18]/D
                                1.36           1.37 r        -0.02  (VIOLATED)
   if_stage_inst/btb_inst/btb_reg[5][TARGET][18]/D
                                1.36           1.37 r        -0.02  (VIOLATED)
   if_stage_inst/btb_inst/btb_reg[6][TARGET][18]/D
                                1.36           1.37 r        -0.02  (VIOLATED)
   if_stage_inst/btb_inst/btb_reg[7][TARGET][18]/D
                                1.36           1.37 r        -0.02  (VIOLATED)
   if_stage_inst/btb_inst/btb_reg[8][TARGET][18]/D
                                1.36           1.37 r        -0.02  (VIOLATED)
   if_stage_inst/btb_inst/btb_reg[9][TARGET][18]/D
                                1.36           1.37 r        -0.02  (VIOLATED)
   if_stage_inst/btb_inst/btb_reg[10][TARGET][18]/D
                                1.36           1.37 r        -0.02  (VIOLATED)
   if_stage_inst/btb_inst/btb_reg[11][TARGET][18]/D
                                1.36           1.37 r        -0.02  (VIOLATED)
   if_stage_inst/btb_inst/btb_reg[12][TARGET][18]/D
                                1.36           1.37 r        -0.02  (VIOLATED)
   if_stage_inst/btb_inst/btb_reg[13][TARGET][18]/D
                                1.36           1.37 r        -0.02  (VIOLATED)
   if_stage_inst/btb_inst/btb_reg[14][TARGET][18]/D
                                1.36           1.37 r        -0.02  (VIOLATED)
   if_stage_inst/btb_inst/btb_reg[15][TARGET][18]/D
                                1.36           1.37 r        -0.02  (VIOLATED)
   if_stage_inst/pc_reg_inst/clk_gate_reg_data_reg/main_gate/A1
                                0.70           0.72 f        -0.02  (VIOLATED)
   ex_stage_inst/mult_pp_inst/tree_i/layer_4_r_reg[0][4]/D
                                1.36           1.37 f        -0.01  (VIOLATED)
   if_stage_inst/btb_inst/btb_reg[0][TARGET][20]/D
                                1.36           1.36 r        -0.01  (VIOLATED)
   if_stage_inst/btb_inst/btb_reg[1][TARGET][20]/D
                                1.36           1.36 r        -0.01  (VIOLATED)
   if_stage_inst/btb_inst/btb_reg[2][TARGET][20]/D
                                1.36           1.36 r        -0.01  (VIOLATED)
   if_stage_inst/btb_inst/btb_reg[3][TARGET][20]/D
                                1.36           1.36 r        -0.01  (VIOLATED)
   if_stage_inst/btb_inst/btb_reg[4][TARGET][20]/D
                                1.36           1.36 r        -0.01  (VIOLATED)
   if_stage_inst/btb_inst/btb_reg[5][TARGET][20]/D
                                1.36           1.36 r        -0.01  (VIOLATED)
   if_stage_inst/btb_inst/btb_reg[6][TARGET][20]/D
                                1.36           1.36 r        -0.01  (VIOLATED)
   if_stage_inst/btb_inst/btb_reg[7][TARGET][20]/D
                                1.36           1.36 r        -0.01  (VIOLATED)
   if_stage_inst/btb_inst/btb_reg[8][TARGET][20]/D
                                1.36           1.36 r        -0.01  (VIOLATED)
   if_stage_inst/btb_inst/btb_reg[9][TARGET][20]/D
                                1.36           1.36 r        -0.01  (VIOLATED)
   if_stage_inst/btb_inst/btb_reg[10][TARGET][20]/D
                                1.36           1.36 r        -0.01  (VIOLATED)
   if_stage_inst/btb_inst/btb_reg[11][TARGET][20]/D
                                1.36           1.36 r        -0.01  (VIOLATED)
   if_stage_inst/btb_inst/btb_reg[12][TARGET][20]/D
                                1.36           1.36 r        -0.01  (VIOLATED)
   if_stage_inst/btb_inst/btb_reg[13][TARGET][20]/D
                                1.36           1.36 r        -0.01  (VIOLATED)
   if_stage_inst/btb_inst/btb_reg[14][TARGET][20]/D
                                1.36           1.36 r        -0.01  (VIOLATED)
   if_stage_inst/btb_inst/btb_reg[15][TARGET][20]/D
                                1.36           1.36 r        -0.01  (VIOLATED)
   ex_stage_inst/mult_pp_inst/tree_i/layer_4_r_reg[2][21]/D
                                1.37           1.37 r        -0.01  (VIOLATED)
   if_stage_inst/btb_inst/btb_reg[0][TARGET][10]/D
                                1.36           1.36 r         0.00  (VIOLATED: increase significant digits)
   if_stage_inst/btb_inst/btb_reg[1][TARGET][10]/D
                                1.36           1.36 r         0.00  (VIOLATED: increase significant digits)
   if_stage_inst/btb_inst/btb_reg[2][TARGET][10]/D
                                1.36           1.36 r         0.00  (VIOLATED: increase significant digits)
   if_stage_inst/btb_inst/btb_reg[3][TARGET][10]/D
                                1.36           1.36 r         0.00  (VIOLATED: increase significant digits)
   if_stage_inst/btb_inst/btb_reg[4][TARGET][10]/D
                                1.36           1.36 r         0.00  (VIOLATED: increase significant digits)
   if_stage_inst/btb_inst/btb_reg[5][TARGET][10]/D
                                1.36           1.36 r         0.00  (VIOLATED: increase significant digits)
   if_stage_inst/btb_inst/btb_reg[6][TARGET][10]/D
                                1.36           1.36 r         0.00  (VIOLATED: increase significant digits)
   if_stage_inst/btb_inst/btb_reg[7][TARGET][10]/D
                                1.36           1.36 r         0.00  (VIOLATED: increase significant digits)
   if_stage_inst/btb_inst/btb_reg[8][TARGET][10]/D
                                1.36           1.36 r         0.00  (VIOLATED: increase significant digits)
   if_stage_inst/btb_inst/btb_reg[9][TARGET][10]/D
                                1.36           1.36 r         0.00  (VIOLATED: increase significant digits)
   if_stage_inst/btb_inst/btb_reg[10][TARGET][10]/D
                                1.36           1.36 r         0.00  (VIOLATED: increase significant digits)
   if_stage_inst/btb_inst/btb_reg[11][TARGET][10]/D
                                1.36           1.36 r         0.00  (VIOLATED: increase significant digits)
   if_stage_inst/btb_inst/btb_reg[12][TARGET][10]/D
                                1.36           1.36 r         0.00  (VIOLATED: increase significant digits)
   if_stage_inst/btb_inst/btb_reg[13][TARGET][10]/D
                                1.36           1.36 r         0.00  (VIOLATED: increase significant digits)
   if_stage_inst/btb_inst/btb_reg[14][TARGET][10]/D
                                1.36           1.36 r         0.00  (VIOLATED: increase significant digits)
   if_stage_inst/btb_inst/btb_reg[15][TARGET][10]/D
                                1.36           1.36 r         0.00  (VIOLATED: increase significant digits)
   if_stage_inst/btb_inst/btb_reg[0][TARGET][6]/D
                                1.36           1.36 r         0.00  (VIOLATED: increase significant digits)
   if_stage_inst/btb_inst/btb_reg[1][TARGET][6]/D
                                1.36           1.36 r         0.00  (VIOLATED: increase significant digits)
   if_stage_inst/btb_inst/btb_reg[2][TARGET][6]/D
                                1.36           1.36 r         0.00  (VIOLATED: increase significant digits)
   if_stage_inst/btb_inst/btb_reg[3][TARGET][6]/D
                                1.36           1.36 r         0.00  (VIOLATED: increase significant digits)
   if_stage_inst/btb_inst/btb_reg[4][TARGET][6]/D
                                1.36           1.36 r         0.00  (VIOLATED: increase significant digits)
   if_stage_inst/btb_inst/btb_reg[5][TARGET][6]/D
                                1.36           1.36 r         0.00  (VIOLATED: increase significant digits)
   if_stage_inst/btb_inst/btb_reg[6][TARGET][6]/D
                                1.36           1.36 r         0.00  (VIOLATED: increase significant digits)
   if_stage_inst/btb_inst/btb_reg[7][TARGET][6]/D
                                1.36           1.36 r         0.00  (VIOLATED: increase significant digits)
   if_stage_inst/btb_inst/btb_reg[8][TARGET][6]/D
                                1.36           1.36 r         0.00  (VIOLATED: increase significant digits)
   if_stage_inst/btb_inst/btb_reg[9][TARGET][6]/D
                                1.36           1.36 r         0.00  (VIOLATED: increase significant digits)
   if_stage_inst/btb_inst/btb_reg[10][TARGET][6]/D
                                1.36           1.36 r         0.00  (VIOLATED: increase significant digits)
   if_stage_inst/btb_inst/btb_reg[11][TARGET][6]/D
                                1.36           1.36 r         0.00  (VIOLATED: increase significant digits)
   if_stage_inst/btb_inst/btb_reg[12][TARGET][6]/D
                                1.36           1.36 r         0.00  (VIOLATED: increase significant digits)
   if_stage_inst/btb_inst/btb_reg[13][TARGET][6]/D
                                1.36           1.36 r         0.00  (VIOLATED: increase significant digits)
   if_stage_inst/btb_inst/btb_reg[14][TARGET][6]/D
                                1.36           1.36 r         0.00  (VIOLATED: increase significant digits)
   if_stage_inst/btb_inst/btb_reg[15][TARGET][6]/D
                                1.36           1.36 r         0.00  (VIOLATED: increase significant digits)
   if_stage_inst/btb_inst/btb_reg[0][TARGET][8]/D
                                1.36           1.36 r         0.00  (VIOLATED: increase significant digits)
   if_stage_inst/btb_inst/btb_reg[1][TARGET][8]/D
                                1.36           1.36 r         0.00  (VIOLATED: increase significant digits)
   if_stage_inst/btb_inst/btb_reg[2][TARGET][8]/D
                                1.36           1.36 r         0.00  (VIOLATED: increase significant digits)
   if_stage_inst/btb_inst/btb_reg[3][TARGET][8]/D
                                1.36           1.36 r         0.00  (VIOLATED: increase significant digits)
   if_stage_inst/btb_inst/btb_reg[4][TARGET][8]/D
                                1.36           1.36 r         0.00  (VIOLATED: increase significant digits)
   if_stage_inst/btb_inst/btb_reg[5][TARGET][8]/D
                                1.36           1.36 r         0.00  (VIOLATED: increase significant digits)
   if_stage_inst/btb_inst/btb_reg[6][TARGET][8]/D
                                1.36           1.36 r         0.00  (VIOLATED: increase significant digits)
   if_stage_inst/btb_inst/btb_reg[7][TARGET][8]/D
                                1.36           1.36 r         0.00  (VIOLATED: increase significant digits)
   if_stage_inst/btb_inst/btb_reg[8][TARGET][8]/D
                                1.36           1.36 r         0.00  (VIOLATED: increase significant digits)
   if_stage_inst/btb_inst/btb_reg[9][TARGET][8]/D
                                1.36           1.36 r         0.00  (VIOLATED: increase significant digits)
   if_stage_inst/btb_inst/btb_reg[10][TARGET][8]/D
                                1.36           1.36 r         0.00  (VIOLATED: increase significant digits)
   if_stage_inst/btb_inst/btb_reg[11][TARGET][8]/D
                                1.36           1.36 r         0.00  (VIOLATED: increase significant digits)
   if_stage_inst/btb_inst/btb_reg[12][TARGET][8]/D
                                1.36           1.36 r         0.00  (VIOLATED: increase significant digits)
   if_stage_inst/btb_inst/btb_reg[13][TARGET][8]/D
                                1.36           1.36 r         0.00  (VIOLATED: increase significant digits)
   if_stage_inst/btb_inst/btb_reg[14][TARGET][8]/D
                                1.36           1.36 r         0.00  (VIOLATED: increase significant digits)
   if_stage_inst/btb_inst/btb_reg[15][TARGET][8]/D
                                1.36           1.36 r         0.00  (VIOLATED: increase significant digits)
   if_stage_inst/btb_inst/btb_reg[0][TARGET][9]/D
                                1.36           1.36 r         0.00  (VIOLATED: increase significant digits)
   if_stage_inst/btb_inst/btb_reg[1][TARGET][9]/D
                                1.36           1.36 r         0.00  (VIOLATED: increase significant digits)
   if_stage_inst/btb_inst/btb_reg[2][TARGET][9]/D
                                1.36           1.36 r         0.00  (VIOLATED: increase significant digits)
   if_stage_inst/btb_inst/btb_reg[3][TARGET][9]/D
                                1.36           1.36 r         0.00  (VIOLATED: increase significant digits)
   if_stage_inst/btb_inst/btb_reg[4][TARGET][9]/D
                                1.36           1.36 r         0.00  (VIOLATED: increase significant digits)
   if_stage_inst/btb_inst/btb_reg[5][TARGET][9]/D
                                1.36           1.36 r         0.00  (VIOLATED: increase significant digits)
   if_stage_inst/btb_inst/btb_reg[6][TARGET][9]/D
                                1.36           1.36 r         0.00  (VIOLATED: increase significant digits)
   if_stage_inst/btb_inst/btb_reg[7][TARGET][9]/D
                                1.36           1.36 r         0.00  (VIOLATED: increase significant digits)
   if_stage_inst/btb_inst/btb_reg[8][TARGET][9]/D
                                1.36           1.36 r         0.00  (VIOLATED: increase significant digits)
   if_stage_inst/btb_inst/btb_reg[9][TARGET][9]/D
                                1.36           1.36 r         0.00  (VIOLATED: increase significant digits)
   if_stage_inst/btb_inst/btb_reg[10][TARGET][9]/D
                                1.36           1.36 r         0.00  (VIOLATED: increase significant digits)
   if_stage_inst/btb_inst/btb_reg[11][TARGET][9]/D
                                1.36           1.36 r         0.00  (VIOLATED: increase significant digits)
   if_stage_inst/btb_inst/btb_reg[12][TARGET][9]/D
                                1.36           1.36 r         0.00  (VIOLATED: increase significant digits)
   if_stage_inst/btb_inst/btb_reg[14][TARGET][9]/D
                                1.36           1.36 r         0.00  (VIOLATED: increase significant digits)
   if_stage_inst/btb_inst/btb_reg[15][TARGET][9]/D
                                1.36           1.36 r         0.00  (VIOLATED: increase significant digits)
   if_stage_inst/btb_inst/btb_reg[0][TARGET][12]/D
                                1.35           1.35 f         0.00  (VIOLATED: increase significant digits)
   if_stage_inst/btb_inst/btb_reg[1][TARGET][12]/D
                                1.35           1.35 f         0.00  (VIOLATED: increase significant digits)
   if_stage_inst/btb_inst/btb_reg[2][TARGET][12]/D
                                1.35           1.35 f         0.00  (VIOLATED: increase significant digits)
   if_stage_inst/btb_inst/btb_reg[3][TARGET][12]/D
                                1.35           1.35 f         0.00  (VIOLATED: increase significant digits)
   if_stage_inst/btb_inst/btb_reg[4][TARGET][12]/D
                                1.35           1.35 f         0.00  (VIOLATED: increase significant digits)
   if_stage_inst/btb_inst/btb_reg[5][TARGET][12]/D
                                1.35           1.35 f         0.00  (VIOLATED: increase significant digits)
   if_stage_inst/btb_inst/btb_reg[6][TARGET][12]/D
                                1.35           1.35 f         0.00  (VIOLATED: increase significant digits)
   if_stage_inst/btb_inst/btb_reg[7][TARGET][12]/D
                                1.35           1.35 f         0.00  (VIOLATED: increase significant digits)
   if_stage_inst/btb_inst/btb_reg[8][TARGET][12]/D
                                1.35           1.35 f         0.00  (VIOLATED: increase significant digits)
   if_stage_inst/btb_inst/btb_reg[9][TARGET][12]/D
                                1.35           1.35 f         0.00  (VIOLATED: increase significant digits)
   if_stage_inst/btb_inst/btb_reg[10][TARGET][12]/D
                                1.35           1.35 f         0.00  (VIOLATED: increase significant digits)
   if_stage_inst/btb_inst/btb_reg[11][TARGET][12]/D
                                1.35           1.35 f         0.00  (VIOLATED: increase significant digits)
   if_stage_inst/btb_inst/btb_reg[12][TARGET][12]/D
                                1.35           1.35 f         0.00  (VIOLATED: increase significant digits)
   if_stage_inst/btb_inst/btb_reg[13][TARGET][12]/D
                                1.35           1.35 f         0.00  (VIOLATED: increase significant digits)
   if_stage_inst/btb_inst/btb_reg[14][TARGET][12]/D
                                1.35           1.35 f         0.00  (VIOLATED: increase significant digits)
   if_stage_inst/btb_inst/btb_reg[15][TARGET][12]/D
                                1.35           1.35 f         0.00  (VIOLATED: increase significant digits)
   ex_stage_inst/mult_pp_inst/tree_i/layer_4_r_reg[2][19]/D
                                1.37           1.37 r         0.00  (VIOLATED: increase significant digits)
   if_stage_inst/btb_inst/btb_reg[13][TARGET][9]/D
                                1.36           1.36 r         0.00  (VIOLATED: increase significant digits)


   max_transition

                             Required        Actual
   Net                      Transition     Transition        Slack
   -----------------------------------------------------------------
   n11528                       0.20           0.27          -0.07  (VIOLATED)
       PIN :   U9194/A1         0.20           0.27          -0.07  (VIOLATED)
       PIN :   U12235/A1        0.20           0.27          -0.07  (VIOLATED)
       PIN :   U12352/A1        0.20           0.27          -0.07  (VIOLATED)
       PIN :   U12379/A1        0.20           0.27          -0.07  (VIOLATED)
       PIN :   U12406/A1        0.20           0.27          -0.07  (VIOLATED)
       PIN :   U12462/A1        0.20           0.27          -0.07  (VIOLATED)
       PIN :   U12514/A1        0.20           0.27          -0.07  (VIOLATED)
       PIN :   U12568/A1        0.20           0.27          -0.07  (VIOLATED)
       PIN :   U12621/A1        0.20           0.27          -0.07  (VIOLATED)
       PIN :   U12647/A1        0.20           0.27          -0.07  (VIOLATED)
       PIN :   U12676/A1        0.20           0.27          -0.07  (VIOLATED)
       PIN :   U12703/A1        0.20           0.27          -0.07  (VIOLATED)
       PIN :   U12731/A1        0.20           0.27          -0.07  (VIOLATED)
       PIN :   U12758/A1        0.20           0.27          -0.07  (VIOLATED)
       PIN :   U12785/A1        0.20           0.27          -0.07  (VIOLATED)
       PIN :   U12810/A1        0.20           0.27          -0.07  (VIOLATED)
       PIN :   U12842/A1        0.20           0.27          -0.07  (VIOLATED)
       PIN :   U12870/A1        0.20           0.27          -0.07  (VIOLATED)
       PIN :   U12898/A1        0.20           0.27          -0.07  (VIOLATED)
       PIN :   U12925/A1        0.20           0.27          -0.07  (VIOLATED)
       PIN :   U12952/A1        0.20           0.27          -0.07  (VIOLATED)
       PIN :   U13006/A1        0.20           0.27          -0.07  (VIOLATED)
       PIN :   U13033/A1        0.20           0.27          -0.07  (VIOLATED)
       PIN :   U13059/A1        0.20           0.27          -0.07  (VIOLATED)
       PIN :   U7027/A          0.20           0.27          -0.07  (VIOLATED)
       PIN :   U9203/A2         0.20           0.27          -0.07  (VIOLATED)
       PIN :   U9215/A2         0.20           0.27          -0.07  (VIOLATED)
       PIN :   U9233/A2         0.20           0.27          -0.07  (VIOLATED)
       PIN :   U9245/A2         0.20           0.27          -0.07  (VIOLATED)
       PIN :   U9258/A2         0.20           0.27          -0.07  (VIOLATED)
       PIN :   U9270/A2         0.20           0.27          -0.07  (VIOLATED)
       PIN :   U9283/A2         0.20           0.27          -0.07  (VIOLATED)
       PIN :   U9295/A2         0.20           0.27          -0.07  (VIOLATED)
       PIN :   U9307/A2         0.20           0.27          -0.07  (VIOLATED)
       PIN :   U9319/A2         0.20           0.27          -0.07  (VIOLATED)
       PIN :   U9328/A2         0.20           0.27          -0.07  (VIOLATED)
       PIN :   U9340/A2         0.20           0.27          -0.07  (VIOLATED)
       PIN :   U9376/A2         0.20           0.27          -0.07  (VIOLATED)
       PIN :   U9468/A2         0.20           0.27          -0.07  (VIOLATED)
       PIN :   U9518/A2         0.20           0.27          -0.07  (VIOLATED)
       PIN :   U9850/A1         0.20           0.27          -0.07  (VIOLATED)
       PIN :   U12269/A1        0.20           0.27          -0.07  (VIOLATED)
       PIN :   U12299/A1        0.20           0.27          -0.07  (VIOLATED)
       PIN :   U12326/A1        0.20           0.27          -0.07  (VIOLATED)
       PIN :   U12433/A1        0.20           0.27          -0.07  (VIOLATED)
       PIN :   U12488/A1        0.20           0.27          -0.07  (VIOLATED)
       PIN :   U12540/A1        0.20           0.27          -0.07  (VIOLATED)
       PIN :   U12595/A1        0.20           0.27          -0.07  (VIOLATED)
       PIN :   U12978/A1        0.20           0.27          -0.07  (VIOLATED)
       PIN :   U5069/ZN         0.20           0.27          -0.07  (VIOLATED)

   -----------------------------------------------------------------
   Total                      1                  -0.07  

   max_capacitance

                             Required        Actual
   Net                      Capacitance    Capacitance       Slack
   -----------------------------------------------------------------
   n11528                      60.58         117.40         -56.82  (VIOLATED)
   n7782                       60.42          82.09         -21.67  (VIOLATED)

   -----------------------------------------------------------------
   Total                      2                 -78.49  

   max_leakage_power

                             Required        Actual
   Design                   Leakage Power  Leakage Power     Slack
   -----------------------------------------------------------------
   dlx                          0.00       514399.25      -514399.25
                                                                    (VIOLATED)


1
