 
****************************************
Report : timing
        -path full
        -delay max
        -nworst 5
        -max_paths 20
Design : dlx
Version: W-2024.09-SP2
Date   : Wed Sep 16 13:30:20 2026
****************************************

Operating Conditions: typical   Library: NangateOpenCellLibrary
Wire Load Model Mode: top

  Startpoint: id_stage_inst/rs2_addr_reg/reg_data_reg[0]
              (rising edge-triggered flip-flop clocked by clk)
  Endpoint: if_stage_inst/predicted_target_reg/reg_data_reg[23]
            (rising edge-triggered flip-flop clocked by clk)
  Path Group: clk
  Path Type: max

  Des/Clust/Port     Wire Load Model       Library
  ------------------------------------------------
  dlx                5K_hvratio_1_1        NangateOpenCellLibrary

  Point                                                   Incr       Path
  --------------------------------------------------------------------------
  clock clk (rise edge)                                   0.00       0.00
  clock network delay (ideal)                             0.00       0.00
  id_stage_inst/rs2_addr_reg/reg_data_reg[0]/CK (DFF_X1)
                                                          0.00       0.00 r
  id_stage_inst/rs2_addr_reg/reg_data_reg[0]/Q (DFF_X1)
                                                          0.09       0.09 r
  U6778/Z (XOR2_X1)                                       0.06       0.15 r
  U6234/ZN (AND2_X1)                                      0.04       0.19 r
  U5831/ZN (NAND4_X1)                                     0.06       0.24 f
  U6821/ZN (INV_X1)                                       0.03       0.28 r
  U6783/ZN (AND3_X2)                                      0.06       0.34 r
  U6812/Z (CLKBUF_X3)                                     0.06       0.40 r
  U7778/ZN (NAND2_X1)                                     0.04       0.43 f
  U7780/ZN (NAND4_X1)                                     0.04       0.47 r
  U7781/ZN (XNOR2_X1)                                     0.07       0.54 r
  U5764/ZN (OR2_X1)                                       0.05       0.58 r
  U7834/ZN (NAND2_X1)                                     0.03       0.61 f
  U7835/ZN (NOR2_X1)                                      0.04       0.65 r
  U6704/ZN (NAND2_X1)                                     0.03       0.68 f
  U6532/ZN (AND2_X1)                                      0.04       0.72 f
  U12093/Z (BUF_X2)                                       0.05       0.77 f
  U8010/ZN (OAI21_X1)                                     0.05       0.81 r
  U8013/ZN (XNOR2_X1)                                     0.06       0.88 r
  U6863/ZN (AND4_X1)                                      0.07       0.95 r
  U5732/ZN (NAND4_X1)                                     0.04       0.98 f
  U5731/ZN (NOR2_X1)                                      0.04       1.03 r
  U5782/ZN (NAND2_X1)                                     0.03       1.05 f
  U5781/ZN (NOR2_X1)                                      0.04       1.09 r
  U13733/ZN (AND4_X2)                                     0.06       1.15 r
  U8074/ZN (NAND4_X1)                                     0.04       1.19 f
  U8110/Z (MUX2_X1)                                       0.07       1.26 f
  U8114/ZN (NAND2_X1)                                     0.03       1.29 r
  U6756/ZN (AND2_X1)                                      0.04       1.33 r
  U6894/ZN (NAND2_X1)                                     0.03       1.35 f
  U6893/ZN (NAND2_X1)                                     0.03       1.38 r
  U6718/ZN (AND2_X1)                                      0.05       1.43 r
  U6807/ZN (XNOR2_X1)                                     0.05       1.48 r
  U9825/ZN (NAND4_X1)                                     0.04       1.53 f
  U9827/ZN (NAND2_X1)                                     0.05       1.57 r
  U5787/ZN (AND4_X1)                                      0.08       1.65 r
  U12250/ZN (INV_X1)                                      0.03       1.68 f
  U12251/ZN (INV_X1)                                      0.04       1.72 r
  U12624/ZN (NAND2_X1)                                    0.03       1.75 f
  U12628/ZN (NAND4_X1)                                    0.03       1.78 r
  if_stage_inst/predicted_target_reg/reg_data_reg[23]/D (DFF_X2)
                                                          0.01       1.79 r
  data arrival time                                                  1.79

  clock clk (rise edge)                                   1.40       1.40
  clock network delay (ideal)                             0.00       1.40
  if_stage_inst/predicted_target_reg/reg_data_reg[23]/CK (DFF_X2)
                                                          0.00       1.40 r
  library setup time                                     -0.03       1.37
  data required time                                                 1.37
  --------------------------------------------------------------------------
  data required time                                                 1.37
  data arrival time                                                 -1.79
  --------------------------------------------------------------------------
  slack (VIOLATED)                                                  -0.42


  Startpoint: id_stage_inst/rs2_addr_reg/reg_data_reg[0]
              (rising edge-triggered flip-flop clocked by clk)
  Endpoint: if_stage_inst/predicted_target_reg/reg_data_reg[4]
            (rising edge-triggered flip-flop clocked by clk)
  Path Group: clk
  Path Type: max

  Des/Clust/Port     Wire Load Model       Library
  ------------------------------------------------
  dlx                5K_hvratio_1_1        NangateOpenCellLibrary

  Point                                                   Incr       Path
  --------------------------------------------------------------------------
  clock clk (rise edge)                                   0.00       0.00
  clock network delay (ideal)                             0.00       0.00
  id_stage_inst/rs2_addr_reg/reg_data_reg[0]/CK (DFF_X1)
                                                          0.00       0.00 r
  id_stage_inst/rs2_addr_reg/reg_data_reg[0]/Q (DFF_X1)
                                                          0.09       0.09 r
  U6778/Z (XOR2_X1)                                       0.06       0.15 r
  U6234/ZN (AND2_X1)                                      0.04       0.19 r
  U5831/ZN (NAND4_X1)                                     0.06       0.24 f
  U6821/ZN (INV_X1)                                       0.03       0.28 r
  U6783/ZN (AND3_X2)                                      0.06       0.34 r
  U6812/Z (CLKBUF_X3)                                     0.06       0.40 r
  U7778/ZN (NAND2_X1)                                     0.04       0.43 f
  U7780/ZN (NAND4_X1)                                     0.04       0.47 r
  U7781/ZN (XNOR2_X1)                                     0.07       0.54 r
  U5764/ZN (OR2_X1)                                       0.05       0.58 r
  U7834/ZN (NAND2_X1)                                     0.03       0.61 f
  U7835/ZN (NOR2_X1)                                      0.04       0.65 r
  U6704/ZN (NAND2_X1)                                     0.03       0.68 f
  U6532/ZN (AND2_X1)                                      0.04       0.72 f
  U12093/Z (BUF_X2)                                       0.05       0.77 f
  U8010/ZN (OAI21_X1)                                     0.05       0.81 r
  U8013/ZN (XNOR2_X1)                                     0.06       0.88 r
  U6863/ZN (AND4_X1)                                      0.07       0.95 r
  U5732/ZN (NAND4_X1)                                     0.04       0.98 f
  U5731/ZN (NOR2_X1)                                      0.04       1.03 r
  U5782/ZN (NAND2_X1)                                     0.03       1.05 f
  U5781/ZN (NOR2_X1)                                      0.04       1.09 r
  U13733/ZN (AND4_X2)                                     0.06       1.15 r
  U8074/ZN (NAND4_X1)                                     0.04       1.19 f
  U8110/Z (MUX2_X1)                                       0.07       1.26 f
  U8114/ZN (NAND2_X1)                                     0.03       1.29 r
  U6756/ZN (AND2_X1)                                      0.04       1.33 r
  U6894/ZN (NAND2_X1)                                     0.03       1.35 f
  U6893/ZN (NAND2_X1)                                     0.03       1.38 r
  U6718/ZN (AND2_X1)                                      0.05       1.43 r
  U6807/ZN (XNOR2_X1)                                     0.05       1.48 r
  U9825/ZN (NAND4_X1)                                     0.04       1.53 f
  U9827/ZN (NAND2_X1)                                     0.05       1.57 r
  U5787/ZN (AND4_X1)                                      0.08       1.65 r
  U12250/ZN (INV_X1)                                      0.03       1.68 f
  U8225/ZN (INV_X1)                                       0.04       1.72 r
  U12272/ZN (NAND2_X1)                                    0.03       1.75 f
  U12277/ZN (NAND4_X1)                                    0.03       1.78 r
  if_stage_inst/predicted_target_reg/reg_data_reg[4]/D (DFF_X2)
                                                          0.01       1.79 r
  data arrival time                                                  1.79

  clock clk (rise edge)                                   1.40       1.40
  clock network delay (ideal)                             0.00       1.40
  if_stage_inst/predicted_target_reg/reg_data_reg[4]/CK (DFF_X2)
                                                          0.00       1.40 r
  library setup time                                     -0.03       1.37
  data required time                                                 1.37
  --------------------------------------------------------------------------
  data required time                                                 1.37
  data arrival time                                                 -1.79
  --------------------------------------------------------------------------
  slack (VIOLATED)                                                  -0.42


  Startpoint: id_stage_inst/rs2_addr_reg/reg_data_reg[0]
              (rising edge-triggered flip-flop clocked by clk)
  Endpoint: if_stage_inst/pc_reg_inst/reg_data_reg[23]
            (rising edge-triggered flip-flop clocked by clk)
  Path Group: clk
  Path Type: max

  Des/Clust/Port     Wire Load Model       Library
  ------------------------------------------------
  dlx                5K_hvratio_1_1        NangateOpenCellLibrary

  Point                                                   Incr       Path
  --------------------------------------------------------------------------
  clock clk (rise edge)                                   0.00       0.00
  clock network delay (ideal)                             0.00       0.00
  id_stage_inst/rs2_addr_reg/reg_data_reg[0]/CK (DFF_X1)
                                                          0.00       0.00 r
  id_stage_inst/rs2_addr_reg/reg_data_reg[0]/Q (DFF_X1)
                                                          0.09       0.09 r
  U6778/Z (XOR2_X1)                                       0.06       0.15 r
  U6234/ZN (AND2_X1)                                      0.04       0.19 r
  U5831/ZN (NAND4_X1)                                     0.06       0.24 f
  U6821/ZN (INV_X1)                                       0.03       0.28 r
  U6783/ZN (AND3_X2)                                      0.06       0.34 r
  U6812/Z (CLKBUF_X3)                                     0.06       0.40 r
  U7778/ZN (NAND2_X1)                                     0.04       0.43 f
  U7780/ZN (NAND4_X1)                                     0.04       0.47 r
  U7781/ZN (XNOR2_X1)                                     0.07       0.54 r
  U5764/ZN (OR2_X1)                                       0.05       0.58 r
  U7834/ZN (NAND2_X1)                                     0.03       0.61 f
  U7835/ZN (NOR2_X1)                                      0.04       0.65 r
  U6704/ZN (NAND2_X1)                                     0.03       0.68 f
  U6532/ZN (AND2_X1)                                      0.04       0.72 f
  U12093/Z (BUF_X2)                                       0.05       0.77 f
  U8010/ZN (OAI21_X1)                                     0.05       0.81 r
  U8013/ZN (XNOR2_X1)                                     0.06       0.88 r
  U6863/ZN (AND4_X1)                                      0.07       0.95 r
  U5732/ZN (NAND4_X1)                                     0.04       0.98 f
  U5731/ZN (NOR2_X1)                                      0.04       1.03 r
  U5782/ZN (NAND2_X1)                                     0.03       1.05 f
  U5781/ZN (NOR2_X1)                                      0.04       1.09 r
  U13733/ZN (AND4_X2)                                     0.06       1.15 r
  U8074/ZN (NAND4_X1)                                     0.04       1.19 f
  U8110/Z (MUX2_X1)                                       0.07       1.26 f
  U8114/ZN (NAND2_X1)                                     0.03       1.29 r
  U6756/ZN (AND2_X1)                                      0.04       1.33 r
  U6894/ZN (NAND2_X1)                                     0.03       1.35 f
  U6893/ZN (NAND2_X1)                                     0.03       1.38 r
  U6718/ZN (AND2_X1)                                      0.05       1.43 r
  U6807/ZN (XNOR2_X1)                                     0.05       1.48 r
  U9825/ZN (NAND4_X1)                                     0.04       1.53 f
  U9827/ZN (NAND2_X1)                                     0.05       1.57 r
  U5787/ZN (AND4_X1)                                      0.08       1.65 r
  U12250/ZN (INV_X1)                                      0.03       1.68 f
  U12251/ZN (INV_X1)                                      0.04       1.72 r
  U12624/ZN (NAND2_X1)                                    0.03       1.75 f
  U12628/ZN (NAND4_X1)                                    0.03       1.78 r
  if_stage_inst/pc_reg_inst/reg_data_reg[23]/D (DFF_X2)
                                                          0.01       1.79 r
  data arrival time                                                  1.79

  clock clk (rise edge)                                   1.40       1.40
  clock network delay (ideal)                             0.00       1.40
  if_stage_inst/pc_reg_inst/reg_data_reg[23]/CK (DFF_X2)
                                                          0.00       1.40 r
  library setup time                                     -0.03       1.37
  data required time                                                 1.37
  --------------------------------------------------------------------------
  data required time                                                 1.37
  data arrival time                                                 -1.79
  --------------------------------------------------------------------------
  slack (VIOLATED)                                                  -0.42


  Startpoint: id_stage_inst/rs2_addr_reg/reg_data_reg[0]
              (rising edge-triggered flip-flop clocked by clk)
  Endpoint: if_stage_inst/predicted_target_reg/reg_data_reg[11]
            (rising edge-triggered flip-flop clocked by clk)
  Path Group: clk
  Path Type: max

  Des/Clust/Port     Wire Load Model       Library
  ------------------------------------------------
  dlx                5K_hvratio_1_1        NangateOpenCellLibrary

  Point                                                   Incr       Path
  --------------------------------------------------------------------------
  clock clk (rise edge)                                   0.00       0.00
  clock network delay (ideal)                             0.00       0.00
  id_stage_inst/rs2_addr_reg/reg_data_reg[0]/CK (DFF_X1)
                                                          0.00       0.00 r
  id_stage_inst/rs2_addr_reg/reg_data_reg[0]/Q (DFF_X1)
                                                          0.09       0.09 r
  U6778/Z (XOR2_X1)                                       0.06       0.15 r
  U6234/ZN (AND2_X1)                                      0.04       0.19 r
  U5831/ZN (NAND4_X1)                                     0.06       0.24 f
  U6821/ZN (INV_X1)                                       0.03       0.28 r
  U6783/ZN (AND3_X2)                                      0.06       0.34 r
  U6812/Z (CLKBUF_X3)                                     0.06       0.40 r
  U7778/ZN (NAND2_X1)                                     0.04       0.43 f
  U7780/ZN (NAND4_X1)                                     0.04       0.47 r
  U7781/ZN (XNOR2_X1)                                     0.07       0.54 r
  U5764/ZN (OR2_X1)                                       0.05       0.58 r
  U7834/ZN (NAND2_X1)                                     0.03       0.61 f
  U7835/ZN (NOR2_X1)                                      0.04       0.65 r
  U6704/ZN (NAND2_X1)                                     0.03       0.68 f
  U6532/ZN (AND2_X1)                                      0.04       0.72 f
  U12093/Z (BUF_X2)                                       0.05       0.77 f
  U8010/ZN (OAI21_X1)                                     0.05       0.81 r
  U8013/ZN (XNOR2_X1)                                     0.06       0.88 r
  U6863/ZN (AND4_X1)                                      0.07       0.95 r
  U5732/ZN (NAND4_X1)                                     0.04       0.98 f
  U5731/ZN (NOR2_X1)                                      0.04       1.03 r
  U5782/ZN (NAND2_X1)                                     0.03       1.05 f
  U5781/ZN (NOR2_X1)                                      0.04       1.09 r
  U13733/ZN (AND4_X2)                                     0.06       1.15 r
  U8074/ZN (NAND4_X1)                                     0.04       1.19 f
  U8110/Z (MUX2_X1)                                       0.07       1.26 f
  U8114/ZN (NAND2_X1)                                     0.03       1.29 r
  U6756/ZN (AND2_X1)                                      0.04       1.33 r
  U6894/ZN (NAND2_X1)                                     0.03       1.35 f
  U6893/ZN (NAND2_X1)                                     0.03       1.38 r
  U6718/ZN (AND2_X1)                                      0.05       1.43 r
  U6807/ZN (XNOR2_X1)                                     0.05       1.48 r
  U9825/ZN (NAND4_X1)                                     0.04       1.53 f
  U9827/ZN (NAND2_X1)                                     0.05       1.57 r
  U5787/ZN (AND4_X1)                                      0.08       1.65 r
  U12250/ZN (INV_X1)                                      0.03       1.68 f
  U12251/ZN (INV_X1)                                      0.04       1.72 r
  U12410/ZN (NAND2_X1)                                    0.03       1.75 f
  U12414/ZN (NAND4_X1)                                    0.03       1.78 r
  if_stage_inst/predicted_target_reg/reg_data_reg[11]/D (DFF_X2)
                                                          0.01       1.79 r
  data arrival time                                                  1.79

  clock clk (rise edge)                                   1.40       1.40
  clock network delay (ideal)                             0.00       1.40
  if_stage_inst/predicted_target_reg/reg_data_reg[11]/CK (DFF_X2)
                                                          0.00       1.40 r
  library setup time                                     -0.03       1.37
  data required time                                                 1.37
  --------------------------------------------------------------------------
  data required time                                                 1.37
  data arrival time                                                 -1.79
  --------------------------------------------------------------------------
  slack (VIOLATED)                                                  -0.42


  Startpoint: id_stage_inst/rs2_addr_reg/reg_data_reg[0]
              (rising edge-triggered flip-flop clocked by clk)
  Endpoint: if_stage_inst/pc_reg_inst/reg_data_reg[11]
            (rising edge-triggered flip-flop clocked by clk)
  Path Group: clk
  Path Type: max

  Des/Clust/Port     Wire Load Model       Library
  ------------------------------------------------
  dlx                5K_hvratio_1_1        NangateOpenCellLibrary

  Point                                                   Incr       Path
  --------------------------------------------------------------------------
  clock clk (rise edge)                                   0.00       0.00
  clock network delay (ideal)                             0.00       0.00
  id_stage_inst/rs2_addr_reg/reg_data_reg[0]/CK (DFF_X1)
                                                          0.00       0.00 r
  id_stage_inst/rs2_addr_reg/reg_data_reg[0]/Q (DFF_X1)
                                                          0.09       0.09 r
  U6778/Z (XOR2_X1)                                       0.06       0.15 r
  U6234/ZN (AND2_X1)                                      0.04       0.19 r
  U5831/ZN (NAND4_X1)                                     0.06       0.24 f
  U6821/ZN (INV_X1)                                       0.03       0.28 r
  U6783/ZN (AND3_X2)                                      0.06       0.34 r
  U6812/Z (CLKBUF_X3)                                     0.06       0.40 r
  U7778/ZN (NAND2_X1)                                     0.04       0.43 f
  U7780/ZN (NAND4_X1)                                     0.04       0.47 r
  U7781/ZN (XNOR2_X1)                                     0.07       0.54 r
  U5764/ZN (OR2_X1)                                       0.05       0.58 r
  U7834/ZN (NAND2_X1)                                     0.03       0.61 f
  U7835/ZN (NOR2_X1)                                      0.04       0.65 r
  U6704/ZN (NAND2_X1)                                     0.03       0.68 f
  U6532/ZN (AND2_X1)                                      0.04       0.72 f
  U12093/Z (BUF_X2)                                       0.05       0.77 f
  U8010/ZN (OAI21_X1)                                     0.05       0.81 r
  U8013/ZN (XNOR2_X1)                                     0.06       0.88 r
  U6863/ZN (AND4_X1)                                      0.07       0.95 r
  U5732/ZN (NAND4_X1)                                     0.04       0.98 f
  U5731/ZN (NOR2_X1)                                      0.04       1.03 r
  U5782/ZN (NAND2_X1)                                     0.03       1.05 f
  U5781/ZN (NOR2_X1)                                      0.04       1.09 r
  U13733/ZN (AND4_X2)                                     0.06       1.15 r
  U8074/ZN (NAND4_X1)                                     0.04       1.19 f
  U8110/Z (MUX2_X1)                                       0.07       1.26 f
  U8114/ZN (NAND2_X1)                                     0.03       1.29 r
  U6756/ZN (AND2_X1)                                      0.04       1.33 r
  U6894/ZN (NAND2_X1)                                     0.03       1.35 f
  U6893/ZN (NAND2_X1)                                     0.03       1.38 r
  U6718/ZN (AND2_X1)                                      0.05       1.43 r
  U6807/ZN (XNOR2_X1)                                     0.05       1.48 r
  U9825/ZN (NAND4_X1)                                     0.04       1.53 f
  U9827/ZN (NAND2_X1)                                     0.05       1.57 r
  U5787/ZN (AND4_X1)                                      0.08       1.65 r
  U12250/ZN (INV_X1)                                      0.03       1.68 f
  U12251/ZN (INV_X1)                                      0.04       1.72 r
  U12410/ZN (NAND2_X1)                                    0.03       1.75 f
  U12414/ZN (NAND4_X1)                                    0.03       1.78 r
  if_stage_inst/pc_reg_inst/reg_data_reg[11]/D (DFF_X2)
                                                          0.01       1.79 r
  data arrival time                                                  1.79

  clock clk (rise edge)                                   1.40       1.40
  clock network delay (ideal)                             0.00       1.40
  if_stage_inst/pc_reg_inst/reg_data_reg[11]/CK (DFF_X2)
                                                          0.00       1.40 r
  library setup time                                     -0.03       1.37
  data required time                                                 1.37
  --------------------------------------------------------------------------
  data required time                                                 1.37
  data arrival time                                                 -1.79
  --------------------------------------------------------------------------
  slack (VIOLATED)                                                  -0.42


  Startpoint: id_stage_inst/rs2_addr_reg/reg_data_reg[0]
              (rising edge-triggered flip-flop clocked by clk)
  Endpoint: if_stage_inst/pc_reg_inst/reg_data_reg[4]
            (rising edge-triggered flip-flop clocked by clk)
  Path Group: clk
  Path Type: max

  Des/Clust/Port     Wire Load Model       Library
  ------------------------------------------------
  dlx                5K_hvratio_1_1        NangateOpenCellLibrary

  Point                                                   Incr       Path
  --------------------------------------------------------------------------
  clock clk (rise edge)                                   0.00       0.00
  clock network delay (ideal)                             0.00       0.00
  id_stage_inst/rs2_addr_reg/reg_data_reg[0]/CK (DFF_X1)
                                                          0.00       0.00 r
  id_stage_inst/rs2_addr_reg/reg_data_reg[0]/Q (DFF_X1)
                                                          0.09       0.09 r
  U6778/Z (XOR2_X1)                                       0.06       0.15 r
  U6234/ZN (AND2_X1)                                      0.04       0.19 r
  U5831/ZN (NAND4_X1)                                     0.06       0.24 f
  U6821/ZN (INV_X1)                                       0.03       0.28 r
  U6783/ZN (AND3_X2)                                      0.06       0.34 r
  U6812/Z (CLKBUF_X3)                                     0.06       0.40 r
  U7778/ZN (NAND2_X1)                                     0.04       0.43 f
  U7780/ZN (NAND4_X1)                                     0.04       0.47 r
  U7781/ZN (XNOR2_X1)                                     0.07       0.54 r
  U5764/ZN (OR2_X1)                                       0.05       0.58 r
  U7834/ZN (NAND2_X1)                                     0.03       0.61 f
  U7835/ZN (NOR2_X1)                                      0.04       0.65 r
  U6704/ZN (NAND2_X1)                                     0.03       0.68 f
  U6532/ZN (AND2_X1)                                      0.04       0.72 f
  U12093/Z (BUF_X2)                                       0.05       0.77 f
  U8010/ZN (OAI21_X1)                                     0.05       0.81 r
  U8013/ZN (XNOR2_X1)                                     0.06       0.88 r
  U6863/ZN (AND4_X1)                                      0.07       0.95 r
  U5732/ZN (NAND4_X1)                                     0.04       0.98 f
  U5731/ZN (NOR2_X1)                                      0.04       1.03 r
  U5782/ZN (NAND2_X1)                                     0.03       1.05 f
  U5781/ZN (NOR2_X1)                                      0.04       1.09 r
  U13733/ZN (AND4_X2)                                     0.06       1.15 r
  U8074/ZN (NAND4_X1)                                     0.04       1.19 f
  U8110/Z (MUX2_X1)                                       0.07       1.26 f
  U8114/ZN (NAND2_X1)                                     0.03       1.29 r
  U6756/ZN (AND2_X1)                                      0.04       1.33 r
  U6894/ZN (NAND2_X1)                                     0.03       1.35 f
  U6893/ZN (NAND2_X1)                                     0.03       1.38 r
  U6718/ZN (AND2_X1)                                      0.05       1.43 r
  U6807/ZN (XNOR2_X1)                                     0.05       1.48 r
  U9825/ZN (NAND4_X1)                                     0.04       1.53 f
  U9827/ZN (NAND2_X1)                                     0.05       1.57 r
  U5787/ZN (AND4_X1)                                      0.08       1.65 r
  U12250/ZN (INV_X1)                                      0.03       1.68 f
  U8225/ZN (INV_X1)                                       0.04       1.72 r
  U12272/ZN (NAND2_X1)                                    0.03       1.75 f
  U12277/ZN (NAND4_X1)                                    0.03       1.78 r
  if_stage_inst/pc_reg_inst/reg_data_reg[4]/D (DFF_X2)
                                                          0.01       1.79 r
  data arrival time                                                  1.79

  clock clk (rise edge)                                   1.40       1.40
  clock network delay (ideal)                             0.00       1.40
  if_stage_inst/pc_reg_inst/reg_data_reg[4]/CK (DFF_X2)
                                                          0.00       1.40 r
  library setup time                                     -0.03       1.37
  data required time                                                 1.37
  --------------------------------------------------------------------------
  data required time                                                 1.37
  data arrival time                                                 -1.79
  --------------------------------------------------------------------------
  slack (VIOLATED)                                                  -0.42


  Startpoint: id_stage_inst/rs2_addr_reg/reg_data_reg[0]
              (rising edge-triggered flip-flop clocked by clk)
  Endpoint: if_stage_inst/predicted_target_reg/reg_data_reg[28]
            (rising edge-triggered flip-flop clocked by clk)
  Path Group: clk
  Path Type: max

  Des/Clust/Port     Wire Load Model       Library
  ------------------------------------------------
  dlx                5K_hvratio_1_1        NangateOpenCellLibrary

  Point                                                   Incr       Path
  --------------------------------------------------------------------------
  clock clk (rise edge)                                   0.00       0.00
  clock network delay (ideal)                             0.00       0.00
  id_stage_inst/rs2_addr_reg/reg_data_reg[0]/CK (DFF_X1)
                                                          0.00       0.00 r
  id_stage_inst/rs2_addr_reg/reg_data_reg[0]/Q (DFF_X1)
                                                          0.09       0.09 r
  U6778/Z (XOR2_X1)                                       0.06       0.15 r
  U6234/ZN (AND2_X1)                                      0.04       0.19 r
  U5831/ZN (NAND4_X1)                                     0.06       0.24 f
  U6821/ZN (INV_X1)                                       0.03       0.28 r
  U6783/ZN (AND3_X2)                                      0.06       0.34 r
  U6812/Z (CLKBUF_X3)                                     0.06       0.40 r
  U7778/ZN (NAND2_X1)                                     0.04       0.43 f
  U7780/ZN (NAND4_X1)                                     0.04       0.47 r
  U7781/ZN (XNOR2_X1)                                     0.07       0.54 r
  U5764/ZN (OR2_X1)                                       0.05       0.58 r
  U7834/ZN (NAND2_X1)                                     0.03       0.61 f
  U7835/ZN (NOR2_X1)                                      0.04       0.65 r
  U6704/ZN (NAND2_X1)                                     0.03       0.68 f
  U6532/ZN (AND2_X1)                                      0.04       0.72 f
  U12093/Z (BUF_X2)                                       0.05       0.77 f
  U8010/ZN (OAI21_X1)                                     0.05       0.81 r
  U8013/ZN (XNOR2_X1)                                     0.06       0.88 r
  U6863/ZN (AND4_X1)                                      0.07       0.95 r
  U5732/ZN (NAND4_X1)                                     0.04       0.98 f
  U5731/ZN (NOR2_X1)                                      0.04       1.03 r
  U5782/ZN (NAND2_X1)                                     0.03       1.05 f
  U5781/ZN (NOR2_X1)                                      0.04       1.09 r
  U13733/ZN (AND4_X2)                                     0.06       1.15 r
  U8074/ZN (NAND4_X1)                                     0.04       1.19 f
  U8110/Z (MUX2_X1)                                       0.07       1.26 f
  U8114/ZN (NAND2_X1)                                     0.03       1.29 r
  U6756/ZN (AND2_X1)                                      0.04       1.33 r
  U6894/ZN (NAND2_X1)                                     0.03       1.35 f
  U6893/ZN (NAND2_X1)                                     0.03       1.38 r
  U6718/ZN (AND2_X1)                                      0.05       1.43 r
  U6807/ZN (XNOR2_X1)                                     0.05       1.48 r
  U9825/ZN (NAND4_X1)                                     0.04       1.53 f
  U9827/ZN (NAND2_X1)                                     0.05       1.57 r
  U5787/ZN (AND4_X1)                                      0.08       1.65 r
  U12250/ZN (INV_X1)                                      0.03       1.68 f
  U8225/ZN (INV_X1)                                       0.04       1.72 r
  U12762/ZN (NAND2_X1)                                    0.03       1.75 f
  U12767/ZN (NAND4_X1)                                    0.03       1.78 r
  if_stage_inst/predicted_target_reg/reg_data_reg[28]/D (DFF_X2)
                                                          0.01       1.79 r
  data arrival time                                                  1.79

  clock clk (rise edge)                                   1.40       1.40
  clock network delay (ideal)                             0.00       1.40
  if_stage_inst/predicted_target_reg/reg_data_reg[28]/CK (DFF_X2)
                                                          0.00       1.40 r
  library setup time                                     -0.03       1.37
  data required time                                                 1.37
  --------------------------------------------------------------------------
  data required time                                                 1.37
  data arrival time                                                 -1.79
  --------------------------------------------------------------------------
  slack (VIOLATED)                                                  -0.42


  Startpoint: id_stage_inst/rs2_addr_reg/reg_data_reg[0]
              (rising edge-triggered flip-flop clocked by clk)
  Endpoint: if_stage_inst/pc_reg_inst/reg_data_reg[28]
            (rising edge-triggered flip-flop clocked by clk)
  Path Group: clk
  Path Type: max

  Des/Clust/Port     Wire Load Model       Library
  ------------------------------------------------
  dlx                5K_hvratio_1_1        NangateOpenCellLibrary

  Point                                                   Incr       Path
  --------------------------------------------------------------------------
  clock clk (rise edge)                                   0.00       0.00
  clock network delay (ideal)                             0.00       0.00
  id_stage_inst/rs2_addr_reg/reg_data_reg[0]/CK (DFF_X1)
                                                          0.00       0.00 r
  id_stage_inst/rs2_addr_reg/reg_data_reg[0]/Q (DFF_X1)
                                                          0.09       0.09 r
  U6778/Z (XOR2_X1)                                       0.06       0.15 r
  U6234/ZN (AND2_X1)                                      0.04       0.19 r
  U5831/ZN (NAND4_X1)                                     0.06       0.24 f
  U6821/ZN (INV_X1)                                       0.03       0.28 r
  U6783/ZN (AND3_X2)                                      0.06       0.34 r
  U6812/Z (CLKBUF_X3)                                     0.06       0.40 r
  U7778/ZN (NAND2_X1)                                     0.04       0.43 f
  U7780/ZN (NAND4_X1)                                     0.04       0.47 r
  U7781/ZN (XNOR2_X1)                                     0.07       0.54 r
  U5764/ZN (OR2_X1)                                       0.05       0.58 r
  U7834/ZN (NAND2_X1)                                     0.03       0.61 f
  U7835/ZN (NOR2_X1)                                      0.04       0.65 r
  U6704/ZN (NAND2_X1)                                     0.03       0.68 f
  U6532/ZN (AND2_X1)                                      0.04       0.72 f
  U12093/Z (BUF_X2)                                       0.05       0.77 f
  U8010/ZN (OAI21_X1)                                     0.05       0.81 r
  U8013/ZN (XNOR2_X1)                                     0.06       0.88 r
  U6863/ZN (AND4_X1)                                      0.07       0.95 r
  U5732/ZN (NAND4_X1)                                     0.04       0.98 f
  U5731/ZN (NOR2_X1)                                      0.04       1.03 r
  U5782/ZN (NAND2_X1)                                     0.03       1.05 f
  U5781/ZN (NOR2_X1)                                      0.04       1.09 r
  U13733/ZN (AND4_X2)                                     0.06       1.15 r
  U8074/ZN (NAND4_X1)                                     0.04       1.19 f
  U8110/Z (MUX2_X1)                                       0.07       1.26 f
  U8114/ZN (NAND2_X1)                                     0.03       1.29 r
  U6756/ZN (AND2_X1)                                      0.04       1.33 r
  U6894/ZN (NAND2_X1)                                     0.03       1.35 f
  U6893/ZN (NAND2_X1)                                     0.03       1.38 r
  U6718/ZN (AND2_X1)                                      0.05       1.43 r
  U6807/ZN (XNOR2_X1)                                     0.05       1.48 r
  U9825/ZN (NAND4_X1)                                     0.04       1.53 f
  U9827/ZN (NAND2_X1)                                     0.05       1.57 r
  U5787/ZN (AND4_X1)                                      0.08       1.65 r
  U12250/ZN (INV_X1)                                      0.03       1.68 f
  U8225/ZN (INV_X1)                                       0.04       1.72 r
  U12762/ZN (NAND2_X1)                                    0.03       1.75 f
  U12767/ZN (NAND4_X1)                                    0.03       1.78 r
  if_stage_inst/pc_reg_inst/reg_data_reg[28]/D (DFF_X2)
                                                          0.01       1.79 r
  data arrival time                                                  1.79

  clock clk (rise edge)                                   1.40       1.40
  clock network delay (ideal)                             0.00       1.40
  if_stage_inst/pc_reg_inst/reg_data_reg[28]/CK (DFF_X2)
                                                          0.00       1.40 r
  library setup time                                     -0.03       1.37
  data required time                                                 1.37
  --------------------------------------------------------------------------
  data required time                                                 1.37
  data arrival time                                                 -1.79
  --------------------------------------------------------------------------
  slack (VIOLATED)                                                  -0.42


  Startpoint: id_stage_inst/rs2_addr_reg/reg_data_reg[0]
              (rising edge-triggered flip-flop clocked by clk)
  Endpoint: if_stage_inst/predicted_target_reg/reg_data_reg[25]
            (rising edge-triggered flip-flop clocked by clk)
  Path Group: clk
  Path Type: max

  Des/Clust/Port     Wire Load Model       Library
  ------------------------------------------------
  dlx                5K_hvratio_1_1        NangateOpenCellLibrary

  Point                                                   Incr       Path
  --------------------------------------------------------------------------
  clock clk (rise edge)                                   0.00       0.00
  clock network delay (ideal)                             0.00       0.00
  id_stage_inst/rs2_addr_reg/reg_data_reg[0]/CK (DFF_X1)
                                                          0.00       0.00 r
  id_stage_inst/rs2_addr_reg/reg_data_reg[0]/Q (DFF_X1)
                                                          0.09       0.09 r
  U6778/Z (XOR2_X1)                                       0.06       0.15 r
  U6234/ZN (AND2_X1)                                      0.04       0.19 r
  U5831/ZN (NAND4_X1)                                     0.06       0.24 f
  U6821/ZN (INV_X1)                                       0.03       0.28 r
  U6783/ZN (AND3_X2)                                      0.06       0.34 r
  U6812/Z (CLKBUF_X3)                                     0.06       0.40 r
  U7778/ZN (NAND2_X1)                                     0.04       0.43 f
  U7780/ZN (NAND4_X1)                                     0.04       0.47 r
  U7781/ZN (XNOR2_X1)                                     0.07       0.54 r
  U5764/ZN (OR2_X1)                                       0.05       0.58 r
  U7834/ZN (NAND2_X1)                                     0.03       0.61 f
  U7835/ZN (NOR2_X1)                                      0.04       0.65 r
  U6704/ZN (NAND2_X1)                                     0.03       0.68 f
  U6532/ZN (AND2_X1)                                      0.04       0.72 f
  U12093/Z (BUF_X2)                                       0.05       0.77 f
  U8010/ZN (OAI21_X1)                                     0.05       0.81 r
  U8013/ZN (XNOR2_X1)                                     0.06       0.88 r
  U6863/ZN (AND4_X1)                                      0.07       0.95 r
  U5732/ZN (NAND4_X1)                                     0.04       0.98 f
  U5731/ZN (NOR2_X1)                                      0.04       1.03 r
  U5782/ZN (NAND2_X1)                                     0.03       1.05 f
  U5781/ZN (NOR2_X1)                                      0.04       1.09 r
  U13733/ZN (AND4_X2)                                     0.06       1.15 r
  U8074/ZN (NAND4_X1)                                     0.04       1.19 f
  U8110/Z (MUX2_X1)                                       0.07       1.26 f
  U8114/ZN (NAND2_X1)                                     0.03       1.29 r
  U6756/ZN (AND2_X1)                                      0.04       1.33 r
  U6894/ZN (NAND2_X1)                                     0.03       1.35 f
  U6893/ZN (NAND2_X1)                                     0.03       1.38 r
  U6718/ZN (AND2_X1)                                      0.05       1.43 r
  U6807/ZN (XNOR2_X1)                                     0.05       1.48 r
  U9825/ZN (NAND4_X1)                                     0.04       1.53 f
  U9827/ZN (NAND2_X1)                                     0.05       1.57 r
  U5787/ZN (AND4_X1)                                      0.08       1.65 r
  U12250/ZN (INV_X1)                                      0.03       1.68 f
  U12251/ZN (INV_X1)                                      0.04       1.72 r
  U12929/ZN (NAND2_X1)                                    0.03       1.75 f
  U12934/ZN (NAND4_X1)                                    0.03       1.78 r
  if_stage_inst/predicted_target_reg/reg_data_reg[25]/D (DFF_X2)
                                                          0.01       1.79 r
  data arrival time                                                  1.79

  clock clk (rise edge)                                   1.40       1.40
  clock network delay (ideal)                             0.00       1.40
  if_stage_inst/predicted_target_reg/reg_data_reg[25]/CK (DFF_X2)
                                                          0.00       1.40 r
  library setup time                                     -0.03       1.37
  data required time                                                 1.37
  --------------------------------------------------------------------------
  data required time                                                 1.37
  data arrival time                                                 -1.79
  --------------------------------------------------------------------------
  slack (VIOLATED)                                                  -0.42


  Startpoint: id_stage_inst/rs2_addr_reg/reg_data_reg[0]
              (rising edge-triggered flip-flop clocked by clk)
  Endpoint: if_stage_inst/pc_reg_inst/reg_data_reg[25]
            (rising edge-triggered flip-flop clocked by clk)
  Path Group: clk
  Path Type: max

  Des/Clust/Port     Wire Load Model       Library
  ------------------------------------------------
  dlx                5K_hvratio_1_1        NangateOpenCellLibrary

  Point                                                   Incr       Path
  --------------------------------------------------------------------------
  clock clk (rise edge)                                   0.00       0.00
  clock network delay (ideal)                             0.00       0.00
  id_stage_inst/rs2_addr_reg/reg_data_reg[0]/CK (DFF_X1)
                                                          0.00       0.00 r
  id_stage_inst/rs2_addr_reg/reg_data_reg[0]/Q (DFF_X1)
                                                          0.09       0.09 r
  U6778/Z (XOR2_X1)                                       0.06       0.15 r
  U6234/ZN (AND2_X1)                                      0.04       0.19 r
  U5831/ZN (NAND4_X1)                                     0.06       0.24 f
  U6821/ZN (INV_X1)                                       0.03       0.28 r
  U6783/ZN (AND3_X2)                                      0.06       0.34 r
  U6812/Z (CLKBUF_X3)                                     0.06       0.40 r
  U7778/ZN (NAND2_X1)                                     0.04       0.43 f
  U7780/ZN (NAND4_X1)                                     0.04       0.47 r
  U7781/ZN (XNOR2_X1)                                     0.07       0.54 r
  U5764/ZN (OR2_X1)                                       0.05       0.58 r
  U7834/ZN (NAND2_X1)                                     0.03       0.61 f
  U7835/ZN (NOR2_X1)                                      0.04       0.65 r
  U6704/ZN (NAND2_X1)                                     0.03       0.68 f
  U6532/ZN (AND2_X1)                                      0.04       0.72 f
  U12093/Z (BUF_X2)                                       0.05       0.77 f
  U8010/ZN (OAI21_X1)                                     0.05       0.81 r
  U8013/ZN (XNOR2_X1)                                     0.06       0.88 r
  U6863/ZN (AND4_X1)                                      0.07       0.95 r
  U5732/ZN (NAND4_X1)                                     0.04       0.98 f
  U5731/ZN (NOR2_X1)                                      0.04       1.03 r
  U5782/ZN (NAND2_X1)                                     0.03       1.05 f
  U5781/ZN (NOR2_X1)                                      0.04       1.09 r
  U13733/ZN (AND4_X2)                                     0.06       1.15 r
  U8074/ZN (NAND4_X1)                                     0.04       1.19 f
  U8110/Z (MUX2_X1)                                       0.07       1.26 f
  U8114/ZN (NAND2_X1)                                     0.03       1.29 r
  U6756/ZN (AND2_X1)                                      0.04       1.33 r
  U6894/ZN (NAND2_X1)                                     0.03       1.35 f
  U6893/ZN (NAND2_X1)                                     0.03       1.38 r
  U6718/ZN (AND2_X1)                                      0.05       1.43 r
  U6807/ZN (XNOR2_X1)                                     0.05       1.48 r
  U9825/ZN (NAND4_X1)                                     0.04       1.53 f
  U9827/ZN (NAND2_X1)                                     0.05       1.57 r
  U5787/ZN (AND4_X1)                                      0.08       1.65 r
  U12250/ZN (INV_X1)                                      0.03       1.68 f
  U12251/ZN (INV_X1)                                      0.04       1.72 r
  U12929/ZN (NAND2_X1)                                    0.03       1.75 f
  U12934/ZN (NAND4_X1)                                    0.03       1.78 r
  if_stage_inst/pc_reg_inst/reg_data_reg[25]/D (DFF_X2)
                                                          0.01       1.79 r
  data arrival time                                                  1.79

  clock clk (rise edge)                                   1.40       1.40
  clock network delay (ideal)                             0.00       1.40
  if_stage_inst/pc_reg_inst/reg_data_reg[25]/CK (DFF_X2)
                                                          0.00       1.40 r
  library setup time                                     -0.03       1.37
  data required time                                                 1.37
  --------------------------------------------------------------------------
  data required time                                                 1.37
  data arrival time                                                 -1.79
  --------------------------------------------------------------------------
  slack (VIOLATED)                                                  -0.42


  Startpoint: id_stage_inst/rs2_addr_reg/reg_data_reg[0]
              (rising edge-triggered flip-flop clocked by clk)
  Endpoint: if_stage_inst/predicted_target_reg/reg_data_reg[27]
            (rising edge-triggered flip-flop clocked by clk)
  Path Group: clk
  Path Type: max

  Des/Clust/Port     Wire Load Model       Library
  ------------------------------------------------
  dlx                5K_hvratio_1_1        NangateOpenCellLibrary

  Point                                                   Incr       Path
  --------------------------------------------------------------------------
  clock clk (rise edge)                                   0.00       0.00
  clock network delay (ideal)                             0.00       0.00
  id_stage_inst/rs2_addr_reg/reg_data_reg[0]/CK (DFF_X1)
                                                          0.00       0.00 r
  id_stage_inst/rs2_addr_reg/reg_data_reg[0]/Q (DFF_X1)
                                                          0.09       0.09 r
  U6778/Z (XOR2_X1)                                       0.06       0.15 r
  U6234/ZN (AND2_X1)                                      0.04       0.19 r
  U5831/ZN (NAND4_X1)                                     0.06       0.24 f
  U6821/ZN (INV_X1)                                       0.03       0.28 r
  U6783/ZN (AND3_X2)                                      0.06       0.34 r
  U6812/Z (CLKBUF_X3)                                     0.06       0.40 r
  U7778/ZN (NAND2_X1)                                     0.04       0.43 f
  U7780/ZN (NAND4_X1)                                     0.04       0.47 r
  U7781/ZN (XNOR2_X1)                                     0.07       0.54 r
  U5764/ZN (OR2_X1)                                       0.05       0.58 r
  U7834/ZN (NAND2_X1)                                     0.03       0.61 f
  U7835/ZN (NOR2_X1)                                      0.04       0.65 r
  U6704/ZN (NAND2_X1)                                     0.03       0.68 f
  U6532/ZN (AND2_X1)                                      0.04       0.72 f
  U12093/Z (BUF_X2)                                       0.05       0.77 f
  U8010/ZN (OAI21_X1)                                     0.05       0.81 r
  U8013/ZN (XNOR2_X1)                                     0.06       0.88 r
  U6863/ZN (AND4_X1)                                      0.07       0.95 r
  U5732/ZN (NAND4_X1)                                     0.04       0.98 f
  U5731/ZN (NOR2_X1)                                      0.04       1.03 r
  U5782/ZN (NAND2_X1)                                     0.03       1.05 f
  U5781/ZN (NOR2_X1)                                      0.04       1.09 r
  U13733/ZN (AND4_X2)                                     0.06       1.15 r
  U8074/ZN (NAND4_X1)                                     0.04       1.19 f
  U8110/Z (MUX2_X1)                                       0.07       1.26 f
  U8114/ZN (NAND2_X1)                                     0.03       1.29 r
  U6756/ZN (AND2_X1)                                      0.04       1.33 r
  U6894/ZN (NAND2_X1)                                     0.03       1.35 f
  U6893/ZN (NAND2_X1)                                     0.03       1.38 r
  U6718/ZN (AND2_X1)                                      0.05       1.43 r
  U6807/ZN (XNOR2_X1)                                     0.05       1.48 r
  U9825/ZN (NAND4_X1)                                     0.04       1.53 f
  U9827/ZN (NAND2_X1)                                     0.05       1.57 r
  U5787/ZN (AND4_X1)                                      0.08       1.65 r
  U12250/ZN (INV_X1)                                      0.03       1.68 f
  U8225/ZN (INV_X1)                                       0.04       1.72 r
  U13037/ZN (NAND2_X1)                                    0.03       1.75 f
  U13041/ZN (NAND4_X1)                                    0.03       1.78 r
  if_stage_inst/predicted_target_reg/reg_data_reg[27]/D (DFF_X2)
                                                          0.01       1.79 r
  data arrival time                                                  1.79

  clock clk (rise edge)                                   1.40       1.40
  clock network delay (ideal)                             0.00       1.40
  if_stage_inst/predicted_target_reg/reg_data_reg[27]/CK (DFF_X2)
                                                          0.00       1.40 r
  library setup time                                     -0.03       1.37
  data required time                                                 1.37
  --------------------------------------------------------------------------
  data required time                                                 1.37
  data arrival time                                                 -1.79
  --------------------------------------------------------------------------
  slack (VIOLATED)                                                  -0.42


  Startpoint: id_stage_inst/rs2_addr_reg/reg_data_reg[0]
              (rising edge-triggered flip-flop clocked by clk)
  Endpoint: if_stage_inst/pc_reg_inst/reg_data_reg[27]
            (rising edge-triggered flip-flop clocked by clk)
  Path Group: clk
  Path Type: max

  Des/Clust/Port     Wire Load Model       Library
  ------------------------------------------------
  dlx                5K_hvratio_1_1        NangateOpenCellLibrary

  Point                                                   Incr       Path
  --------------------------------------------------------------------------
  clock clk (rise edge)                                   0.00       0.00
  clock network delay (ideal)                             0.00       0.00
  id_stage_inst/rs2_addr_reg/reg_data_reg[0]/CK (DFF_X1)
                                                          0.00       0.00 r
  id_stage_inst/rs2_addr_reg/reg_data_reg[0]/Q (DFF_X1)
                                                          0.09       0.09 r
  U6778/Z (XOR2_X1)                                       0.06       0.15 r
  U6234/ZN (AND2_X1)                                      0.04       0.19 r
  U5831/ZN (NAND4_X1)                                     0.06       0.24 f
  U6821/ZN (INV_X1)                                       0.03       0.28 r
  U6783/ZN (AND3_X2)                                      0.06       0.34 r
  U6812/Z (CLKBUF_X3)                                     0.06       0.40 r
  U7778/ZN (NAND2_X1)                                     0.04       0.43 f
  U7780/ZN (NAND4_X1)                                     0.04       0.47 r
  U7781/ZN (XNOR2_X1)                                     0.07       0.54 r
  U5764/ZN (OR2_X1)                                       0.05       0.58 r
  U7834/ZN (NAND2_X1)                                     0.03       0.61 f
  U7835/ZN (NOR2_X1)                                      0.04       0.65 r
  U6704/ZN (NAND2_X1)                                     0.03       0.68 f
  U6532/ZN (AND2_X1)                                      0.04       0.72 f
  U12093/Z (BUF_X2)                                       0.05       0.77 f
  U8010/ZN (OAI21_X1)                                     0.05       0.81 r
  U8013/ZN (XNOR2_X1)                                     0.06       0.88 r
  U6863/ZN (AND4_X1)                                      0.07       0.95 r
  U5732/ZN (NAND4_X1)                                     0.04       0.98 f
  U5731/ZN (NOR2_X1)                                      0.04       1.03 r
  U5782/ZN (NAND2_X1)                                     0.03       1.05 f
  U5781/ZN (NOR2_X1)                                      0.04       1.09 r
  U13733/ZN (AND4_X2)                                     0.06       1.15 r
  U8074/ZN (NAND4_X1)                                     0.04       1.19 f
  U8110/Z (MUX2_X1)                                       0.07       1.26 f
  U8114/ZN (NAND2_X1)                                     0.03       1.29 r
  U6756/ZN (AND2_X1)                                      0.04       1.33 r
  U6894/ZN (NAND2_X1)                                     0.03       1.35 f
  U6893/ZN (NAND2_X1)                                     0.03       1.38 r
  U6718/ZN (AND2_X1)                                      0.05       1.43 r
  U6807/ZN (XNOR2_X1)                                     0.05       1.48 r
  U9825/ZN (NAND4_X1)                                     0.04       1.53 f
  U9827/ZN (NAND2_X1)                                     0.05       1.57 r
  U5787/ZN (AND4_X1)                                      0.08       1.65 r
  U12250/ZN (INV_X1)                                      0.03       1.68 f
  U8225/ZN (INV_X1)                                       0.04       1.72 r
  U13037/ZN (NAND2_X1)                                    0.03       1.75 f
  U13041/ZN (NAND4_X1)                                    0.03       1.78 r
  if_stage_inst/pc_reg_inst/reg_data_reg[27]/D (DFF_X2)
                                                          0.01       1.79 r
  data arrival time                                                  1.79

  clock clk (rise edge)                                   1.40       1.40
  clock network delay (ideal)                             0.00       1.40
  if_stage_inst/pc_reg_inst/reg_data_reg[27]/CK (DFF_X2)
                                                          0.00       1.40 r
  library setup time                                     -0.03       1.37
  data required time                                                 1.37
  --------------------------------------------------------------------------
  data required time                                                 1.37
  data arrival time                                                 -1.79
  --------------------------------------------------------------------------
  slack (VIOLATED)                                                  -0.42


  Startpoint: id_stage_inst/rs2_addr_reg/reg_data_reg[0]
              (rising edge-triggered flip-flop clocked by clk)
  Endpoint: if_stage_inst/predicted_target_reg/reg_data_reg[23]
            (rising edge-triggered flip-flop clocked by clk)
  Path Group: clk
  Path Type: max

  Des/Clust/Port     Wire Load Model       Library
  ------------------------------------------------
  dlx                5K_hvratio_1_1        NangateOpenCellLibrary

  Point                                                   Incr       Path
  --------------------------------------------------------------------------
  clock clk (rise edge)                                   0.00       0.00
  clock network delay (ideal)                             0.00       0.00
  id_stage_inst/rs2_addr_reg/reg_data_reg[0]/CK (DFF_X1)
                                                          0.00       0.00 r
  id_stage_inst/rs2_addr_reg/reg_data_reg[0]/Q (DFF_X1)
                                                          0.09       0.09 r
  U6778/Z (XOR2_X1)                                       0.06       0.15 r
  U6234/ZN (AND2_X1)                                      0.04       0.19 r
  U5831/ZN (NAND4_X1)                                     0.06       0.24 f
  U6821/ZN (INV_X1)                                       0.03       0.28 r
  U6783/ZN (AND3_X2)                                      0.06       0.34 r
  U6812/Z (CLKBUF_X3)                                     0.06       0.40 r
  U7778/ZN (NAND2_X1)                                     0.04       0.43 f
  U7780/ZN (NAND4_X1)                                     0.04       0.47 r
  U7781/ZN (XNOR2_X1)                                     0.07       0.54 r
  U5631/ZN (AND2_X2)                                      0.06       0.59 r
  U7785/ZN (AOI21_X1)                                     0.03       0.62 f
  U7806/ZN (OAI21_X1)                                     0.04       0.66 r
  U7807/ZN (INV_X1)                                       0.02       0.68 f
  U6532/ZN (AND2_X1)                                      0.04       0.72 f
  U12093/Z (BUF_X2)                                       0.05       0.77 f
  U8010/ZN (OAI21_X1)                                     0.05       0.81 r
  U8013/ZN (XNOR2_X1)                                     0.06       0.88 r
  U6863/ZN (AND4_X1)                                      0.07       0.95 r
  U5732/ZN (NAND4_X1)                                     0.04       0.98 f
  U5731/ZN (NOR2_X1)                                      0.04       1.03 r
  U5782/ZN (NAND2_X1)                                     0.03       1.05 f
  U5781/ZN (NOR2_X1)                                      0.04       1.09 r
  U13733/ZN (AND4_X2)                                     0.06       1.15 r
  U8074/ZN (NAND4_X1)                                     0.04       1.19 f
  U8110/Z (MUX2_X1)                                       0.07       1.26 f
  U8114/ZN (NAND2_X1)                                     0.03       1.29 r
  U6756/ZN (AND2_X1)                                      0.04       1.33 r
  U6894/ZN (NAND2_X1)                                     0.03       1.35 f
  U6893/ZN (NAND2_X1)                                     0.03       1.38 r
  U6718/ZN (AND2_X1)                                      0.05       1.43 r
  U6807/ZN (XNOR2_X1)                                     0.05       1.48 r
  U9825/ZN (NAND4_X1)                                     0.04       1.53 f
  U9827/ZN (NAND2_X1)                                     0.05       1.57 r
  U5787/ZN (AND4_X1)                                      0.08       1.65 r
  U12250/ZN (INV_X1)                                      0.03       1.68 f
  U12251/ZN (INV_X1)                                      0.04       1.72 r
  U12624/ZN (NAND2_X1)                                    0.03       1.75 f
  U12628/ZN (NAND4_X1)                                    0.03       1.78 r
  if_stage_inst/predicted_target_reg/reg_data_reg[23]/D (DFF_X2)
                                                          0.01       1.79 r
  data arrival time                                                  1.79

  clock clk (rise edge)                                   1.40       1.40
  clock network delay (ideal)                             0.00       1.40
  if_stage_inst/predicted_target_reg/reg_data_reg[23]/CK (DFF_X2)
                                                          0.00       1.40 r
  library setup time                                     -0.03       1.37
  data required time                                                 1.37
  --------------------------------------------------------------------------
  data required time                                                 1.37
  data arrival time                                                 -1.79
  --------------------------------------------------------------------------
  slack (VIOLATED)                                                  -0.42


  Startpoint: id_stage_inst/rs2_addr_reg/reg_data_reg[0]
              (rising edge-triggered flip-flop clocked by clk)
  Endpoint: if_stage_inst/predicted_target_reg/reg_data_reg[4]
            (rising edge-triggered flip-flop clocked by clk)
  Path Group: clk
  Path Type: max

  Des/Clust/Port     Wire Load Model       Library
  ------------------------------------------------
  dlx                5K_hvratio_1_1        NangateOpenCellLibrary

  Point                                                   Incr       Path
  --------------------------------------------------------------------------
  clock clk (rise edge)                                   0.00       0.00
  clock network delay (ideal)                             0.00       0.00
  id_stage_inst/rs2_addr_reg/reg_data_reg[0]/CK (DFF_X1)
                                                          0.00       0.00 r
  id_stage_inst/rs2_addr_reg/reg_data_reg[0]/Q (DFF_X1)
                                                          0.09       0.09 r
  U6778/Z (XOR2_X1)                                       0.06       0.15 r
  U6234/ZN (AND2_X1)                                      0.04       0.19 r
  U5831/ZN (NAND4_X1)                                     0.06       0.24 f
  U6821/ZN (INV_X1)                                       0.03       0.28 r
  U6783/ZN (AND3_X2)                                      0.06       0.34 r
  U6812/Z (CLKBUF_X3)                                     0.06       0.40 r
  U7778/ZN (NAND2_X1)                                     0.04       0.43 f
  U7780/ZN (NAND4_X1)                                     0.04       0.47 r
  U7781/ZN (XNOR2_X1)                                     0.07       0.54 r
  U5631/ZN (AND2_X2)                                      0.06       0.59 r
  U7785/ZN (AOI21_X1)                                     0.03       0.62 f
  U7806/ZN (OAI21_X1)                                     0.04       0.66 r
  U7807/ZN (INV_X1)                                       0.02       0.68 f
  U6532/ZN (AND2_X1)                                      0.04       0.72 f
  U12093/Z (BUF_X2)                                       0.05       0.77 f
  U8010/ZN (OAI21_X1)                                     0.05       0.81 r
  U8013/ZN (XNOR2_X1)                                     0.06       0.88 r
  U6863/ZN (AND4_X1)                                      0.07       0.95 r
  U5732/ZN (NAND4_X1)                                     0.04       0.98 f
  U5731/ZN (NOR2_X1)                                      0.04       1.03 r
  U5782/ZN (NAND2_X1)                                     0.03       1.05 f
  U5781/ZN (NOR2_X1)                                      0.04       1.09 r
  U13733/ZN (AND4_X2)                                     0.06       1.15 r
  U8074/ZN (NAND4_X1)                                     0.04       1.19 f
  U8110/Z (MUX2_X1)                                       0.07       1.26 f
  U8114/ZN (NAND2_X1)                                     0.03       1.29 r
  U6756/ZN (AND2_X1)                                      0.04       1.33 r
  U6894/ZN (NAND2_X1)                                     0.03       1.35 f
  U6893/ZN (NAND2_X1)                                     0.03       1.38 r
  U6718/ZN (AND2_X1)                                      0.05       1.43 r
  U6807/ZN (XNOR2_X1)                                     0.05       1.48 r
  U9825/ZN (NAND4_X1)                                     0.04       1.53 f
  U9827/ZN (NAND2_X1)                                     0.05       1.57 r
  U5787/ZN (AND4_X1)                                      0.08       1.65 r
  U12250/ZN (INV_X1)                                      0.03       1.68 f
  U8225/ZN (INV_X1)                                       0.04       1.72 r
  U12272/ZN (NAND2_X1)                                    0.03       1.75 f
  U12277/ZN (NAND4_X1)                                    0.03       1.78 r
  if_stage_inst/predicted_target_reg/reg_data_reg[4]/D (DFF_X2)
                                                          0.01       1.79 r
  data arrival time                                                  1.79

  clock clk (rise edge)                                   1.40       1.40
  clock network delay (ideal)                             0.00       1.40
  if_stage_inst/predicted_target_reg/reg_data_reg[4]/CK (DFF_X2)
                                                          0.00       1.40 r
  library setup time                                     -0.03       1.37
  data required time                                                 1.37
  --------------------------------------------------------------------------
  data required time                                                 1.37
  data arrival time                                                 -1.79
  --------------------------------------------------------------------------
  slack (VIOLATED)                                                  -0.42


  Startpoint: id_stage_inst/rs2_addr_reg/reg_data_reg[0]
              (rising edge-triggered flip-flop clocked by clk)
  Endpoint: if_stage_inst/pc_reg_inst/reg_data_reg[23]
            (rising edge-triggered flip-flop clocked by clk)
  Path Group: clk
  Path Type: max

  Des/Clust/Port     Wire Load Model       Library
  ------------------------------------------------
  dlx                5K_hvratio_1_1        NangateOpenCellLibrary

  Point                                                   Incr       Path
  --------------------------------------------------------------------------
  clock clk (rise edge)                                   0.00       0.00
  clock network delay (ideal)                             0.00       0.00
  id_stage_inst/rs2_addr_reg/reg_data_reg[0]/CK (DFF_X1)
                                                          0.00       0.00 r
  id_stage_inst/rs2_addr_reg/reg_data_reg[0]/Q (DFF_X1)
                                                          0.09       0.09 r
  U6778/Z (XOR2_X1)                                       0.06       0.15 r
  U6234/ZN (AND2_X1)                                      0.04       0.19 r
  U5831/ZN (NAND4_X1)                                     0.06       0.24 f
  U6821/ZN (INV_X1)                                       0.03       0.28 r
  U6783/ZN (AND3_X2)                                      0.06       0.34 r
  U6812/Z (CLKBUF_X3)                                     0.06       0.40 r
  U7778/ZN (NAND2_X1)                                     0.04       0.43 f
  U7780/ZN (NAND4_X1)                                     0.04       0.47 r
  U7781/ZN (XNOR2_X1)                                     0.07       0.54 r
  U5631/ZN (AND2_X2)                                      0.06       0.59 r
  U7785/ZN (AOI21_X1)                                     0.03       0.62 f
  U7806/ZN (OAI21_X1)                                     0.04       0.66 r
  U7807/ZN (INV_X1)                                       0.02       0.68 f
  U6532/ZN (AND2_X1)                                      0.04       0.72 f
  U12093/Z (BUF_X2)                                       0.05       0.77 f
  U8010/ZN (OAI21_X1)                                     0.05       0.81 r
  U8013/ZN (XNOR2_X1)                                     0.06       0.88 r
  U6863/ZN (AND4_X1)                                      0.07       0.95 r
  U5732/ZN (NAND4_X1)                                     0.04       0.98 f
  U5731/ZN (NOR2_X1)                                      0.04       1.03 r
  U5782/ZN (NAND2_X1)                                     0.03       1.05 f
  U5781/ZN (NOR2_X1)                                      0.04       1.09 r
  U13733/ZN (AND4_X2)                                     0.06       1.15 r
  U8074/ZN (NAND4_X1)                                     0.04       1.19 f
  U8110/Z (MUX2_X1)                                       0.07       1.26 f
  U8114/ZN (NAND2_X1)                                     0.03       1.29 r
  U6756/ZN (AND2_X1)                                      0.04       1.33 r
  U6894/ZN (NAND2_X1)                                     0.03       1.35 f
  U6893/ZN (NAND2_X1)                                     0.03       1.38 r
  U6718/ZN (AND2_X1)                                      0.05       1.43 r
  U6807/ZN (XNOR2_X1)                                     0.05       1.48 r
  U9825/ZN (NAND4_X1)                                     0.04       1.53 f
  U9827/ZN (NAND2_X1)                                     0.05       1.57 r
  U5787/ZN (AND4_X1)                                      0.08       1.65 r
  U12250/ZN (INV_X1)                                      0.03       1.68 f
  U12251/ZN (INV_X1)                                      0.04       1.72 r
  U12624/ZN (NAND2_X1)                                    0.03       1.75 f
  U12628/ZN (NAND4_X1)                                    0.03       1.78 r
  if_stage_inst/pc_reg_inst/reg_data_reg[23]/D (DFF_X2)
                                                          0.01       1.79 r
  data arrival time                                                  1.79

  clock clk (rise edge)                                   1.40       1.40
  clock network delay (ideal)                             0.00       1.40
  if_stage_inst/pc_reg_inst/reg_data_reg[23]/CK (DFF_X2)
                                                          0.00       1.40 r
  library setup time                                     -0.03       1.37
  data required time                                                 1.37
  --------------------------------------------------------------------------
  data required time                                                 1.37
  data arrival time                                                 -1.79
  --------------------------------------------------------------------------
  slack (VIOLATED)                                                  -0.42


  Startpoint: id_stage_inst/rs2_addr_reg/reg_data_reg[0]
              (rising edge-triggered flip-flop clocked by clk)
  Endpoint: if_stage_inst/predicted_target_reg/reg_data_reg[11]
            (rising edge-triggered flip-flop clocked by clk)
  Path Group: clk
  Path Type: max

  Des/Clust/Port     Wire Load Model       Library
  ------------------------------------------------
  dlx                5K_hvratio_1_1        NangateOpenCellLibrary

  Point                                                   Incr       Path
  --------------------------------------------------------------------------
  clock clk (rise edge)                                   0.00       0.00
  clock network delay (ideal)                             0.00       0.00
  id_stage_inst/rs2_addr_reg/reg_data_reg[0]/CK (DFF_X1)
                                                          0.00       0.00 r
  id_stage_inst/rs2_addr_reg/reg_data_reg[0]/Q (DFF_X1)
                                                          0.09       0.09 r
  U6778/Z (XOR2_X1)                                       0.06       0.15 r
  U6234/ZN (AND2_X1)                                      0.04       0.19 r
  U5831/ZN (NAND4_X1)                                     0.06       0.24 f
  U6821/ZN (INV_X1)                                       0.03       0.28 r
  U6783/ZN (AND3_X2)                                      0.06       0.34 r
  U6812/Z (CLKBUF_X3)                                     0.06       0.40 r
  U7778/ZN (NAND2_X1)                                     0.04       0.43 f
  U7780/ZN (NAND4_X1)                                     0.04       0.47 r
  U7781/ZN (XNOR2_X1)                                     0.07       0.54 r
  U5631/ZN (AND2_X2)                                      0.06       0.59 r
  U7785/ZN (AOI21_X1)                                     0.03       0.62 f
  U7806/ZN (OAI21_X1)                                     0.04       0.66 r
  U7807/ZN (INV_X1)                                       0.02       0.68 f
  U6532/ZN (AND2_X1)                                      0.04       0.72 f
  U12093/Z (BUF_X2)                                       0.05       0.77 f
  U8010/ZN (OAI21_X1)                                     0.05       0.81 r
  U8013/ZN (XNOR2_X1)                                     0.06       0.88 r
  U6863/ZN (AND4_X1)                                      0.07       0.95 r
  U5732/ZN (NAND4_X1)                                     0.04       0.98 f
  U5731/ZN (NOR2_X1)                                      0.04       1.03 r
  U5782/ZN (NAND2_X1)                                     0.03       1.05 f
  U5781/ZN (NOR2_X1)                                      0.04       1.09 r
  U13733/ZN (AND4_X2)                                     0.06       1.15 r
  U8074/ZN (NAND4_X1)                                     0.04       1.19 f
  U8110/Z (MUX2_X1)                                       0.07       1.26 f
  U8114/ZN (NAND2_X1)                                     0.03       1.29 r
  U6756/ZN (AND2_X1)                                      0.04       1.33 r
  U6894/ZN (NAND2_X1)                                     0.03       1.35 f
  U6893/ZN (NAND2_X1)                                     0.03       1.38 r
  U6718/ZN (AND2_X1)                                      0.05       1.43 r
  U6807/ZN (XNOR2_X1)                                     0.05       1.48 r
  U9825/ZN (NAND4_X1)                                     0.04       1.53 f
  U9827/ZN (NAND2_X1)                                     0.05       1.57 r
  U5787/ZN (AND4_X1)                                      0.08       1.65 r
  U12250/ZN (INV_X1)                                      0.03       1.68 f
  U12251/ZN (INV_X1)                                      0.04       1.72 r
  U12410/ZN (NAND2_X1)                                    0.03       1.75 f
  U12414/ZN (NAND4_X1)                                    0.03       1.78 r
  if_stage_inst/predicted_target_reg/reg_data_reg[11]/D (DFF_X2)
                                                          0.01       1.79 r
  data arrival time                                                  1.79

  clock clk (rise edge)                                   1.40       1.40
  clock network delay (ideal)                             0.00       1.40
  if_stage_inst/predicted_target_reg/reg_data_reg[11]/CK (DFF_X2)
                                                          0.00       1.40 r
  library setup time                                     -0.03       1.37
  data required time                                                 1.37
  --------------------------------------------------------------------------
  data required time                                                 1.37
  data arrival time                                                 -1.79
  --------------------------------------------------------------------------
  slack (VIOLATED)                                                  -0.42


  Startpoint: id_stage_inst/rs2_addr_reg/reg_data_reg[0]
              (rising edge-triggered flip-flop clocked by clk)
  Endpoint: if_stage_inst/pc_reg_inst/reg_data_reg[11]
            (rising edge-triggered flip-flop clocked by clk)
  Path Group: clk
  Path Type: max

  Des/Clust/Port     Wire Load Model       Library
  ------------------------------------------------
  dlx                5K_hvratio_1_1        NangateOpenCellLibrary

  Point                                                   Incr       Path
  --------------------------------------------------------------------------
  clock clk (rise edge)                                   0.00       0.00
  clock network delay (ideal)                             0.00       0.00
  id_stage_inst/rs2_addr_reg/reg_data_reg[0]/CK (DFF_X1)
                                                          0.00       0.00 r
  id_stage_inst/rs2_addr_reg/reg_data_reg[0]/Q (DFF_X1)
                                                          0.09       0.09 r
  U6778/Z (XOR2_X1)                                       0.06       0.15 r
  U6234/ZN (AND2_X1)                                      0.04       0.19 r
  U5831/ZN (NAND4_X1)                                     0.06       0.24 f
  U6821/ZN (INV_X1)                                       0.03       0.28 r
  U6783/ZN (AND3_X2)                                      0.06       0.34 r
  U6812/Z (CLKBUF_X3)                                     0.06       0.40 r
  U7778/ZN (NAND2_X1)                                     0.04       0.43 f
  U7780/ZN (NAND4_X1)                                     0.04       0.47 r
  U7781/ZN (XNOR2_X1)                                     0.07       0.54 r
  U5631/ZN (AND2_X2)                                      0.06       0.59 r
  U7785/ZN (AOI21_X1)                                     0.03       0.62 f
  U7806/ZN (OAI21_X1)                                     0.04       0.66 r
  U7807/ZN (INV_X1)                                       0.02       0.68 f
  U6532/ZN (AND2_X1)                                      0.04       0.72 f
  U12093/Z (BUF_X2)                                       0.05       0.77 f
  U8010/ZN (OAI21_X1)                                     0.05       0.81 r
  U8013/ZN (XNOR2_X1)                                     0.06       0.88 r
  U6863/ZN (AND4_X1)                                      0.07       0.95 r
  U5732/ZN (NAND4_X1)                                     0.04       0.98 f
  U5731/ZN (NOR2_X1)                                      0.04       1.03 r
  U5782/ZN (NAND2_X1)                                     0.03       1.05 f
  U5781/ZN (NOR2_X1)                                      0.04       1.09 r
  U13733/ZN (AND4_X2)                                     0.06       1.15 r
  U8074/ZN (NAND4_X1)                                     0.04       1.19 f
  U8110/Z (MUX2_X1)                                       0.07       1.26 f
  U8114/ZN (NAND2_X1)                                     0.03       1.29 r
  U6756/ZN (AND2_X1)                                      0.04       1.33 r
  U6894/ZN (NAND2_X1)                                     0.03       1.35 f
  U6893/ZN (NAND2_X1)                                     0.03       1.38 r
  U6718/ZN (AND2_X1)                                      0.05       1.43 r
  U6807/ZN (XNOR2_X1)                                     0.05       1.48 r
  U9825/ZN (NAND4_X1)                                     0.04       1.53 f
  U9827/ZN (NAND2_X1)                                     0.05       1.57 r
  U5787/ZN (AND4_X1)                                      0.08       1.65 r
  U12250/ZN (INV_X1)                                      0.03       1.68 f
  U12251/ZN (INV_X1)                                      0.04       1.72 r
  U12410/ZN (NAND2_X1)                                    0.03       1.75 f
  U12414/ZN (NAND4_X1)                                    0.03       1.78 r
  if_stage_inst/pc_reg_inst/reg_data_reg[11]/D (DFF_X2)
                                                          0.01       1.79 r
  data arrival time                                                  1.79

  clock clk (rise edge)                                   1.40       1.40
  clock network delay (ideal)                             0.00       1.40
  if_stage_inst/pc_reg_inst/reg_data_reg[11]/CK (DFF_X2)
                                                          0.00       1.40 r
  library setup time                                     -0.03       1.37
  data required time                                                 1.37
  --------------------------------------------------------------------------
  data required time                                                 1.37
  data arrival time                                                 -1.79
  --------------------------------------------------------------------------
  slack (VIOLATED)                                                  -0.42


  Startpoint: id_stage_inst/rs2_addr_reg/reg_data_reg[0]
              (rising edge-triggered flip-flop clocked by clk)
  Endpoint: if_stage_inst/pc_reg_inst/reg_data_reg[4]
            (rising edge-triggered flip-flop clocked by clk)
  Path Group: clk
  Path Type: max

  Des/Clust/Port     Wire Load Model       Library
  ------------------------------------------------
  dlx                5K_hvratio_1_1        NangateOpenCellLibrary

  Point                                                   Incr       Path
  --------------------------------------------------------------------------
  clock clk (rise edge)                                   0.00       0.00
  clock network delay (ideal)                             0.00       0.00
  id_stage_inst/rs2_addr_reg/reg_data_reg[0]/CK (DFF_X1)
                                                          0.00       0.00 r
  id_stage_inst/rs2_addr_reg/reg_data_reg[0]/Q (DFF_X1)
                                                          0.09       0.09 r
  U6778/Z (XOR2_X1)                                       0.06       0.15 r
  U6234/ZN (AND2_X1)                                      0.04       0.19 r
  U5831/ZN (NAND4_X1)                                     0.06       0.24 f
  U6821/ZN (INV_X1)                                       0.03       0.28 r
  U6783/ZN (AND3_X2)                                      0.06       0.34 r
  U6812/Z (CLKBUF_X3)                                     0.06       0.40 r
  U7778/ZN (NAND2_X1)                                     0.04       0.43 f
  U7780/ZN (NAND4_X1)                                     0.04       0.47 r
  U7781/ZN (XNOR2_X1)                                     0.07       0.54 r
  U5631/ZN (AND2_X2)                                      0.06       0.59 r
  U7785/ZN (AOI21_X1)                                     0.03       0.62 f
  U7806/ZN (OAI21_X1)                                     0.04       0.66 r
  U7807/ZN (INV_X1)                                       0.02       0.68 f
  U6532/ZN (AND2_X1)                                      0.04       0.72 f
  U12093/Z (BUF_X2)                                       0.05       0.77 f
  U8010/ZN (OAI21_X1)                                     0.05       0.81 r
  U8013/ZN (XNOR2_X1)                                     0.06       0.88 r
  U6863/ZN (AND4_X1)                                      0.07       0.95 r
  U5732/ZN (NAND4_X1)                                     0.04       0.98 f
  U5731/ZN (NOR2_X1)                                      0.04       1.03 r
  U5782/ZN (NAND2_X1)                                     0.03       1.05 f
  U5781/ZN (NOR2_X1)                                      0.04       1.09 r
  U13733/ZN (AND4_X2)                                     0.06       1.15 r
  U8074/ZN (NAND4_X1)                                     0.04       1.19 f
  U8110/Z (MUX2_X1)                                       0.07       1.26 f
  U8114/ZN (NAND2_X1)                                     0.03       1.29 r
  U6756/ZN (AND2_X1)                                      0.04       1.33 r
  U6894/ZN (NAND2_X1)                                     0.03       1.35 f
  U6893/ZN (NAND2_X1)                                     0.03       1.38 r
  U6718/ZN (AND2_X1)                                      0.05       1.43 r
  U6807/ZN (XNOR2_X1)                                     0.05       1.48 r
  U9825/ZN (NAND4_X1)                                     0.04       1.53 f
  U9827/ZN (NAND2_X1)                                     0.05       1.57 r
  U5787/ZN (AND4_X1)                                      0.08       1.65 r
  U12250/ZN (INV_X1)                                      0.03       1.68 f
  U8225/ZN (INV_X1)                                       0.04       1.72 r
  U12272/ZN (NAND2_X1)                                    0.03       1.75 f
  U12277/ZN (NAND4_X1)                                    0.03       1.78 r
  if_stage_inst/pc_reg_inst/reg_data_reg[4]/D (DFF_X2)
                                                          0.01       1.79 r
  data arrival time                                                  1.79

  clock clk (rise edge)                                   1.40       1.40
  clock network delay (ideal)                             0.00       1.40
  if_stage_inst/pc_reg_inst/reg_data_reg[4]/CK (DFF_X2)
                                                          0.00       1.40 r
  library setup time                                     -0.03       1.37
  data required time                                                 1.37
  --------------------------------------------------------------------------
  data required time                                                 1.37
  data arrival time                                                 -1.79
  --------------------------------------------------------------------------
  slack (VIOLATED)                                                  -0.42


  Startpoint: id_stage_inst/rs2_addr_reg/reg_data_reg[0]
              (rising edge-triggered flip-flop clocked by clk)
  Endpoint: if_stage_inst/pc_reg_inst/reg_data_reg[28]
            (rising edge-triggered flip-flop clocked by clk)
  Path Group: clk
  Path Type: max

  Des/Clust/Port     Wire Load Model       Library
  ------------------------------------------------
  dlx                5K_hvratio_1_1        NangateOpenCellLibrary

  Point                                                   Incr       Path
  --------------------------------------------------------------------------
  clock clk (rise edge)                                   0.00       0.00
  clock network delay (ideal)                             0.00       0.00
  id_stage_inst/rs2_addr_reg/reg_data_reg[0]/CK (DFF_X1)
                                                          0.00       0.00 r
  id_stage_inst/rs2_addr_reg/reg_data_reg[0]/Q (DFF_X1)
                                                          0.09       0.09 r
  U6778/Z (XOR2_X1)                                       0.06       0.15 r
  U6234/ZN (AND2_X1)                                      0.04       0.19 r
  U5831/ZN (NAND4_X1)                                     0.06       0.24 f
  U6821/ZN (INV_X1)                                       0.03       0.28 r
  U6783/ZN (AND3_X2)                                      0.06       0.34 r
  U6812/Z (CLKBUF_X3)                                     0.06       0.40 r
  U7778/ZN (NAND2_X1)                                     0.04       0.43 f
  U7780/ZN (NAND4_X1)                                     0.04       0.47 r
  U7781/ZN (XNOR2_X1)                                     0.07       0.54 r
  U5631/ZN (AND2_X2)                                      0.06       0.59 r
  U7785/ZN (AOI21_X1)                                     0.03       0.62 f
  U7806/ZN (OAI21_X1)                                     0.04       0.66 r
  U7807/ZN (INV_X1)                                       0.02       0.68 f
  U6532/ZN (AND2_X1)                                      0.04       0.72 f
  U12093/Z (BUF_X2)                                       0.05       0.77 f
  U8010/ZN (OAI21_X1)                                     0.05       0.81 r
  U8013/ZN (XNOR2_X1)                                     0.06       0.88 r
  U6863/ZN (AND4_X1)                                      0.07       0.95 r
  U5732/ZN (NAND4_X1)                                     0.04       0.98 f
  U5731/ZN (NOR2_X1)                                      0.04       1.03 r
  U5782/ZN (NAND2_X1)                                     0.03       1.05 f
  U5781/ZN (NOR2_X1)                                      0.04       1.09 r
  U13733/ZN (AND4_X2)                                     0.06       1.15 r
  U8074/ZN (NAND4_X1)                                     0.04       1.19 f
  U8110/Z (MUX2_X1)                                       0.07       1.26 f
  U8114/ZN (NAND2_X1)                                     0.03       1.29 r
  U6756/ZN (AND2_X1)                                      0.04       1.33 r
  U6894/ZN (NAND2_X1)                                     0.03       1.35 f
  U6893/ZN (NAND2_X1)                                     0.03       1.38 r
  U6718/ZN (AND2_X1)                                      0.05       1.43 r
  U6807/ZN (XNOR2_X1)                                     0.05       1.48 r
  U9825/ZN (NAND4_X1)                                     0.04       1.53 f
  U9827/ZN (NAND2_X1)                                     0.05       1.57 r
  U5787/ZN (AND4_X1)                                      0.08       1.65 r
  U12250/ZN (INV_X1)                                      0.03       1.68 f
  U8225/ZN (INV_X1)                                       0.04       1.72 r
  U12762/ZN (NAND2_X1)                                    0.03       1.75 f
  U12767/ZN (NAND4_X1)                                    0.03       1.78 r
  if_stage_inst/pc_reg_inst/reg_data_reg[28]/D (DFF_X2)
                                                          0.01       1.79 r
  data arrival time                                                  1.79

  clock clk (rise edge)                                   1.40       1.40
  clock network delay (ideal)                             0.00       1.40
  if_stage_inst/pc_reg_inst/reg_data_reg[28]/CK (DFF_X2)
                                                          0.00       1.40 r
  library setup time                                     -0.03       1.37
  data required time                                                 1.37
  --------------------------------------------------------------------------
  data required time                                                 1.37
  data arrival time                                                 -1.79
  --------------------------------------------------------------------------
  slack (VIOLATED)                                                  -0.42


  Startpoint: id_stage_inst/rs2_addr_reg/reg_data_reg[0]
              (rising edge-triggered flip-flop clocked by clk)
  Endpoint: if_stage_inst/pc_reg_inst/reg_data_reg[25]
            (rising edge-triggered flip-flop clocked by clk)
  Path Group: clk
  Path Type: max

  Des/Clust/Port     Wire Load Model       Library
  ------------------------------------------------
  dlx                5K_hvratio_1_1        NangateOpenCellLibrary

  Point                                                   Incr       Path
  --------------------------------------------------------------------------
  clock clk (rise edge)                                   0.00       0.00
  clock network delay (ideal)                             0.00       0.00
  id_stage_inst/rs2_addr_reg/reg_data_reg[0]/CK (DFF_X1)
                                                          0.00       0.00 r
  id_stage_inst/rs2_addr_reg/reg_data_reg[0]/Q (DFF_X1)
                                                          0.09       0.09 r
  U6778/Z (XOR2_X1)                                       0.06       0.15 r
  U6234/ZN (AND2_X1)                                      0.04       0.19 r
  U5831/ZN (NAND4_X1)                                     0.06       0.24 f
  U6821/ZN (INV_X1)                                       0.03       0.28 r
  U6783/ZN (AND3_X2)                                      0.06       0.34 r
  U6812/Z (CLKBUF_X3)                                     0.06       0.40 r
  U7778/ZN (NAND2_X1)                                     0.04       0.43 f
  U7780/ZN (NAND4_X1)                                     0.04       0.47 r
  U7781/ZN (XNOR2_X1)                                     0.07       0.54 r
  U5631/ZN (AND2_X2)                                      0.06       0.59 r
  U7785/ZN (AOI21_X1)                                     0.03       0.62 f
  U7806/ZN (OAI21_X1)                                     0.04       0.66 r
  U7807/ZN (INV_X1)                                       0.02       0.68 f
  U6532/ZN (AND2_X1)                                      0.04       0.72 f
  U12093/Z (BUF_X2)                                       0.05       0.77 f
  U8010/ZN (OAI21_X1)                                     0.05       0.81 r
  U8013/ZN (XNOR2_X1)                                     0.06       0.88 r
  U6863/ZN (AND4_X1)                                      0.07       0.95 r
  U5732/ZN (NAND4_X1)                                     0.04       0.98 f
  U5731/ZN (NOR2_X1)                                      0.04       1.03 r
  U5782/ZN (NAND2_X1)                                     0.03       1.05 f
  U5781/ZN (NOR2_X1)                                      0.04       1.09 r
  U13733/ZN (AND4_X2)                                     0.06       1.15 r
  U8074/ZN (NAND4_X1)                                     0.04       1.19 f
  U8110/Z (MUX2_X1)                                       0.07       1.26 f
  U8114/ZN (NAND2_X1)                                     0.03       1.29 r
  U6756/ZN (AND2_X1)                                      0.04       1.33 r
  U6894/ZN (NAND2_X1)                                     0.03       1.35 f
  U6893/ZN (NAND2_X1)                                     0.03       1.38 r
  U6718/ZN (AND2_X1)                                      0.05       1.43 r
  U6807/ZN (XNOR2_X1)                                     0.05       1.48 r
  U9825/ZN (NAND4_X1)                                     0.04       1.53 f
  U9827/ZN (NAND2_X1)                                     0.05       1.57 r
  U5787/ZN (AND4_X1)                                      0.08       1.65 r
  U12250/ZN (INV_X1)                                      0.03       1.68 f
  U12251/ZN (INV_X1)                                      0.04       1.72 r
  U12929/ZN (NAND2_X1)                                    0.03       1.75 f
  U12934/ZN (NAND4_X1)                                    0.03       1.78 r
  if_stage_inst/pc_reg_inst/reg_data_reg[25]/D (DFF_X2)
                                                          0.01       1.79 r
  data arrival time                                                  1.79

  clock clk (rise edge)                                   1.40       1.40
  clock network delay (ideal)                             0.00       1.40
  if_stage_inst/pc_reg_inst/reg_data_reg[25]/CK (DFF_X2)
                                                          0.00       1.40 r
  library setup time                                     -0.03       1.37
  data required time                                                 1.37
  --------------------------------------------------------------------------
  data required time                                                 1.37
  data arrival time                                                 -1.79
  --------------------------------------------------------------------------
  slack (VIOLATED)                                                  -0.42


1
