Information: Updating design information... (UID-85)
 
****************************************
Report : timing
        -path full
        -delay max
        -nworst 5
        -max_paths 20
Design : dlx
Version: W-2024.09-SP2
Date   : Wed Sep 16 14:11:49 2026
****************************************

Operating Conditions: typical   Library: NangateOpenCellLibrary
Wire Load Model Mode: top

  Startpoint: R_0 (rising edge-triggered flip-flop clocked by clk)
  Endpoint: if_stage_inst/pc_reg_inst/reg_data_reg[2]
            (rising edge-triggered flip-flop clocked by clk)
  Path Group: clk
  Path Type: max

  Des/Clust/Port     Wire Load Model       Library
  ------------------------------------------------
  dlx                5K_hvratio_1_1        NangateOpenCellLibrary

  Point                                                   Incr       Path
  --------------------------------------------------------------------------
  clock clk (rise edge)                                   0.00       0.00
  clock network delay (ideal)                             0.00       0.00
  R_0/CK (DFF_X1)                                         0.00       0.00 r
  R_0/Q (DFF_X1)                                          0.09       0.09 r
  U9447/Z (XOR2_X1)                                       0.06       0.16 r
  U14437/ZN (AND4_X1)                                     0.07       0.22 r
  U8801/ZN (NAND2_X1)                                     0.03       0.25 f
  U8802/Z (BUF_X2)                                        0.05       0.30 f
  U5678/ZN (OR2_X1)                                       0.06       0.36 f
  U5679/ZN (AND2_X1)                                      0.04       0.40 f
  U5683/ZN (NAND3_X2)                                     0.05       0.45 r
  U5680/ZN (AND2_X1)                                      0.05       0.50 r
  U9360/ZN (NAND2_X1)                                     0.03       0.52 f
  U6102/ZN (AND3_X1)                                      0.04       0.56 f
  U9363/ZN (OAI21_X1)                                     0.04       0.60 r
  U5159/ZN (OR2_X1)                                       0.04       0.64 r
  U9378/ZN (AOI21_X1)                                     0.03       0.68 f
  U9400/ZN (OAI21_X1)                                     0.05       0.73 r
  U7400/ZN (NAND2_X1)                                     0.03       0.76 f
  U9422/ZN (OAI211_X1)                                    0.05       0.81 r
  U9435/ZN (AOI21_X1)                                     0.03       0.84 f
  U9436/ZN (INV_X1)                                       0.03       0.88 r
  U5735/ZN (OAI21_X1)                                     0.04       0.92 f
  U9471/ZN (AOI21_X1)                                     0.05       0.97 r
  U9472/ZN (XNOR2_X1)                                     0.06       1.03 r
  U7223/ZN (AND2_X1)                                      0.04       1.07 r
  U5208/ZN (AND4_X2)                                      0.06       1.13 r
  U7410/ZN (AND3_X1)                                      0.05       1.18 r
  U7404/ZN (OR2_X1)                                       0.03       1.21 r
  U7411/ZN (OAI21_X1)                                     0.03       1.25 f
  U9582/ZN (NAND2_X1)                                     0.03       1.28 r
  U7272/ZN (AND2_X1)                                      0.04       1.32 r
  U10597/ZN (AND4_X2)                                     0.06       1.39 r
  U7466/ZN (OR2_X1)                                       0.04       1.43 r
  U5149/ZN (AND3_X2)                                      0.05       1.48 r
  U7439/ZN (NOR2_X1)                                      0.02       1.50 f
  U7448/ZN (AOI21_X1)                                     0.06       1.57 r
  U13170/Z (BUF_X1)                                       0.07       1.64 r
  U13655/ZN (OR2_X1)                                      0.04       1.68 r
  U13657/ZN (AND2_X1)                                     0.04       1.72 r
  U13658/ZN (OAI211_X1)                                   0.04       1.76 f
  if_stage_inst/pc_reg_inst/reg_data_reg[2]/D (DFF_X1)
                                                          0.01       1.77 f
  data arrival time                                                  1.77

  clock clk (rise edge)                                   0.90       0.90
  clock network delay (ideal)                             0.00       0.90
  if_stage_inst/pc_reg_inst/reg_data_reg[2]/CK (DFF_X1)
                                                          0.00       0.90 r
  library setup time                                     -0.04       0.86
  data required time                                                 0.86
  --------------------------------------------------------------------------
  data required time                                                 0.86
  data arrival time                                                 -1.77
  --------------------------------------------------------------------------
  slack (VIOLATED)                                                  -0.91


  Startpoint: R_0 (rising edge-triggered flip-flop clocked by clk)
  Endpoint: if_stage_inst/predicted_target_reg/reg_data_reg[2]
            (rising edge-triggered flip-flop clocked by clk)
  Path Group: clk
  Path Type: max

  Des/Clust/Port     Wire Load Model       Library
  ------------------------------------------------
  dlx                5K_hvratio_1_1        NangateOpenCellLibrary

  Point                                                   Incr       Path
  --------------------------------------------------------------------------
  clock clk (rise edge)                                   0.00       0.00
  clock network delay (ideal)                             0.00       0.00
  R_0/CK (DFF_X1)                                         0.00       0.00 r
  R_0/Q (DFF_X1)                                          0.09       0.09 r
  U9447/Z (XOR2_X1)                                       0.06       0.16 r
  U14437/ZN (AND4_X1)                                     0.07       0.22 r
  U8801/ZN (NAND2_X1)                                     0.03       0.25 f
  U8802/Z (BUF_X2)                                        0.05       0.30 f
  U5678/ZN (OR2_X1)                                       0.06       0.36 f
  U5679/ZN (AND2_X1)                                      0.04       0.40 f
  U5683/ZN (NAND3_X2)                                     0.05       0.45 r
  U5680/ZN (AND2_X1)                                      0.05       0.50 r
  U9360/ZN (NAND2_X1)                                     0.03       0.52 f
  U6102/ZN (AND3_X1)                                      0.04       0.56 f
  U9363/ZN (OAI21_X1)                                     0.04       0.60 r
  U5159/ZN (OR2_X1)                                       0.04       0.64 r
  U9378/ZN (AOI21_X1)                                     0.03       0.68 f
  U9400/ZN (OAI21_X1)                                     0.05       0.73 r
  U7400/ZN (NAND2_X1)                                     0.03       0.76 f
  U9422/ZN (OAI211_X1)                                    0.05       0.81 r
  U9435/ZN (AOI21_X1)                                     0.03       0.84 f
  U9436/ZN (INV_X1)                                       0.03       0.88 r
  U5735/ZN (OAI21_X1)                                     0.04       0.92 f
  U9471/ZN (AOI21_X1)                                     0.05       0.97 r
  U9472/ZN (XNOR2_X1)                                     0.06       1.03 r
  U7223/ZN (AND2_X1)                                      0.04       1.07 r
  U5208/ZN (AND4_X2)                                      0.06       1.13 r
  U7410/ZN (AND3_X1)                                      0.05       1.18 r
  U7404/ZN (OR2_X1)                                       0.03       1.21 r
  U7411/ZN (OAI21_X1)                                     0.03       1.25 f
  U9582/ZN (NAND2_X1)                                     0.03       1.28 r
  U7272/ZN (AND2_X1)                                      0.04       1.32 r
  U10597/ZN (AND4_X2)                                     0.06       1.39 r
  U7466/ZN (OR2_X1)                                       0.04       1.43 r
  U5149/ZN (AND3_X2)                                      0.05       1.48 r
  U7439/ZN (NOR2_X1)                                      0.02       1.50 f
  U7448/ZN (AOI21_X1)                                     0.06       1.57 r
  U13170/Z (BUF_X1)                                       0.07       1.64 r
  U13655/ZN (OR2_X1)                                      0.04       1.68 r
  U13657/ZN (AND2_X1)                                     0.04       1.72 r
  U13658/ZN (OAI211_X1)                                   0.04       1.76 f
  if_stage_inst/predicted_target_reg/reg_data_reg[2]/D (DFF_X1)
                                                          0.01       1.77 f
  data arrival time                                                  1.77

  clock clk (rise edge)                                   0.90       0.90
  clock network delay (ideal)                             0.00       0.90
  if_stage_inst/predicted_target_reg/reg_data_reg[2]/CK (DFF_X1)
                                                          0.00       0.90 r
  library setup time                                     -0.04       0.86
  data required time                                                 0.86
  --------------------------------------------------------------------------
  data required time                                                 0.86
  data arrival time                                                 -1.77
  --------------------------------------------------------------------------
  slack (VIOLATED)                                                  -0.91


  Startpoint: R_0 (rising edge-triggered flip-flop clocked by clk)
  Endpoint: if_stage_inst/pc_reg_inst/reg_data_reg[22]
            (rising edge-triggered flip-flop clocked by clk)
  Path Group: clk
  Path Type: max

  Des/Clust/Port     Wire Load Model       Library
  ------------------------------------------------
  dlx                5K_hvratio_1_1        NangateOpenCellLibrary

  Point                                                   Incr       Path
  --------------------------------------------------------------------------
  clock clk (rise edge)                                   0.00       0.00
  clock network delay (ideal)                             0.00       0.00
  R_0/CK (DFF_X1)                                         0.00       0.00 r
  R_0/Q (DFF_X1)                                          0.09       0.09 r
  U9447/Z (XOR2_X1)                                       0.06       0.16 r
  U14437/ZN (AND4_X1)                                     0.07       0.22 r
  U8801/ZN (NAND2_X1)                                     0.03       0.25 f
  U8802/Z (BUF_X2)                                        0.05       0.30 f
  U5678/ZN (OR2_X1)                                       0.06       0.36 f
  U5679/ZN (AND2_X1)                                      0.04       0.40 f
  U5683/ZN (NAND3_X2)                                     0.05       0.45 r
  U5680/ZN (AND2_X1)                                      0.05       0.50 r
  U9360/ZN (NAND2_X1)                                     0.03       0.52 f
  U6102/ZN (AND3_X1)                                      0.04       0.56 f
  U9363/ZN (OAI21_X1)                                     0.04       0.60 r
  U5159/ZN (OR2_X1)                                       0.04       0.64 r
  U9378/ZN (AOI21_X1)                                     0.03       0.68 f
  U9400/ZN (OAI21_X1)                                     0.05       0.73 r
  U7400/ZN (NAND2_X1)                                     0.03       0.76 f
  U9422/ZN (OAI211_X1)                                    0.05       0.81 r
  U9435/ZN (AOI21_X1)                                     0.03       0.84 f
  U9436/ZN (INV_X1)                                       0.03       0.88 r
  U5735/ZN (OAI21_X1)                                     0.04       0.92 f
  U9471/ZN (AOI21_X1)                                     0.05       0.97 r
  U9472/ZN (XNOR2_X1)                                     0.06       1.03 r
  U7223/ZN (AND2_X1)                                      0.04       1.07 r
  U5208/ZN (AND4_X2)                                      0.06       1.13 r
  U7410/ZN (AND3_X1)                                      0.05       1.18 r
  U7404/ZN (OR2_X1)                                       0.03       1.21 r
  U7411/ZN (OAI21_X1)                                     0.03       1.25 f
  U9582/ZN (NAND2_X1)                                     0.03       1.28 r
  U7272/ZN (AND2_X1)                                      0.04       1.32 r
  U10597/ZN (AND4_X2)                                     0.06       1.39 r
  U7466/ZN (OR2_X1)                                       0.04       1.43 r
  U5149/ZN (AND3_X2)                                      0.05       1.48 r
  U7439/ZN (NOR2_X1)                                      0.02       1.50 f
  U7448/ZN (AOI21_X1)                                     0.06       1.57 r
  U13170/Z (BUF_X1)                                       0.07       1.64 r
  U13123/ZN (OR2_X1)                                      0.04       1.68 r
  U13125/ZN (AND2_X1)                                     0.04       1.72 r
  U13126/ZN (OAI211_X1)                                   0.04       1.76 f
  if_stage_inst/pc_reg_inst/reg_data_reg[22]/D (DFF_X1)
                                                          0.01       1.77 f
  data arrival time                                                  1.77

  clock clk (rise edge)                                   0.90       0.90
  clock network delay (ideal)                             0.00       0.90
  if_stage_inst/pc_reg_inst/reg_data_reg[22]/CK (DFF_X1)
                                                          0.00       0.90 r
  library setup time                                     -0.04       0.86
  data required time                                                 0.86
  --------------------------------------------------------------------------
  data required time                                                 0.86
  data arrival time                                                 -1.77
  --------------------------------------------------------------------------
  slack (VIOLATED)                                                  -0.91


  Startpoint: R_0 (rising edge-triggered flip-flop clocked by clk)
  Endpoint: if_stage_inst/predicted_target_reg/reg_data_reg[22]
            (rising edge-triggered flip-flop clocked by clk)
  Path Group: clk
  Path Type: max

  Des/Clust/Port     Wire Load Model       Library
  ------------------------------------------------
  dlx                5K_hvratio_1_1        NangateOpenCellLibrary

  Point                                                   Incr       Path
  --------------------------------------------------------------------------
  clock clk (rise edge)                                   0.00       0.00
  clock network delay (ideal)                             0.00       0.00
  R_0/CK (DFF_X1)                                         0.00       0.00 r
  R_0/Q (DFF_X1)                                          0.09       0.09 r
  U9447/Z (XOR2_X1)                                       0.06       0.16 r
  U14437/ZN (AND4_X1)                                     0.07       0.22 r
  U8801/ZN (NAND2_X1)                                     0.03       0.25 f
  U8802/Z (BUF_X2)                                        0.05       0.30 f
  U5678/ZN (OR2_X1)                                       0.06       0.36 f
  U5679/ZN (AND2_X1)                                      0.04       0.40 f
  U5683/ZN (NAND3_X2)                                     0.05       0.45 r
  U5680/ZN (AND2_X1)                                      0.05       0.50 r
  U9360/ZN (NAND2_X1)                                     0.03       0.52 f
  U6102/ZN (AND3_X1)                                      0.04       0.56 f
  U9363/ZN (OAI21_X1)                                     0.04       0.60 r
  U5159/ZN (OR2_X1)                                       0.04       0.64 r
  U9378/ZN (AOI21_X1)                                     0.03       0.68 f
  U9400/ZN (OAI21_X1)                                     0.05       0.73 r
  U7400/ZN (NAND2_X1)                                     0.03       0.76 f
  U9422/ZN (OAI211_X1)                                    0.05       0.81 r
  U9435/ZN (AOI21_X1)                                     0.03       0.84 f
  U9436/ZN (INV_X1)                                       0.03       0.88 r
  U5735/ZN (OAI21_X1)                                     0.04       0.92 f
  U9471/ZN (AOI21_X1)                                     0.05       0.97 r
  U9472/ZN (XNOR2_X1)                                     0.06       1.03 r
  U7223/ZN (AND2_X1)                                      0.04       1.07 r
  U5208/ZN (AND4_X2)                                      0.06       1.13 r
  U7410/ZN (AND3_X1)                                      0.05       1.18 r
  U7404/ZN (OR2_X1)                                       0.03       1.21 r
  U7411/ZN (OAI21_X1)                                     0.03       1.25 f
  U9582/ZN (NAND2_X1)                                     0.03       1.28 r
  U7272/ZN (AND2_X1)                                      0.04       1.32 r
  U10597/ZN (AND4_X2)                                     0.06       1.39 r
  U7466/ZN (OR2_X1)                                       0.04       1.43 r
  U5149/ZN (AND3_X2)                                      0.05       1.48 r
  U7439/ZN (NOR2_X1)                                      0.02       1.50 f
  U7448/ZN (AOI21_X1)                                     0.06       1.57 r
  U13170/Z (BUF_X1)                                       0.07       1.64 r
  U13123/ZN (OR2_X1)                                      0.04       1.68 r
  U13125/ZN (AND2_X1)                                     0.04       1.72 r
  U13126/ZN (OAI211_X1)                                   0.04       1.76 f
  if_stage_inst/predicted_target_reg/reg_data_reg[22]/D (DFF_X1)
                                                          0.01       1.77 f
  data arrival time                                                  1.77

  clock clk (rise edge)                                   0.90       0.90
  clock network delay (ideal)                             0.00       0.90
  if_stage_inst/predicted_target_reg/reg_data_reg[22]/CK (DFF_X1)
                                                          0.00       0.90 r
  library setup time                                     -0.04       0.86
  data required time                                                 0.86
  --------------------------------------------------------------------------
  data required time                                                 0.86
  data arrival time                                                 -1.77
  --------------------------------------------------------------------------
  slack (VIOLATED)                                                  -0.91


  Startpoint: R_0 (rising edge-triggered flip-flop clocked by clk)
  Endpoint: if_stage_inst/pc_reg_inst/reg_data_reg[27]
            (rising edge-triggered flip-flop clocked by clk)
  Path Group: clk
  Path Type: max

  Des/Clust/Port     Wire Load Model       Library
  ------------------------------------------------
  dlx                5K_hvratio_1_1        NangateOpenCellLibrary

  Point                                                   Incr       Path
  --------------------------------------------------------------------------
  clock clk (rise edge)                                   0.00       0.00
  clock network delay (ideal)                             0.00       0.00
  R_0/CK (DFF_X1)                                         0.00       0.00 r
  R_0/Q (DFF_X1)                                          0.09       0.09 r
  U9447/Z (XOR2_X1)                                       0.06       0.16 r
  U14437/ZN (AND4_X1)                                     0.07       0.22 r
  U8801/ZN (NAND2_X1)                                     0.03       0.25 f
  U8802/Z (BUF_X2)                                        0.05       0.30 f
  U5678/ZN (OR2_X1)                                       0.06       0.36 f
  U5679/ZN (AND2_X1)                                      0.04       0.40 f
  U5683/ZN (NAND3_X2)                                     0.05       0.45 r
  U5680/ZN (AND2_X1)                                      0.05       0.50 r
  U9360/ZN (NAND2_X1)                                     0.03       0.52 f
  U6102/ZN (AND3_X1)                                      0.04       0.56 f
  U9363/ZN (OAI21_X1)                                     0.04       0.60 r
  U5159/ZN (OR2_X1)                                       0.04       0.64 r
  U9378/ZN (AOI21_X1)                                     0.03       0.68 f
  U9400/ZN (OAI21_X1)                                     0.05       0.73 r
  U7400/ZN (NAND2_X1)                                     0.03       0.76 f
  U9422/ZN (OAI211_X1)                                    0.05       0.81 r
  U9435/ZN (AOI21_X1)                                     0.03       0.84 f
  U9436/ZN (INV_X1)                                       0.03       0.88 r
  U5735/ZN (OAI21_X1)                                     0.04       0.92 f
  U9471/ZN (AOI21_X1)                                     0.05       0.97 r
  U9472/ZN (XNOR2_X1)                                     0.06       1.03 r
  U7223/ZN (AND2_X1)                                      0.04       1.07 r
  U5208/ZN (AND4_X2)                                      0.06       1.13 r
  U7410/ZN (AND3_X1)                                      0.05       1.18 r
  U7404/ZN (OR2_X1)                                       0.03       1.21 r
  U7411/ZN (OAI21_X1)                                     0.03       1.25 f
  U9582/ZN (NAND2_X1)                                     0.03       1.28 r
  U7272/ZN (AND2_X1)                                      0.04       1.32 r
  U10597/ZN (AND4_X2)                                     0.06       1.39 r
  U7466/ZN (OR2_X1)                                       0.04       1.43 r
  U5149/ZN (AND3_X2)                                      0.05       1.48 r
  U7439/ZN (NOR2_X1)                                      0.02       1.50 f
  U7448/ZN (AOI21_X1)                                     0.06       1.57 r
  U13170/Z (BUF_X1)                                       0.07       1.64 r
  U13332/ZN (OR2_X1)                                      0.04       1.68 r
  U13334/ZN (AND2_X1)                                     0.04       1.72 r
  U13335/ZN (OAI211_X1)                                   0.04       1.76 f
  if_stage_inst/pc_reg_inst/reg_data_reg[27]/D (DFF_X1)
                                                          0.01       1.77 f
  data arrival time                                                  1.77

  clock clk (rise edge)                                   0.90       0.90
  clock network delay (ideal)                             0.00       0.90
  if_stage_inst/pc_reg_inst/reg_data_reg[27]/CK (DFF_X1)
                                                          0.00       0.90 r
  library setup time                                     -0.04       0.86
  data required time                                                 0.86
  --------------------------------------------------------------------------
  data required time                                                 0.86
  data arrival time                                                 -1.77
  --------------------------------------------------------------------------
  slack (VIOLATED)                                                  -0.91


  Startpoint: R_0 (rising edge-triggered flip-flop clocked by clk)
  Endpoint: if_stage_inst/pc_reg_inst/reg_data_reg[30]
            (rising edge-triggered flip-flop clocked by clk)
  Path Group: clk
  Path Type: max

  Des/Clust/Port     Wire Load Model       Library
  ------------------------------------------------
  dlx                5K_hvratio_1_1        NangateOpenCellLibrary

  Point                                                   Incr       Path
  --------------------------------------------------------------------------
  clock clk (rise edge)                                   0.00       0.00
  clock network delay (ideal)                             0.00       0.00
  R_0/CK (DFF_X1)                                         0.00       0.00 r
  R_0/Q (DFF_X1)                                          0.09       0.09 r
  U9447/Z (XOR2_X1)                                       0.06       0.16 r
  U14437/ZN (AND4_X1)                                     0.07       0.22 r
  U8801/ZN (NAND2_X1)                                     0.03       0.25 f
  U8802/Z (BUF_X2)                                        0.05       0.30 f
  U5678/ZN (OR2_X1)                                       0.06       0.36 f
  U5679/ZN (AND2_X1)                                      0.04       0.40 f
  U5683/ZN (NAND3_X2)                                     0.05       0.45 r
  U5680/ZN (AND2_X1)                                      0.05       0.50 r
  U9360/ZN (NAND2_X1)                                     0.03       0.52 f
  U6102/ZN (AND3_X1)                                      0.04       0.56 f
  U9363/ZN (OAI21_X1)                                     0.04       0.60 r
  U5159/ZN (OR2_X1)                                       0.04       0.64 r
  U9378/ZN (AOI21_X1)                                     0.03       0.68 f
  U9400/ZN (OAI21_X1)                                     0.05       0.73 r
  U7400/ZN (NAND2_X1)                                     0.03       0.76 f
  U9422/ZN (OAI211_X1)                                    0.05       0.81 r
  U9435/ZN (AOI21_X1)                                     0.03       0.84 f
  U9436/ZN (INV_X1)                                       0.03       0.88 r
  U5735/ZN (OAI21_X1)                                     0.04       0.92 f
  U9471/ZN (AOI21_X1)                                     0.05       0.97 r
  U9472/ZN (XNOR2_X1)                                     0.06       1.03 r
  U7223/ZN (AND2_X1)                                      0.04       1.07 r
  U5208/ZN (AND4_X2)                                      0.06       1.13 r
  U7410/ZN (AND3_X1)                                      0.05       1.18 r
  U7404/ZN (OR2_X1)                                       0.03       1.21 r
  U7411/ZN (OAI21_X1)                                     0.03       1.25 f
  U9582/ZN (NAND2_X1)                                     0.03       1.28 r
  U7272/ZN (AND2_X1)                                      0.04       1.32 r
  U10597/ZN (AND4_X2)                                     0.06       1.39 r
  U7466/ZN (OR2_X1)                                       0.04       1.43 r
  U5149/ZN (AND3_X2)                                      0.05       1.48 r
  U7439/ZN (NOR2_X1)                                      0.02       1.50 f
  U7448/ZN (AOI21_X1)                                     0.06       1.57 r
  U13170/Z (BUF_X1)                                       0.07       1.64 r
  U13586/ZN (OR2_X1)                                      0.04       1.68 r
  U13588/ZN (AND2_X1)                                     0.04       1.72 r
  U13589/ZN (OAI211_X1)                                   0.04       1.76 f
  if_stage_inst/pc_reg_inst/reg_data_reg[30]/D (DFF_X1)
                                                          0.01       1.77 f
  data arrival time                                                  1.77

  clock clk (rise edge)                                   0.90       0.90
  clock network delay (ideal)                             0.00       0.90
  if_stage_inst/pc_reg_inst/reg_data_reg[30]/CK (DFF_X1)
                                                          0.00       0.90 r
  library setup time                                     -0.04       0.86
  data required time                                                 0.86
  --------------------------------------------------------------------------
  data required time                                                 0.86
  data arrival time                                                 -1.77
  --------------------------------------------------------------------------
  slack (VIOLATED)                                                  -0.91


  Startpoint: R_0 (rising edge-triggered flip-flop clocked by clk)
  Endpoint: if_stage_inst/predicted_target_reg/reg_data_reg[27]
            (rising edge-triggered flip-flop clocked by clk)
  Path Group: clk
  Path Type: max

  Des/Clust/Port     Wire Load Model       Library
  ------------------------------------------------
  dlx                5K_hvratio_1_1        NangateOpenCellLibrary

  Point                                                   Incr       Path
  --------------------------------------------------------------------------
  clock clk (rise edge)                                   0.00       0.00
  clock network delay (ideal)                             0.00       0.00
  R_0/CK (DFF_X1)                                         0.00       0.00 r
  R_0/Q (DFF_X1)                                          0.09       0.09 r
  U9447/Z (XOR2_X1)                                       0.06       0.16 r
  U14437/ZN (AND4_X1)                                     0.07       0.22 r
  U8801/ZN (NAND2_X1)                                     0.03       0.25 f
  U8802/Z (BUF_X2)                                        0.05       0.30 f
  U5678/ZN (OR2_X1)                                       0.06       0.36 f
  U5679/ZN (AND2_X1)                                      0.04       0.40 f
  U5683/ZN (NAND3_X2)                                     0.05       0.45 r
  U5680/ZN (AND2_X1)                                      0.05       0.50 r
  U9360/ZN (NAND2_X1)                                     0.03       0.52 f
  U6102/ZN (AND3_X1)                                      0.04       0.56 f
  U9363/ZN (OAI21_X1)                                     0.04       0.60 r
  U5159/ZN (OR2_X1)                                       0.04       0.64 r
  U9378/ZN (AOI21_X1)                                     0.03       0.68 f
  U9400/ZN (OAI21_X1)                                     0.05       0.73 r
  U7400/ZN (NAND2_X1)                                     0.03       0.76 f
  U9422/ZN (OAI211_X1)                                    0.05       0.81 r
  U9435/ZN (AOI21_X1)                                     0.03       0.84 f
  U9436/ZN (INV_X1)                                       0.03       0.88 r
  U5735/ZN (OAI21_X1)                                     0.04       0.92 f
  U9471/ZN (AOI21_X1)                                     0.05       0.97 r
  U9472/ZN (XNOR2_X1)                                     0.06       1.03 r
  U7223/ZN (AND2_X1)                                      0.04       1.07 r
  U5208/ZN (AND4_X2)                                      0.06       1.13 r
  U7410/ZN (AND3_X1)                                      0.05       1.18 r
  U7404/ZN (OR2_X1)                                       0.03       1.21 r
  U7411/ZN (OAI21_X1)                                     0.03       1.25 f
  U9582/ZN (NAND2_X1)                                     0.03       1.28 r
  U7272/ZN (AND2_X1)                                      0.04       1.32 r
  U10597/ZN (AND4_X2)                                     0.06       1.39 r
  U7466/ZN (OR2_X1)                                       0.04       1.43 r
  U5149/ZN (AND3_X2)                                      0.05       1.48 r
  U7439/ZN (NOR2_X1)                                      0.02       1.50 f
  U7448/ZN (AOI21_X1)                                     0.06       1.57 r
  U13170/Z (BUF_X1)                                       0.07       1.64 r
  U13332/ZN (OR2_X1)                                      0.04       1.68 r
  U13334/ZN (AND2_X1)                                     0.04       1.72 r
  U13335/ZN (OAI211_X1)                                   0.04       1.76 f
  if_stage_inst/predicted_target_reg/reg_data_reg[27]/D (DFF_X1)
                                                          0.01       1.77 f
  data arrival time                                                  1.77

  clock clk (rise edge)                                   0.90       0.90
  clock network delay (ideal)                             0.00       0.90
  if_stage_inst/predicted_target_reg/reg_data_reg[27]/CK (DFF_X1)
                                                          0.00       0.90 r
  library setup time                                     -0.04       0.86
  data required time                                                 0.86
  --------------------------------------------------------------------------
  data required time                                                 0.86
  data arrival time                                                 -1.77
  --------------------------------------------------------------------------
  slack (VIOLATED)                                                  -0.91


  Startpoint: R_0 (rising edge-triggered flip-flop clocked by clk)
  Endpoint: if_stage_inst/predicted_target_reg/reg_data_reg[30]
            (rising edge-triggered flip-flop clocked by clk)
  Path Group: clk
  Path Type: max

  Des/Clust/Port     Wire Load Model       Library
  ------------------------------------------------
  dlx                5K_hvratio_1_1        NangateOpenCellLibrary

  Point                                                   Incr       Path
  --------------------------------------------------------------------------
  clock clk (rise edge)                                   0.00       0.00
  clock network delay (ideal)                             0.00       0.00
  R_0/CK (DFF_X1)                                         0.00       0.00 r
  R_0/Q (DFF_X1)                                          0.09       0.09 r
  U9447/Z (XOR2_X1)                                       0.06       0.16 r
  U14437/ZN (AND4_X1)                                     0.07       0.22 r
  U8801/ZN (NAND2_X1)                                     0.03       0.25 f
  U8802/Z (BUF_X2)                                        0.05       0.30 f
  U5678/ZN (OR2_X1)                                       0.06       0.36 f
  U5679/ZN (AND2_X1)                                      0.04       0.40 f
  U5683/ZN (NAND3_X2)                                     0.05       0.45 r
  U5680/ZN (AND2_X1)                                      0.05       0.50 r
  U9360/ZN (NAND2_X1)                                     0.03       0.52 f
  U6102/ZN (AND3_X1)                                      0.04       0.56 f
  U9363/ZN (OAI21_X1)                                     0.04       0.60 r
  U5159/ZN (OR2_X1)                                       0.04       0.64 r
  U9378/ZN (AOI21_X1)                                     0.03       0.68 f
  U9400/ZN (OAI21_X1)                                     0.05       0.73 r
  U7400/ZN (NAND2_X1)                                     0.03       0.76 f
  U9422/ZN (OAI211_X1)                                    0.05       0.81 r
  U9435/ZN (AOI21_X1)                                     0.03       0.84 f
  U9436/ZN (INV_X1)                                       0.03       0.88 r
  U5735/ZN (OAI21_X1)                                     0.04       0.92 f
  U9471/ZN (AOI21_X1)                                     0.05       0.97 r
  U9472/ZN (XNOR2_X1)                                     0.06       1.03 r
  U7223/ZN (AND2_X1)                                      0.04       1.07 r
  U5208/ZN (AND4_X2)                                      0.06       1.13 r
  U7410/ZN (AND3_X1)                                      0.05       1.18 r
  U7404/ZN (OR2_X1)                                       0.03       1.21 r
  U7411/ZN (OAI21_X1)                                     0.03       1.25 f
  U9582/ZN (NAND2_X1)                                     0.03       1.28 r
  U7272/ZN (AND2_X1)                                      0.04       1.32 r
  U10597/ZN (AND4_X2)                                     0.06       1.39 r
  U7466/ZN (OR2_X1)                                       0.04       1.43 r
  U5149/ZN (AND3_X2)                                      0.05       1.48 r
  U7439/ZN (NOR2_X1)                                      0.02       1.50 f
  U7448/ZN (AOI21_X1)                                     0.06       1.57 r
  U13170/Z (BUF_X1)                                       0.07       1.64 r
  U13586/ZN (OR2_X1)                                      0.04       1.68 r
  U13588/ZN (AND2_X1)                                     0.04       1.72 r
  U13589/ZN (OAI211_X1)                                   0.04       1.76 f
  if_stage_inst/predicted_target_reg/reg_data_reg[30]/D (DFF_X1)
                                                          0.01       1.77 f
  data arrival time                                                  1.77

  clock clk (rise edge)                                   0.90       0.90
  clock network delay (ideal)                             0.00       0.90
  if_stage_inst/predicted_target_reg/reg_data_reg[30]/CK (DFF_X1)
                                                          0.00       0.90 r
  library setup time                                     -0.04       0.86
  data required time                                                 0.86
  --------------------------------------------------------------------------
  data required time                                                 0.86
  data arrival time                                                 -1.77
  --------------------------------------------------------------------------
  slack (VIOLATED)                                                  -0.91


  Startpoint: R_0 (rising edge-triggered flip-flop clocked by clk)
  Endpoint: if_stage_inst/pc_reg_inst/reg_data_reg[14]
            (rising edge-triggered flip-flop clocked by clk)
  Path Group: clk
  Path Type: max

  Des/Clust/Port     Wire Load Model       Library
  ------------------------------------------------
  dlx                5K_hvratio_1_1        NangateOpenCellLibrary

  Point                                                   Incr       Path
  --------------------------------------------------------------------------
  clock clk (rise edge)                                   0.00       0.00
  clock network delay (ideal)                             0.00       0.00
  R_0/CK (DFF_X1)                                         0.00       0.00 r
  R_0/Q (DFF_X1)                                          0.09       0.09 r
  U9447/Z (XOR2_X1)                                       0.06       0.16 r
  U14437/ZN (AND4_X1)                                     0.07       0.22 r
  U8801/ZN (NAND2_X1)                                     0.03       0.25 f
  U8802/Z (BUF_X2)                                        0.05       0.30 f
  U5678/ZN (OR2_X1)                                       0.06       0.36 f
  U5679/ZN (AND2_X1)                                      0.04       0.40 f
  U5683/ZN (NAND3_X2)                                     0.05       0.45 r
  U5680/ZN (AND2_X1)                                      0.05       0.50 r
  U9360/ZN (NAND2_X1)                                     0.03       0.52 f
  U6102/ZN (AND3_X1)                                      0.04       0.56 f
  U9363/ZN (OAI21_X1)                                     0.04       0.60 r
  U5159/ZN (OR2_X1)                                       0.04       0.64 r
  U9378/ZN (AOI21_X1)                                     0.03       0.68 f
  U9400/ZN (OAI21_X1)                                     0.05       0.73 r
  U7400/ZN (NAND2_X1)                                     0.03       0.76 f
  U9422/ZN (OAI211_X1)                                    0.05       0.81 r
  U9435/ZN (AOI21_X1)                                     0.03       0.84 f
  U9436/ZN (INV_X1)                                       0.03       0.88 r
  U5735/ZN (OAI21_X1)                                     0.04       0.92 f
  U9471/ZN (AOI21_X1)                                     0.05       0.97 r
  U9472/ZN (XNOR2_X1)                                     0.06       1.03 r
  U7223/ZN (AND2_X1)                                      0.04       1.07 r
  U5208/ZN (AND4_X2)                                      0.06       1.13 r
  U7410/ZN (AND3_X1)                                      0.05       1.18 r
  U7404/ZN (OR2_X1)                                       0.03       1.21 r
  U7411/ZN (OAI21_X1)                                     0.03       1.25 f
  U9582/ZN (NAND2_X1)                                     0.03       1.28 r
  U7272/ZN (AND2_X1)                                      0.04       1.32 r
  U10597/ZN (AND4_X2)                                     0.06       1.39 r
  U7466/ZN (OR2_X1)                                       0.04       1.43 r
  U5149/ZN (AND3_X2)                                      0.05       1.48 r
  U7439/ZN (NOR2_X1)                                      0.02       1.50 f
  U7448/ZN (AOI21_X1)                                     0.06       1.57 r
  U13170/Z (BUF_X1)                                       0.07       1.64 r
  U13171/ZN (OR2_X1)                                      0.04       1.68 r
  U13173/ZN (AND2_X1)                                     0.04       1.72 r
  U13174/ZN (OAI211_X1)                                   0.04       1.76 f
  if_stage_inst/pc_reg_inst/reg_data_reg[14]/D (DFF_X1)
                                                          0.01       1.77 f
  data arrival time                                                  1.77

  clock clk (rise edge)                                   0.90       0.90
  clock network delay (ideal)                             0.00       0.90
  if_stage_inst/pc_reg_inst/reg_data_reg[14]/CK (DFF_X1)
                                                          0.00       0.90 r
  library setup time                                     -0.04       0.86
  data required time                                                 0.86
  --------------------------------------------------------------------------
  data required time                                                 0.86
  data arrival time                                                 -1.77
  --------------------------------------------------------------------------
  slack (VIOLATED)                                                  -0.91


  Startpoint: R_0 (rising edge-triggered flip-flop clocked by clk)
  Endpoint: if_stage_inst/predicted_target_reg/reg_data_reg[14]
            (rising edge-triggered flip-flop clocked by clk)
  Path Group: clk
  Path Type: max

  Des/Clust/Port     Wire Load Model       Library
  ------------------------------------------------
  dlx                5K_hvratio_1_1        NangateOpenCellLibrary

  Point                                                   Incr       Path
  --------------------------------------------------------------------------
  clock clk (rise edge)                                   0.00       0.00
  clock network delay (ideal)                             0.00       0.00
  R_0/CK (DFF_X1)                                         0.00       0.00 r
  R_0/Q (DFF_X1)                                          0.09       0.09 r
  U9447/Z (XOR2_X1)                                       0.06       0.16 r
  U14437/ZN (AND4_X1)                                     0.07       0.22 r
  U8801/ZN (NAND2_X1)                                     0.03       0.25 f
  U8802/Z (BUF_X2)                                        0.05       0.30 f
  U5678/ZN (OR2_X1)                                       0.06       0.36 f
  U5679/ZN (AND2_X1)                                      0.04       0.40 f
  U5683/ZN (NAND3_X2)                                     0.05       0.45 r
  U5680/ZN (AND2_X1)                                      0.05       0.50 r
  U9360/ZN (NAND2_X1)                                     0.03       0.52 f
  U6102/ZN (AND3_X1)                                      0.04       0.56 f
  U9363/ZN (OAI21_X1)                                     0.04       0.60 r
  U5159/ZN (OR2_X1)                                       0.04       0.64 r
  U9378/ZN (AOI21_X1)                                     0.03       0.68 f
  U9400/ZN (OAI21_X1)                                     0.05       0.73 r
  U7400/ZN (NAND2_X1)                                     0.03       0.76 f
  U9422/ZN (OAI211_X1)                                    0.05       0.81 r
  U9435/ZN (AOI21_X1)                                     0.03       0.84 f
  U9436/ZN (INV_X1)                                       0.03       0.88 r
  U5735/ZN (OAI21_X1)                                     0.04       0.92 f
  U9471/ZN (AOI21_X1)                                     0.05       0.97 r
  U9472/ZN (XNOR2_X1)                                     0.06       1.03 r
  U7223/ZN (AND2_X1)                                      0.04       1.07 r
  U5208/ZN (AND4_X2)                                      0.06       1.13 r
  U7410/ZN (AND3_X1)                                      0.05       1.18 r
  U7404/ZN (OR2_X1)                                       0.03       1.21 r
  U7411/ZN (OAI21_X1)                                     0.03       1.25 f
  U9582/ZN (NAND2_X1)                                     0.03       1.28 r
  U7272/ZN (AND2_X1)                                      0.04       1.32 r
  U10597/ZN (AND4_X2)                                     0.06       1.39 r
  U7466/ZN (OR2_X1)                                       0.04       1.43 r
  U5149/ZN (AND3_X2)                                      0.05       1.48 r
  U7439/ZN (NOR2_X1)                                      0.02       1.50 f
  U7448/ZN (AOI21_X1)                                     0.06       1.57 r
  U13170/Z (BUF_X1)                                       0.07       1.64 r
  U13171/ZN (OR2_X1)                                      0.04       1.68 r
  U13173/ZN (AND2_X1)                                     0.04       1.72 r
  U13174/ZN (OAI211_X1)                                   0.04       1.76 f
  if_stage_inst/predicted_target_reg/reg_data_reg[14]/D (DFF_X1)
                                                          0.01       1.77 f
  data arrival time                                                  1.77

  clock clk (rise edge)                                   0.90       0.90
  clock network delay (ideal)                             0.00       0.90
  if_stage_inst/predicted_target_reg/reg_data_reg[14]/CK (DFF_X1)
                                                          0.00       0.90 r
  library setup time                                     -0.04       0.86
  data required time                                                 0.86
  --------------------------------------------------------------------------
  data required time                                                 0.86
  data arrival time                                                 -1.77
  --------------------------------------------------------------------------
  slack (VIOLATED)                                                  -0.91


  Startpoint: id_stage_inst/rs2_addr_reg/reg_data_reg[0]
              (rising edge-triggered flip-flop clocked by clk)
  Endpoint: if_stage_inst/pc_reg_inst/reg_data_reg[2]
            (rising edge-triggered flip-flop clocked by clk)
  Path Group: clk
  Path Type: max

  Des/Clust/Port     Wire Load Model       Library
  ------------------------------------------------
  dlx                5K_hvratio_1_1        NangateOpenCellLibrary

  Point                                                   Incr       Path
  --------------------------------------------------------------------------
  clock clk (rise edge)                                   0.00       0.00
  clock network delay (ideal)                             0.00       0.00
  id_stage_inst/rs2_addr_reg/reg_data_reg[0]/CK (DFF_X1)
                                                          0.00       0.00 r
  id_stage_inst/rs2_addr_reg/reg_data_reg[0]/Q (DFF_X1)
                                                          0.09       0.09 r
  U8796/ZN (XNOR2_X1)                                     0.06       0.15 r
  U14437/ZN (AND4_X1)                                     0.07       0.22 r
  U8801/ZN (NAND2_X1)                                     0.03       0.25 f
  U8802/Z (BUF_X2)                                        0.05       0.30 f
  U5678/ZN (OR2_X1)                                       0.06       0.36 f
  U5679/ZN (AND2_X1)                                      0.04       0.40 f
  U5683/ZN (NAND3_X2)                                     0.05       0.45 r
  U5680/ZN (AND2_X1)                                      0.05       0.50 r
  U9360/ZN (NAND2_X1)                                     0.03       0.52 f
  U6102/ZN (AND3_X1)                                      0.04       0.56 f
  U9363/ZN (OAI21_X1)                                     0.04       0.60 r
  U5159/ZN (OR2_X1)                                       0.04       0.64 r
  U9378/ZN (AOI21_X1)                                     0.03       0.68 f
  U9400/ZN (OAI21_X1)                                     0.05       0.73 r
  U7400/ZN (NAND2_X1)                                     0.03       0.76 f
  U9422/ZN (OAI211_X1)                                    0.05       0.81 r
  U9435/ZN (AOI21_X1)                                     0.03       0.84 f
  U9436/ZN (INV_X1)                                       0.03       0.88 r
  U5735/ZN (OAI21_X1)                                     0.04       0.92 f
  U9471/ZN (AOI21_X1)                                     0.05       0.97 r
  U9472/ZN (XNOR2_X1)                                     0.06       1.03 r
  U7223/ZN (AND2_X1)                                      0.04       1.07 r
  U5208/ZN (AND4_X2)                                      0.06       1.13 r
  U7410/ZN (AND3_X1)                                      0.05       1.18 r
  U7404/ZN (OR2_X1)                                       0.03       1.21 r
  U7411/ZN (OAI21_X1)                                     0.03       1.25 f
  U9582/ZN (NAND2_X1)                                     0.03       1.28 r
  U7272/ZN (AND2_X1)                                      0.04       1.32 r
  U10597/ZN (AND4_X2)                                     0.06       1.39 r
  U7466/ZN (OR2_X1)                                       0.04       1.43 r
  U5149/ZN (AND3_X2)                                      0.05       1.48 r
  U7439/ZN (NOR2_X1)                                      0.02       1.50 f
  U7448/ZN (AOI21_X1)                                     0.06       1.57 r
  U13170/Z (BUF_X1)                                       0.07       1.64 r
  U13655/ZN (OR2_X1)                                      0.04       1.68 r
  U13657/ZN (AND2_X1)                                     0.04       1.72 r
  U13658/ZN (OAI211_X1)                                   0.04       1.76 f
  if_stage_inst/pc_reg_inst/reg_data_reg[2]/D (DFF_X1)
                                                          0.01       1.77 f
  data arrival time                                                  1.77

  clock clk (rise edge)                                   0.90       0.90
  clock network delay (ideal)                             0.00       0.90
  if_stage_inst/pc_reg_inst/reg_data_reg[2]/CK (DFF_X1)
                                                          0.00       0.90 r
  library setup time                                     -0.04       0.86
  data required time                                                 0.86
  --------------------------------------------------------------------------
  data required time                                                 0.86
  data arrival time                                                 -1.77
  --------------------------------------------------------------------------
  slack (VIOLATED)                                                  -0.91


  Startpoint: id_stage_inst/rs2_addr_reg/reg_data_reg[0]
              (rising edge-triggered flip-flop clocked by clk)
  Endpoint: if_stage_inst/predicted_target_reg/reg_data_reg[2]
            (rising edge-triggered flip-flop clocked by clk)
  Path Group: clk
  Path Type: max

  Des/Clust/Port     Wire Load Model       Library
  ------------------------------------------------
  dlx                5K_hvratio_1_1        NangateOpenCellLibrary

  Point                                                   Incr       Path
  --------------------------------------------------------------------------
  clock clk (rise edge)                                   0.00       0.00
  clock network delay (ideal)                             0.00       0.00
  id_stage_inst/rs2_addr_reg/reg_data_reg[0]/CK (DFF_X1)
                                                          0.00       0.00 r
  id_stage_inst/rs2_addr_reg/reg_data_reg[0]/Q (DFF_X1)
                                                          0.09       0.09 r
  U8796/ZN (XNOR2_X1)                                     0.06       0.15 r
  U14437/ZN (AND4_X1)                                     0.07       0.22 r
  U8801/ZN (NAND2_X1)                                     0.03       0.25 f
  U8802/Z (BUF_X2)                                        0.05       0.30 f
  U5678/ZN (OR2_X1)                                       0.06       0.36 f
  U5679/ZN (AND2_X1)                                      0.04       0.40 f
  U5683/ZN (NAND3_X2)                                     0.05       0.45 r
  U5680/ZN (AND2_X1)                                      0.05       0.50 r
  U9360/ZN (NAND2_X1)                                     0.03       0.52 f
  U6102/ZN (AND3_X1)                                      0.04       0.56 f
  U9363/ZN (OAI21_X1)                                     0.04       0.60 r
  U5159/ZN (OR2_X1)                                       0.04       0.64 r
  U9378/ZN (AOI21_X1)                                     0.03       0.68 f
  U9400/ZN (OAI21_X1)                                     0.05       0.73 r
  U7400/ZN (NAND2_X1)                                     0.03       0.76 f
  U9422/ZN (OAI211_X1)                                    0.05       0.81 r
  U9435/ZN (AOI21_X1)                                     0.03       0.84 f
  U9436/ZN (INV_X1)                                       0.03       0.88 r
  U5735/ZN (OAI21_X1)                                     0.04       0.92 f
  U9471/ZN (AOI21_X1)                                     0.05       0.97 r
  U9472/ZN (XNOR2_X1)                                     0.06       1.03 r
  U7223/ZN (AND2_X1)                                      0.04       1.07 r
  U5208/ZN (AND4_X2)                                      0.06       1.13 r
  U7410/ZN (AND3_X1)                                      0.05       1.18 r
  U7404/ZN (OR2_X1)                                       0.03       1.21 r
  U7411/ZN (OAI21_X1)                                     0.03       1.25 f
  U9582/ZN (NAND2_X1)                                     0.03       1.28 r
  U7272/ZN (AND2_X1)                                      0.04       1.32 r
  U10597/ZN (AND4_X2)                                     0.06       1.39 r
  U7466/ZN (OR2_X1)                                       0.04       1.43 r
  U5149/ZN (AND3_X2)                                      0.05       1.48 r
  U7439/ZN (NOR2_X1)                                      0.02       1.50 f
  U7448/ZN (AOI21_X1)                                     0.06       1.57 r
  U13170/Z (BUF_X1)                                       0.07       1.64 r
  U13655/ZN (OR2_X1)                                      0.04       1.68 r
  U13657/ZN (AND2_X1)                                     0.04       1.72 r
  U13658/ZN (OAI211_X1)                                   0.04       1.76 f
  if_stage_inst/predicted_target_reg/reg_data_reg[2]/D (DFF_X1)
                                                          0.01       1.77 f
  data arrival time                                                  1.77

  clock clk (rise edge)                                   0.90       0.90
  clock network delay (ideal)                             0.00       0.90
  if_stage_inst/predicted_target_reg/reg_data_reg[2]/CK (DFF_X1)
                                                          0.00       0.90 r
  library setup time                                     -0.04       0.86
  data required time                                                 0.86
  --------------------------------------------------------------------------
  data required time                                                 0.86
  data arrival time                                                 -1.77
  --------------------------------------------------------------------------
  slack (VIOLATED)                                                  -0.91


  Startpoint: id_stage_inst/rs2_addr_reg/reg_data_reg[0]
              (rising edge-triggered flip-flop clocked by clk)
  Endpoint: if_stage_inst/pc_reg_inst/reg_data_reg[22]
            (rising edge-triggered flip-flop clocked by clk)
  Path Group: clk
  Path Type: max

  Des/Clust/Port     Wire Load Model       Library
  ------------------------------------------------
  dlx                5K_hvratio_1_1        NangateOpenCellLibrary

  Point                                                   Incr       Path
  --------------------------------------------------------------------------
  clock clk (rise edge)                                   0.00       0.00
  clock network delay (ideal)                             0.00       0.00
  id_stage_inst/rs2_addr_reg/reg_data_reg[0]/CK (DFF_X1)
                                                          0.00       0.00 r
  id_stage_inst/rs2_addr_reg/reg_data_reg[0]/Q (DFF_X1)
                                                          0.09       0.09 r
  U8796/ZN (XNOR2_X1)                                     0.06       0.15 r
  U14437/ZN (AND4_X1)                                     0.07       0.22 r
  U8801/ZN (NAND2_X1)                                     0.03       0.25 f
  U8802/Z (BUF_X2)                                        0.05       0.30 f
  U5678/ZN (OR2_X1)                                       0.06       0.36 f
  U5679/ZN (AND2_X1)                                      0.04       0.40 f
  U5683/ZN (NAND3_X2)                                     0.05       0.45 r
  U5680/ZN (AND2_X1)                                      0.05       0.50 r
  U9360/ZN (NAND2_X1)                                     0.03       0.52 f
  U6102/ZN (AND3_X1)                                      0.04       0.56 f
  U9363/ZN (OAI21_X1)                                     0.04       0.60 r
  U5159/ZN (OR2_X1)                                       0.04       0.64 r
  U9378/ZN (AOI21_X1)                                     0.03       0.68 f
  U9400/ZN (OAI21_X1)                                     0.05       0.73 r
  U7400/ZN (NAND2_X1)                                     0.03       0.76 f
  U9422/ZN (OAI211_X1)                                    0.05       0.81 r
  U9435/ZN (AOI21_X1)                                     0.03       0.84 f
  U9436/ZN (INV_X1)                                       0.03       0.88 r
  U5735/ZN (OAI21_X1)                                     0.04       0.92 f
  U9471/ZN (AOI21_X1)                                     0.05       0.97 r
  U9472/ZN (XNOR2_X1)                                     0.06       1.03 r
  U7223/ZN (AND2_X1)                                      0.04       1.07 r
  U5208/ZN (AND4_X2)                                      0.06       1.13 r
  U7410/ZN (AND3_X1)                                      0.05       1.18 r
  U7404/ZN (OR2_X1)                                       0.03       1.21 r
  U7411/ZN (OAI21_X1)                                     0.03       1.25 f
  U9582/ZN (NAND2_X1)                                     0.03       1.28 r
  U7272/ZN (AND2_X1)                                      0.04       1.32 r
  U10597/ZN (AND4_X2)                                     0.06       1.39 r
  U7466/ZN (OR2_X1)                                       0.04       1.43 r
  U5149/ZN (AND3_X2)                                      0.05       1.48 r
  U7439/ZN (NOR2_X1)                                      0.02       1.50 f
  U7448/ZN (AOI21_X1)                                     0.06       1.57 r
  U13170/Z (BUF_X1)                                       0.07       1.64 r
  U13123/ZN (OR2_X1)                                      0.04       1.68 r
  U13125/ZN (AND2_X1)                                     0.04       1.72 r
  U13126/ZN (OAI211_X1)                                   0.04       1.76 f
  if_stage_inst/pc_reg_inst/reg_data_reg[22]/D (DFF_X1)
                                                          0.01       1.77 f
  data arrival time                                                  1.77

  clock clk (rise edge)                                   0.90       0.90
  clock network delay (ideal)                             0.00       0.90
  if_stage_inst/pc_reg_inst/reg_data_reg[22]/CK (DFF_X1)
                                                          0.00       0.90 r
  library setup time                                     -0.04       0.86
  data required time                                                 0.86
  --------------------------------------------------------------------------
  data required time                                                 0.86
  data arrival time                                                 -1.77
  --------------------------------------------------------------------------
  slack (VIOLATED)                                                  -0.91


  Startpoint: id_stage_inst/rs2_addr_reg/reg_data_reg[0]
              (rising edge-triggered flip-flop clocked by clk)
  Endpoint: if_stage_inst/predicted_target_reg/reg_data_reg[22]
            (rising edge-triggered flip-flop clocked by clk)
  Path Group: clk
  Path Type: max

  Des/Clust/Port     Wire Load Model       Library
  ------------------------------------------------
  dlx                5K_hvratio_1_1        NangateOpenCellLibrary

  Point                                                   Incr       Path
  --------------------------------------------------------------------------
  clock clk (rise edge)                                   0.00       0.00
  clock network delay (ideal)                             0.00       0.00
  id_stage_inst/rs2_addr_reg/reg_data_reg[0]/CK (DFF_X1)
                                                          0.00       0.00 r
  id_stage_inst/rs2_addr_reg/reg_data_reg[0]/Q (DFF_X1)
                                                          0.09       0.09 r
  U8796/ZN (XNOR2_X1)                                     0.06       0.15 r
  U14437/ZN (AND4_X1)                                     0.07       0.22 r
  U8801/ZN (NAND2_X1)                                     0.03       0.25 f
  U8802/Z (BUF_X2)                                        0.05       0.30 f
  U5678/ZN (OR2_X1)                                       0.06       0.36 f
  U5679/ZN (AND2_X1)                                      0.04       0.40 f
  U5683/ZN (NAND3_X2)                                     0.05       0.45 r
  U5680/ZN (AND2_X1)                                      0.05       0.50 r
  U9360/ZN (NAND2_X1)                                     0.03       0.52 f
  U6102/ZN (AND3_X1)                                      0.04       0.56 f
  U9363/ZN (OAI21_X1)                                     0.04       0.60 r
  U5159/ZN (OR2_X1)                                       0.04       0.64 r
  U9378/ZN (AOI21_X1)                                     0.03       0.68 f
  U9400/ZN (OAI21_X1)                                     0.05       0.73 r
  U7400/ZN (NAND2_X1)                                     0.03       0.76 f
  U9422/ZN (OAI211_X1)                                    0.05       0.81 r
  U9435/ZN (AOI21_X1)                                     0.03       0.84 f
  U9436/ZN (INV_X1)                                       0.03       0.88 r
  U5735/ZN (OAI21_X1)                                     0.04       0.92 f
  U9471/ZN (AOI21_X1)                                     0.05       0.97 r
  U9472/ZN (XNOR2_X1)                                     0.06       1.03 r
  U7223/ZN (AND2_X1)                                      0.04       1.07 r
  U5208/ZN (AND4_X2)                                      0.06       1.13 r
  U7410/ZN (AND3_X1)                                      0.05       1.18 r
  U7404/ZN (OR2_X1)                                       0.03       1.21 r
  U7411/ZN (OAI21_X1)                                     0.03       1.25 f
  U9582/ZN (NAND2_X1)                                     0.03       1.28 r
  U7272/ZN (AND2_X1)                                      0.04       1.32 r
  U10597/ZN (AND4_X2)                                     0.06       1.39 r
  U7466/ZN (OR2_X1)                                       0.04       1.43 r
  U5149/ZN (AND3_X2)                                      0.05       1.48 r
  U7439/ZN (NOR2_X1)                                      0.02       1.50 f
  U7448/ZN (AOI21_X1)                                     0.06       1.57 r
  U13170/Z (BUF_X1)                                       0.07       1.64 r
  U13123/ZN (OR2_X1)                                      0.04       1.68 r
  U13125/ZN (AND2_X1)                                     0.04       1.72 r
  U13126/ZN (OAI211_X1)                                   0.04       1.76 f
  if_stage_inst/predicted_target_reg/reg_data_reg[22]/D (DFF_X1)
                                                          0.01       1.77 f
  data arrival time                                                  1.77

  clock clk (rise edge)                                   0.90       0.90
  clock network delay (ideal)                             0.00       0.90
  if_stage_inst/predicted_target_reg/reg_data_reg[22]/CK (DFF_X1)
                                                          0.00       0.90 r
  library setup time                                     -0.04       0.86
  data required time                                                 0.86
  --------------------------------------------------------------------------
  data required time                                                 0.86
  data arrival time                                                 -1.77
  --------------------------------------------------------------------------
  slack (VIOLATED)                                                  -0.91


  Startpoint: id_stage_inst/rs2_addr_reg/reg_data_reg[0]
              (rising edge-triggered flip-flop clocked by clk)
  Endpoint: if_stage_inst/pc_reg_inst/reg_data_reg[27]
            (rising edge-triggered flip-flop clocked by clk)
  Path Group: clk
  Path Type: max

  Des/Clust/Port     Wire Load Model       Library
  ------------------------------------------------
  dlx                5K_hvratio_1_1        NangateOpenCellLibrary

  Point                                                   Incr       Path
  --------------------------------------------------------------------------
  clock clk (rise edge)                                   0.00       0.00
  clock network delay (ideal)                             0.00       0.00
  id_stage_inst/rs2_addr_reg/reg_data_reg[0]/CK (DFF_X1)
                                                          0.00       0.00 r
  id_stage_inst/rs2_addr_reg/reg_data_reg[0]/Q (DFF_X1)
                                                          0.09       0.09 r
  U8796/ZN (XNOR2_X1)                                     0.06       0.15 r
  U14437/ZN (AND4_X1)                                     0.07       0.22 r
  U8801/ZN (NAND2_X1)                                     0.03       0.25 f
  U8802/Z (BUF_X2)                                        0.05       0.30 f
  U5678/ZN (OR2_X1)                                       0.06       0.36 f
  U5679/ZN (AND2_X1)                                      0.04       0.40 f
  U5683/ZN (NAND3_X2)                                     0.05       0.45 r
  U5680/ZN (AND2_X1)                                      0.05       0.50 r
  U9360/ZN (NAND2_X1)                                     0.03       0.52 f
  U6102/ZN (AND3_X1)                                      0.04       0.56 f
  U9363/ZN (OAI21_X1)                                     0.04       0.60 r
  U5159/ZN (OR2_X1)                                       0.04       0.64 r
  U9378/ZN (AOI21_X1)                                     0.03       0.68 f
  U9400/ZN (OAI21_X1)                                     0.05       0.73 r
  U7400/ZN (NAND2_X1)                                     0.03       0.76 f
  U9422/ZN (OAI211_X1)                                    0.05       0.81 r
  U9435/ZN (AOI21_X1)                                     0.03       0.84 f
  U9436/ZN (INV_X1)                                       0.03       0.88 r
  U5735/ZN (OAI21_X1)                                     0.04       0.92 f
  U9471/ZN (AOI21_X1)                                     0.05       0.97 r
  U9472/ZN (XNOR2_X1)                                     0.06       1.03 r
  U7223/ZN (AND2_X1)                                      0.04       1.07 r
  U5208/ZN (AND4_X2)                                      0.06       1.13 r
  U7410/ZN (AND3_X1)                                      0.05       1.18 r
  U7404/ZN (OR2_X1)                                       0.03       1.21 r
  U7411/ZN (OAI21_X1)                                     0.03       1.25 f
  U9582/ZN (NAND2_X1)                                     0.03       1.28 r
  U7272/ZN (AND2_X1)                                      0.04       1.32 r
  U10597/ZN (AND4_X2)                                     0.06       1.39 r
  U7466/ZN (OR2_X1)                                       0.04       1.43 r
  U5149/ZN (AND3_X2)                                      0.05       1.48 r
  U7439/ZN (NOR2_X1)                                      0.02       1.50 f
  U7448/ZN (AOI21_X1)                                     0.06       1.57 r
  U13170/Z (BUF_X1)                                       0.07       1.64 r
  U13332/ZN (OR2_X1)                                      0.04       1.68 r
  U13334/ZN (AND2_X1)                                     0.04       1.72 r
  U13335/ZN (OAI211_X1)                                   0.04       1.76 f
  if_stage_inst/pc_reg_inst/reg_data_reg[27]/D (DFF_X1)
                                                          0.01       1.77 f
  data arrival time                                                  1.77

  clock clk (rise edge)                                   0.90       0.90
  clock network delay (ideal)                             0.00       0.90
  if_stage_inst/pc_reg_inst/reg_data_reg[27]/CK (DFF_X1)
                                                          0.00       0.90 r
  library setup time                                     -0.04       0.86
  data required time                                                 0.86
  --------------------------------------------------------------------------
  data required time                                                 0.86
  data arrival time                                                 -1.77
  --------------------------------------------------------------------------
  slack (VIOLATED)                                                  -0.91


  Startpoint: id_stage_inst/rs2_addr_reg/reg_data_reg[0]
              (rising edge-triggered flip-flop clocked by clk)
  Endpoint: if_stage_inst/pc_reg_inst/reg_data_reg[30]
            (rising edge-triggered flip-flop clocked by clk)
  Path Group: clk
  Path Type: max

  Des/Clust/Port     Wire Load Model       Library
  ------------------------------------------------
  dlx                5K_hvratio_1_1        NangateOpenCellLibrary

  Point                                                   Incr       Path
  --------------------------------------------------------------------------
  clock clk (rise edge)                                   0.00       0.00
  clock network delay (ideal)                             0.00       0.00
  id_stage_inst/rs2_addr_reg/reg_data_reg[0]/CK (DFF_X1)
                                                          0.00       0.00 r
  id_stage_inst/rs2_addr_reg/reg_data_reg[0]/Q (DFF_X1)
                                                          0.09       0.09 r
  U8796/ZN (XNOR2_X1)                                     0.06       0.15 r
  U14437/ZN (AND4_X1)                                     0.07       0.22 r
  U8801/ZN (NAND2_X1)                                     0.03       0.25 f
  U8802/Z (BUF_X2)                                        0.05       0.30 f
  U5678/ZN (OR2_X1)                                       0.06       0.36 f
  U5679/ZN (AND2_X1)                                      0.04       0.40 f
  U5683/ZN (NAND3_X2)                                     0.05       0.45 r
  U5680/ZN (AND2_X1)                                      0.05       0.50 r
  U9360/ZN (NAND2_X1)                                     0.03       0.52 f
  U6102/ZN (AND3_X1)                                      0.04       0.56 f
  U9363/ZN (OAI21_X1)                                     0.04       0.60 r
  U5159/ZN (OR2_X1)                                       0.04       0.64 r
  U9378/ZN (AOI21_X1)                                     0.03       0.68 f
  U9400/ZN (OAI21_X1)                                     0.05       0.73 r
  U7400/ZN (NAND2_X1)                                     0.03       0.76 f
  U9422/ZN (OAI211_X1)                                    0.05       0.81 r
  U9435/ZN (AOI21_X1)                                     0.03       0.84 f
  U9436/ZN (INV_X1)                                       0.03       0.88 r
  U5735/ZN (OAI21_X1)                                     0.04       0.92 f
  U9471/ZN (AOI21_X1)                                     0.05       0.97 r
  U9472/ZN (XNOR2_X1)                                     0.06       1.03 r
  U7223/ZN (AND2_X1)                                      0.04       1.07 r
  U5208/ZN (AND4_X2)                                      0.06       1.13 r
  U7410/ZN (AND3_X1)                                      0.05       1.18 r
  U7404/ZN (OR2_X1)                                       0.03       1.21 r
  U7411/ZN (OAI21_X1)                                     0.03       1.25 f
  U9582/ZN (NAND2_X1)                                     0.03       1.28 r
  U7272/ZN (AND2_X1)                                      0.04       1.32 r
  U10597/ZN (AND4_X2)                                     0.06       1.39 r
  U7466/ZN (OR2_X1)                                       0.04       1.43 r
  U5149/ZN (AND3_X2)                                      0.05       1.48 r
  U7439/ZN (NOR2_X1)                                      0.02       1.50 f
  U7448/ZN (AOI21_X1)                                     0.06       1.57 r
  U13170/Z (BUF_X1)                                       0.07       1.64 r
  U13586/ZN (OR2_X1)                                      0.04       1.68 r
  U13588/ZN (AND2_X1)                                     0.04       1.72 r
  U13589/ZN (OAI211_X1)                                   0.04       1.76 f
  if_stage_inst/pc_reg_inst/reg_data_reg[30]/D (DFF_X1)
                                                          0.01       1.77 f
  data arrival time                                                  1.77

  clock clk (rise edge)                                   0.90       0.90
  clock network delay (ideal)                             0.00       0.90
  if_stage_inst/pc_reg_inst/reg_data_reg[30]/CK (DFF_X1)
                                                          0.00       0.90 r
  library setup time                                     -0.04       0.86
  data required time                                                 0.86
  --------------------------------------------------------------------------
  data required time                                                 0.86
  data arrival time                                                 -1.77
  --------------------------------------------------------------------------
  slack (VIOLATED)                                                  -0.91


  Startpoint: id_stage_inst/rs2_addr_reg/reg_data_reg[0]
              (rising edge-triggered flip-flop clocked by clk)
  Endpoint: if_stage_inst/predicted_target_reg/reg_data_reg[27]
            (rising edge-triggered flip-flop clocked by clk)
  Path Group: clk
  Path Type: max

  Des/Clust/Port     Wire Load Model       Library
  ------------------------------------------------
  dlx                5K_hvratio_1_1        NangateOpenCellLibrary

  Point                                                   Incr       Path
  --------------------------------------------------------------------------
  clock clk (rise edge)                                   0.00       0.00
  clock network delay (ideal)                             0.00       0.00
  id_stage_inst/rs2_addr_reg/reg_data_reg[0]/CK (DFF_X1)
                                                          0.00       0.00 r
  id_stage_inst/rs2_addr_reg/reg_data_reg[0]/Q (DFF_X1)
                                                          0.09       0.09 r
  U8796/ZN (XNOR2_X1)                                     0.06       0.15 r
  U14437/ZN (AND4_X1)                                     0.07       0.22 r
  U8801/ZN (NAND2_X1)                                     0.03       0.25 f
  U8802/Z (BUF_X2)                                        0.05       0.30 f
  U5678/ZN (OR2_X1)                                       0.06       0.36 f
  U5679/ZN (AND2_X1)                                      0.04       0.40 f
  U5683/ZN (NAND3_X2)                                     0.05       0.45 r
  U5680/ZN (AND2_X1)                                      0.05       0.50 r
  U9360/ZN (NAND2_X1)                                     0.03       0.52 f
  U6102/ZN (AND3_X1)                                      0.04       0.56 f
  U9363/ZN (OAI21_X1)                                     0.04       0.60 r
  U5159/ZN (OR2_X1)                                       0.04       0.64 r
  U9378/ZN (AOI21_X1)                                     0.03       0.68 f
  U9400/ZN (OAI21_X1)                                     0.05       0.73 r
  U7400/ZN (NAND2_X1)                                     0.03       0.76 f
  U9422/ZN (OAI211_X1)                                    0.05       0.81 r
  U9435/ZN (AOI21_X1)                                     0.03       0.84 f
  U9436/ZN (INV_X1)                                       0.03       0.88 r
  U5735/ZN (OAI21_X1)                                     0.04       0.92 f
  U9471/ZN (AOI21_X1)                                     0.05       0.97 r
  U9472/ZN (XNOR2_X1)                                     0.06       1.03 r
  U7223/ZN (AND2_X1)                                      0.04       1.07 r
  U5208/ZN (AND4_X2)                                      0.06       1.13 r
  U7410/ZN (AND3_X1)                                      0.05       1.18 r
  U7404/ZN (OR2_X1)                                       0.03       1.21 r
  U7411/ZN (OAI21_X1)                                     0.03       1.25 f
  U9582/ZN (NAND2_X1)                                     0.03       1.28 r
  U7272/ZN (AND2_X1)                                      0.04       1.32 r
  U10597/ZN (AND4_X2)                                     0.06       1.39 r
  U7466/ZN (OR2_X1)                                       0.04       1.43 r
  U5149/ZN (AND3_X2)                                      0.05       1.48 r
  U7439/ZN (NOR2_X1)                                      0.02       1.50 f
  U7448/ZN (AOI21_X1)                                     0.06       1.57 r
  U13170/Z (BUF_X1)                                       0.07       1.64 r
  U13332/ZN (OR2_X1)                                      0.04       1.68 r
  U13334/ZN (AND2_X1)                                     0.04       1.72 r
  U13335/ZN (OAI211_X1)                                   0.04       1.76 f
  if_stage_inst/predicted_target_reg/reg_data_reg[27]/D (DFF_X1)
                                                          0.01       1.77 f
  data arrival time                                                  1.77

  clock clk (rise edge)                                   0.90       0.90
  clock network delay (ideal)                             0.00       0.90
  if_stage_inst/predicted_target_reg/reg_data_reg[27]/CK (DFF_X1)
                                                          0.00       0.90 r
  library setup time                                     -0.04       0.86
  data required time                                                 0.86
  --------------------------------------------------------------------------
  data required time                                                 0.86
  data arrival time                                                 -1.77
  --------------------------------------------------------------------------
  slack (VIOLATED)                                                  -0.91


  Startpoint: id_stage_inst/rs2_addr_reg/reg_data_reg[0]
              (rising edge-triggered flip-flop clocked by clk)
  Endpoint: if_stage_inst/predicted_target_reg/reg_data_reg[30]
            (rising edge-triggered flip-flop clocked by clk)
  Path Group: clk
  Path Type: max

  Des/Clust/Port     Wire Load Model       Library
  ------------------------------------------------
  dlx                5K_hvratio_1_1        NangateOpenCellLibrary

  Point                                                   Incr       Path
  --------------------------------------------------------------------------
  clock clk (rise edge)                                   0.00       0.00
  clock network delay (ideal)                             0.00       0.00
  id_stage_inst/rs2_addr_reg/reg_data_reg[0]/CK (DFF_X1)
                                                          0.00       0.00 r
  id_stage_inst/rs2_addr_reg/reg_data_reg[0]/Q (DFF_X1)
                                                          0.09       0.09 r
  U8796/ZN (XNOR2_X1)                                     0.06       0.15 r
  U14437/ZN (AND4_X1)                                     0.07       0.22 r
  U8801/ZN (NAND2_X1)                                     0.03       0.25 f
  U8802/Z (BUF_X2)                                        0.05       0.30 f
  U5678/ZN (OR2_X1)                                       0.06       0.36 f
  U5679/ZN (AND2_X1)                                      0.04       0.40 f
  U5683/ZN (NAND3_X2)                                     0.05       0.45 r
  U5680/ZN (AND2_X1)                                      0.05       0.50 r
  U9360/ZN (NAND2_X1)                                     0.03       0.52 f
  U6102/ZN (AND3_X1)                                      0.04       0.56 f
  U9363/ZN (OAI21_X1)                                     0.04       0.60 r
  U5159/ZN (OR2_X1)                                       0.04       0.64 r
  U9378/ZN (AOI21_X1)                                     0.03       0.68 f
  U9400/ZN (OAI21_X1)                                     0.05       0.73 r
  U7400/ZN (NAND2_X1)                                     0.03       0.76 f
  U9422/ZN (OAI211_X1)                                    0.05       0.81 r
  U9435/ZN (AOI21_X1)                                     0.03       0.84 f
  U9436/ZN (INV_X1)                                       0.03       0.88 r
  U5735/ZN (OAI21_X1)                                     0.04       0.92 f
  U9471/ZN (AOI21_X1)                                     0.05       0.97 r
  U9472/ZN (XNOR2_X1)                                     0.06       1.03 r
  U7223/ZN (AND2_X1)                                      0.04       1.07 r
  U5208/ZN (AND4_X2)                                      0.06       1.13 r
  U7410/ZN (AND3_X1)                                      0.05       1.18 r
  U7404/ZN (OR2_X1)                                       0.03       1.21 r
  U7411/ZN (OAI21_X1)                                     0.03       1.25 f
  U9582/ZN (NAND2_X1)                                     0.03       1.28 r
  U7272/ZN (AND2_X1)                                      0.04       1.32 r
  U10597/ZN (AND4_X2)                                     0.06       1.39 r
  U7466/ZN (OR2_X1)                                       0.04       1.43 r
  U5149/ZN (AND3_X2)                                      0.05       1.48 r
  U7439/ZN (NOR2_X1)                                      0.02       1.50 f
  U7448/ZN (AOI21_X1)                                     0.06       1.57 r
  U13170/Z (BUF_X1)                                       0.07       1.64 r
  U13586/ZN (OR2_X1)                                      0.04       1.68 r
  U13588/ZN (AND2_X1)                                     0.04       1.72 r
  U13589/ZN (OAI211_X1)                                   0.04       1.76 f
  if_stage_inst/predicted_target_reg/reg_data_reg[30]/D (DFF_X1)
                                                          0.01       1.77 f
  data arrival time                                                  1.77

  clock clk (rise edge)                                   0.90       0.90
  clock network delay (ideal)                             0.00       0.90
  if_stage_inst/predicted_target_reg/reg_data_reg[30]/CK (DFF_X1)
                                                          0.00       0.90 r
  library setup time                                     -0.04       0.86
  data required time                                                 0.86
  --------------------------------------------------------------------------
  data required time                                                 0.86
  data arrival time                                                 -1.77
  --------------------------------------------------------------------------
  slack (VIOLATED)                                                  -0.91


  Startpoint: id_stage_inst/rs2_addr_reg/reg_data_reg[0]
              (rising edge-triggered flip-flop clocked by clk)
  Endpoint: if_stage_inst/pc_reg_inst/reg_data_reg[14]
            (rising edge-triggered flip-flop clocked by clk)
  Path Group: clk
  Path Type: max

  Des/Clust/Port     Wire Load Model       Library
  ------------------------------------------------
  dlx                5K_hvratio_1_1        NangateOpenCellLibrary

  Point                                                   Incr       Path
  --------------------------------------------------------------------------
  clock clk (rise edge)                                   0.00       0.00
  clock network delay (ideal)                             0.00       0.00
  id_stage_inst/rs2_addr_reg/reg_data_reg[0]/CK (DFF_X1)
                                                          0.00       0.00 r
  id_stage_inst/rs2_addr_reg/reg_data_reg[0]/Q (DFF_X1)
                                                          0.09       0.09 r
  U8796/ZN (XNOR2_X1)                                     0.06       0.15 r
  U14437/ZN (AND4_X1)                                     0.07       0.22 r
  U8801/ZN (NAND2_X1)                                     0.03       0.25 f
  U8802/Z (BUF_X2)                                        0.05       0.30 f
  U5678/ZN (OR2_X1)                                       0.06       0.36 f
  U5679/ZN (AND2_X1)                                      0.04       0.40 f
  U5683/ZN (NAND3_X2)                                     0.05       0.45 r
  U5680/ZN (AND2_X1)                                      0.05       0.50 r
  U9360/ZN (NAND2_X1)                                     0.03       0.52 f
  U6102/ZN (AND3_X1)                                      0.04       0.56 f
  U9363/ZN (OAI21_X1)                                     0.04       0.60 r
  U5159/ZN (OR2_X1)                                       0.04       0.64 r
  U9378/ZN (AOI21_X1)                                     0.03       0.68 f
  U9400/ZN (OAI21_X1)                                     0.05       0.73 r
  U7400/ZN (NAND2_X1)                                     0.03       0.76 f
  U9422/ZN (OAI211_X1)                                    0.05       0.81 r
  U9435/ZN (AOI21_X1)                                     0.03       0.84 f
  U9436/ZN (INV_X1)                                       0.03       0.88 r
  U5735/ZN (OAI21_X1)                                     0.04       0.92 f
  U9471/ZN (AOI21_X1)                                     0.05       0.97 r
  U9472/ZN (XNOR2_X1)                                     0.06       1.03 r
  U7223/ZN (AND2_X1)                                      0.04       1.07 r
  U5208/ZN (AND4_X2)                                      0.06       1.13 r
  U7410/ZN (AND3_X1)                                      0.05       1.18 r
  U7404/ZN (OR2_X1)                                       0.03       1.21 r
  U7411/ZN (OAI21_X1)                                     0.03       1.25 f
  U9582/ZN (NAND2_X1)                                     0.03       1.28 r
  U7272/ZN (AND2_X1)                                      0.04       1.32 r
  U10597/ZN (AND4_X2)                                     0.06       1.39 r
  U7466/ZN (OR2_X1)                                       0.04       1.43 r
  U5149/ZN (AND3_X2)                                      0.05       1.48 r
  U7439/ZN (NOR2_X1)                                      0.02       1.50 f
  U7448/ZN (AOI21_X1)                                     0.06       1.57 r
  U13170/Z (BUF_X1)                                       0.07       1.64 r
  U13171/ZN (OR2_X1)                                      0.04       1.68 r
  U13173/ZN (AND2_X1)                                     0.04       1.72 r
  U13174/ZN (OAI211_X1)                                   0.04       1.76 f
  if_stage_inst/pc_reg_inst/reg_data_reg[14]/D (DFF_X1)
                                                          0.01       1.77 f
  data arrival time                                                  1.77

  clock clk (rise edge)                                   0.90       0.90
  clock network delay (ideal)                             0.00       0.90
  if_stage_inst/pc_reg_inst/reg_data_reg[14]/CK (DFF_X1)
                                                          0.00       0.90 r
  library setup time                                     -0.04       0.86
  data required time                                                 0.86
  --------------------------------------------------------------------------
  data required time                                                 0.86
  data arrival time                                                 -1.77
  --------------------------------------------------------------------------
  slack (VIOLATED)                                                  -0.91


  Startpoint: id_stage_inst/rs2_addr_reg/reg_data_reg[0]
              (rising edge-triggered flip-flop clocked by clk)
  Endpoint: if_stage_inst/predicted_target_reg/reg_data_reg[14]
            (rising edge-triggered flip-flop clocked by clk)
  Path Group: clk
  Path Type: max

  Des/Clust/Port     Wire Load Model       Library
  ------------------------------------------------
  dlx                5K_hvratio_1_1        NangateOpenCellLibrary

  Point                                                   Incr       Path
  --------------------------------------------------------------------------
  clock clk (rise edge)                                   0.00       0.00
  clock network delay (ideal)                             0.00       0.00
  id_stage_inst/rs2_addr_reg/reg_data_reg[0]/CK (DFF_X1)
                                                          0.00       0.00 r
  id_stage_inst/rs2_addr_reg/reg_data_reg[0]/Q (DFF_X1)
                                                          0.09       0.09 r
  U8796/ZN (XNOR2_X1)                                     0.06       0.15 r
  U14437/ZN (AND4_X1)                                     0.07       0.22 r
  U8801/ZN (NAND2_X1)                                     0.03       0.25 f
  U8802/Z (BUF_X2)                                        0.05       0.30 f
  U5678/ZN (OR2_X1)                                       0.06       0.36 f
  U5679/ZN (AND2_X1)                                      0.04       0.40 f
  U5683/ZN (NAND3_X2)                                     0.05       0.45 r
  U5680/ZN (AND2_X1)                                      0.05       0.50 r
  U9360/ZN (NAND2_X1)                                     0.03       0.52 f
  U6102/ZN (AND3_X1)                                      0.04       0.56 f
  U9363/ZN (OAI21_X1)                                     0.04       0.60 r
  U5159/ZN (OR2_X1)                                       0.04       0.64 r
  U9378/ZN (AOI21_X1)                                     0.03       0.68 f
  U9400/ZN (OAI21_X1)                                     0.05       0.73 r
  U7400/ZN (NAND2_X1)                                     0.03       0.76 f
  U9422/ZN (OAI211_X1)                                    0.05       0.81 r
  U9435/ZN (AOI21_X1)                                     0.03       0.84 f
  U9436/ZN (INV_X1)                                       0.03       0.88 r
  U5735/ZN (OAI21_X1)                                     0.04       0.92 f
  U9471/ZN (AOI21_X1)                                     0.05       0.97 r
  U9472/ZN (XNOR2_X1)                                     0.06       1.03 r
  U7223/ZN (AND2_X1)                                      0.04       1.07 r
  U5208/ZN (AND4_X2)                                      0.06       1.13 r
  U7410/ZN (AND3_X1)                                      0.05       1.18 r
  U7404/ZN (OR2_X1)                                       0.03       1.21 r
  U7411/ZN (OAI21_X1)                                     0.03       1.25 f
  U9582/ZN (NAND2_X1)                                     0.03       1.28 r
  U7272/ZN (AND2_X1)                                      0.04       1.32 r
  U10597/ZN (AND4_X2)                                     0.06       1.39 r
  U7466/ZN (OR2_X1)                                       0.04       1.43 r
  U5149/ZN (AND3_X2)                                      0.05       1.48 r
  U7439/ZN (NOR2_X1)                                      0.02       1.50 f
  U7448/ZN (AOI21_X1)                                     0.06       1.57 r
  U13170/Z (BUF_X1)                                       0.07       1.64 r
  U13171/ZN (OR2_X1)                                      0.04       1.68 r
  U13173/ZN (AND2_X1)                                     0.04       1.72 r
  U13174/ZN (OAI211_X1)                                   0.04       1.76 f
  if_stage_inst/predicted_target_reg/reg_data_reg[14]/D (DFF_X1)
                                                          0.01       1.77 f
  data arrival time                                                  1.77

  clock clk (rise edge)                                   0.90       0.90
  clock network delay (ideal)                             0.00       0.90
  if_stage_inst/predicted_target_reg/reg_data_reg[14]/CK (DFF_X1)
                                                          0.00       0.90 r
  library setup time                                     -0.04       0.86
  data required time                                                 0.86
  --------------------------------------------------------------------------
  data required time                                                 0.86
  data arrival time                                                 -1.77
  --------------------------------------------------------------------------
  slack (VIOLATED)                                                  -0.91


1
