 
****************************************
Report : timing
        -path full
        -delay max
        -nworst 5
        -max_paths 20
Design : dlx
Version: W-2024.09-SP2
Date   : Wed Sep 16 13:37:43 2026
****************************************

Operating Conditions: typical   Library: NangateOpenCellLibrary
Wire Load Model Mode: top

  Startpoint: mem_stage_inst/rd_addr_reg/reg_data_reg[1]
              (rising edge-triggered flip-flop clocked by clk)
  Endpoint: if_stage_inst/predicted_target_reg/reg_data_reg[25]
            (rising edge-triggered flip-flop clocked by clk)
  Path Group: clk
  Path Type: max

  Des/Clust/Port     Wire Load Model       Library
  ------------------------------------------------
  dlx                5K_hvratio_1_1        NangateOpenCellLibrary

  Point                                                   Incr       Path
  --------------------------------------------------------------------------
  clock clk (rise edge)                                   0.00       0.00
  clock network delay (ideal)                             0.00       0.00
  mem_stage_inst/rd_addr_reg/reg_data_reg[1]/CK (DFF_X1)
                                                          0.00       0.00 r
  mem_stage_inst/rd_addr_reg/reg_data_reg[1]/Q (DFF_X1)
                                                          0.09       0.09 r
  U7932/ZN (XNOR2_X1)                                     0.06       0.15 r
  U13707/ZN (AND2_X1)                                     0.04       0.19 r
  U13706/ZN (NAND3_X1)                                    0.04       0.24 f
  U7938/ZN (INV_X1)                                       0.05       0.29 r
  U8696/ZN (AND3_X2)                                      0.07       0.35 r
  U5435/ZN (AOI22_X1)                                     0.04       0.39 f
  U7412/ZN (AND2_X1)                                      0.05       0.44 f
  U8230/ZN (XNOR2_X1)                                     0.05       0.50 f
  U5581/ZN (OR2_X2)                                       0.06       0.56 f
  U8240/ZN (AOI21_X1)                                     0.04       0.60 r
  U8241/ZN (OAI21_X1)                                     0.04       0.64 f
  U8246/ZN (AOI21_X1)                                     0.04       0.68 r
  U7068/ZN (OAI21_X1)                                     0.04       0.72 f
  U7047/ZN (NAND4_X1)                                     0.04       0.75 r
  U7045/ZN (NAND4_X1)                                     0.05       0.80 f
  U5579/ZN (NAND2_X1)                                     0.05       0.85 r
  U8996/ZN (AOI21_X1)                                     0.04       0.88 f
  U6680/ZN (XNOR2_X1)                                     0.06       0.94 f
  U9457/ZN (NOR2_X1)                                      0.04       0.98 r
  U9459/ZN (AND4_X1)                                      0.06       1.04 r
  U5568/ZN (AND3_X1)                                      0.05       1.09 r
  U5467/ZN (AND3_X1)                                      0.05       1.14 r
  U6858/ZN (AND4_X2)                                      0.07       1.21 r
  U6823/ZN (OR2_X1)                                       0.04       1.24 r
  U6835/ZN (NAND4_X1)                                     0.04       1.28 f
  U6836/ZN (NAND4_X1)                                     0.04       1.32 r
  U9485/ZN (NAND2_X1)                                     0.04       1.36 f
  U6664/ZN (OAI211_X1)                                    0.06       1.42 r
  U6846/ZN (NAND4_X1)                                     0.04       1.46 f
  U5584/ZN (OAI211_X1)                                    0.06       1.52 r
  U5184/ZN (AND3_X2)                                      0.06       1.59 r
  U10064/Z (BUF_X2)                                       0.06       1.64 r
  U10696/ZN (AND2_X1)                                     0.05       1.69 r
  U10697/ZN (INV_X1)                                      0.02       1.71 f
  U10717/ZN (NAND4_X1)                                    0.03       1.74 r
  if_stage_inst/predicted_target_reg/reg_data_reg[25]/D (DFF_X2)
                                                          0.01       1.75 r
  data arrival time                                                  1.75

  clock clk (rise edge)                                   1.60       1.60
  clock network delay (ideal)                             0.00       1.60
  if_stage_inst/predicted_target_reg/reg_data_reg[25]/CK (DFF_X2)
                                                          0.00       1.60 r
  library setup time                                     -0.03       1.57
  data required time                                                 1.57
  --------------------------------------------------------------------------
  data required time                                                 1.57
  data arrival time                                                 -1.75
  --------------------------------------------------------------------------
  slack (VIOLATED)                                                  -0.19


  Startpoint: mem_stage_inst/rd_addr_reg/reg_data_reg[1]
              (rising edge-triggered flip-flop clocked by clk)
  Endpoint: if_stage_inst/predicted_target_reg/reg_data_reg[26]
            (rising edge-triggered flip-flop clocked by clk)
  Path Group: clk
  Path Type: max

  Des/Clust/Port     Wire Load Model       Library
  ------------------------------------------------
  dlx                5K_hvratio_1_1        NangateOpenCellLibrary

  Point                                                   Incr       Path
  --------------------------------------------------------------------------
  clock clk (rise edge)                                   0.00       0.00
  clock network delay (ideal)                             0.00       0.00
  mem_stage_inst/rd_addr_reg/reg_data_reg[1]/CK (DFF_X1)
                                                          0.00       0.00 r
  mem_stage_inst/rd_addr_reg/reg_data_reg[1]/Q (DFF_X1)
                                                          0.09       0.09 r
  U7932/ZN (XNOR2_X1)                                     0.06       0.15 r
  U13707/ZN (AND2_X1)                                     0.04       0.19 r
  U13706/ZN (NAND3_X1)                                    0.04       0.24 f
  U7938/ZN (INV_X1)                                       0.05       0.29 r
  U8696/ZN (AND3_X2)                                      0.07       0.35 r
  U5435/ZN (AOI22_X1)                                     0.04       0.39 f
  U7412/ZN (AND2_X1)                                      0.05       0.44 f
  U8230/ZN (XNOR2_X1)                                     0.05       0.50 f
  U5581/ZN (OR2_X2)                                       0.06       0.56 f
  U8240/ZN (AOI21_X1)                                     0.04       0.60 r
  U8241/ZN (OAI21_X1)                                     0.04       0.64 f
  U8246/ZN (AOI21_X1)                                     0.04       0.68 r
  U7068/ZN (OAI21_X1)                                     0.04       0.72 f
  U7047/ZN (NAND4_X1)                                     0.04       0.75 r
  U7045/ZN (NAND4_X1)                                     0.05       0.80 f
  U5579/ZN (NAND2_X1)                                     0.05       0.85 r
  U8996/ZN (AOI21_X1)                                     0.04       0.88 f
  U6680/ZN (XNOR2_X1)                                     0.06       0.94 f
  U9457/ZN (NOR2_X1)                                      0.04       0.98 r
  U9459/ZN (AND4_X1)                                      0.06       1.04 r
  U5568/ZN (AND3_X1)                                      0.05       1.09 r
  U5467/ZN (AND3_X1)                                      0.05       1.14 r
  U6858/ZN (AND4_X2)                                      0.07       1.21 r
  U6823/ZN (OR2_X1)                                       0.04       1.24 r
  U6835/ZN (NAND4_X1)                                     0.04       1.28 f
  U6836/ZN (NAND4_X1)                                     0.04       1.32 r
  U9485/ZN (NAND2_X1)                                     0.04       1.36 f
  U6664/ZN (OAI211_X1)                                    0.06       1.42 r
  U6846/ZN (NAND4_X1)                                     0.04       1.46 f
  U5584/ZN (OAI211_X1)                                    0.06       1.52 r
  U5184/ZN (AND3_X2)                                      0.06       1.59 r
  U10064/Z (BUF_X2)                                       0.06       1.64 r
  U10549/ZN (AND2_X1)                                     0.05       1.69 r
  U10550/ZN (INV_X1)                                      0.02       1.71 f
  U10573/ZN (NAND4_X1)                                    0.03       1.74 r
  if_stage_inst/predicted_target_reg/reg_data_reg[26]/D (DFF_X2)
                                                          0.01       1.75 r
  data arrival time                                                  1.75

  clock clk (rise edge)                                   1.60       1.60
  clock network delay (ideal)                             0.00       1.60
  if_stage_inst/predicted_target_reg/reg_data_reg[26]/CK (DFF_X2)
                                                          0.00       1.60 r
  library setup time                                     -0.03       1.57
  data required time                                                 1.57
  --------------------------------------------------------------------------
  data required time                                                 1.57
  data arrival time                                                 -1.75
  --------------------------------------------------------------------------
  slack (VIOLATED)                                                  -0.19


  Startpoint: mem_stage_inst/rd_addr_reg/reg_data_reg[1]
              (rising edge-triggered flip-flop clocked by clk)
  Endpoint: if_stage_inst/pc_reg_inst/reg_data_reg[25]
            (rising edge-triggered flip-flop clocked by clk)
  Path Group: clk
  Path Type: max

  Des/Clust/Port     Wire Load Model       Library
  ------------------------------------------------
  dlx                5K_hvratio_1_1        NangateOpenCellLibrary

  Point                                                   Incr       Path
  --------------------------------------------------------------------------
  clock clk (rise edge)                                   0.00       0.00
  clock network delay (ideal)                             0.00       0.00
  mem_stage_inst/rd_addr_reg/reg_data_reg[1]/CK (DFF_X1)
                                                          0.00       0.00 r
  mem_stage_inst/rd_addr_reg/reg_data_reg[1]/Q (DFF_X1)
                                                          0.09       0.09 r
  U7932/ZN (XNOR2_X1)                                     0.06       0.15 r
  U13707/ZN (AND2_X1)                                     0.04       0.19 r
  U13706/ZN (NAND3_X1)                                    0.04       0.24 f
  U7938/ZN (INV_X1)                                       0.05       0.29 r
  U8696/ZN (AND3_X2)                                      0.07       0.35 r
  U5435/ZN (AOI22_X1)                                     0.04       0.39 f
  U7412/ZN (AND2_X1)                                      0.05       0.44 f
  U8230/ZN (XNOR2_X1)                                     0.05       0.50 f
  U5581/ZN (OR2_X2)                                       0.06       0.56 f
  U8240/ZN (AOI21_X1)                                     0.04       0.60 r
  U8241/ZN (OAI21_X1)                                     0.04       0.64 f
  U8246/ZN (AOI21_X1)                                     0.04       0.68 r
  U7068/ZN (OAI21_X1)                                     0.04       0.72 f
  U7047/ZN (NAND4_X1)                                     0.04       0.75 r
  U7045/ZN (NAND4_X1)                                     0.05       0.80 f
  U5579/ZN (NAND2_X1)                                     0.05       0.85 r
  U8996/ZN (AOI21_X1)                                     0.04       0.88 f
  U6680/ZN (XNOR2_X1)                                     0.06       0.94 f
  U9457/ZN (NOR2_X1)                                      0.04       0.98 r
  U9459/ZN (AND4_X1)                                      0.06       1.04 r
  U5568/ZN (AND3_X1)                                      0.05       1.09 r
  U5467/ZN (AND3_X1)                                      0.05       1.14 r
  U6858/ZN (AND4_X2)                                      0.07       1.21 r
  U6823/ZN (OR2_X1)                                       0.04       1.24 r
  U6835/ZN (NAND4_X1)                                     0.04       1.28 f
  U6836/ZN (NAND4_X1)                                     0.04       1.32 r
  U9485/ZN (NAND2_X1)                                     0.04       1.36 f
  U6664/ZN (OAI211_X1)                                    0.06       1.42 r
  U6846/ZN (NAND4_X1)                                     0.04       1.46 f
  U5584/ZN (OAI211_X1)                                    0.06       1.52 r
  U5184/ZN (AND3_X2)                                      0.06       1.59 r
  U10064/Z (BUF_X2)                                       0.06       1.64 r
  U10696/ZN (AND2_X1)                                     0.05       1.69 r
  U10697/ZN (INV_X1)                                      0.02       1.71 f
  U10717/ZN (NAND4_X1)                                    0.03       1.74 r
  if_stage_inst/pc_reg_inst/reg_data_reg[25]/D (DFF_X2)
                                                          0.01       1.75 r
  data arrival time                                                  1.75

  clock clk (rise edge)                                   1.60       1.60
  clock network delay (ideal)                             0.00       1.60
  if_stage_inst/pc_reg_inst/reg_data_reg[25]/CK (DFF_X2)
                                                          0.00       1.60 r
  library setup time                                     -0.03       1.57
  data required time                                                 1.57
  --------------------------------------------------------------------------
  data required time                                                 1.57
  data arrival time                                                 -1.75
  --------------------------------------------------------------------------
  slack (VIOLATED)                                                  -0.19


  Startpoint: mem_stage_inst/rd_addr_reg/reg_data_reg[1]
              (rising edge-triggered flip-flop clocked by clk)
  Endpoint: if_stage_inst/pc_reg_inst/reg_data_reg[26]
            (rising edge-triggered flip-flop clocked by clk)
  Path Group: clk
  Path Type: max

  Des/Clust/Port     Wire Load Model       Library
  ------------------------------------------------
  dlx                5K_hvratio_1_1        NangateOpenCellLibrary

  Point                                                   Incr       Path
  --------------------------------------------------------------------------
  clock clk (rise edge)                                   0.00       0.00
  clock network delay (ideal)                             0.00       0.00
  mem_stage_inst/rd_addr_reg/reg_data_reg[1]/CK (DFF_X1)
                                                          0.00       0.00 r
  mem_stage_inst/rd_addr_reg/reg_data_reg[1]/Q (DFF_X1)
                                                          0.09       0.09 r
  U7932/ZN (XNOR2_X1)                                     0.06       0.15 r
  U13707/ZN (AND2_X1)                                     0.04       0.19 r
  U13706/ZN (NAND3_X1)                                    0.04       0.24 f
  U7938/ZN (INV_X1)                                       0.05       0.29 r
  U8696/ZN (AND3_X2)                                      0.07       0.35 r
  U5435/ZN (AOI22_X1)                                     0.04       0.39 f
  U7412/ZN (AND2_X1)                                      0.05       0.44 f
  U8230/ZN (XNOR2_X1)                                     0.05       0.50 f
  U5581/ZN (OR2_X2)                                       0.06       0.56 f
  U8240/ZN (AOI21_X1)                                     0.04       0.60 r
  U8241/ZN (OAI21_X1)                                     0.04       0.64 f
  U8246/ZN (AOI21_X1)                                     0.04       0.68 r
  U7068/ZN (OAI21_X1)                                     0.04       0.72 f
  U7047/ZN (NAND4_X1)                                     0.04       0.75 r
  U7045/ZN (NAND4_X1)                                     0.05       0.80 f
  U5579/ZN (NAND2_X1)                                     0.05       0.85 r
  U8996/ZN (AOI21_X1)                                     0.04       0.88 f
  U6680/ZN (XNOR2_X1)                                     0.06       0.94 f
  U9457/ZN (NOR2_X1)                                      0.04       0.98 r
  U9459/ZN (AND4_X1)                                      0.06       1.04 r
  U5568/ZN (AND3_X1)                                      0.05       1.09 r
  U5467/ZN (AND3_X1)                                      0.05       1.14 r
  U6858/ZN (AND4_X2)                                      0.07       1.21 r
  U6823/ZN (OR2_X1)                                       0.04       1.24 r
  U6835/ZN (NAND4_X1)                                     0.04       1.28 f
  U6836/ZN (NAND4_X1)                                     0.04       1.32 r
  U9485/ZN (NAND2_X1)                                     0.04       1.36 f
  U6664/ZN (OAI211_X1)                                    0.06       1.42 r
  U6846/ZN (NAND4_X1)                                     0.04       1.46 f
  U5584/ZN (OAI211_X1)                                    0.06       1.52 r
  U5184/ZN (AND3_X2)                                      0.06       1.59 r
  U10064/Z (BUF_X2)                                       0.06       1.64 r
  U10549/ZN (AND2_X1)                                     0.05       1.69 r
  U10550/ZN (INV_X1)                                      0.02       1.71 f
  U10573/ZN (NAND4_X1)                                    0.03       1.74 r
  if_stage_inst/pc_reg_inst/reg_data_reg[26]/D (DFF_X2)
                                                          0.01       1.75 r
  data arrival time                                                  1.75

  clock clk (rise edge)                                   1.60       1.60
  clock network delay (ideal)                             0.00       1.60
  if_stage_inst/pc_reg_inst/reg_data_reg[26]/CK (DFF_X2)
                                                          0.00       1.60 r
  library setup time                                     -0.03       1.57
  data required time                                                 1.57
  --------------------------------------------------------------------------
  data required time                                                 1.57
  data arrival time                                                 -1.75
  --------------------------------------------------------------------------
  slack (VIOLATED)                                                  -0.19


  Startpoint: mem_stage_inst/rd_addr_reg/reg_data_reg[1]
              (rising edge-triggered flip-flop clocked by clk)
  Endpoint: if_stage_inst/predicted_target_reg/reg_data_reg[10]
            (rising edge-triggered flip-flop clocked by clk)
  Path Group: clk
  Path Type: max

  Des/Clust/Port     Wire Load Model       Library
  ------------------------------------------------
  dlx                5K_hvratio_1_1        NangateOpenCellLibrary

  Point                                                   Incr       Path
  --------------------------------------------------------------------------
  clock clk (rise edge)                                   0.00       0.00
  clock network delay (ideal)                             0.00       0.00
  mem_stage_inst/rd_addr_reg/reg_data_reg[1]/CK (DFF_X1)
                                                          0.00       0.00 r
  mem_stage_inst/rd_addr_reg/reg_data_reg[1]/Q (DFF_X1)
                                                          0.09       0.09 r
  U7932/ZN (XNOR2_X1)                                     0.06       0.15 r
  U13707/ZN (AND2_X1)                                     0.04       0.19 r
  U13706/ZN (NAND3_X1)                                    0.04       0.24 f
  U7938/ZN (INV_X1)                                       0.05       0.29 r
  U8696/ZN (AND3_X2)                                      0.07       0.35 r
  U5435/ZN (AOI22_X1)                                     0.04       0.39 f
  U7412/ZN (AND2_X1)                                      0.05       0.44 f
  U8230/ZN (XNOR2_X1)                                     0.05       0.50 f
  U5581/ZN (OR2_X2)                                       0.06       0.56 f
  U8240/ZN (AOI21_X1)                                     0.04       0.60 r
  U8241/ZN (OAI21_X1)                                     0.04       0.64 f
  U8246/ZN (AOI21_X1)                                     0.04       0.68 r
  U7068/ZN (OAI21_X1)                                     0.04       0.72 f
  U7047/ZN (NAND4_X1)                                     0.04       0.75 r
  U7045/ZN (NAND4_X1)                                     0.05       0.80 f
  U5579/ZN (NAND2_X1)                                     0.05       0.85 r
  U8996/ZN (AOI21_X1)                                     0.04       0.88 f
  U6680/ZN (XNOR2_X1)                                     0.06       0.94 f
  U9457/ZN (NOR2_X1)                                      0.04       0.98 r
  U9459/ZN (AND4_X1)                                      0.06       1.04 r
  U5568/ZN (AND3_X1)                                      0.05       1.09 r
  U5467/ZN (AND3_X1)                                      0.05       1.14 r
  U6858/ZN (AND4_X2)                                      0.07       1.21 r
  U6823/ZN (OR2_X1)                                       0.04       1.24 r
  U6835/ZN (NAND4_X1)                                     0.04       1.28 f
  U6836/ZN (NAND4_X1)                                     0.04       1.32 r
  U9485/ZN (NAND2_X1)                                     0.04       1.36 f
  U6664/ZN (OAI211_X1)                                    0.06       1.42 r
  U6846/ZN (NAND4_X1)                                     0.04       1.46 f
  U5584/ZN (OAI211_X1)                                    0.06       1.52 r
  U5184/ZN (AND3_X2)                                      0.06       1.59 r
  U10064/Z (BUF_X2)                                       0.06       1.64 r
  U10440/ZN (AND2_X1)                                     0.05       1.69 r
  U10441/ZN (INV_X1)                                      0.02       1.72 f
  U7627/ZN (NAND4_X1)                                     0.03       1.74 r
  if_stage_inst/predicted_target_reg/reg_data_reg[10]/D (DFF_X2)
                                                          0.01       1.75 r
  data arrival time                                                  1.75

  clock clk (rise edge)                                   1.60       1.60
  clock network delay (ideal)                             0.00       1.60
  if_stage_inst/predicted_target_reg/reg_data_reg[10]/CK (DFF_X2)
                                                          0.00       1.60 r
  library setup time                                     -0.03       1.57
  data required time                                                 1.57
  --------------------------------------------------------------------------
  data required time                                                 1.57
  data arrival time                                                 -1.75
  --------------------------------------------------------------------------
  slack (VIOLATED)                                                  -0.19


  Startpoint: mem_stage_inst/rd_addr_reg/reg_data_reg[1]
              (rising edge-triggered flip-flop clocked by clk)
  Endpoint: if_stage_inst/predicted_target_reg/reg_data_reg[14]
            (rising edge-triggered flip-flop clocked by clk)
  Path Group: clk
  Path Type: max

  Des/Clust/Port     Wire Load Model       Library
  ------------------------------------------------
  dlx                5K_hvratio_1_1        NangateOpenCellLibrary

  Point                                                   Incr       Path
  --------------------------------------------------------------------------
  clock clk (rise edge)                                   0.00       0.00
  clock network delay (ideal)                             0.00       0.00
  mem_stage_inst/rd_addr_reg/reg_data_reg[1]/CK (DFF_X1)
                                                          0.00       0.00 r
  mem_stage_inst/rd_addr_reg/reg_data_reg[1]/Q (DFF_X1)
                                                          0.09       0.09 r
  U7932/ZN (XNOR2_X1)                                     0.06       0.15 r
  U13707/ZN (AND2_X1)                                     0.04       0.19 r
  U13706/ZN (NAND3_X1)                                    0.04       0.24 f
  U7938/ZN (INV_X1)                                       0.05       0.29 r
  U8696/ZN (AND3_X2)                                      0.07       0.35 r
  U5435/ZN (AOI22_X1)                                     0.04       0.39 f
  U7412/ZN (AND2_X1)                                      0.05       0.44 f
  U8230/ZN (XNOR2_X1)                                     0.05       0.50 f
  U5581/ZN (OR2_X2)                                       0.06       0.56 f
  U8240/ZN (AOI21_X1)                                     0.04       0.60 r
  U8241/ZN (OAI21_X1)                                     0.04       0.64 f
  U8246/ZN (AOI21_X1)                                     0.04       0.68 r
  U7068/ZN (OAI21_X1)                                     0.04       0.72 f
  U7047/ZN (NAND4_X1)                                     0.04       0.75 r
  U7045/ZN (NAND4_X1)                                     0.05       0.80 f
  U5579/ZN (NAND2_X1)                                     0.05       0.85 r
  U8996/ZN (AOI21_X1)                                     0.04       0.88 f
  U6680/ZN (XNOR2_X1)                                     0.06       0.94 f
  U9457/ZN (NOR2_X1)                                      0.04       0.98 r
  U9459/ZN (AND4_X1)                                      0.06       1.04 r
  U5568/ZN (AND3_X1)                                      0.05       1.09 r
  U5467/ZN (AND3_X1)                                      0.05       1.14 r
  U6858/ZN (AND4_X2)                                      0.07       1.21 r
  U6823/ZN (OR2_X1)                                       0.04       1.24 r
  U6835/ZN (NAND4_X1)                                     0.04       1.28 f
  U6836/ZN (NAND4_X1)                                     0.04       1.32 r
  U9485/ZN (NAND2_X1)                                     0.04       1.36 f
  U6664/ZN (OAI211_X1)                                    0.06       1.42 r
  U6846/ZN (NAND4_X1)                                     0.04       1.46 f
  U5584/ZN (OAI211_X1)                                    0.06       1.52 r
  U5184/ZN (AND3_X2)                                      0.06       1.59 r
  U10064/Z (BUF_X2)                                       0.06       1.64 r
  U10576/ZN (AND2_X1)                                     0.05       1.69 r
  U10577/ZN (INV_X1)                                      0.02       1.72 f
  U10597/ZN (NAND4_X1)                                    0.03       1.74 r
  if_stage_inst/predicted_target_reg/reg_data_reg[14]/D (DFF_X2)
                                                          0.01       1.75 r
  data arrival time                                                  1.75

  clock clk (rise edge)                                   1.60       1.60
  clock network delay (ideal)                             0.00       1.60
  if_stage_inst/predicted_target_reg/reg_data_reg[14]/CK (DFF_X2)
                                                          0.00       1.60 r
  library setup time                                     -0.03       1.57
  data required time                                                 1.57
  --------------------------------------------------------------------------
  data required time                                                 1.57
  data arrival time                                                 -1.75
  --------------------------------------------------------------------------
  slack (VIOLATED)                                                  -0.19


  Startpoint: mem_stage_inst/rd_addr_reg/reg_data_reg[1]
              (rising edge-triggered flip-flop clocked by clk)
  Endpoint: if_stage_inst/predicted_target_reg/reg_data_reg[12]
            (rising edge-triggered flip-flop clocked by clk)
  Path Group: clk
  Path Type: max

  Des/Clust/Port     Wire Load Model       Library
  ------------------------------------------------
  dlx                5K_hvratio_1_1        NangateOpenCellLibrary

  Point                                                   Incr       Path
  --------------------------------------------------------------------------
  clock clk (rise edge)                                   0.00       0.00
  clock network delay (ideal)                             0.00       0.00
  mem_stage_inst/rd_addr_reg/reg_data_reg[1]/CK (DFF_X1)
                                                          0.00       0.00 r
  mem_stage_inst/rd_addr_reg/reg_data_reg[1]/Q (DFF_X1)
                                                          0.09       0.09 r
  U7932/ZN (XNOR2_X1)                                     0.06       0.15 r
  U13707/ZN (AND2_X1)                                     0.04       0.19 r
  U13706/ZN (NAND3_X1)                                    0.04       0.24 f
  U7938/ZN (INV_X1)                                       0.05       0.29 r
  U8696/ZN (AND3_X2)                                      0.07       0.35 r
  U5435/ZN (AOI22_X1)                                     0.04       0.39 f
  U7412/ZN (AND2_X1)                                      0.05       0.44 f
  U8230/ZN (XNOR2_X1)                                     0.05       0.50 f
  U5581/ZN (OR2_X2)                                       0.06       0.56 f
  U8240/ZN (AOI21_X1)                                     0.04       0.60 r
  U8241/ZN (OAI21_X1)                                     0.04       0.64 f
  U8246/ZN (AOI21_X1)                                     0.04       0.68 r
  U7068/ZN (OAI21_X1)                                     0.04       0.72 f
  U7047/ZN (NAND4_X1)                                     0.04       0.75 r
  U7045/ZN (NAND4_X1)                                     0.05       0.80 f
  U5579/ZN (NAND2_X1)                                     0.05       0.85 r
  U8996/ZN (AOI21_X1)                                     0.04       0.88 f
  U6680/ZN (XNOR2_X1)                                     0.06       0.94 f
  U9457/ZN (NOR2_X1)                                      0.04       0.98 r
  U9459/ZN (AND4_X1)                                      0.06       1.04 r
  U5568/ZN (AND3_X1)                                      0.05       1.09 r
  U5467/ZN (AND3_X1)                                      0.05       1.14 r
  U6858/ZN (AND4_X2)                                      0.07       1.21 r
  U6823/ZN (OR2_X1)                                       0.04       1.24 r
  U6835/ZN (NAND4_X1)                                     0.04       1.28 f
  U6836/ZN (NAND4_X1)                                     0.04       1.32 r
  U9485/ZN (NAND2_X1)                                     0.04       1.36 f
  U6664/ZN (OAI211_X1)                                    0.06       1.42 r
  U6846/ZN (NAND4_X1)                                     0.04       1.46 f
  U5584/ZN (OAI211_X1)                                    0.06       1.52 r
  U5184/ZN (AND3_X2)                                      0.06       1.59 r
  U10064/Z (BUF_X2)                                       0.06       1.64 r
  U10466/ZN (AND2_X1)                                     0.05       1.69 r
  U10467/ZN (INV_X1)                                      0.02       1.72 f
  U10487/ZN (NAND4_X1)                                    0.03       1.74 r
  if_stage_inst/predicted_target_reg/reg_data_reg[12]/D (DFF_X2)
                                                          0.01       1.75 r
  data arrival time                                                  1.75

  clock clk (rise edge)                                   1.60       1.60
  clock network delay (ideal)                             0.00       1.60
  if_stage_inst/predicted_target_reg/reg_data_reg[12]/CK (DFF_X2)
                                                          0.00       1.60 r
  library setup time                                     -0.03       1.57
  data required time                                                 1.57
  --------------------------------------------------------------------------
  data required time                                                 1.57
  data arrival time                                                 -1.75
  --------------------------------------------------------------------------
  slack (VIOLATED)                                                  -0.19


  Startpoint: mem_stage_inst/rd_addr_reg/reg_data_reg[1]
              (rising edge-triggered flip-flop clocked by clk)
  Endpoint: if_stage_inst/predicted_target_reg/reg_data_reg[24]
            (rising edge-triggered flip-flop clocked by clk)
  Path Group: clk
  Path Type: max

  Des/Clust/Port     Wire Load Model       Library
  ------------------------------------------------
  dlx                5K_hvratio_1_1        NangateOpenCellLibrary

  Point                                                   Incr       Path
  --------------------------------------------------------------------------
  clock clk (rise edge)                                   0.00       0.00
  clock network delay (ideal)                             0.00       0.00
  mem_stage_inst/rd_addr_reg/reg_data_reg[1]/CK (DFF_X1)
                                                          0.00       0.00 r
  mem_stage_inst/rd_addr_reg/reg_data_reg[1]/Q (DFF_X1)
                                                          0.09       0.09 r
  U7932/ZN (XNOR2_X1)                                     0.06       0.15 r
  U13707/ZN (AND2_X1)                                     0.04       0.19 r
  U13706/ZN (NAND3_X1)                                    0.04       0.24 f
  U7938/ZN (INV_X1)                                       0.05       0.29 r
  U8696/ZN (AND3_X2)                                      0.07       0.35 r
  U5435/ZN (AOI22_X1)                                     0.04       0.39 f
  U7412/ZN (AND2_X1)                                      0.05       0.44 f
  U8230/ZN (XNOR2_X1)                                     0.05       0.50 f
  U5581/ZN (OR2_X2)                                       0.06       0.56 f
  U8240/ZN (AOI21_X1)                                     0.04       0.60 r
  U8241/ZN (OAI21_X1)                                     0.04       0.64 f
  U8246/ZN (AOI21_X1)                                     0.04       0.68 r
  U7068/ZN (OAI21_X1)                                     0.04       0.72 f
  U7047/ZN (NAND4_X1)                                     0.04       0.75 r
  U7045/ZN (NAND4_X1)                                     0.05       0.80 f
  U5579/ZN (NAND2_X1)                                     0.05       0.85 r
  U8996/ZN (AOI21_X1)                                     0.04       0.88 f
  U6680/ZN (XNOR2_X1)                                     0.06       0.94 f
  U9457/ZN (NOR2_X1)                                      0.04       0.98 r
  U9459/ZN (AND4_X1)                                      0.06       1.04 r
  U5568/ZN (AND3_X1)                                      0.05       1.09 r
  U5467/ZN (AND3_X1)                                      0.05       1.14 r
  U6858/ZN (AND4_X2)                                      0.07       1.21 r
  U6823/ZN (OR2_X1)                                       0.04       1.24 r
  U6835/ZN (NAND4_X1)                                     0.04       1.28 f
  U6836/ZN (NAND4_X1)                                     0.04       1.32 r
  U9485/ZN (NAND2_X1)                                     0.04       1.36 f
  U6664/ZN (OAI211_X1)                                    0.06       1.42 r
  U6846/ZN (NAND4_X1)                                     0.04       1.46 f
  U5584/ZN (OAI211_X1)                                    0.06       1.52 r
  U5184/ZN (AND3_X2)                                      0.06       1.59 r
  U10064/Z (BUF_X2)                                       0.06       1.64 r
  U10415/ZN (AND2_X1)                                     0.05       1.69 r
  U10416/ZN (INV_X1)                                      0.02       1.72 f
  U10436/ZN (NAND4_X1)                                    0.03       1.74 r
  if_stage_inst/predicted_target_reg/reg_data_reg[24]/D (DFF_X2)
                                                          0.01       1.75 r
  data arrival time                                                  1.75

  clock clk (rise edge)                                   1.60       1.60
  clock network delay (ideal)                             0.00       1.60
  if_stage_inst/predicted_target_reg/reg_data_reg[24]/CK (DFF_X2)
                                                          0.00       1.60 r
  library setup time                                     -0.03       1.57
  data required time                                                 1.57
  --------------------------------------------------------------------------
  data required time                                                 1.57
  data arrival time                                                 -1.75
  --------------------------------------------------------------------------
  slack (VIOLATED)                                                  -0.19


  Startpoint: mem_stage_inst/rd_addr_reg/reg_data_reg[1]
              (rising edge-triggered flip-flop clocked by clk)
  Endpoint: if_stage_inst/pc_reg_inst/reg_data_reg[10]
            (rising edge-triggered flip-flop clocked by clk)
  Path Group: clk
  Path Type: max

  Des/Clust/Port     Wire Load Model       Library
  ------------------------------------------------
  dlx                5K_hvratio_1_1        NangateOpenCellLibrary

  Point                                                   Incr       Path
  --------------------------------------------------------------------------
  clock clk (rise edge)                                   0.00       0.00
  clock network delay (ideal)                             0.00       0.00
  mem_stage_inst/rd_addr_reg/reg_data_reg[1]/CK (DFF_X1)
                                                          0.00       0.00 r
  mem_stage_inst/rd_addr_reg/reg_data_reg[1]/Q (DFF_X1)
                                                          0.09       0.09 r
  U7932/ZN (XNOR2_X1)                                     0.06       0.15 r
  U13707/ZN (AND2_X1)                                     0.04       0.19 r
  U13706/ZN (NAND3_X1)                                    0.04       0.24 f
  U7938/ZN (INV_X1)                                       0.05       0.29 r
  U8696/ZN (AND3_X2)                                      0.07       0.35 r
  U5435/ZN (AOI22_X1)                                     0.04       0.39 f
  U7412/ZN (AND2_X1)                                      0.05       0.44 f
  U8230/ZN (XNOR2_X1)                                     0.05       0.50 f
  U5581/ZN (OR2_X2)                                       0.06       0.56 f
  U8240/ZN (AOI21_X1)                                     0.04       0.60 r
  U8241/ZN (OAI21_X1)                                     0.04       0.64 f
  U8246/ZN (AOI21_X1)                                     0.04       0.68 r
  U7068/ZN (OAI21_X1)                                     0.04       0.72 f
  U7047/ZN (NAND4_X1)                                     0.04       0.75 r
  U7045/ZN (NAND4_X1)                                     0.05       0.80 f
  U5579/ZN (NAND2_X1)                                     0.05       0.85 r
  U8996/ZN (AOI21_X1)                                     0.04       0.88 f
  U6680/ZN (XNOR2_X1)                                     0.06       0.94 f
  U9457/ZN (NOR2_X1)                                      0.04       0.98 r
  U9459/ZN (AND4_X1)                                      0.06       1.04 r
  U5568/ZN (AND3_X1)                                      0.05       1.09 r
  U5467/ZN (AND3_X1)                                      0.05       1.14 r
  U6858/ZN (AND4_X2)                                      0.07       1.21 r
  U6823/ZN (OR2_X1)                                       0.04       1.24 r
  U6835/ZN (NAND4_X1)                                     0.04       1.28 f
  U6836/ZN (NAND4_X1)                                     0.04       1.32 r
  U9485/ZN (NAND2_X1)                                     0.04       1.36 f
  U6664/ZN (OAI211_X1)                                    0.06       1.42 r
  U6846/ZN (NAND4_X1)                                     0.04       1.46 f
  U5584/ZN (OAI211_X1)                                    0.06       1.52 r
  U5184/ZN (AND3_X2)                                      0.06       1.59 r
  U10064/Z (BUF_X2)                                       0.06       1.64 r
  U10440/ZN (AND2_X1)                                     0.05       1.69 r
  U10441/ZN (INV_X1)                                      0.02       1.72 f
  U10462/ZN (NAND4_X1)                                    0.03       1.74 r
  if_stage_inst/pc_reg_inst/reg_data_reg[10]/D (DFF_X2)
                                                          0.01       1.75 r
  data arrival time                                                  1.75

  clock clk (rise edge)                                   1.60       1.60
  clock network delay (ideal)                             0.00       1.60
  if_stage_inst/pc_reg_inst/reg_data_reg[10]/CK (DFF_X2)
                                                          0.00       1.60 r
  library setup time                                     -0.03       1.57
  data required time                                                 1.57
  --------------------------------------------------------------------------
  data required time                                                 1.57
  data arrival time                                                 -1.75
  --------------------------------------------------------------------------
  slack (VIOLATED)                                                  -0.19


  Startpoint: mem_stage_inst/rd_addr_reg/reg_data_reg[1]
              (rising edge-triggered flip-flop clocked by clk)
  Endpoint: if_stage_inst/pc_reg_inst/reg_data_reg[14]
            (rising edge-triggered flip-flop clocked by clk)
  Path Group: clk
  Path Type: max

  Des/Clust/Port     Wire Load Model       Library
  ------------------------------------------------
  dlx                5K_hvratio_1_1        NangateOpenCellLibrary

  Point                                                   Incr       Path
  --------------------------------------------------------------------------
  clock clk (rise edge)                                   0.00       0.00
  clock network delay (ideal)                             0.00       0.00
  mem_stage_inst/rd_addr_reg/reg_data_reg[1]/CK (DFF_X1)
                                                          0.00       0.00 r
  mem_stage_inst/rd_addr_reg/reg_data_reg[1]/Q (DFF_X1)
                                                          0.09       0.09 r
  U7932/ZN (XNOR2_X1)                                     0.06       0.15 r
  U13707/ZN (AND2_X1)                                     0.04       0.19 r
  U13706/ZN (NAND3_X1)                                    0.04       0.24 f
  U7938/ZN (INV_X1)                                       0.05       0.29 r
  U8696/ZN (AND3_X2)                                      0.07       0.35 r
  U5435/ZN (AOI22_X1)                                     0.04       0.39 f
  U7412/ZN (AND2_X1)                                      0.05       0.44 f
  U8230/ZN (XNOR2_X1)                                     0.05       0.50 f
  U5581/ZN (OR2_X2)                                       0.06       0.56 f
  U8240/ZN (AOI21_X1)                                     0.04       0.60 r
  U8241/ZN (OAI21_X1)                                     0.04       0.64 f
  U8246/ZN (AOI21_X1)                                     0.04       0.68 r
  U7068/ZN (OAI21_X1)                                     0.04       0.72 f
  U7047/ZN (NAND4_X1)                                     0.04       0.75 r
  U7045/ZN (NAND4_X1)                                     0.05       0.80 f
  U5579/ZN (NAND2_X1)                                     0.05       0.85 r
  U8996/ZN (AOI21_X1)                                     0.04       0.88 f
  U6680/ZN (XNOR2_X1)                                     0.06       0.94 f
  U9457/ZN (NOR2_X1)                                      0.04       0.98 r
  U9459/ZN (AND4_X1)                                      0.06       1.04 r
  U5568/ZN (AND3_X1)                                      0.05       1.09 r
  U5467/ZN (AND3_X1)                                      0.05       1.14 r
  U6858/ZN (AND4_X2)                                      0.07       1.21 r
  U6823/ZN (OR2_X1)                                       0.04       1.24 r
  U6835/ZN (NAND4_X1)                                     0.04       1.28 f
  U6836/ZN (NAND4_X1)                                     0.04       1.32 r
  U9485/ZN (NAND2_X1)                                     0.04       1.36 f
  U6664/ZN (OAI211_X1)                                    0.06       1.42 r
  U6846/ZN (NAND4_X1)                                     0.04       1.46 f
  U5584/ZN (OAI211_X1)                                    0.06       1.52 r
  U5184/ZN (AND3_X2)                                      0.06       1.59 r
  U10064/Z (BUF_X2)                                       0.06       1.64 r
  U10576/ZN (AND2_X1)                                     0.05       1.69 r
  U10577/ZN (INV_X1)                                      0.02       1.72 f
  U7652/ZN (NAND4_X1)                                     0.03       1.74 r
  if_stage_inst/pc_reg_inst/reg_data_reg[14]/D (DFF_X2)
                                                          0.01       1.75 r
  data arrival time                                                  1.75

  clock clk (rise edge)                                   1.60       1.60
  clock network delay (ideal)                             0.00       1.60
  if_stage_inst/pc_reg_inst/reg_data_reg[14]/CK (DFF_X2)
                                                          0.00       1.60 r
  library setup time                                     -0.03       1.57
  data required time                                                 1.57
  --------------------------------------------------------------------------
  data required time                                                 1.57
  data arrival time                                                 -1.75
  --------------------------------------------------------------------------
  slack (VIOLATED)                                                  -0.19


  Startpoint: mem_stage_inst/rd_addr_reg/reg_data_reg[1]
              (rising edge-triggered flip-flop clocked by clk)
  Endpoint: if_stage_inst/pc_reg_inst/reg_data_reg[12]
            (rising edge-triggered flip-flop clocked by clk)
  Path Group: clk
  Path Type: max

  Des/Clust/Port     Wire Load Model       Library
  ------------------------------------------------
  dlx                5K_hvratio_1_1        NangateOpenCellLibrary

  Point                                                   Incr       Path
  --------------------------------------------------------------------------
  clock clk (rise edge)                                   0.00       0.00
  clock network delay (ideal)                             0.00       0.00
  mem_stage_inst/rd_addr_reg/reg_data_reg[1]/CK (DFF_X1)
                                                          0.00       0.00 r
  mem_stage_inst/rd_addr_reg/reg_data_reg[1]/Q (DFF_X1)
                                                          0.09       0.09 r
  U7932/ZN (XNOR2_X1)                                     0.06       0.15 r
  U13707/ZN (AND2_X1)                                     0.04       0.19 r
  U13706/ZN (NAND3_X1)                                    0.04       0.24 f
  U7938/ZN (INV_X1)                                       0.05       0.29 r
  U8696/ZN (AND3_X2)                                      0.07       0.35 r
  U5435/ZN (AOI22_X1)                                     0.04       0.39 f
  U7412/ZN (AND2_X1)                                      0.05       0.44 f
  U8230/ZN (XNOR2_X1)                                     0.05       0.50 f
  U5581/ZN (OR2_X2)                                       0.06       0.56 f
  U8240/ZN (AOI21_X1)                                     0.04       0.60 r
  U8241/ZN (OAI21_X1)                                     0.04       0.64 f
  U8246/ZN (AOI21_X1)                                     0.04       0.68 r
  U7068/ZN (OAI21_X1)                                     0.04       0.72 f
  U7047/ZN (NAND4_X1)                                     0.04       0.75 r
  U7045/ZN (NAND4_X1)                                     0.05       0.80 f
  U5579/ZN (NAND2_X1)                                     0.05       0.85 r
  U8996/ZN (AOI21_X1)                                     0.04       0.88 f
  U6680/ZN (XNOR2_X1)                                     0.06       0.94 f
  U9457/ZN (NOR2_X1)                                      0.04       0.98 r
  U9459/ZN (AND4_X1)                                      0.06       1.04 r
  U5568/ZN (AND3_X1)                                      0.05       1.09 r
  U5467/ZN (AND3_X1)                                      0.05       1.14 r
  U6858/ZN (AND4_X2)                                      0.07       1.21 r
  U6823/ZN (OR2_X1)                                       0.04       1.24 r
  U6835/ZN (NAND4_X1)                                     0.04       1.28 f
  U6836/ZN (NAND4_X1)                                     0.04       1.32 r
  U9485/ZN (NAND2_X1)                                     0.04       1.36 f
  U6664/ZN (OAI211_X1)                                    0.06       1.42 r
  U6846/ZN (NAND4_X1)                                     0.04       1.46 f
  U5584/ZN (OAI211_X1)                                    0.06       1.52 r
  U5184/ZN (AND3_X2)                                      0.06       1.59 r
  U10064/Z (BUF_X2)                                       0.06       1.64 r
  U10466/ZN (AND2_X1)                                     0.05       1.69 r
  U10467/ZN (INV_X1)                                      0.02       1.72 f
  U7653/ZN (NAND4_X1)                                     0.03       1.74 r
  if_stage_inst/pc_reg_inst/reg_data_reg[12]/D (DFF_X2)
                                                          0.01       1.75 r
  data arrival time                                                  1.75

  clock clk (rise edge)                                   1.60       1.60
  clock network delay (ideal)                             0.00       1.60
  if_stage_inst/pc_reg_inst/reg_data_reg[12]/CK (DFF_X2)
                                                          0.00       1.60 r
  library setup time                                     -0.03       1.57
  data required time                                                 1.57
  --------------------------------------------------------------------------
  data required time                                                 1.57
  data arrival time                                                 -1.75
  --------------------------------------------------------------------------
  slack (VIOLATED)                                                  -0.19


  Startpoint: mem_stage_inst/rd_addr_reg/reg_data_reg[1]
              (rising edge-triggered flip-flop clocked by clk)
  Endpoint: if_stage_inst/pc_reg_inst/reg_data_reg[24]
            (rising edge-triggered flip-flop clocked by clk)
  Path Group: clk
  Path Type: max

  Des/Clust/Port     Wire Load Model       Library
  ------------------------------------------------
  dlx                5K_hvratio_1_1        NangateOpenCellLibrary

  Point                                                   Incr       Path
  --------------------------------------------------------------------------
  clock clk (rise edge)                                   0.00       0.00
  clock network delay (ideal)                             0.00       0.00
  mem_stage_inst/rd_addr_reg/reg_data_reg[1]/CK (DFF_X1)
                                                          0.00       0.00 r
  mem_stage_inst/rd_addr_reg/reg_data_reg[1]/Q (DFF_X1)
                                                          0.09       0.09 r
  U7932/ZN (XNOR2_X1)                                     0.06       0.15 r
  U13707/ZN (AND2_X1)                                     0.04       0.19 r
  U13706/ZN (NAND3_X1)                                    0.04       0.24 f
  U7938/ZN (INV_X1)                                       0.05       0.29 r
  U8696/ZN (AND3_X2)                                      0.07       0.35 r
  U5435/ZN (AOI22_X1)                                     0.04       0.39 f
  U7412/ZN (AND2_X1)                                      0.05       0.44 f
  U8230/ZN (XNOR2_X1)                                     0.05       0.50 f
  U5581/ZN (OR2_X2)                                       0.06       0.56 f
  U8240/ZN (AOI21_X1)                                     0.04       0.60 r
  U8241/ZN (OAI21_X1)                                     0.04       0.64 f
  U8246/ZN (AOI21_X1)                                     0.04       0.68 r
  U7068/ZN (OAI21_X1)                                     0.04       0.72 f
  U7047/ZN (NAND4_X1)                                     0.04       0.75 r
  U7045/ZN (NAND4_X1)                                     0.05       0.80 f
  U5579/ZN (NAND2_X1)                                     0.05       0.85 r
  U8996/ZN (AOI21_X1)                                     0.04       0.88 f
  U6680/ZN (XNOR2_X1)                                     0.06       0.94 f
  U9457/ZN (NOR2_X1)                                      0.04       0.98 r
  U9459/ZN (AND4_X1)                                      0.06       1.04 r
  U5568/ZN (AND3_X1)                                      0.05       1.09 r
  U5467/ZN (AND3_X1)                                      0.05       1.14 r
  U6858/ZN (AND4_X2)                                      0.07       1.21 r
  U6823/ZN (OR2_X1)                                       0.04       1.24 r
  U6835/ZN (NAND4_X1)                                     0.04       1.28 f
  U6836/ZN (NAND4_X1)                                     0.04       1.32 r
  U9485/ZN (NAND2_X1)                                     0.04       1.36 f
  U6664/ZN (OAI211_X1)                                    0.06       1.42 r
  U6846/ZN (NAND4_X1)                                     0.04       1.46 f
  U5584/ZN (OAI211_X1)                                    0.06       1.52 r
  U5184/ZN (AND3_X2)                                      0.06       1.59 r
  U10064/Z (BUF_X2)                                       0.06       1.64 r
  U10415/ZN (AND2_X1)                                     0.05       1.69 r
  U10416/ZN (INV_X1)                                      0.02       1.72 f
  U7626/ZN (NAND4_X1)                                     0.03       1.74 r
  if_stage_inst/pc_reg_inst/reg_data_reg[24]/D (DFF_X2)
                                                          0.01       1.75 r
  data arrival time                                                  1.75

  clock clk (rise edge)                                   1.60       1.60
  clock network delay (ideal)                             0.00       1.60
  if_stage_inst/pc_reg_inst/reg_data_reg[24]/CK (DFF_X2)
                                                          0.00       1.60 r
  library setup time                                     -0.03       1.57
  data required time                                                 1.57
  --------------------------------------------------------------------------
  data required time                                                 1.57
  data arrival time                                                 -1.75
  --------------------------------------------------------------------------
  slack (VIOLATED)                                                  -0.19


  Startpoint: R_21 (rising edge-triggered flip-flop clocked by clk)
  Endpoint: if_stage_inst/predicted_target_reg/reg_data_reg[25]
            (rising edge-triggered flip-flop clocked by clk)
  Path Group: clk
  Path Type: max

  Des/Clust/Port     Wire Load Model       Library
  ------------------------------------------------
  dlx                5K_hvratio_1_1        NangateOpenCellLibrary

  Point                                                   Incr       Path
  --------------------------------------------------------------------------
  clock clk (rise edge)                                   0.00       0.00
  clock network delay (ideal)                             0.00       0.00
  R_21/CK (DFF_X1)                                        0.00       0.00 r
  R_21/QN (DFF_X1)                                        0.07       0.07 r
  U6732/ZN (XNOR2_X1)                                     0.06       0.13 r
  U7939/ZN (AND2_X1)                                      0.04       0.17 r
  U7942/ZN (AND4_X2)                                      0.07       0.24 r
  U7946/ZN (NAND2_X1)                                     0.03       0.27 f
  U8228/ZN (AND3_X1)                                      0.06       0.33 f
  U6814/Z (BUF_X2)                                        0.06       0.39 f
  U8026/ZN (NAND2_X1)                                     0.04       0.42 r
  U5384/ZN (NAND4_X1)                                     0.07       0.49 f
  U8080/Z (XOR2_X1)                                       0.09       0.59 f
  U8251/ZN (NAND2_X1)                                     0.04       0.63 r
  U8257/ZN (NAND2_X1)                                     0.03       0.66 f
  U11241/ZN (OR2_X1)                                      0.06       0.72 f
  U6756/ZN (OR2_X1)                                       0.05       0.77 f
  U7045/ZN (NAND4_X1)                                     0.04       0.81 r
  U5579/ZN (NAND2_X1)                                     0.04       0.85 f
  U6834/ZN (NAND2_X1)                                     0.04       0.89 r
  U6934/ZN (NAND2_X1)                                     0.03       0.92 f
  U6931/ZN (OAI211_X1)                                    0.04       0.96 r
  U6832/ZN (AND2_X1)                                      0.04       1.00 r
  U6810/ZN (XNOR2_X1)                                     0.06       1.06 r
  U6824/ZN (AND2_X1)                                      0.05       1.10 r
  U6833/ZN (AND2_X1)                                      0.04       1.14 r
  U6858/ZN (AND4_X2)                                      0.06       1.21 r
  U6823/ZN (OR2_X1)                                       0.04       1.24 r
  U6835/ZN (NAND4_X1)                                     0.04       1.28 f
  U6836/ZN (NAND4_X1)                                     0.04       1.32 r
  U9485/ZN (NAND2_X1)                                     0.04       1.36 f
  U6664/ZN (OAI211_X1)                                    0.06       1.42 r
  U6846/ZN (NAND4_X1)                                     0.04       1.46 f
  U5584/ZN (OAI211_X1)                                    0.06       1.52 r
  U5184/ZN (AND3_X2)                                      0.06       1.59 r
  U10064/Z (BUF_X2)                                       0.06       1.64 r
  U10696/ZN (AND2_X1)                                     0.05       1.69 r
  U10697/ZN (INV_X1)                                      0.02       1.71 f
  U10717/ZN (NAND4_X1)                                    0.03       1.74 r
  if_stage_inst/predicted_target_reg/reg_data_reg[25]/D (DFF_X2)
                                                          0.01       1.75 r
  data arrival time                                                  1.75

  clock clk (rise edge)                                   1.60       1.60
  clock network delay (ideal)                             0.00       1.60
  if_stage_inst/predicted_target_reg/reg_data_reg[25]/CK (DFF_X2)
                                                          0.00       1.60 r
  library setup time                                     -0.03       1.57
  data required time                                                 1.57
  --------------------------------------------------------------------------
  data required time                                                 1.57
  data arrival time                                                 -1.75
  --------------------------------------------------------------------------
  slack (VIOLATED)                                                  -0.19


  Startpoint: R_21 (rising edge-triggered flip-flop clocked by clk)
  Endpoint: if_stage_inst/predicted_target_reg/reg_data_reg[26]
            (rising edge-triggered flip-flop clocked by clk)
  Path Group: clk
  Path Type: max

  Des/Clust/Port     Wire Load Model       Library
  ------------------------------------------------
  dlx                5K_hvratio_1_1        NangateOpenCellLibrary

  Point                                                   Incr       Path
  --------------------------------------------------------------------------
  clock clk (rise edge)                                   0.00       0.00
  clock network delay (ideal)                             0.00       0.00
  R_21/CK (DFF_X1)                                        0.00       0.00 r
  R_21/QN (DFF_X1)                                        0.07       0.07 r
  U6732/ZN (XNOR2_X1)                                     0.06       0.13 r
  U7939/ZN (AND2_X1)                                      0.04       0.17 r
  U7942/ZN (AND4_X2)                                      0.07       0.24 r
  U7946/ZN (NAND2_X1)                                     0.03       0.27 f
  U8228/ZN (AND3_X1)                                      0.06       0.33 f
  U6814/Z (BUF_X2)                                        0.06       0.39 f
  U8026/ZN (NAND2_X1)                                     0.04       0.42 r
  U5384/ZN (NAND4_X1)                                     0.07       0.49 f
  U8080/Z (XOR2_X1)                                       0.09       0.59 f
  U8251/ZN (NAND2_X1)                                     0.04       0.63 r
  U8257/ZN (NAND2_X1)                                     0.03       0.66 f
  U11241/ZN (OR2_X1)                                      0.06       0.72 f
  U6756/ZN (OR2_X1)                                       0.05       0.77 f
  U7045/ZN (NAND4_X1)                                     0.04       0.81 r
  U5579/ZN (NAND2_X1)                                     0.04       0.85 f
  U6834/ZN (NAND2_X1)                                     0.04       0.89 r
  U6934/ZN (NAND2_X1)                                     0.03       0.92 f
  U6931/ZN (OAI211_X1)                                    0.04       0.96 r
  U6832/ZN (AND2_X1)                                      0.04       1.00 r
  U6810/ZN (XNOR2_X1)                                     0.06       1.06 r
  U6824/ZN (AND2_X1)                                      0.05       1.10 r
  U6833/ZN (AND2_X1)                                      0.04       1.14 r
  U6858/ZN (AND4_X2)                                      0.06       1.21 r
  U6823/ZN (OR2_X1)                                       0.04       1.24 r
  U6835/ZN (NAND4_X1)                                     0.04       1.28 f
  U6836/ZN (NAND4_X1)                                     0.04       1.32 r
  U9485/ZN (NAND2_X1)                                     0.04       1.36 f
  U6664/ZN (OAI211_X1)                                    0.06       1.42 r
  U6846/ZN (NAND4_X1)                                     0.04       1.46 f
  U5584/ZN (OAI211_X1)                                    0.06       1.52 r
  U5184/ZN (AND3_X2)                                      0.06       1.59 r
  U10064/Z (BUF_X2)                                       0.06       1.64 r
  U10549/ZN (AND2_X1)                                     0.05       1.69 r
  U10550/ZN (INV_X1)                                      0.02       1.71 f
  U10573/ZN (NAND4_X1)                                    0.03       1.74 r
  if_stage_inst/predicted_target_reg/reg_data_reg[26]/D (DFF_X2)
                                                          0.01       1.75 r
  data arrival time                                                  1.75

  clock clk (rise edge)                                   1.60       1.60
  clock network delay (ideal)                             0.00       1.60
  if_stage_inst/predicted_target_reg/reg_data_reg[26]/CK (DFF_X2)
                                                          0.00       1.60 r
  library setup time                                     -0.03       1.57
  data required time                                                 1.57
  --------------------------------------------------------------------------
  data required time                                                 1.57
  data arrival time                                                 -1.75
  --------------------------------------------------------------------------
  slack (VIOLATED)                                                  -0.19


  Startpoint: R_21 (rising edge-triggered flip-flop clocked by clk)
  Endpoint: if_stage_inst/pc_reg_inst/reg_data_reg[25]
            (rising edge-triggered flip-flop clocked by clk)
  Path Group: clk
  Path Type: max

  Des/Clust/Port     Wire Load Model       Library
  ------------------------------------------------
  dlx                5K_hvratio_1_1        NangateOpenCellLibrary

  Point                                                   Incr       Path
  --------------------------------------------------------------------------
  clock clk (rise edge)                                   0.00       0.00
  clock network delay (ideal)                             0.00       0.00
  R_21/CK (DFF_X1)                                        0.00       0.00 r
  R_21/QN (DFF_X1)                                        0.07       0.07 r
  U6732/ZN (XNOR2_X1)                                     0.06       0.13 r
  U7939/ZN (AND2_X1)                                      0.04       0.17 r
  U7942/ZN (AND4_X2)                                      0.07       0.24 r
  U7946/ZN (NAND2_X1)                                     0.03       0.27 f
  U8228/ZN (AND3_X1)                                      0.06       0.33 f
  U6814/Z (BUF_X2)                                        0.06       0.39 f
  U8026/ZN (NAND2_X1)                                     0.04       0.42 r
  U5384/ZN (NAND4_X1)                                     0.07       0.49 f
  U8080/Z (XOR2_X1)                                       0.09       0.59 f
  U8251/ZN (NAND2_X1)                                     0.04       0.63 r
  U8257/ZN (NAND2_X1)                                     0.03       0.66 f
  U11241/ZN (OR2_X1)                                      0.06       0.72 f
  U6756/ZN (OR2_X1)                                       0.05       0.77 f
  U7045/ZN (NAND4_X1)                                     0.04       0.81 r
  U5579/ZN (NAND2_X1)                                     0.04       0.85 f
  U6834/ZN (NAND2_X1)                                     0.04       0.89 r
  U6934/ZN (NAND2_X1)                                     0.03       0.92 f
  U6931/ZN (OAI211_X1)                                    0.04       0.96 r
  U6832/ZN (AND2_X1)                                      0.04       1.00 r
  U6810/ZN (XNOR2_X1)                                     0.06       1.06 r
  U6824/ZN (AND2_X1)                                      0.05       1.10 r
  U6833/ZN (AND2_X1)                                      0.04       1.14 r
  U6858/ZN (AND4_X2)                                      0.06       1.21 r
  U6823/ZN (OR2_X1)                                       0.04       1.24 r
  U6835/ZN (NAND4_X1)                                     0.04       1.28 f
  U6836/ZN (NAND4_X1)                                     0.04       1.32 r
  U9485/ZN (NAND2_X1)                                     0.04       1.36 f
  U6664/ZN (OAI211_X1)                                    0.06       1.42 r
  U6846/ZN (NAND4_X1)                                     0.04       1.46 f
  U5584/ZN (OAI211_X1)                                    0.06       1.52 r
  U5184/ZN (AND3_X2)                                      0.06       1.59 r
  U10064/Z (BUF_X2)                                       0.06       1.64 r
  U10696/ZN (AND2_X1)                                     0.05       1.69 r
  U10697/ZN (INV_X1)                                      0.02       1.71 f
  U10717/ZN (NAND4_X1)                                    0.03       1.74 r
  if_stage_inst/pc_reg_inst/reg_data_reg[25]/D (DFF_X2)
                                                          0.01       1.75 r
  data arrival time                                                  1.75

  clock clk (rise edge)                                   1.60       1.60
  clock network delay (ideal)                             0.00       1.60
  if_stage_inst/pc_reg_inst/reg_data_reg[25]/CK (DFF_X2)
                                                          0.00       1.60 r
  library setup time                                     -0.03       1.57
  data required time                                                 1.57
  --------------------------------------------------------------------------
  data required time                                                 1.57
  data arrival time                                                 -1.75
  --------------------------------------------------------------------------
  slack (VIOLATED)                                                  -0.19


  Startpoint: R_21 (rising edge-triggered flip-flop clocked by clk)
  Endpoint: if_stage_inst/pc_reg_inst/reg_data_reg[26]
            (rising edge-triggered flip-flop clocked by clk)
  Path Group: clk
  Path Type: max

  Des/Clust/Port     Wire Load Model       Library
  ------------------------------------------------
  dlx                5K_hvratio_1_1        NangateOpenCellLibrary

  Point                                                   Incr       Path
  --------------------------------------------------------------------------
  clock clk (rise edge)                                   0.00       0.00
  clock network delay (ideal)                             0.00       0.00
  R_21/CK (DFF_X1)                                        0.00       0.00 r
  R_21/QN (DFF_X1)                                        0.07       0.07 r
  U6732/ZN (XNOR2_X1)                                     0.06       0.13 r
  U7939/ZN (AND2_X1)                                      0.04       0.17 r
  U7942/ZN (AND4_X2)                                      0.07       0.24 r
  U7946/ZN (NAND2_X1)                                     0.03       0.27 f
  U8228/ZN (AND3_X1)                                      0.06       0.33 f
  U6814/Z (BUF_X2)                                        0.06       0.39 f
  U8026/ZN (NAND2_X1)                                     0.04       0.42 r
  U5384/ZN (NAND4_X1)                                     0.07       0.49 f
  U8080/Z (XOR2_X1)                                       0.09       0.59 f
  U8251/ZN (NAND2_X1)                                     0.04       0.63 r
  U8257/ZN (NAND2_X1)                                     0.03       0.66 f
  U11241/ZN (OR2_X1)                                      0.06       0.72 f
  U6756/ZN (OR2_X1)                                       0.05       0.77 f
  U7045/ZN (NAND4_X1)                                     0.04       0.81 r
  U5579/ZN (NAND2_X1)                                     0.04       0.85 f
  U6834/ZN (NAND2_X1)                                     0.04       0.89 r
  U6934/ZN (NAND2_X1)                                     0.03       0.92 f
  U6931/ZN (OAI211_X1)                                    0.04       0.96 r
  U6832/ZN (AND2_X1)                                      0.04       1.00 r
  U6810/ZN (XNOR2_X1)                                     0.06       1.06 r
  U6824/ZN (AND2_X1)                                      0.05       1.10 r
  U6833/ZN (AND2_X1)                                      0.04       1.14 r
  U6858/ZN (AND4_X2)                                      0.06       1.21 r
  U6823/ZN (OR2_X1)                                       0.04       1.24 r
  U6835/ZN (NAND4_X1)                                     0.04       1.28 f
  U6836/ZN (NAND4_X1)                                     0.04       1.32 r
  U9485/ZN (NAND2_X1)                                     0.04       1.36 f
  U6664/ZN (OAI211_X1)                                    0.06       1.42 r
  U6846/ZN (NAND4_X1)                                     0.04       1.46 f
  U5584/ZN (OAI211_X1)                                    0.06       1.52 r
  U5184/ZN (AND3_X2)                                      0.06       1.59 r
  U10064/Z (BUF_X2)                                       0.06       1.64 r
  U10549/ZN (AND2_X1)                                     0.05       1.69 r
  U10550/ZN (INV_X1)                                      0.02       1.71 f
  U10573/ZN (NAND4_X1)                                    0.03       1.74 r
  if_stage_inst/pc_reg_inst/reg_data_reg[26]/D (DFF_X2)
                                                          0.01       1.75 r
  data arrival time                                                  1.75

  clock clk (rise edge)                                   1.60       1.60
  clock network delay (ideal)                             0.00       1.60
  if_stage_inst/pc_reg_inst/reg_data_reg[26]/CK (DFF_X2)
                                                          0.00       1.60 r
  library setup time                                     -0.03       1.57
  data required time                                                 1.57
  --------------------------------------------------------------------------
  data required time                                                 1.57
  data arrival time                                                 -1.75
  --------------------------------------------------------------------------
  slack (VIOLATED)                                                  -0.19


  Startpoint: mem_stage_inst/rd_addr_reg/reg_data_reg[1]
              (rising edge-triggered flip-flop clocked by clk)
  Endpoint: if_stage_inst/predicted_target_reg/reg_data_reg[25]
            (rising edge-triggered flip-flop clocked by clk)
  Path Group: clk
  Path Type: max

  Des/Clust/Port     Wire Load Model       Library
  ------------------------------------------------
  dlx                5K_hvratio_1_1        NangateOpenCellLibrary

  Point                                                   Incr       Path
  --------------------------------------------------------------------------
  clock clk (rise edge)                                   0.00       0.00
  clock network delay (ideal)                             0.00       0.00
  mem_stage_inst/rd_addr_reg/reg_data_reg[1]/CK (DFF_X1)
                                                          0.00       0.00 r
  mem_stage_inst/rd_addr_reg/reg_data_reg[1]/Q (DFF_X1)
                                                          0.09       0.09 r
  U7932/ZN (XNOR2_X1)                                     0.06       0.15 r
  U13707/ZN (AND2_X1)                                     0.04       0.19 r
  U13706/ZN (NAND3_X1)                                    0.04       0.24 f
  U7938/ZN (INV_X1)                                       0.05       0.29 r
  U8696/ZN (AND3_X2)                                      0.07       0.35 r
  U5435/ZN (AOI22_X1)                                     0.04       0.39 f
  U7412/ZN (AND2_X1)                                      0.05       0.44 f
  U8230/ZN (XNOR2_X1)                                     0.05       0.50 f
  U5581/ZN (OR2_X2)                                       0.06       0.56 f
  U8240/ZN (AOI21_X1)                                     0.04       0.60 r
  U8241/ZN (OAI21_X1)                                     0.04       0.64 f
  U8246/ZN (AOI21_X1)                                     0.04       0.68 r
  U7068/ZN (OAI21_X1)                                     0.04       0.72 f
  U7047/ZN (NAND4_X1)                                     0.04       0.75 r
  U7045/ZN (NAND4_X1)                                     0.05       0.80 f
  U5580/ZN (NAND2_X1)                                     0.05       0.85 r
  U8527/ZN (AOI21_X1)                                     0.04       0.89 f
  U6656/ZN (XNOR2_X1)                                     0.06       0.95 f
  U8528/ZN (NAND2_X1)                                     0.03       0.97 r
  U6628/ZN (AND3_X1)                                      0.05       1.02 r
  U6822/ZN (NAND2_X1)                                     0.03       1.05 f
  U6888/ZN (NAND2_X1)                                     0.03       1.08 r
  U6821/ZN (AND2_X2)                                      0.04       1.13 r
  U6714/ZN (AND3_X1)                                      0.05       1.17 r
  U6682/ZN (AND4_X1)                                      0.06       1.24 r
  U9539/ZN (NAND4_X1)                                     0.04       1.27 f
  U9540/ZN (NOR2_X1)                                      0.04       1.31 r
  U9541/ZN (NAND4_X1)                                     0.05       1.36 f
  U6802/ZN (OR2_X1)                                       0.06       1.42 f
  U7059/ZN (NAND3_X1)                                     0.05       1.47 r
  U5584/ZN (OAI211_X1)                                    0.05       1.52 f
  U5184/ZN (AND3_X2)                                      0.05       1.57 f
  U10064/Z (BUF_X2)                                       0.05       1.62 f
  U10696/ZN (AND2_X1)                                     0.04       1.67 f
  U10697/ZN (INV_X1)                                      0.02       1.69 r
  U10717/ZN (NAND4_X1)                                    0.04       1.73 f
  if_stage_inst/predicted_target_reg/reg_data_reg[25]/D (DFF_X2)
                                                          0.01       1.74 f
  data arrival time                                                  1.74

  clock clk (rise edge)                                   1.60       1.60
  clock network delay (ideal)                             0.00       1.60
  if_stage_inst/predicted_target_reg/reg_data_reg[25]/CK (DFF_X2)
                                                          0.00       1.60 r
  library setup time                                     -0.05       1.55
  data required time                                                 1.55
  --------------------------------------------------------------------------
  data required time                                                 1.55
  data arrival time                                                 -1.74
  --------------------------------------------------------------------------
  slack (VIOLATED)                                                  -0.18


  Startpoint: mem_stage_inst/rd_addr_reg/reg_data_reg[1]
              (rising edge-triggered flip-flop clocked by clk)
  Endpoint: if_stage_inst/pc_reg_inst/reg_data_reg[25]
            (rising edge-triggered flip-flop clocked by clk)
  Path Group: clk
  Path Type: max

  Des/Clust/Port     Wire Load Model       Library
  ------------------------------------------------
  dlx                5K_hvratio_1_1        NangateOpenCellLibrary

  Point                                                   Incr       Path
  --------------------------------------------------------------------------
  clock clk (rise edge)                                   0.00       0.00
  clock network delay (ideal)                             0.00       0.00
  mem_stage_inst/rd_addr_reg/reg_data_reg[1]/CK (DFF_X1)
                                                          0.00       0.00 r
  mem_stage_inst/rd_addr_reg/reg_data_reg[1]/Q (DFF_X1)
                                                          0.09       0.09 r
  U7932/ZN (XNOR2_X1)                                     0.06       0.15 r
  U13707/ZN (AND2_X1)                                     0.04       0.19 r
  U13706/ZN (NAND3_X1)                                    0.04       0.24 f
  U7938/ZN (INV_X1)                                       0.05       0.29 r
  U8696/ZN (AND3_X2)                                      0.07       0.35 r
  U5435/ZN (AOI22_X1)                                     0.04       0.39 f
  U7412/ZN (AND2_X1)                                      0.05       0.44 f
  U8230/ZN (XNOR2_X1)                                     0.05       0.50 f
  U5581/ZN (OR2_X2)                                       0.06       0.56 f
  U8240/ZN (AOI21_X1)                                     0.04       0.60 r
  U8241/ZN (OAI21_X1)                                     0.04       0.64 f
  U8246/ZN (AOI21_X1)                                     0.04       0.68 r
  U7068/ZN (OAI21_X1)                                     0.04       0.72 f
  U7047/ZN (NAND4_X1)                                     0.04       0.75 r
  U7045/ZN (NAND4_X1)                                     0.05       0.80 f
  U5580/ZN (NAND2_X1)                                     0.05       0.85 r
  U8527/ZN (AOI21_X1)                                     0.04       0.89 f
  U6656/ZN (XNOR2_X1)                                     0.06       0.95 f
  U8528/ZN (NAND2_X1)                                     0.03       0.97 r
  U6628/ZN (AND3_X1)                                      0.05       1.02 r
  U6822/ZN (NAND2_X1)                                     0.03       1.05 f
  U6888/ZN (NAND2_X1)                                     0.03       1.08 r
  U6821/ZN (AND2_X2)                                      0.04       1.13 r
  U6714/ZN (AND3_X1)                                      0.05       1.17 r
  U6682/ZN (AND4_X1)                                      0.06       1.24 r
  U9539/ZN (NAND4_X1)                                     0.04       1.27 f
  U9540/ZN (NOR2_X1)                                      0.04       1.31 r
  U9541/ZN (NAND4_X1)                                     0.05       1.36 f
  U6802/ZN (OR2_X1)                                       0.06       1.42 f
  U7059/ZN (NAND3_X1)                                     0.05       1.47 r
  U5584/ZN (OAI211_X1)                                    0.05       1.52 f
  U5184/ZN (AND3_X2)                                      0.05       1.57 f
  U10064/Z (BUF_X2)                                       0.05       1.62 f
  U10696/ZN (AND2_X1)                                     0.04       1.67 f
  U10697/ZN (INV_X1)                                      0.02       1.69 r
  U10717/ZN (NAND4_X1)                                    0.04       1.73 f
  if_stage_inst/pc_reg_inst/reg_data_reg[25]/D (DFF_X2)
                                                          0.01       1.74 f
  data arrival time                                                  1.74

  clock clk (rise edge)                                   1.60       1.60
  clock network delay (ideal)                             0.00       1.60
  if_stage_inst/pc_reg_inst/reg_data_reg[25]/CK (DFF_X2)
                                                          0.00       1.60 r
  library setup time                                     -0.05       1.55
  data required time                                                 1.55
  --------------------------------------------------------------------------
  data required time                                                 1.55
  data arrival time                                                 -1.74
  --------------------------------------------------------------------------
  slack (VIOLATED)                                                  -0.18


  Startpoint: mem_stage_inst/rd_addr_reg/reg_data_reg[1]
              (rising edge-triggered flip-flop clocked by clk)
  Endpoint: if_stage_inst/predicted_target_reg/reg_data_reg[26]
            (rising edge-triggered flip-flop clocked by clk)
  Path Group: clk
  Path Type: max

  Des/Clust/Port     Wire Load Model       Library
  ------------------------------------------------
  dlx                5K_hvratio_1_1        NangateOpenCellLibrary

  Point                                                   Incr       Path
  --------------------------------------------------------------------------
  clock clk (rise edge)                                   0.00       0.00
  clock network delay (ideal)                             0.00       0.00
  mem_stage_inst/rd_addr_reg/reg_data_reg[1]/CK (DFF_X1)
                                                          0.00       0.00 r
  mem_stage_inst/rd_addr_reg/reg_data_reg[1]/Q (DFF_X1)
                                                          0.09       0.09 r
  U7932/ZN (XNOR2_X1)                                     0.06       0.15 r
  U13707/ZN (AND2_X1)                                     0.04       0.19 r
  U13706/ZN (NAND3_X1)                                    0.04       0.24 f
  U7938/ZN (INV_X1)                                       0.05       0.29 r
  U8696/ZN (AND3_X2)                                      0.07       0.35 r
  U5435/ZN (AOI22_X1)                                     0.04       0.39 f
  U7412/ZN (AND2_X1)                                      0.05       0.44 f
  U8230/ZN (XNOR2_X1)                                     0.05       0.50 f
  U5581/ZN (OR2_X2)                                       0.06       0.56 f
  U8240/ZN (AOI21_X1)                                     0.04       0.60 r
  U8241/ZN (OAI21_X1)                                     0.04       0.64 f
  U8246/ZN (AOI21_X1)                                     0.04       0.68 r
  U7068/ZN (OAI21_X1)                                     0.04       0.72 f
  U7047/ZN (NAND4_X1)                                     0.04       0.75 r
  U7045/ZN (NAND4_X1)                                     0.05       0.80 f
  U5580/ZN (NAND2_X1)                                     0.05       0.85 r
  U8527/ZN (AOI21_X1)                                     0.04       0.89 f
  U6656/ZN (XNOR2_X1)                                     0.06       0.95 f
  U8528/ZN (NAND2_X1)                                     0.03       0.97 r
  U6628/ZN (AND3_X1)                                      0.05       1.02 r
  U6822/ZN (NAND2_X1)                                     0.03       1.05 f
  U6888/ZN (NAND2_X1)                                     0.03       1.08 r
  U6821/ZN (AND2_X2)                                      0.04       1.13 r
  U6714/ZN (AND3_X1)                                      0.05       1.17 r
  U6682/ZN (AND4_X1)                                      0.06       1.24 r
  U9539/ZN (NAND4_X1)                                     0.04       1.27 f
  U9540/ZN (NOR2_X1)                                      0.04       1.31 r
  U9541/ZN (NAND4_X1)                                     0.05       1.36 f
  U6802/ZN (OR2_X1)                                       0.06       1.42 f
  U7059/ZN (NAND3_X1)                                     0.05       1.47 r
  U5584/ZN (OAI211_X1)                                    0.05       1.52 f
  U5184/ZN (AND3_X2)                                      0.05       1.57 f
  U10064/Z (BUF_X2)                                       0.05       1.62 f
  U10549/ZN (AND2_X1)                                     0.04       1.67 f
  U10550/ZN (INV_X1)                                      0.02       1.69 r
  U10573/ZN (NAND4_X1)                                    0.04       1.73 f
  if_stage_inst/predicted_target_reg/reg_data_reg[26]/D (DFF_X2)
                                                          0.01       1.74 f
  data arrival time                                                  1.74

  clock clk (rise edge)                                   1.60       1.60
  clock network delay (ideal)                             0.00       1.60
  if_stage_inst/predicted_target_reg/reg_data_reg[26]/CK (DFF_X2)
                                                          0.00       1.60 r
  library setup time                                     -0.05       1.55
  data required time                                                 1.55
  --------------------------------------------------------------------------
  data required time                                                 1.55
  data arrival time                                                 -1.74
  --------------------------------------------------------------------------
  slack (VIOLATED)                                                  -0.18


  Startpoint: mem_stage_inst/rd_addr_reg/reg_data_reg[1]
              (rising edge-triggered flip-flop clocked by clk)
  Endpoint: if_stage_inst/pc_reg_inst/reg_data_reg[26]
            (rising edge-triggered flip-flop clocked by clk)
  Path Group: clk
  Path Type: max

  Des/Clust/Port     Wire Load Model       Library
  ------------------------------------------------
  dlx                5K_hvratio_1_1        NangateOpenCellLibrary

  Point                                                   Incr       Path
  --------------------------------------------------------------------------
  clock clk (rise edge)                                   0.00       0.00
  clock network delay (ideal)                             0.00       0.00
  mem_stage_inst/rd_addr_reg/reg_data_reg[1]/CK (DFF_X1)
                                                          0.00       0.00 r
  mem_stage_inst/rd_addr_reg/reg_data_reg[1]/Q (DFF_X1)
                                                          0.09       0.09 r
  U7932/ZN (XNOR2_X1)                                     0.06       0.15 r
  U13707/ZN (AND2_X1)                                     0.04       0.19 r
  U13706/ZN (NAND3_X1)                                    0.04       0.24 f
  U7938/ZN (INV_X1)                                       0.05       0.29 r
  U8696/ZN (AND3_X2)                                      0.07       0.35 r
  U5435/ZN (AOI22_X1)                                     0.04       0.39 f
  U7412/ZN (AND2_X1)                                      0.05       0.44 f
  U8230/ZN (XNOR2_X1)                                     0.05       0.50 f
  U5581/ZN (OR2_X2)                                       0.06       0.56 f
  U8240/ZN (AOI21_X1)                                     0.04       0.60 r
  U8241/ZN (OAI21_X1)                                     0.04       0.64 f
  U8246/ZN (AOI21_X1)                                     0.04       0.68 r
  U7068/ZN (OAI21_X1)                                     0.04       0.72 f
  U7047/ZN (NAND4_X1)                                     0.04       0.75 r
  U7045/ZN (NAND4_X1)                                     0.05       0.80 f
  U5580/ZN (NAND2_X1)                                     0.05       0.85 r
  U8527/ZN (AOI21_X1)                                     0.04       0.89 f
  U6656/ZN (XNOR2_X1)                                     0.06       0.95 f
  U8528/ZN (NAND2_X1)                                     0.03       0.97 r
  U6628/ZN (AND3_X1)                                      0.05       1.02 r
  U6822/ZN (NAND2_X1)                                     0.03       1.05 f
  U6888/ZN (NAND2_X1)                                     0.03       1.08 r
  U6821/ZN (AND2_X2)                                      0.04       1.13 r
  U6714/ZN (AND3_X1)                                      0.05       1.17 r
  U6682/ZN (AND4_X1)                                      0.06       1.24 r
  U9539/ZN (NAND4_X1)                                     0.04       1.27 f
  U9540/ZN (NOR2_X1)                                      0.04       1.31 r
  U9541/ZN (NAND4_X1)                                     0.05       1.36 f
  U6802/ZN (OR2_X1)                                       0.06       1.42 f
  U7059/ZN (NAND3_X1)                                     0.05       1.47 r
  U5584/ZN (OAI211_X1)                                    0.05       1.52 f
  U5184/ZN (AND3_X2)                                      0.05       1.57 f
  U10064/Z (BUF_X2)                                       0.05       1.62 f
  U10549/ZN (AND2_X1)                                     0.04       1.67 f
  U10550/ZN (INV_X1)                                      0.02       1.69 r
  U10573/ZN (NAND4_X1)                                    0.04       1.73 f
  if_stage_inst/pc_reg_inst/reg_data_reg[26]/D (DFF_X2)
                                                          0.01       1.74 f
  data arrival time                                                  1.74

  clock clk (rise edge)                                   1.60       1.60
  clock network delay (ideal)                             0.00       1.60
  if_stage_inst/pc_reg_inst/reg_data_reg[26]/CK (DFF_X2)
                                                          0.00       1.60 r
  library setup time                                     -0.05       1.55
  data required time                                                 1.55
  --------------------------------------------------------------------------
  data required time                                                 1.55
  data arrival time                                                 -1.74
  --------------------------------------------------------------------------
  slack (VIOLATED)                                                  -0.18


1
