Information: Updating design information... (UID-85)
 
****************************************
Report : qor
Design : dlx
Version: W-2024.09-SP2
Date   : Wed Sep 16 05:00:27 2026
****************************************


  Timing Path Group 'clk'
  -----------------------------------
  Levels of Logic:              37.00
  Critical Path Length:          1.79
  Critical Path Slack:          -0.62
  Critical Path Clk Period:      1.20
  Total Negative Slack:       -530.26
  No. of Violating Paths:     1288.00
  Worst Hold Violation:          0.00
  Total Hold Violation:          0.00
  No. of Hold Violations:        0.00
  -----------------------------------


  Cell Count
  -----------------------------------
  Hierarchical Cell Count:         55
  Hierarchical Port Count:        575
  Leaf Cell Count:              13589
  Buf/Inv Cell Count:            1213
  Buf Cell Count:                 162
  Inv Cell Count:                1051
  CT Buf/Inv Cell Count:            0
  Combinational Cell Count:     10934
  Sequential Cell Count:         2655
  Macro Count:                      0
  -----------------------------------


  Area
  -----------------------------------
  Combinational Area:    12474.070040
  Noncombinational Area: 12039.425586
  Buf/Inv Area:            709.688003
  Total Buffer Area:           143.37
  Total Inverter Area:         566.31
  Macro/Black Box Area:      0.000000
  Net Area:                  0.000000
  -----------------------------------
  Cell Area:             24513.495626
  Design Area:           24513.495626


  Design Rules
  -----------------------------------
  Total Number of Nets:         13989
  Nets With Violations:             0
  Max Trans Violations:             0
  Max Cap Violations:               0
  -----------------------------------


  Hostname: microsys.openstack.polito

  Compile CPU Statistics
  -----------------------------------------
  Resource Sharing:                    0.01
  Logic Optimization:                  0.42
  Mapping Optimization:               24.64
  -----------------------------------------
  Overall Compile Time:               40.15
  Overall Compile Wall Clock Time:    40.80

  --------------------------------------------------------------------

  Design  WNS: 0.62  TNS: 530.26  Number of Violating Paths: 1288


  Design (Hold)  WNS: 0.00  TNS: 0.00  Number of Violating Paths: 0

  --------------------------------------------------------------------


1
