 
****************************************
Report : constraint
        -all_violators
Design : dlx
Version: W-2024.09-SP2
Date   : Thu Sep 17 15:14:52 2026
****************************************


   max_transition

                             Required        Actual
   Net                      Transition     Transition        Slack
   -----------------------------------------------------------------
   n10280                       0.20           0.27          -0.07  (VIOLATED)
       PIN :   U11026/A1        0.20           0.27          -0.07  (VIOLATED)
       PIN :   U11777/A1        0.20           0.27          -0.07  (VIOLATED)
       PIN :   U11806/A1        0.20           0.27          -0.07  (VIOLATED)
       PIN :   U11833/A1        0.20           0.27          -0.07  (VIOLATED)
       PIN :   U11862/A1        0.20           0.27          -0.07  (VIOLATED)
       PIN :   U11890/A1        0.20           0.27          -0.07  (VIOLATED)
       PIN :   U11920/A1        0.20           0.27          -0.07  (VIOLATED)
       PIN :   U11950/A1        0.20           0.27          -0.07  (VIOLATED)
       PIN :   U11974/A1        0.20           0.27          -0.07  (VIOLATED)
       PIN :   U12001/A1        0.20           0.27          -0.07  (VIOLATED)
       PIN :   U12030/A1        0.20           0.27          -0.07  (VIOLATED)
       PIN :   U12057/A1        0.20           0.27          -0.07  (VIOLATED)
       PIN :   U12082/A1        0.20           0.27          -0.07  (VIOLATED)
       PIN :   U12110/A1        0.20           0.27          -0.07  (VIOLATED)
       PIN :   U12135/A1        0.20           0.27          -0.07  (VIOLATED)
       PIN :   U12166/A1        0.20           0.27          -0.07  (VIOLATED)
       PIN :   U12194/A1        0.20           0.27          -0.07  (VIOLATED)
       PIN :   U12222/A1        0.20           0.27          -0.07  (VIOLATED)
       PIN :   U12252/A1        0.20           0.27          -0.07  (VIOLATED)
       PIN :   U12281/A1        0.20           0.27          -0.07  (VIOLATED)
       PIN :   U12310/A1        0.20           0.27          -0.07  (VIOLATED)
       PIN :   U12341/A1        0.20           0.27          -0.07  (VIOLATED)
       PIN :   U12396/A1        0.20           0.27          -0.07  (VIOLATED)
       PIN :   U12425/A1        0.20           0.27          -0.07  (VIOLATED)
       PIN :   U6938/A          0.20           0.27          -0.07  (VIOLATED)
       PIN :   U11035/A2        0.20           0.27          -0.07  (VIOLATED)
       PIN :   U11048/A2        0.20           0.27          -0.07  (VIOLATED)
       PIN :   U11067/A2        0.20           0.27          -0.07  (VIOLATED)
       PIN :   U11079/A2        0.20           0.27          -0.07  (VIOLATED)
       PIN :   U11092/A2        0.20           0.27          -0.07  (VIOLATED)
       PIN :   U11104/A2        0.20           0.27          -0.07  (VIOLATED)
       PIN :   U11117/A2        0.20           0.27          -0.07  (VIOLATED)
       PIN :   U11129/A2        0.20           0.27          -0.07  (VIOLATED)
       PIN :   U11141/A2        0.20           0.27          -0.07  (VIOLATED)
       PIN :   U11153/A2        0.20           0.27          -0.07  (VIOLATED)
       PIN :   U11162/A2        0.20           0.27          -0.07  (VIOLATED)
       PIN :   U11174/A2        0.20           0.27          -0.07  (VIOLATED)
       PIN :   U11193/A2        0.20           0.27          -0.07  (VIOLATED)
       PIN :   U11218/A2        0.20           0.27          -0.07  (VIOLATED)
       PIN :   U11310/A2        0.20           0.27          -0.07  (VIOLATED)
       PIN :   U11513/A1        0.20           0.27          -0.07  (VIOLATED)
       PIN :   U11551/A1        0.20           0.27          -0.07  (VIOLATED)
       PIN :   U11579/A1        0.20           0.27          -0.07  (VIOLATED)
       PIN :   U11606/A1        0.20           0.27          -0.07  (VIOLATED)
       PIN :   U11634/A1        0.20           0.27          -0.07  (VIOLATED)
       PIN :   U11661/A1        0.20           0.27          -0.07  (VIOLATED)
       PIN :   U11690/A1        0.20           0.27          -0.07  (VIOLATED)
       PIN :   U11717/A1        0.20           0.27          -0.07  (VIOLATED)
       PIN :   U11749/A1        0.20           0.27          -0.07  (VIOLATED)
       PIN :   U5141/ZN         0.20           0.27          -0.07  (VIOLATED)
   n10928                       0.20           0.23          -0.03  (VIOLATED)
       PIN :   U5668/A          0.20           0.23          -0.03  (VIOLATED)
       PIN :   U7130/A2         0.20           0.23          -0.03  (VIOLATED)
       PIN :   U11002/A1        0.20           0.23          -0.03  (VIOLATED)
       PIN :   U11059/B2        0.20           0.23          -0.03  (VIOLATED)
       PIN :   U11073/B2        0.20           0.23          -0.03  (VIOLATED)
       PIN :   U11178/B2        0.20           0.23          -0.03  (VIOLATED)
       PIN :   U11187/B2        0.20           0.23          -0.03  (VIOLATED)
       PIN :   U11212/B2        0.20           0.23          -0.03  (VIOLATED)
       PIN :   U11249/B2        0.20           0.23          -0.03  (VIOLATED)
       PIN :   U12021/A2        0.20           0.23          -0.03  (VIOLATED)
       PIN :   U12186/A2        0.20           0.23          -0.03  (VIOLATED)
       PIN :   U12417/A2        0.20           0.23          -0.03  (VIOLATED)
       PIN :   U11506/A2        0.20           0.23          -0.03  (VIOLATED)
       PIN :   U11740/A2        0.20           0.23          -0.03  (VIOLATED)
       PIN :   U11825/A2        0.20           0.23          -0.03  (VIOLATED)
       PIN :   U11854/A2        0.20           0.23          -0.03  (VIOLATED)
       PIN :   U11881/A2        0.20           0.23          -0.03  (VIOLATED)
       PIN :   U11913/A2        0.20           0.23          -0.03  (VIOLATED)
       PIN :   U11941/A2        0.20           0.23          -0.03  (VIOLATED)
       PIN :   U11967/A2        0.20           0.23          -0.03  (VIOLATED)
       PIN :   U12048/A2        0.20           0.23          -0.03  (VIOLATED)
       PIN :   U12214/A2        0.20           0.23          -0.03  (VIOLATED)
       PIN :   U12243/A2        0.20           0.23          -0.03  (VIOLATED)
       PIN :   U12274/A2        0.20           0.23          -0.03  (VIOLATED)
       PIN :   U12302/A2        0.20           0.23          -0.03  (VIOLATED)
       PIN :   U12332/A2        0.20           0.23          -0.03  (VIOLATED)
       PIN :   U5146/ZN         0.20           0.23          -0.03  (VIOLATED)

   -----------------------------------------------------------------
   Total                      2                  -0.11  

   max_capacitance

                             Required        Actual
   Net                      Capacitance    Capacitance       Slack
   -----------------------------------------------------------------
   n10280                      60.58         117.40         -56.82  (VIOLATED)
   n10928                      26.70          48.39         -21.68  (VIOLATED)

   -----------------------------------------------------------------
   Total                      2                 -78.50  

1
