 
****************************************
Report : constraint
        -all_violators
Design : dlx
Version: W-2024.09-SP2
Date   : Thu Sep 17 15:14:55 2026
****************************************


   max_transition

                             Required        Actual
   Net                      Transition     Transition        Slack
   -----------------------------------------------------------------
   n11666                       0.20           0.27          -0.07  (VIOLATED)
       PIN :   U12569/A1        0.20           0.27          -0.07  (VIOLATED)
       PIN :   U12529/A1        0.20           0.27          -0.07  (VIOLATED)
       PIN :   U12502/A1        0.20           0.27          -0.07  (VIOLATED)
       PIN :   U12475/A1        0.20           0.27          -0.07  (VIOLATED)
       PIN :   U12449/A1        0.20           0.27          -0.07  (VIOLATED)
       PIN :   U12423/A1        0.20           0.27          -0.07  (VIOLATED)
       PIN :   U12397/A1        0.20           0.27          -0.07  (VIOLATED)
       PIN :   U12371/A1        0.20           0.27          -0.07  (VIOLATED)
       PIN :   U12345/A1        0.20           0.27          -0.07  (VIOLATED)
       PIN :   U12319/A1        0.20           0.27          -0.07  (VIOLATED)
       PIN :   U12293/A1        0.20           0.27          -0.07  (VIOLATED)
       PIN :   U12266/A1        0.20           0.27          -0.07  (VIOLATED)
       PIN :   U12241/A1        0.20           0.27          -0.07  (VIOLATED)
       PIN :   U12214/A1        0.20           0.27          -0.07  (VIOLATED)
       PIN :   U12189/A1        0.20           0.27          -0.07  (VIOLATED)
       PIN :   U12162/A1        0.20           0.27          -0.07  (VIOLATED)
       PIN :   U12135/A1        0.20           0.27          -0.07  (VIOLATED)
       PIN :   U12109/A1        0.20           0.27          -0.07  (VIOLATED)
       PIN :   U12083/A1        0.20           0.27          -0.07  (VIOLATED)
       PIN :   U12056/A1        0.20           0.27          -0.07  (VIOLATED)
       PIN :   U12030/A1        0.20           0.27          -0.07  (VIOLATED)
       PIN :   U12003/A1        0.20           0.27          -0.07  (VIOLATED)
       PIN :   U11898/A1        0.20           0.27          -0.07  (VIOLATED)
       PIN :   U11640/A1        0.20           0.27          -0.07  (VIOLATED)
       PIN :   U11481/A         0.20           0.27          -0.07  (VIOLATED)
       PIN :   U11507/A2        0.20           0.27          -0.07  (VIOLATED)
       PIN :   U11519/A2        0.20           0.27          -0.07  (VIOLATED)
       PIN :   U11545/A2        0.20           0.27          -0.07  (VIOLATED)
       PIN :   U11577/A2        0.20           0.27          -0.07  (VIOLATED)
       PIN :   U11589/A2        0.20           0.27          -0.07  (VIOLATED)
       PIN :   U11602/A2        0.20           0.27          -0.07  (VIOLATED)
       PIN :   U11651/A2        0.20           0.27          -0.07  (VIOLATED)
       PIN :   U11663/A2        0.20           0.27          -0.07  (VIOLATED)
       PIN :   U11675/A2        0.20           0.27          -0.07  (VIOLATED)
       PIN :   U11687/A2        0.20           0.27          -0.07  (VIOLATED)
       PIN :   U11705/A2        0.20           0.27          -0.07  (VIOLATED)
       PIN :   U11741/A2        0.20           0.27          -0.07  (VIOLATED)
       PIN :   U11749/A2        0.20           0.27          -0.07  (VIOLATED)
       PIN :   U11761/A2        0.20           0.27          -0.07  (VIOLATED)
       PIN :   U11828/A2        0.20           0.27          -0.07  (VIOLATED)
       PIN :   U11843/A1        0.20           0.27          -0.07  (VIOLATED)
       PIN :   U11870/A1        0.20           0.27          -0.07  (VIOLATED)
       PIN :   U11924/A1        0.20           0.27          -0.07  (VIOLATED)
       PIN :   U11950/A1        0.20           0.27          -0.07  (VIOLATED)
       PIN :   U11975/A1        0.20           0.27          -0.07  (VIOLATED)
       PIN :   U12595/A1        0.20           0.27          -0.07  (VIOLATED)
       PIN :   U12813/A1        0.20           0.27          -0.07  (VIOLATED)
       PIN :   U12840/A1        0.20           0.27          -0.07  (VIOLATED)
       PIN :   U12872/A1        0.20           0.27          -0.07  (VIOLATED)
       PIN :   U5116/ZN         0.20           0.27          -0.07  (VIOLATED)

   -----------------------------------------------------------------
   Total                      1                  -0.07  

   max_capacitance

                             Required        Actual
   Net                      Capacitance    Capacitance       Slack
   -----------------------------------------------------------------
   n11666                      60.58         117.40         -56.82  (VIOLATED)
   n10632                      60.73          69.68          -8.95  (VIOLATED)

   -----------------------------------------------------------------
   Total                      2                 -65.77  

1
