 
****************************************
Report : qor
Design : dlx
Version: W-2024.09-SP2
Date   : Thu Sep 17 15:15:19 2026
****************************************


  Timing Path Group 'clk'
  -----------------------------------
  Levels of Logic:              35.00
  Critical Path Length:          1.69
  Critical Path Slack:           0.00
  Critical Path Clk Period:      1.90
  Total Negative Slack:          0.00
  No. of Violating Paths:        0.00
  Worst Hold Violation:          0.00
  Total Hold Violation:          0.00
  No. of Hold Violations:        0.00
  -----------------------------------


  Cell Count
  -----------------------------------
  Hierarchical Cell Count:         54
  Hierarchical Port Count:        572
  Leaf Cell Count:              15379
  Buf/Inv Cell Count:            1285
  Buf Cell Count:                 151
  Inv Cell Count:                1134
  CT Buf/Inv Cell Count:            0
  Combinational Cell Count:     12728
  Sequential Cell Count:         2651
  Macro Count:                      0
  -----------------------------------


  Area
  -----------------------------------
  Combinational Area:    13747.943953
  Noncombinational Area: 12054.055593
  Buf/Inv Area:            752.780004
  Total Buffer Area:           136.19
  Total Inverter Area:         616.59
  Macro/Black Box Area:      0.000000
  Net Area:                  0.000000
  -----------------------------------
  Cell Area:             25801.999546
  Design Area:           25801.999546


  Design Rules
  -----------------------------------
  Total Number of Nets:         16475
  Nets With Violations:             1
  Max Trans Violations:             0
  Max Cap Violations:               1
  -----------------------------------


  Hostname: microsys.openstack.polito

  Compile CPU Statistics
  -----------------------------------------
  Resource Sharing:                    0.01
  Logic Optimization:                  0.53
  Mapping Optimization:               13.49
  -----------------------------------------
  Overall Compile Time:               28.29
  Overall Compile Wall Clock Time:    28.76

  --------------------------------------------------------------------

  Design  WNS: 0.00  TNS: 0.00  Number of Violating Paths: 0


  Design (Hold)  WNS: 0.00  TNS: 0.00  Number of Violating Paths: 0

  --------------------------------------------------------------------


1
