Information: Propagating switching activity (low effort zero delay simulation). (PWR-6)
 
****************************************
Report : power
        -hier
        -analysis_effort low
Design : dlx
Version: W-2024.09-SP2
Date   : Thu Sep 17 15:14:49 2026
****************************************


Library(s) Used:

    NangateOpenCellLibrary (File: /home/repository/do/libnandgate/NangateOpenCellLibrary_typical_ecsm.db)


Operating Conditions: typical   Library: NangateOpenCellLibrary
Wire Load Model Mode: top

Design        Wire Load Model            Library
------------------------------------------------
dlx                    5K_hvratio_1_1    NangateOpenCellLibrary


Global Operating Voltage = 1.1  
Power-specific unit information :
    Voltage Units = 1V
    Capacitance Units = 1.000000ff
    Time Units = 1ns
    Dynamic Power Units = 1uW    (derived from V,C,T units)
    Leakage Power Units = 1nW


--------------------------------------------------------------------------------
                                       Switch   Int      Leak     Total
Hierarchy                              Power    Power    Power    Power    %
--------------------------------------------------------------------------------
dlx                                    2.67e+03 4.26e+03 4.81e+05 7.41e+03 100.0
  id_stage_inst/reg_file_inst (reg_file_id_1)
                                        341.683  763.589 1.23e+05 1.23e+03  16.6
  mem_if_inst (mem_if_1)                  3.486    2.590  901.042    6.977   0.1
1
