 
****************************************
Report : qor
Design : dlx
Version: W-2024.09-SP2
Date   : Thu Sep 17 15:14:49 2026
****************************************


  Timing Path Group 'clk'
  -----------------------------------
  Levels of Logic:              37.00
  Critical Path Length:          1.77
  Critical Path Slack:           0.00
  Critical Path Clk Period:      2.03
  Total Negative Slack:          0.00
  No. of Violating Paths:        0.00
  Worst Hold Violation:          0.00
  Total Hold Violation:          0.00
  No. of Hold Violations:        0.00
  -----------------------------------


  Cell Count
  -----------------------------------
  Hierarchical Cell Count:         54
  Hierarchical Port Count:        573
  Leaf Cell Count:              13363
  Buf/Inv Cell Count:            1153
  Buf Cell Count:                 180
  Inv Cell Count:                 973
  CT Buf/Inv Cell Count:            0
  Combinational Cell Count:     10710
  Sequential Cell Count:         2653
  Macro Count:                      0
  -----------------------------------


  Area
  -----------------------------------
  Combinational Area:    12140.506050
  Noncombinational Area: 12024.529584
  Buf/Inv Area:            684.418003
  Total Buffer Area:           160.93
  Total Inverter Area:         523.49
  Macro/Black Box Area:      0.000000
  Net Area:                  0.000000
  -----------------------------------
  Cell Area:             24165.035635
  Design Area:           24165.035635


  Design Rules
  -----------------------------------
  Total Number of Nets:         13706
  Nets With Violations:             2
  Max Trans Violations:             2
  Max Cap Violations:               2
  -----------------------------------


  Hostname: microsys.openstack.polito

  Compile CPU Statistics
  -----------------------------------------
  Resource Sharing:                    0.01
  Logic Optimization:                  0.45
  Mapping Optimization:               14.39
  -----------------------------------------
  Overall Compile Time:               27.14
  Overall Compile Wall Clock Time:    27.68

  --------------------------------------------------------------------

  Design  WNS: 0.00  TNS: 0.00  Number of Violating Paths: 0


  Design (Hold)  WNS: 0.00  TNS: 0.00  Number of Violating Paths: 0

  --------------------------------------------------------------------


1
