 
****************************************
Report : reference
Design : dlx
Version: W-2024.09-SP2
Date   : Thu Sep 17 15:14:30 2026
****************************************

Attributes:
    b - black box (unknown)
   bo - allows boundary optimization
    d - dont_touch
   mo - map_only
    h - hierarchical
    n - noncombinational
    r - removable
    s - synthetic operator
    u - contains unmapped logic

Reference          Library       Unit Area   Count    Total Area   Attributes
-----------------------------------------------------------------------------
AND2_X1            NangateOpenCellLibrary
                                  1.064000    1059   1126.776011  
AND2_X2            NangateOpenCellLibrary
                                  1.330000      18     23.940001  
AND2_X4            NangateOpenCellLibrary
                                  2.394000       3      7.182000  
AND3_X1            NangateOpenCellLibrary
                                  1.330000     101    134.330004  
AND3_X2            NangateOpenCellLibrary
                                  1.596000      13     20.747999  
AND3_X4            NangateOpenCellLibrary
                                  2.926000       2      5.852000  
AND4_X1            NangateOpenCellLibrary
                                  1.596000      81    129.275996  
AND4_X2            NangateOpenCellLibrary
                                  1.862000      18     33.516000  
AND4_X4            NangateOpenCellLibrary
                                  3.458000       1      3.458000  
AOI21_X1           NangateOpenCellLibrary
                                  1.064000     116    123.424001  
AOI21_X2           NangateOpenCellLibrary
                                  1.862000       1      1.862000  
AOI22_X1           NangateOpenCellLibrary
                                  1.330000     189    251.370008  
AOI211_X1          NangateOpenCellLibrary
                                  1.330000       9     11.970000  
AOI221_X1          NangateOpenCellLibrary
                                  1.596000       1      1.596000  
AOI222_X1          NangateOpenCellLibrary
                                  2.128000       4      8.512000  
BTB_if_1                       8501.891847       1   8501.891847  h, n
BUF_X1             NangateOpenCellLibrary
                                  0.798000      32     25.535999  
BUF_X2             NangateOpenCellLibrary
                                  1.064000      18     19.152000  
BUF_X4             NangateOpenCellLibrary
                                  1.862000       1      1.862000  
CLKBUF_X1          NangateOpenCellLibrary
                                  0.798000      55     43.889999  
CLKBUF_X2          NangateOpenCellLibrary
                                  1.064000       8      8.512000  
DFF_X1             NangateOpenCellLibrary
                                  4.522000     919   4155.717849  n
DFF_X2             NangateOpenCellLibrary
                                  5.054000       1      5.054000  n
FA_X1              NangateOpenCellLibrary
                                  4.256000     142    604.352006  r
HA_X1              NangateOpenCellLibrary
                                  2.660000       2      5.320000  r
INV_X1             NangateOpenCellLibrary
                                  0.532000    1154    613.928006  
INV_X2             NangateOpenCellLibrary
                                  0.798000      31     24.737999  
INV_X4             NangateOpenCellLibrary
                                  1.330000       2      2.660000  
MUX2_X1            NangateOpenCellLibrary
                                  1.862000     119    221.577999  
MUX2_X2            NangateOpenCellLibrary
                                  2.394000       4      9.576000  
NAND2_X1           NangateOpenCellLibrary
                                  0.798000    2083   1662.233954  
NAND2_X2           NangateOpenCellLibrary
                                  1.330000      10     13.300000  
NAND3_X1           NangateOpenCellLibrary
                                  1.064000      89     94.696001  
NAND4_X1           NangateOpenCellLibrary
                                  1.330000     124    164.920005  
NAND4_X2           NangateOpenCellLibrary
                                  2.394000       2      4.788000  
NOR2_X1            NangateOpenCellLibrary
                                  0.798000     580    462.839987  
NOR2_X2            NangateOpenCellLibrary
                                  1.330000       8     10.640000  
NOR2_X4            NangateOpenCellLibrary
                                  2.394000       3      7.182000  
NOR3_X1            NangateOpenCellLibrary
                                  1.064000      17     18.088000  
NOR3_X2            NangateOpenCellLibrary
                                  1.862000       2      3.724000  
NOR4_X1            NangateOpenCellLibrary
                                  1.330000      14     18.620001  
OAI21_X1           NangateOpenCellLibrary
                                  1.064000     287    305.368003  
OAI21_X2           NangateOpenCellLibrary
                                  1.862000       1      1.862000  
OAI22_X1           NangateOpenCellLibrary
                                  1.330000      67     89.110003  
OAI211_X1          NangateOpenCellLibrary
                                  1.330000      83    110.390004  
OAI221_X1          NangateOpenCellLibrary
                                  1.596000       2      3.192000  
OAI222_X1          NangateOpenCellLibrary
                                  2.128000      30     63.840001  
OR2_X1             NangateOpenCellLibrary
                                  1.064000    1159   1233.176012  
OR2_X2             NangateOpenCellLibrary
                                  1.330000      11     14.630000  
OR3_X1             NangateOpenCellLibrary
                                  1.330000      70     93.100003  
OR3_X2             NangateOpenCellLibrary
                                  1.596000      10     15.960000  
OR3_X4             NangateOpenCellLibrary
                                  2.926000       4     11.704000  
OR4_X1             NangateOpenCellLibrary
                                  1.596000      51     81.395998  
OR4_X2             NangateOpenCellLibrary
                                  1.862000       8     14.896000  
SDFF_X1            NangateOpenCellLibrary
                                  6.118000       7     42.826000  n
XNOR2_X1           NangateOpenCellLibrary
                                  1.596000     742   1184.231967  
XNOR2_X2           NangateOpenCellLibrary
                                  2.660000       6     15.960001  
XOR2_X1            NangateOpenCellLibrary
                                  1.596000      99    158.003996  
mem_if_1                         75.012001       1     75.012001  h, n
reg_file_id_1                  8552.963907       1   8552.963907  h, n
-----------------------------------------------------------------------------
Total 60 references                                 30656.233572

****************************************
Design: BTB_if_1 
****************************************
Reference          Library       Unit Area   Count    Total Area   Attributes
-----------------------------------------------------------------------------
AND2_X1            NangateOpenCellLibrary
                                  1.064000      44     46.816000  
AND2_X2            NangateOpenCellLibrary
                                  1.330000       3      3.990000  
AND3_X1            NangateOpenCellLibrary
                                  1.330000       2      2.660000  
AND4_X1            NangateOpenCellLibrary
                                  1.596000     148    236.207994  
AND4_X2            NangateOpenCellLibrary
                                  1.862000       2      3.724000  
AOI21_X1           NangateOpenCellLibrary
                                  1.064000       1      1.064000  
AOI22_X1           NangateOpenCellLibrary
                                  1.330000     445    591.850019  
AOI221_X1          NangateOpenCellLibrary
                                  1.596000       5      7.980000  
BUF_X1             NangateOpenCellLibrary
                                  0.798000      24     19.151999  
BUF_X2             NangateOpenCellLibrary
                                  1.064000      27     28.728000  
BUF_X4             NangateOpenCellLibrary
                                  1.862000       2      3.724000  
CLKBUF_X1          NangateOpenCellLibrary
                                  0.798000       3      2.394000  
CLKBUF_X2          NangateOpenCellLibrary
                                  1.064000       2      2.128000  
DFF_X1             NangateOpenCellLibrary
                                  4.522000    1080   4883.759823  n
DFF_X2             NangateOpenCellLibrary
                                  5.054000      12     60.647999  n
INV_X1             NangateOpenCellLibrary
                                  0.532000     473    251.636002  
INV_X2             NangateOpenCellLibrary
                                  0.798000      14     11.172000  
MUX2_X1            NangateOpenCellLibrary
                                  1.862000     400    744.799995  
NAND2_X1           NangateOpenCellLibrary
                                  0.798000     603    481.193987  
NAND4_X1           NangateOpenCellLibrary
                                  1.330000     145    192.850006  
NOR2_X1            NangateOpenCellLibrary
                                  0.798000      78     62.243998  
NOR2_X4            NangateOpenCellLibrary
                                  2.394000       4      9.576000  
NOR3_X1            NangateOpenCellLibrary
                                  1.064000       1      1.064000  
NOR4_X1            NangateOpenCellLibrary
                                  1.330000       1      1.330000  
OAI21_X1           NangateOpenCellLibrary
                                  1.064000      19     20.216000  
OAI22_X1           NangateOpenCellLibrary
                                  1.330000     551    732.830024  
OAI211_X1          NangateOpenCellLibrary
                                  1.330000       2      2.660000  
OAI221_X1          NangateOpenCellLibrary
                                  1.596000       5      7.980000  
OR2_X1             NangateOpenCellLibrary
                                  1.064000      63     67.032001  
OR3_X1             NangateOpenCellLibrary
                                  1.330000       1      1.330000  
XNOR2_X1           NangateOpenCellLibrary
                                  1.596000      11     17.556000  
XOR2_X1            NangateOpenCellLibrary
                                  1.596000       1      1.596000  
-----------------------------------------------------------------------------
Total 32 references                                  8501.891847

****************************************
Design: mem_if_1 
****************************************
Reference          Library       Unit Area   Count    Total Area   Attributes
-----------------------------------------------------------------------------
INV_X1             NangateOpenCellLibrary
                                  0.532000       3      1.596000  
NAND2_X2           NangateOpenCellLibrary
                                  1.330000       1      1.330000  
NOR2_X1            NangateOpenCellLibrary
                                  0.798000       5      3.990000  
TBUF_X1            NangateOpenCellLibrary
                                  2.128000      32     68.096001  n
-----------------------------------------------------------------------------
Total 4 references                                     75.012001

****************************************
Design: reg_file_id_1 
****************************************
Reference          Library       Unit Area   Count    Total Area   Attributes
-----------------------------------------------------------------------------
AND2_X1            NangateOpenCellLibrary
                                  1.064000       1      1.064000  
AND4_X1            NangateOpenCellLibrary
                                  1.596000      95    151.619996  
AOI21_X1           NangateOpenCellLibrary
                                  1.064000      31     32.984000  
AOI22_X1           NangateOpenCellLibrary
                                  1.330000     994   1322.020043  
AOI211_X1          NangateOpenCellLibrary
                                  1.330000      64     85.120003  
AOI221_X1          NangateOpenCellLibrary
                                  1.596000       1      1.596000  
BUF_X1             NangateOpenCellLibrary
                                  0.798000      28     22.343999  
CLKBUF_X1          NangateOpenCellLibrary
                                  0.798000      38     30.323999  
DFF_X1             NangateOpenCellLibrary
                                  4.522000    1116   5046.551817  n
INV_X1             NangateOpenCellLibrary
                                  0.532000      19     10.108000  
INV_X2             NangateOpenCellLibrary
                                  0.798000      35     27.929999  
INV_X4             NangateOpenCellLibrary
                                  1.330000       2      2.660000  
NAND2_X1           NangateOpenCellLibrary
                                  0.798000      46     36.707999  
NAND2_X2           NangateOpenCellLibrary
                                  1.330000      60     79.800003  
NAND3_X1           NangateOpenCellLibrary
                                  1.064000      46     48.944000  
NAND4_X1           NangateOpenCellLibrary
                                  1.330000     129    171.570006  
NOR2_X1            NangateOpenCellLibrary
                                  0.798000      64     51.071999  
NOR2_X2            NangateOpenCellLibrary
                                  1.330000       2      2.660000  
NOR3_X1            NangateOpenCellLibrary
                                  1.064000       7      7.448000  
NOR3_X2            NangateOpenCellLibrary
                                  1.862000       3      5.586000  
OAI21_X1           NangateOpenCellLibrary
                                  1.064000      34     36.176000  
OAI22_X1           NangateOpenCellLibrary
                                  1.330000     993   1320.690043  
OAI211_X1          NangateOpenCellLibrary
                                  1.330000      31     41.230001  
OAI221_X1          NangateOpenCellLibrary
                                  1.596000       7     11.172000  
OR2_X1             NangateOpenCellLibrary
                                  1.064000       4      4.256000  
OR3_X1             NangateOpenCellLibrary
                                  1.330000       1      1.330000  
-----------------------------------------------------------------------------
Total 26 references                                  8552.963907
1
