 
****************************************
Report : power
        -hier
        -analysis_effort low
Design : dlx
Version: W-2024.09-SP2
Date   : Wed Sep 16 04:35:57 2026
****************************************


Library(s) Used:

    NangateOpenCellLibrary (File: /home/repository/do/libnandgate/NangateOpenCellLibrary_typical_ecsm.db)


Operating Conditions: typical   Library: NangateOpenCellLibrary
Wire Load Model Mode: top

Design        Wire Load Model            Library
------------------------------------------------
dlx                    5K_hvratio_1_1    NangateOpenCellLibrary


Global Operating Voltage = 1.1  
Power-specific unit information :
    Voltage Units = 1V
    Capacitance Units = 1.000000ff
    Time Units = 1ns
    Dynamic Power Units = 1uW    (derived from V,C,T units)
    Leakage Power Units = 1nW


--------------------------------------------------------------------------------
                                       Switch   Int      Leak     Total
Hierarchy                              Power    Power    Power    Power    %
--------------------------------------------------------------------------------
dlx                                     484.474 1.10e+04 5.74e+05 1.20e+04 100.0
  id_stage_inst/reg_file_inst (reg_file_id_1)
                                        114.416 3.84e+03 1.66e+05 4.12e+03  34.2
  if_stage_inst/btb_inst (BTB_if_1)      55.762 3.75e+03 1.45e+05 3.96e+03  32.9
  mem_if_inst (mem_if_1)                  0.360    0.177  861.032    1.398   0.0
1
