 
****************************************
Report : qor
Design : dlx
Version: W-2024.09-SP2
Date   : Thu Sep 17 15:15:16 2026
****************************************


  Timing Path Group 'clk'
  -----------------------------------
  Levels of Logic:              36.00
  Critical Path Length:          1.70
  Critical Path Slack:           0.00
  Critical Path Clk Period:      1.91
  Total Negative Slack:          0.00
  No. of Violating Paths:        0.00
  Worst Hold Violation:          0.00
  Total Hold Violation:          0.00
  No. of Hold Violations:        0.00
  -----------------------------------


  Cell Count
  -----------------------------------
  Hierarchical Cell Count:        102
  Hierarchical Port Count:        716
  Leaf Cell Count:              13231
  Buf/Inv Cell Count:            1100
  Buf Cell Count:                 192
  Inv Cell Count:                 908
  CT Buf/Inv Cell Count:            0
  Combinational Cell Count:     10529
  Sequential Cell Count:         2702
  Macro Count:                      0
  -----------------------------------


  Area
  -----------------------------------
  Combinational Area:    11987.024054
  Noncombinational Area: 12159.125589
  Buf/Inv Area:            657.552002
  Total Buffer Area:           165.98
  Total Inverter Area:         491.57
  Macro/Black Box Area:      0.000000
  Net Area:                  0.000000
  -----------------------------------
  Cell Area:             24146.149643
  Design Area:           24146.149643


  Design Rules
  -----------------------------------
  Total Number of Nets:         13588
  Nets With Violations:             0
  Max Trans Violations:             0
  Max Cap Violations:               0
  -----------------------------------


  Hostname: microsys.openstack.polito

  Compile CPU Statistics
  -----------------------------------------
  Resource Sharing:                    0.01
  Logic Optimization:                  0.57
  Mapping Optimization:               18.74
  -----------------------------------------
  Overall Compile Time:               31.60
  Overall Compile Wall Clock Time:    32.13

  --------------------------------------------------------------------

  Design  WNS: 0.00  TNS: 0.00  Number of Violating Paths: 0


  Design (Hold)  WNS: 0.00  TNS: 0.00  Number of Violating Paths: 0

  --------------------------------------------------------------------


1
