 
****************************************
Report : reference
Design : dlx
Version: W-2024.09-SP2
Date   : Wed Sep 16 04:20:53 2026
****************************************

Attributes:
    b - black box (unknown)
   bo - allows boundary optimization
    d - dont_touch
   mo - map_only
    h - hierarchical
    n - noncombinational
    r - removable
    s - synthetic operator
    u - contains unmapped logic

Reference          Library       Unit Area   Count    Total Area   Attributes
-----------------------------------------------------------------------------
AND2_X1            NangateOpenCellLibrary
                                  1.064000     880    936.320009  
AND2_X2            NangateOpenCellLibrary
                                  1.330000      25     33.250001  
AND2_X4            NangateOpenCellLibrary
                                  2.394000       3      7.182000  
AND3_X1            NangateOpenCellLibrary
                                  1.330000      99    131.670004  
AND3_X2            NangateOpenCellLibrary
                                  1.596000      14     22.343999  
AND4_X1            NangateOpenCellLibrary
                                  1.596000      81    129.275996  
AND4_X2            NangateOpenCellLibrary
                                  1.862000      14     26.068000  
AOI21_X1           NangateOpenCellLibrary
                                  1.064000     101    107.464001  
AOI22_X1           NangateOpenCellLibrary
                                  1.330000     214    284.620009  
AOI211_X1          NangateOpenCellLibrary
                                  1.330000       2      2.660000  
AOI211_X4          NangateOpenCellLibrary
                                  2.926000       1      2.926000  
AOI222_X1          NangateOpenCellLibrary
                                  2.128000       1      2.128000  
BTB_if_1                       8037.189864       1   8037.189864  h, n
BUF_X1             NangateOpenCellLibrary
                                  0.798000      51     40.697999  
BUF_X2             NangateOpenCellLibrary
                                  1.064000      23     24.472000  
BUF_X4             NangateOpenCellLibrary
                                  1.862000       1      1.862000  
CLKBUF_X1          NangateOpenCellLibrary
                                  0.798000      65     51.869999  
CLKBUF_X2          NangateOpenCellLibrary
                                  1.064000       4      4.256000  
CLKBUF_X3          NangateOpenCellLibrary
                                  1.330000       1      1.330000  
DFFRS_X1           NangateOpenCellLibrary
                                  6.384000       3     19.151999  n
DFF_X1             NangateOpenCellLibrary
                                  4.522000     843   3812.045862  n
DFF_X2             NangateOpenCellLibrary
                                  5.054000      67    338.617993  n
FA_X1              NangateOpenCellLibrary
                                  4.256000     228    970.368010  r
INV_X1             NangateOpenCellLibrary
                                  0.532000    1121    596.372006  
INV_X2             NangateOpenCellLibrary
                                  0.798000      24     19.151999  
INV_X4             NangateOpenCellLibrary
                                  1.330000       6      7.980000  
INV_X8             NangateOpenCellLibrary
                                  2.394000       1      2.394000  
MUX2_X1            NangateOpenCellLibrary
                                  1.862000     121    225.301999  
MUX2_X2            NangateOpenCellLibrary
                                  2.394000       2      4.788000  
NAND2_X1           NangateOpenCellLibrary
                                  0.798000    2205   1759.589952  
NAND2_X2           NangateOpenCellLibrary
                                  1.330000      12     15.960001  
NAND2_X4           NangateOpenCellLibrary
                                  2.394000       4      9.576000  
NAND3_X1           NangateOpenCellLibrary
                                  1.064000      63     67.032001  
NAND4_X1           NangateOpenCellLibrary
                                  1.330000     157    208.810007  
NAND4_X2           NangateOpenCellLibrary
                                  2.394000       2      4.788000  
NOR2_X1            NangateOpenCellLibrary
                                  0.798000     445    355.109990  
NOR2_X2            NangateOpenCellLibrary
                                  1.330000       5      6.650000  
NOR2_X4            NangateOpenCellLibrary
                                  2.394000       2      4.788000  
NOR3_X1            NangateOpenCellLibrary
                                  1.064000      28     29.792000  
NOR4_X1            NangateOpenCellLibrary
                                  1.330000       8     10.640000  
OAI21_X1           NangateOpenCellLibrary
                                  1.064000     381    405.384004  
OAI21_X2           NangateOpenCellLibrary
                                  1.862000       3      5.586000  
OAI22_X1           NangateOpenCellLibrary
                                  1.330000     106    140.980005  
OAI211_X1          NangateOpenCellLibrary
                                  1.330000      85    113.050004  
OAI222_X1          NangateOpenCellLibrary
                                  2.128000      29     61.712001  
OR2_X1             NangateOpenCellLibrary
                                  1.064000    1090   1159.760011  
OR2_X2             NangateOpenCellLibrary
                                  1.330000      24     31.920001  
OR2_X4             NangateOpenCellLibrary
                                  2.394000       2      4.788000  
OR3_X1             NangateOpenCellLibrary
                                  1.330000      70     93.100003  
OR3_X2             NangateOpenCellLibrary
                                  1.596000      15     23.939999  
OR4_X1             NangateOpenCellLibrary
                                  1.596000      61     97.355997  
OR4_X2             NangateOpenCellLibrary
                                  1.862000       2      3.724000  
SDFF_X1            NangateOpenCellLibrary
                                  6.118000       5     30.590000  n
XNOR2_X1           NangateOpenCellLibrary
                                  1.596000     658   1050.167971  
XNOR2_X2           NangateOpenCellLibrary
                                  2.660000       4     10.640000  
XOR2_X1            NangateOpenCellLibrary
                                  1.596000      86    137.255996  
XOR2_X2            NangateOpenCellLibrary
                                  2.394000       2      4.788000  
mem_if_1                         74.480001       1     74.480001  h, n
reg_file_id_1                  9522.799856       1   9522.799856  h, n
-----------------------------------------------------------------------------
Total 59 references                                 31288.515551

****************************************
Design: BTB_if_1 
****************************************
Reference          Library       Unit Area   Count    Total Area   Attributes
-----------------------------------------------------------------------------
AND2_X1            NangateOpenCellLibrary
                                  1.064000      43     45.752000  
AND2_X2            NangateOpenCellLibrary
                                  1.330000       1      1.330000  
AND3_X1            NangateOpenCellLibrary
                                  1.330000       2      2.660000  
AND4_X1            NangateOpenCellLibrary
                                  1.596000     148    236.207994  
AND4_X2            NangateOpenCellLibrary
                                  1.862000       1      1.862000  
AOI21_X1           NangateOpenCellLibrary
                                  1.064000       1      1.064000  
AOI22_X1           NangateOpenCellLibrary
                                  1.330000     445    591.850019  
AOI221_X1          NangateOpenCellLibrary
                                  1.596000       5      7.980000  
BUF_X1             NangateOpenCellLibrary
                                  0.798000       7      5.586000  
BUF_X2             NangateOpenCellLibrary
                                  1.064000      23     24.472000  
CLKBUF_X1          NangateOpenCellLibrary
                                  0.798000       5      3.990000  
CLKBUF_X2          NangateOpenCellLibrary
                                  1.064000       5      5.320000  
CLKBUF_X3          NangateOpenCellLibrary
                                  1.330000       5      6.650000  
DFFRS_X1           NangateOpenCellLibrary
                                  6.384000       1      6.384000  n
DFF_X1             NangateOpenCellLibrary
                                  4.522000     975   4408.949840  n
INV_X1             NangateOpenCellLibrary
                                  0.532000     545    289.940003  
INV_X2             NangateOpenCellLibrary
                                  0.798000       6      4.788000  
INV_X4             NangateOpenCellLibrary
                                  1.330000       2      2.660000  
MUX2_X1            NangateOpenCellLibrary
                                  1.862000     464    863.967995  
NAND2_X1           NangateOpenCellLibrary
                                  0.798000     606    483.587987  
NAND4_X1           NangateOpenCellLibrary
                                  1.330000     145    192.850006  
NOR2_X1            NangateOpenCellLibrary
                                  0.798000      72     57.455998  
NOR2_X2            NangateOpenCellLibrary
                                  1.330000       4      5.320000  
NOR2_X4            NangateOpenCellLibrary
                                  2.394000       7     16.758000  
NOR3_X1            NangateOpenCellLibrary
                                  1.064000       1      1.064000  
OAI21_X1           NangateOpenCellLibrary
                                  1.064000      19     20.216000  
OAI22_X1           NangateOpenCellLibrary
                                  1.330000     487    647.710021  
OAI211_X1          NangateOpenCellLibrary
                                  1.330000       4      5.320000  
OAI221_X1          NangateOpenCellLibrary
                                  1.596000       5      7.980000  
OR2_X1             NangateOpenCellLibrary
                                  1.064000      63     67.032001  
OR3_X1             NangateOpenCellLibrary
                                  1.330000       1      1.330000  
XNOR2_X1           NangateOpenCellLibrary
                                  1.596000      11     17.556000  
XOR2_X1            NangateOpenCellLibrary
                                  1.596000       1      1.596000  
-----------------------------------------------------------------------------
Total 33 references                                  8037.189864

****************************************
Design: mem_if_1 
****************************************
Reference          Library       Unit Area   Count    Total Area   Attributes
-----------------------------------------------------------------------------
INV_X1             NangateOpenCellLibrary
                                  0.532000       3      1.596000  
NAND2_X1           NangateOpenCellLibrary
                                  0.798000       1      0.798000  
NOR2_X1            NangateOpenCellLibrary
                                  0.798000       5      3.990000  
TBUF_X1            NangateOpenCellLibrary
                                  2.128000      32     68.096001  n
-----------------------------------------------------------------------------
Total 4 references                                     74.480001

****************************************
Design: reg_file_id_1 
****************************************
Reference          Library       Unit Area   Count    Total Area   Attributes
-----------------------------------------------------------------------------
AND2_X1            NangateOpenCellLibrary
                                  1.064000     156    165.984002  
AND2_X2            NangateOpenCellLibrary
                                  1.330000      18     23.940001  
AND3_X1            NangateOpenCellLibrary
                                  1.330000      35     46.550002  
AND4_X1            NangateOpenCellLibrary
                                  1.596000     137    218.651994  
AOI21_X1           NangateOpenCellLibrary
                                  1.064000      13     13.832000  
AOI22_X1           NangateOpenCellLibrary
                                  1.330000     545    724.850023  
AOI211_X1          NangateOpenCellLibrary
                                  1.330000      33     43.890001  
BUF_X1             NangateOpenCellLibrary
                                  0.798000      23     18.353999  
BUF_X2             NangateOpenCellLibrary
                                  1.064000       3      3.192000  
CLKBUF_X1          NangateOpenCellLibrary
                                  0.798000      26     20.747999  
CLKBUF_X2          NangateOpenCellLibrary
                                  1.064000       9      9.576000  
DFF_X1             NangateOpenCellLibrary
                                  4.522000    1005   4544.609835  n
INV_X1             NangateOpenCellLibrary
                                  0.532000      82     43.624000  
INV_X2             NangateOpenCellLibrary
                                  0.798000      37     29.525999  
MUX2_X1            NangateOpenCellLibrary
                                  1.862000      33     61.446000  
NAND2_X1           NangateOpenCellLibrary
                                  0.798000     606    483.587987  
NAND2_X2           NangateOpenCellLibrary
                                  1.330000      32     42.560001  
NAND3_X1           NangateOpenCellLibrary
                                  1.064000       7      7.448000  
NAND4_X1           NangateOpenCellLibrary
                                  1.330000     187    248.710008  
NOR2_X1            NangateOpenCellLibrary
                                  0.798000    1146    914.507975  
NOR2_X2            NangateOpenCellLibrary
                                  1.330000       1      1.330000  
NOR4_X1            NangateOpenCellLibrary
                                  1.330000      27     35.910001  
OAI21_X1           NangateOpenCellLibrary
                                  1.064000     115    122.360001  
OAI22_X1           NangateOpenCellLibrary
                                  1.330000     298    396.340013  
OAI211_X1          NangateOpenCellLibrary
                                  1.330000       1      1.330000  
OR2_X1             NangateOpenCellLibrary
                                  1.064000    1124   1195.936012  
OR2_X2             NangateOpenCellLibrary
                                  1.330000      22     29.260001  
OR3_X1             NangateOpenCellLibrary
                                  1.330000      21     27.930001  
OR4_X2             NangateOpenCellLibrary
                                  1.862000       1      1.862000  
SDFF_X1            NangateOpenCellLibrary
                                  6.118000       5     30.590000  n
XNOR2_X1           NangateOpenCellLibrary
                                  1.596000       7     11.172000  
XOR2_X1            NangateOpenCellLibrary
                                  1.596000       2      3.192000  
-----------------------------------------------------------------------------
Total 32 references                                  9522.799856
1
