 
****************************************
Report : clock_gating
Design : dlx
Version: W-2024.09-SP2
Date   : Wed Sep 16 06:03:15 2026
****************************************

Information: Identification of clock-gating cells has not been performed. Pre-existing clock-gating cells will not be reported. (PWR-947)


                             Clock Gating Summary
          ------------------------------------------------------------
          |    Number of Clock gating elements    |       52         |
          |                                       |                  |
          |    Number of Gated registers          |  2565 (98.69%)   |
          |                                       |                  |
          |    Number of Ungated registers        |    34 (1.31%)    |
          |                                       |                  |
          |    Total number of registers          |     2599         |
          ------------------------------------------------------------



                             Clock Gating Report by Origin
          +-------------------------------------------------+------------------+
          |                                                 |    Actual (%)    |
          |                                                 |    Count         |
          +-------------------------------------------------+------------------+
          |  Number of tool-inserted clock gating elements  |    52 (100.00%)  |
          |                                                 |                  |
          |  Number of pre-existing clock gating elements   |     0 (0.00%)    |
          |                                                 |                  |
          |  Number of gated registers                      |  2565 (98.69%)   |
          |                                                 |                  |
          |  Number of tool-inserted gated registers        |  2565 (98.69%)   |
          |                                                 |                  |
          |  Number of pre-existing gated registers         |     0 (0.00%)    |
          |                                                 |                  |
          |  Number of ungated registers                    |    34 (1.31%)    |
          |                                                 |                  |
          |  Number of registers                            |     2599         |
          +-------------------------------------------------+------------------+



1
