 
****************************************
Report : qor
Design : dlx
Version: W-2024.09-SP2
Date   : Wed Sep 16 14:11:08 2026
****************************************


  Timing Path Group 'clk'
  -----------------------------------
  Levels of Logic:              22.00
  Critical Path Length:          1.20
  Critical Path Slack:           0.06
  Critical Path Clk Period:      1.30
  Total Negative Slack:          0.00
  No. of Violating Paths:        0.00
  Worst Hold Violation:          0.00
  Total Hold Violation:          0.00
  No. of Hold Violations:        0.00
  -----------------------------------


  Cell Count
  -----------------------------------
  Hierarchical Cell Count:          2
  Hierarchical Port Count:        281
  Leaf Cell Count:              21120
  Buf/Inv Cell Count:            1714
  Buf Cell Count:                 185
  Inv Cell Count:                1529
  CT Buf/Inv Cell Count:            0
  Combinational Cell Count:     18095
  Sequential Cell Count:         3025
  Macro Count:                      0
  -----------------------------------


  Area
  -----------------------------------
  Combinational Area:    19651.015961
  Noncombinational Area: 13785.183508
  Buf/Inv Area:            998.032005
  Total Buffer Area:           165.98
  Total Inverter Area:         832.05
  Macro/Black Box Area:      0.000000
  Net Area:                  0.000000
  -----------------------------------
  Cell Area:             33436.199469
  Design Area:           33436.199469


  Design Rules
  -----------------------------------
  Total Number of Nets:         22052
  Nets With Violations:             0
  Max Trans Violations:             0
  Max Cap Violations:               0
  -----------------------------------


  Hostname: microsys.openstack.polito

  Compile CPU Statistics
  -----------------------------------------
  Resource Sharing:                    0.01
  Logic Optimization:                  0.78
  Mapping Optimization:               25.12
  -----------------------------------------
  Overall Compile Time:               48.27
  Overall Compile Wall Clock Time:    49.01

  --------------------------------------------------------------------

  Design  WNS: 0.00  TNS: 0.00  Number of Violating Paths: 0


  Design (Hold)  WNS: 0.00  TNS: 0.00  Number of Violating Paths: 0

  --------------------------------------------------------------------


1
