 
****************************************
Report : timing
        -path full
        -delay min
        -nworst 5
        -max_paths 20
Design : dlx
Version: W-2024.09-SP2
Date   : Wed Sep 16 14:11:08 2026
****************************************

 # A fanout number of 1000 was used for high fanout net computations.

Operating Conditions: typical   Library: NangateOpenCellLibrary
Wire Load Model Mode: top

  Startpoint: control_unit_inst/ctrl_ID_EX_reg[MEM_WRT_EN]
              (rising edge-triggered flip-flop clocked by clk)
  Endpoint: control_unit_inst/ctrl_EX_MM_reg[MEM_WRT_EN]
            (rising edge-triggered flip-flop clocked by clk)
  Path Group: clk
  Path Type: min

  Des/Clust/Port     Wire Load Model       Library
  ------------------------------------------------
  dlx                5K_hvratio_1_1        NangateOpenCellLibrary

  Point                                                   Incr       Path
  --------------------------------------------------------------------------
  clock clk (rise edge)                                   0.00       0.00
  clock network delay (ideal)                             0.00       0.00
  control_unit_inst/ctrl_ID_EX_reg[MEM_WRT_EN]/CK (SDFF_X1)
                                                          0.00 #     0.00 r
  control_unit_inst/ctrl_ID_EX_reg[MEM_WRT_EN]/Q (SDFF_X1)
                                                          0.06       0.06 r
  U14845/ZN (OAI22_X1)                                    0.02       0.08 f
  control_unit_inst/ctrl_EX_MM_reg[MEM_WRT_EN]/D (DFF_X1)
                                                          0.01       0.09 f
  data arrival time                                                  0.09

  clock clk (rise edge)                                   0.00       0.00
  clock network delay (ideal)                             0.00       0.00
  control_unit_inst/ctrl_EX_MM_reg[MEM_WRT_EN]/CK (DFF_X1)
                                                          0.00       0.00 r
  library hold time                                       0.00       0.00
  data required time                                                 0.00
  --------------------------------------------------------------------------
  data required time                                                 0.00
  data arrival time                                                 -0.09
  --------------------------------------------------------------------------
  slack (MET)                                                        0.09


  Startpoint: if_stage_inst/current_pc_reg/reg_data_reg[0]
              (rising edge-triggered flip-flop clocked by clk)
  Endpoint: R_1931 (rising edge-triggered flip-flop clocked by clk)
  Path Group: clk
  Path Type: min

  Des/Clust/Port     Wire Load Model       Library
  ------------------------------------------------
  dlx                5K_hvratio_1_1        NangateOpenCellLibrary

  Point                                                   Incr       Path
  --------------------------------------------------------------------------
  clock clk (rise edge)                                   0.00       0.00
  clock network delay (ideal)                             0.00       0.00
  if_stage_inst/current_pc_reg/reg_data_reg[0]/CK (DFF_X1)
                                                          0.00 #     0.00 r
  if_stage_inst/current_pc_reg/reg_data_reg[0]/Q (DFF_X1)
                                                          0.08       0.08 f
  R_1931/D (DFF_X1)                                       0.01       0.09 f
  data arrival time                                                  0.09

  clock clk (rise edge)                                   0.00       0.00
  clock network delay (ideal)                             0.00       0.00
  R_1931/CK (DFF_X1)                                      0.00       0.00 r
  library hold time                                       0.00       0.00
  data required time                                                 0.00
  --------------------------------------------------------------------------
  data required time                                                 0.00
  data arrival time                                                 -0.09
  --------------------------------------------------------------------------
  slack (MET)                                                        0.09


  Startpoint: control_unit_inst/ctrl_ID_EX_reg[MEM_WRT_EN]
              (rising edge-triggered flip-flop clocked by clk)
  Endpoint: control_unit_inst/ctrl_EX_MM_reg[MEM_WRT_EN]
            (rising edge-triggered flip-flop clocked by clk)
  Path Group: clk
  Path Type: min

  Des/Clust/Port     Wire Load Model       Library
  ------------------------------------------------
  dlx                5K_hvratio_1_1        NangateOpenCellLibrary

  Point                                                   Incr       Path
  --------------------------------------------------------------------------
  clock clk (rise edge)                                   0.00       0.00
  clock network delay (ideal)                             0.00       0.00
  control_unit_inst/ctrl_ID_EX_reg[MEM_WRT_EN]/CK (SDFF_X1)
                                                          0.00 #     0.00 r
  control_unit_inst/ctrl_ID_EX_reg[MEM_WRT_EN]/Q (SDFF_X1)
                                                          0.06       0.06 r
  U14845/ZN (OAI22_X1)                                    0.03       0.09 f
  control_unit_inst/ctrl_EX_MM_reg[MEM_WRT_EN]/D (DFF_X1)
                                                          0.01       0.09 f
  data arrival time                                                  0.09

  clock clk (rise edge)                                   0.00       0.00
  clock network delay (ideal)                             0.00       0.00
  control_unit_inst/ctrl_EX_MM_reg[MEM_WRT_EN]/CK (DFF_X1)
                                                          0.00       0.00 r
  library hold time                                       0.00       0.00
  data required time                                                 0.00
  --------------------------------------------------------------------------
  data required time                                                 0.00
  data arrival time                                                 -0.09
  --------------------------------------------------------------------------
  slack (MET)                                                        0.09


  Startpoint: R_2057 (rising edge-triggered flip-flop clocked by clk)
  Endpoint: ex_stage_inst/rs_addr_reg/reg_data_reg[4]
            (rising edge-triggered flip-flop clocked by clk)
  Path Group: clk
  Path Type: min

  Des/Clust/Port     Wire Load Model       Library
  ------------------------------------------------
  dlx                5K_hvratio_1_1        NangateOpenCellLibrary

  Point                                                   Incr       Path
  --------------------------------------------------------------------------
  clock clk (rise edge)                                   0.00       0.00
  clock network delay (ideal)                             0.00       0.00
  R_2057/CK (DFF_X1)                                      0.00 #     0.00 r
  R_2057/QN (DFF_X1)                                      0.06       0.06 r
  U14856/ZN (OAI22_X1)                                    0.02       0.09 f
  ex_stage_inst/rs_addr_reg/reg_data_reg[4]/D (DFF_X1)
                                                          0.01       0.09 f
  data arrival time                                                  0.09

  clock clk (rise edge)                                   0.00       0.00
  clock network delay (ideal)                             0.00       0.00
  ex_stage_inst/rs_addr_reg/reg_data_reg[4]/CK (DFF_X1)
                                                          0.00       0.00 r
  library hold time                                       0.00       0.00
  data required time                                                 0.00
  --------------------------------------------------------------------------
  data required time                                                 0.00
  data arrival time                                                 -0.09
  --------------------------------------------------------------------------
  slack (MET)                                                        0.09


  Startpoint: control_unit_inst/ctrl_ID_EX_reg[WB_EN]
              (rising edge-triggered flip-flop clocked by clk)
  Endpoint: control_unit_inst/ctrl_EX_MM_reg[WB_EN]
            (rising edge-triggered flip-flop clocked by clk)
  Path Group: clk
  Path Type: min

  Des/Clust/Port     Wire Load Model       Library
  ------------------------------------------------
  dlx                5K_hvratio_1_1        NangateOpenCellLibrary

  Point                                                   Incr       Path
  --------------------------------------------------------------------------
  clock clk (rise edge)                                   0.00       0.00
  clock network delay (ideal)                             0.00       0.00
  control_unit_inst/ctrl_ID_EX_reg[WB_EN]/CK (DFF_X1)     0.00 #     0.00 r
  control_unit_inst/ctrl_ID_EX_reg[WB_EN]/QN (DFF_X1)     0.06       0.06 r
  U13741/ZN (OAI22_X1)                                    0.02       0.09 f
  control_unit_inst/ctrl_EX_MM_reg[WB_EN]/D (DFF_X1)      0.01       0.09 f
  data arrival time                                                  0.09

  clock clk (rise edge)                                   0.00       0.00
  clock network delay (ideal)                             0.00       0.00
  control_unit_inst/ctrl_EX_MM_reg[WB_EN]/CK (DFF_X1)     0.00       0.00 r
  library hold time                                       0.00       0.00
  data required time                                                 0.00
  --------------------------------------------------------------------------
  data required time                                                 0.00
  data arrival time                                                 -0.09
  --------------------------------------------------------------------------
  slack (MET)                                                        0.09


  Startpoint: if_stage_inst/current_pc_reg/reg_data_reg[0]
              (rising edge-triggered flip-flop clocked by clk)
  Endpoint: R_1931 (rising edge-triggered flip-flop clocked by clk)
  Path Group: clk
  Path Type: min

  Des/Clust/Port     Wire Load Model       Library
  ------------------------------------------------
  dlx                5K_hvratio_1_1        NangateOpenCellLibrary

  Point                                                   Incr       Path
  --------------------------------------------------------------------------
  clock clk (rise edge)                                   0.00       0.00
  clock network delay (ideal)                             0.00       0.00
  if_stage_inst/current_pc_reg/reg_data_reg[0]/CK (DFF_X1)
                                                          0.00 #     0.00 r
  if_stage_inst/current_pc_reg/reg_data_reg[0]/Q (DFF_X1)
                                                          0.09       0.09 r
  R_1931/D (DFF_X1)                                       0.01       0.10 r
  data arrival time                                                  0.10

  clock clk (rise edge)                                   0.00       0.00
  clock network delay (ideal)                             0.00       0.00
  R_1931/CK (DFF_X1)                                      0.00       0.00 r
  library hold time                                       0.01       0.01
  data required time                                                 0.01
  --------------------------------------------------------------------------
  data required time                                                 0.01
  data arrival time                                                 -0.10
  --------------------------------------------------------------------------
  slack (MET)                                                        0.09


  Startpoint: R_2057 (rising edge-triggered flip-flop clocked by clk)
  Endpoint: ex_stage_inst/rs_addr_reg/reg_data_reg[4]
            (rising edge-triggered flip-flop clocked by clk)
  Path Group: clk
  Path Type: min

  Des/Clust/Port     Wire Load Model       Library
  ------------------------------------------------
  dlx                5K_hvratio_1_1        NangateOpenCellLibrary

  Point                                                   Incr       Path
  --------------------------------------------------------------------------
  clock clk (rise edge)                                   0.00       0.00
  clock network delay (ideal)                             0.00       0.00
  R_2057/CK (DFF_X1)                                      0.00 #     0.00 r
  R_2057/QN (DFF_X1)                                      0.06       0.06 r
  U14856/ZN (OAI22_X1)                                    0.03       0.09 f
  ex_stage_inst/rs_addr_reg/reg_data_reg[4]/D (DFF_X1)
                                                          0.01       0.10 f
  data arrival time                                                  0.10

  clock clk (rise edge)                                   0.00       0.00
  clock network delay (ideal)                             0.00       0.00
  ex_stage_inst/rs_addr_reg/reg_data_reg[4]/CK (DFF_X1)
                                                          0.00       0.00 r
  library hold time                                       0.00       0.00
  data required time                                                 0.00
  --------------------------------------------------------------------------
  data required time                                                 0.00
  data arrival time                                                 -0.10
  --------------------------------------------------------------------------
  slack (MET)                                                        0.10


  Startpoint: control_unit_inst/ctrl_ID_EX_reg[WB_EN]
              (rising edge-triggered flip-flop clocked by clk)
  Endpoint: control_unit_inst/ctrl_EX_MM_reg[WB_EN]
            (rising edge-triggered flip-flop clocked by clk)
  Path Group: clk
  Path Type: min

  Des/Clust/Port     Wire Load Model       Library
  ------------------------------------------------
  dlx                5K_hvratio_1_1        NangateOpenCellLibrary

  Point                                                   Incr       Path
  --------------------------------------------------------------------------
  clock clk (rise edge)                                   0.00       0.00
  clock network delay (ideal)                             0.00       0.00
  control_unit_inst/ctrl_ID_EX_reg[WB_EN]/CK (DFF_X1)     0.00 #     0.00 r
  control_unit_inst/ctrl_ID_EX_reg[WB_EN]/QN (DFF_X1)     0.06       0.06 r
  U13741/ZN (OAI22_X1)                                    0.03       0.09 f
  control_unit_inst/ctrl_EX_MM_reg[WB_EN]/D (DFF_X1)      0.01       0.10 f
  data arrival time                                                  0.10

  clock clk (rise edge)                                   0.00       0.00
  clock network delay (ideal)                             0.00       0.00
  control_unit_inst/ctrl_EX_MM_reg[WB_EN]/CK (DFF_X1)     0.00       0.00 r
  library hold time                                       0.00       0.00
  data required time                                                 0.00
  --------------------------------------------------------------------------
  data required time                                                 0.00
  data arrival time                                                 -0.10
  --------------------------------------------------------------------------
  slack (MET)                                                        0.10


  Startpoint: if_stage_inst/current_pc_reg/reg_data_reg[1]
              (rising edge-triggered flip-flop clocked by clk)
  Endpoint: R_1933 (rising edge-triggered flip-flop clocked by clk)
  Path Group: clk
  Path Type: min

  Des/Clust/Port     Wire Load Model       Library
  ------------------------------------------------
  dlx                5K_hvratio_1_1        NangateOpenCellLibrary

  Point                                                   Incr       Path
  --------------------------------------------------------------------------
  clock clk (rise edge)                                   0.00       0.00
  clock network delay (ideal)                             0.00       0.00
  if_stage_inst/current_pc_reg/reg_data_reg[1]/CK (DFF_X1)
                                                          0.00 #     0.00 r
  if_stage_inst/current_pc_reg/reg_data_reg[1]/Q (DFF_X1)
                                                          0.09       0.09 f
  R_1933/D (DFF_X1)                                       0.01       0.10 f
  data arrival time                                                  0.10

  clock clk (rise edge)                                   0.00       0.00
  clock network delay (ideal)                             0.00       0.00
  R_1933/CK (DFF_X1)                                      0.00       0.00 r
  library hold time                                       0.00       0.00
  data required time                                                 0.00
  --------------------------------------------------------------------------
  data required time                                                 0.00
  data arrival time                                                 -0.10
  --------------------------------------------------------------------------
  slack (MET)                                                        0.10


  Startpoint: id_stage_inst/reg_file_inst/reg_file_reg[4][0]
              (rising edge-triggered flip-flop clocked by clk)
  Endpoint: id_stage_inst/reg_file_inst/reg_file_reg[4][0]
            (rising edge-triggered flip-flop clocked by clk)
  Path Group: clk
  Path Type: min

  Des/Clust/Port     Wire Load Model       Library
  ------------------------------------------------
  dlx                5K_hvratio_1_1        NangateOpenCellLibrary

  Point                                                   Incr       Path
  --------------------------------------------------------------------------
  clock clk (rise edge)                                   0.00       0.00
  clock network delay (ideal)                             0.00       0.00
  id_stage_inst/reg_file_inst/reg_file_reg[4][0]/CK (DFF_X1)
                                                          0.00 #     0.00 r
  id_stage_inst/reg_file_inst/reg_file_reg[4][0]/QN (DFF_X1)
                                                          0.06       0.06 r
  id_stage_inst/reg_file_inst/U3826/ZN (OAI21_X1)         0.03       0.09 f
  id_stage_inst/reg_file_inst/reg_file_reg[4][0]/D (DFF_X1)
                                                          0.01       0.10 f
  data arrival time                                                  0.10

  clock clk (rise edge)                                   0.00       0.00
  clock network delay (ideal)                             0.00       0.00
  id_stage_inst/reg_file_inst/reg_file_reg[4][0]/CK (DFF_X1)
                                                          0.00       0.00 r
  library hold time                                       0.00       0.00
  data required time                                                 0.00
  --------------------------------------------------------------------------
  data required time                                                 0.00
  data arrival time                                                 -0.10
  --------------------------------------------------------------------------
  slack (MET)                                                        0.10


  Startpoint: id_stage_inst/reg_file_inst/reg_file_reg[27][0]
              (rising edge-triggered flip-flop clocked by clk)
  Endpoint: id_stage_inst/reg_file_inst/reg_file_reg[27][0]
            (rising edge-triggered flip-flop clocked by clk)
  Path Group: clk
  Path Type: min

  Des/Clust/Port     Wire Load Model       Library
  ------------------------------------------------
  dlx                5K_hvratio_1_1        NangateOpenCellLibrary

  Point                                                   Incr       Path
  --------------------------------------------------------------------------
  clock clk (rise edge)                                   0.00       0.00
  clock network delay (ideal)                             0.00       0.00
  id_stage_inst/reg_file_inst/reg_file_reg[27][0]/CK (DFF_X1)
                                                          0.00 #     0.00 r
  id_stage_inst/reg_file_inst/reg_file_reg[27][0]/QN (DFF_X1)
                                                          0.06       0.06 r
  id_stage_inst/reg_file_inst/U3801/ZN (OAI21_X1)         0.03       0.09 f
  id_stage_inst/reg_file_inst/reg_file_reg[27][0]/D (DFF_X1)
                                                          0.01       0.10 f
  data arrival time                                                  0.10

  clock clk (rise edge)                                   0.00       0.00
  clock network delay (ideal)                             0.00       0.00
  id_stage_inst/reg_file_inst/reg_file_reg[27][0]/CK (DFF_X1)
                                                          0.00       0.00 r
  library hold time                                       0.00       0.00
  data required time                                                 0.00
  --------------------------------------------------------------------------
  data required time                                                 0.00
  data arrival time                                                 -0.10
  --------------------------------------------------------------------------
  slack (MET)                                                        0.10


  Startpoint: id_stage_inst/reg_file_inst/reg_file_reg[8][0]
              (rising edge-triggered flip-flop clocked by clk)
  Endpoint: id_stage_inst/reg_file_inst/reg_file_reg[8][0]
            (rising edge-triggered flip-flop clocked by clk)
  Path Group: clk
  Path Type: min

  Des/Clust/Port     Wire Load Model       Library
  ------------------------------------------------
  dlx                5K_hvratio_1_1        NangateOpenCellLibrary

  Point                                                   Incr       Path
  --------------------------------------------------------------------------
  clock clk (rise edge)                                   0.00       0.00
  clock network delay (ideal)                             0.00       0.00
  id_stage_inst/reg_file_inst/reg_file_reg[8][0]/CK (DFF_X1)
                                                          0.00 #     0.00 r
  id_stage_inst/reg_file_inst/reg_file_reg[8][0]/QN (DFF_X1)
                                                          0.06       0.06 r
  id_stage_inst/reg_file_inst/U3789/ZN (OAI21_X1)         0.03       0.09 f
  id_stage_inst/reg_file_inst/reg_file_reg[8][0]/D (DFF_X1)
                                                          0.01       0.10 f
  data arrival time                                                  0.10

  clock clk (rise edge)                                   0.00       0.00
  clock network delay (ideal)                             0.00       0.00
  id_stage_inst/reg_file_inst/reg_file_reg[8][0]/CK (DFF_X1)
                                                          0.00       0.00 r
  library hold time                                       0.00       0.00
  data required time                                                 0.00
  --------------------------------------------------------------------------
  data required time                                                 0.00
  data arrival time                                                 -0.10
  --------------------------------------------------------------------------
  slack (MET)                                                        0.10


  Startpoint: control_unit_inst/ctrl_ID_EX_reg[MEM_WRT_EN]
              (rising edge-triggered flip-flop clocked by clk)
  Endpoint: control_unit_inst/ctrl_EX_MM_reg[MEM_WRT_EN]
            (rising edge-triggered flip-flop clocked by clk)
  Path Group: clk
  Path Type: min

  Des/Clust/Port     Wire Load Model       Library
  ------------------------------------------------
  dlx                5K_hvratio_1_1        NangateOpenCellLibrary

  Point                                                   Incr       Path
  --------------------------------------------------------------------------
  clock clk (rise edge)                                   0.00       0.00
  clock network delay (ideal)                             0.00       0.00
  control_unit_inst/ctrl_ID_EX_reg[MEM_WRT_EN]/CK (SDFF_X1)
                                                          0.00 #     0.00 r
  control_unit_inst/ctrl_ID_EX_reg[MEM_WRT_EN]/Q (SDFF_X1)
                                                          0.06       0.06 r
  U14845/ZN (OAI22_X1)                                    0.03       0.09 f
  control_unit_inst/ctrl_EX_MM_reg[MEM_WRT_EN]/D (DFF_X1)
                                                          0.01       0.10 f
  data arrival time                                                  0.10

  clock clk (rise edge)                                   0.00       0.00
  clock network delay (ideal)                             0.00       0.00
  control_unit_inst/ctrl_EX_MM_reg[MEM_WRT_EN]/CK (DFF_X1)
                                                          0.00       0.00 r
  library hold time                                       0.00       0.00
  data required time                                                 0.00
  --------------------------------------------------------------------------
  data required time                                                 0.00
  data arrival time                                                 -0.10
  --------------------------------------------------------------------------
  slack (MET)                                                        0.10


  Startpoint: ex_stage_inst/mult_pp_inst/inst_reg_rd/reg_data_reg[4]
              (rising edge-triggered flip-flop clocked by clk)
  Endpoint: ex_stage_inst/mult_pp_inst/inst_reg_rd/reg_data_reg[4]
            (rising edge-triggered flip-flop clocked by clk)
  Path Group: clk
  Path Type: min

  Des/Clust/Port     Wire Load Model       Library
  ------------------------------------------------
  dlx                5K_hvratio_1_1        NangateOpenCellLibrary

  Point                                                   Incr       Path
  --------------------------------------------------------------------------
  clock clk (rise edge)                                   0.00       0.00
  clock network delay (ideal)                             0.00       0.00
  ex_stage_inst/mult_pp_inst/inst_reg_rd/reg_data_reg[4]/CK (DFF_X1)
                                                          0.00 #     0.00 r
  ex_stage_inst/mult_pp_inst/inst_reg_rd/reg_data_reg[4]/QN (DFF_X1)
                                                          0.06       0.06 r
  U13758/ZN (OAI22_X1)                                    0.03       0.09 f
  ex_stage_inst/mult_pp_inst/inst_reg_rd/reg_data_reg[4]/D (DFF_X1)
                                                          0.01       0.10 f
  data arrival time                                                  0.10

  clock clk (rise edge)                                   0.00       0.00
  clock network delay (ideal)                             0.00       0.00
  ex_stage_inst/mult_pp_inst/inst_reg_rd/reg_data_reg[4]/CK (DFF_X1)
                                                          0.00       0.00 r
  library hold time                                       0.00       0.00
  data required time                                                 0.00
  --------------------------------------------------------------------------
  data required time                                                 0.00
  data arrival time                                                 -0.10
  --------------------------------------------------------------------------
  slack (MET)                                                        0.10


  Startpoint: control_unit_inst/ctrl_EX_MM_reg[MEM_RD_EN]
              (rising edge-triggered flip-flop clocked by clk)
  Endpoint: control_unit_inst/ctrl_EX_MM_reg[MEM_RD_EN]
            (rising edge-triggered flip-flop clocked by clk)
  Path Group: clk
  Path Type: min

  Des/Clust/Port     Wire Load Model       Library
  ------------------------------------------------
  dlx                5K_hvratio_1_1        NangateOpenCellLibrary

  Point                                                   Incr       Path
  --------------------------------------------------------------------------
  clock clk (rise edge)                                   0.00       0.00
  clock network delay (ideal)                             0.00       0.00
  control_unit_inst/ctrl_EX_MM_reg[MEM_RD_EN]/CK (DFF_X1)
                                                          0.00 #     0.00 r
  control_unit_inst/ctrl_EX_MM_reg[MEM_RD_EN]/QN (DFF_X1)
                                                          0.06       0.06 r
  U14843/ZN (OAI22_X1)                                    0.03       0.09 f
  control_unit_inst/ctrl_EX_MM_reg[MEM_RD_EN]/D (DFF_X1)
                                                          0.01       0.10 f
  data arrival time                                                  0.10

  clock clk (rise edge)                                   0.00       0.00
  clock network delay (ideal)                             0.00       0.00
  control_unit_inst/ctrl_EX_MM_reg[MEM_RD_EN]/CK (DFF_X1)
                                                          0.00       0.00 r
  library hold time                                       0.00       0.00
  data required time                                                 0.00
  --------------------------------------------------------------------------
  data required time                                                 0.00
  data arrival time                                                 -0.10
  --------------------------------------------------------------------------
  slack (MET)                                                        0.10


  Startpoint: ex_stage_inst/mult_pp_inst/inst_reg_rd/reg_data_reg[0]
              (rising edge-triggered flip-flop clocked by clk)
  Endpoint: ex_stage_inst/mult_pp_inst/inst_reg_rd/reg_data_reg[0]
            (rising edge-triggered flip-flop clocked by clk)
  Path Group: clk
  Path Type: min

  Des/Clust/Port     Wire Load Model       Library
  ------------------------------------------------
  dlx                5K_hvratio_1_1        NangateOpenCellLibrary

  Point                                                   Incr       Path
  --------------------------------------------------------------------------
  clock clk (rise edge)                                   0.00       0.00
  clock network delay (ideal)                             0.00       0.00
  ex_stage_inst/mult_pp_inst/inst_reg_rd/reg_data_reg[0]/CK (DFF_X1)
                                                          0.00 #     0.00 r
  ex_stage_inst/mult_pp_inst/inst_reg_rd/reg_data_reg[0]/QN (DFF_X1)
                                                          0.06       0.06 r
  U13771/ZN (OAI22_X1)                                    0.03       0.09 f
  ex_stage_inst/mult_pp_inst/inst_reg_rd/reg_data_reg[0]/D (DFF_X1)
                                                          0.01       0.10 f
  data arrival time                                                  0.10

  clock clk (rise edge)                                   0.00       0.00
  clock network delay (ideal)                             0.00       0.00
  ex_stage_inst/mult_pp_inst/inst_reg_rd/reg_data_reg[0]/CK (DFF_X1)
                                                          0.00       0.00 r
  library hold time                                       0.00       0.00
  data required time                                                 0.00
  --------------------------------------------------------------------------
  data required time                                                 0.00
  data arrival time                                                 -0.10
  --------------------------------------------------------------------------
  slack (MET)                                                        0.10


  Startpoint: ex_stage_inst/mult_pp_inst/inst_reg_rd/reg_data_reg[3]
              (rising edge-triggered flip-flop clocked by clk)
  Endpoint: ex_stage_inst/mult_pp_inst/inst_reg_rd/reg_data_reg[3]
            (rising edge-triggered flip-flop clocked by clk)
  Path Group: clk
  Path Type: min

  Des/Clust/Port     Wire Load Model       Library
  ------------------------------------------------
  dlx                5K_hvratio_1_1        NangateOpenCellLibrary

  Point                                                   Incr       Path
  --------------------------------------------------------------------------
  clock clk (rise edge)                                   0.00       0.00
  clock network delay (ideal)                             0.00       0.00
  ex_stage_inst/mult_pp_inst/inst_reg_rd/reg_data_reg[3]/CK (DFF_X1)
                                                          0.00 #     0.00 r
  ex_stage_inst/mult_pp_inst/inst_reg_rd/reg_data_reg[3]/QN (DFF_X1)
                                                          0.06       0.06 r
  U13750/ZN (OAI22_X1)                                    0.03       0.09 f
  ex_stage_inst/mult_pp_inst/inst_reg_rd/reg_data_reg[3]/D (DFF_X1)
                                                          0.01       0.10 f
  data arrival time                                                  0.10

  clock clk (rise edge)                                   0.00       0.00
  clock network delay (ideal)                             0.00       0.00
  ex_stage_inst/mult_pp_inst/inst_reg_rd/reg_data_reg[3]/CK (DFF_X1)
                                                          0.00       0.00 r
  library hold time                                       0.00       0.00
  data required time                                                 0.00
  --------------------------------------------------------------------------
  data required time                                                 0.00
  data arrival time                                                 -0.10
  --------------------------------------------------------------------------
  slack (MET)                                                        0.10


  Startpoint: ex_stage_inst/mult_pp_inst/inst_reg_rd/reg_data_reg[2]
              (rising edge-triggered flip-flop clocked by clk)
  Endpoint: ex_stage_inst/mult_pp_inst/inst_reg_rd/reg_data_reg[2]
            (rising edge-triggered flip-flop clocked by clk)
  Path Group: clk
  Path Type: min

  Des/Clust/Port     Wire Load Model       Library
  ------------------------------------------------
  dlx                5K_hvratio_1_1        NangateOpenCellLibrary

  Point                                                   Incr       Path
  --------------------------------------------------------------------------
  clock clk (rise edge)                                   0.00       0.00
  clock network delay (ideal)                             0.00       0.00
  ex_stage_inst/mult_pp_inst/inst_reg_rd/reg_data_reg[2]/CK (DFF_X1)
                                                          0.00 #     0.00 r
  ex_stage_inst/mult_pp_inst/inst_reg_rd/reg_data_reg[2]/QN (DFF_X1)
                                                          0.06       0.06 r
  U13781/ZN (OAI22_X1)                                    0.03       0.09 f
  ex_stage_inst/mult_pp_inst/inst_reg_rd/reg_data_reg[2]/D (DFF_X1)
                                                          0.01       0.10 f
  data arrival time                                                  0.10

  clock clk (rise edge)                                   0.00       0.00
  clock network delay (ideal)                             0.00       0.00
  ex_stage_inst/mult_pp_inst/inst_reg_rd/reg_data_reg[2]/CK (DFF_X1)
                                                          0.00       0.00 r
  library hold time                                       0.00       0.00
  data required time                                                 0.00
  --------------------------------------------------------------------------
  data required time                                                 0.00
  data arrival time                                                 -0.10
  --------------------------------------------------------------------------
  slack (MET)                                                        0.10


  Startpoint: ex_stage_inst/mult_pp_inst/inst_reg_rd/reg_data_reg[1]
              (rising edge-triggered flip-flop clocked by clk)
  Endpoint: ex_stage_inst/mult_pp_inst/inst_reg_rd/reg_data_reg[1]
            (rising edge-triggered flip-flop clocked by clk)
  Path Group: clk
  Path Type: min

  Des/Clust/Port     Wire Load Model       Library
  ------------------------------------------------
  dlx                5K_hvratio_1_1        NangateOpenCellLibrary

  Point                                                   Incr       Path
  --------------------------------------------------------------------------
  clock clk (rise edge)                                   0.00       0.00
  clock network delay (ideal)                             0.00       0.00
  ex_stage_inst/mult_pp_inst/inst_reg_rd/reg_data_reg[1]/CK (DFF_X1)
                                                          0.00 #     0.00 r
  ex_stage_inst/mult_pp_inst/inst_reg_rd/reg_data_reg[1]/QN (DFF_X1)
                                                          0.06       0.06 r
  U13791/ZN (OAI22_X1)                                    0.03       0.09 f
  ex_stage_inst/mult_pp_inst/inst_reg_rd/reg_data_reg[1]/D (DFF_X1)
                                                          0.01       0.10 f
  data arrival time                                                  0.10

  clock clk (rise edge)                                   0.00       0.00
  clock network delay (ideal)                             0.00       0.00
  ex_stage_inst/mult_pp_inst/inst_reg_rd/reg_data_reg[1]/CK (DFF_X1)
                                                          0.00       0.00 r
  library hold time                                       0.00       0.00
  data required time                                                 0.00
  --------------------------------------------------------------------------
  data required time                                                 0.00
  data arrival time                                                 -0.10
  --------------------------------------------------------------------------
  slack (MET)                                                        0.10


  Startpoint: control_unit_inst/ctrl_EX_MM_reg[MEM_WRT_EN]
              (rising edge-triggered flip-flop clocked by clk)
  Endpoint: control_unit_inst/ctrl_EX_MM_reg[MEM_WRT_EN]
            (rising edge-triggered flip-flop clocked by clk)
  Path Group: clk
  Path Type: min

  Des/Clust/Port     Wire Load Model       Library
  ------------------------------------------------
  dlx                5K_hvratio_1_1        NangateOpenCellLibrary

  Point                                                   Incr       Path
  --------------------------------------------------------------------------
  clock clk (rise edge)                                   0.00       0.00
  clock network delay (ideal)                             0.00       0.00
  control_unit_inst/ctrl_EX_MM_reg[MEM_WRT_EN]/CK (DFF_X1)
                                                          0.00 #     0.00 r
  control_unit_inst/ctrl_EX_MM_reg[MEM_WRT_EN]/QN (DFF_X1)
                                                          0.06       0.06 r
  U14845/ZN (OAI22_X1)                                    0.03       0.09 f
  control_unit_inst/ctrl_EX_MM_reg[MEM_WRT_EN]/D (DFF_X1)
                                                          0.01       0.10 f
  data arrival time                                                  0.10

  clock clk (rise edge)                                   0.00       0.00
  clock network delay (ideal)                             0.00       0.00
  control_unit_inst/ctrl_EX_MM_reg[MEM_WRT_EN]/CK (DFF_X1)
                                                          0.00       0.00 r
  library hold time                                       0.00       0.00
  data required time                                                 0.00
  --------------------------------------------------------------------------
  data required time                                                 0.00
  data arrival time                                                 -0.10
  --------------------------------------------------------------------------
  slack (MET)                                                        0.10


1
