 
****************************************
Report : qor
Design : dlx
Version: W-2024.09-SP2
Date   : Thu Sep 17 15:15:02 2026
****************************************


  Timing Path Group 'clk'
  -----------------------------------
  Levels of Logic:              36.00
  Critical Path Length:          1.72
  Critical Path Slack:           0.00
  Critical Path Clk Period:      1.86
  Total Negative Slack:          0.00
  No. of Violating Paths:        0.00
  Worst Hold Violation:          0.00
  Total Hold Violation:          0.00
  No. of Hold Violations:        0.00
  -----------------------------------


  Cell Count
  -----------------------------------
  Hierarchical Cell Count:        102
  Hierarchical Port Count:        716
  Leaf Cell Count:              14198
  Buf/Inv Cell Count:            1306
  Buf Cell Count:                 189
  Inv Cell Count:                1117
  CT Buf/Inv Cell Count:            0
  Combinational Cell Count:     11498
  Sequential Cell Count:         2700
  Macro Count:                      0
  -----------------------------------


  Area
  -----------------------------------
  Combinational Area:    12825.190013
  Noncombinational Area: 12156.731590
  Buf/Inv Area:            771.134004
  Total Buffer Area:           171.04
  Total Inverter Area:         600.10
  Macro/Black Box Area:      0.000000
  Net Area:                  0.000000
  -----------------------------------
  Cell Area:             24981.921603
  Design Area:           24981.921603


  Design Rules
  -----------------------------------
  Total Number of Nets:         14585
  Nets With Violations:             0
  Max Trans Violations:             0
  Max Cap Violations:               0
  -----------------------------------


  Hostname: microsys.openstack.polito

  Compile CPU Statistics
  -----------------------------------------
  Resource Sharing:                    0.01
  Logic Optimization:                  0.50
  Mapping Optimization:               17.56
  -----------------------------------------
  Overall Compile Time:               33.44
  Overall Compile Wall Clock Time:    33.99

  --------------------------------------------------------------------

  Design  WNS: 0.00  TNS: 0.00  Number of Violating Paths: 0


  Design (Hold)  WNS: 0.00  TNS: 0.00  Number of Violating Paths: 0

  --------------------------------------------------------------------


1
