 
****************************************
Report : area
Design : dlx
Version: W-2024.09-SP2
Date   : Wed Sep 16 14:11:46 2026
****************************************

Library(s) Used:

    NangateOpenCellLibrary (File: /home/repository/do/libnandgate/NangateOpenCellLibrary_typical_ecsm.db)

Number of ports:                          407
Number of nets:                         15252
Number of cells:                        14606
Number of combinational cells:          11845
Number of sequential cells:              2687
Number of macros/black boxes:               0
Number of buf/inv:                       1279
Number of references:                      78

Combinational area:              13197.323978
Buf/Inv area:                      748.258003
Noncombinational area:           12244.777610
Macro/Black Box area:                0.000000
Net Interconnect area:      undefined  (Wire load has zero net area)

Total cell area:                 25442.101588
Total area:                 undefined

Hierarchical area distribution
------------------------------

                                  Global cell area            Local cell area
                                  -------------------  ------------------------------ 
Hierarchical cell                 Absolute    Percent  Combi-      Noncombi-   Black-
                                  Total       Total    national    national    boxes   Design
--------------------------------  ----------  -------  ----------  ----------  ------  ---------------------------------------------------
dlx                               25442.1016    100.0  10638.4040   7469.5458  0.0000  dlx
ex_stage_inst/mult_pp_inst/tree_i/clk_gate_valid_o_reg
                                      3.7240      0.0      1.0640      2.6600  0.0000  SNPS_CLOCK_GATE_HIGH_dadda_tree_1
id_stage_inst/pc_plus4_reg/clk_gate_reg_data_reg
                                      3.7240      0.0      1.0640      2.6600  0.0000  SNPS_CLOCK_GATE_HIGH_gen_register_DATA_WIDTH32_12_1
id_stage_inst/reg_file_inst        7259.6718     28.5   2503.5920   4636.9118  0.0000  reg_file_id_1
id_stage_inst/reg_file_inst/clk_gate_reg_file_reg[0]
                                      3.7240      0.0      1.0640      2.6600  0.0000  SNPS_CLOCK_GATE_HIGH_reg_file_id_1_0
id_stage_inst/reg_file_inst/clk_gate_reg_file_reg[10]
                                      3.7240      0.0      1.0640      2.6600  0.0000  SNPS_CLOCK_GATE_HIGH_reg_file_id_1_22
id_stage_inst/reg_file_inst/clk_gate_reg_file_reg[11]
                                      3.7240      0.0      1.0640      2.6600  0.0000  SNPS_CLOCK_GATE_HIGH_reg_file_id_1_21
id_stage_inst/reg_file_inst/clk_gate_reg_file_reg[12]
                                      3.7240      0.0      1.0640      2.6600  0.0000  SNPS_CLOCK_GATE_HIGH_reg_file_id_1_20
id_stage_inst/reg_file_inst/clk_gate_reg_file_reg[13]
                                      3.7240      0.0      1.0640      2.6600  0.0000  SNPS_CLOCK_GATE_HIGH_reg_file_id_1_19
id_stage_inst/reg_file_inst/clk_gate_reg_file_reg[14]
                                      3.7240      0.0      1.0640      2.6600  0.0000  SNPS_CLOCK_GATE_HIGH_reg_file_id_1_18
id_stage_inst/reg_file_inst/clk_gate_reg_file_reg[15]
                                      3.7240      0.0      1.0640      2.6600  0.0000  SNPS_CLOCK_GATE_HIGH_reg_file_id_1_17
id_stage_inst/reg_file_inst/clk_gate_reg_file_reg[16]
                                      3.7240      0.0      1.0640      2.6600  0.0000  SNPS_CLOCK_GATE_HIGH_reg_file_id_1_16
id_stage_inst/reg_file_inst/clk_gate_reg_file_reg[17]
                                      3.7240      0.0      1.0640      2.6600  0.0000  SNPS_CLOCK_GATE_HIGH_reg_file_id_1_15
id_stage_inst/reg_file_inst/clk_gate_reg_file_reg[18]
                                      3.7240      0.0      1.0640      2.6600  0.0000  SNPS_CLOCK_GATE_HIGH_reg_file_id_1_14
id_stage_inst/reg_file_inst/clk_gate_reg_file_reg[19]
                                      3.7240      0.0      1.0640      2.6600  0.0000  SNPS_CLOCK_GATE_HIGH_reg_file_id_1_13
id_stage_inst/reg_file_inst/clk_gate_reg_file_reg[1]
                                      3.7240      0.0      1.0640      2.6600  0.0000  SNPS_CLOCK_GATE_HIGH_reg_file_id_1_31
id_stage_inst/reg_file_inst/clk_gate_reg_file_reg[20]
                                      3.7240      0.0      1.0640      2.6600  0.0000  SNPS_CLOCK_GATE_HIGH_reg_file_id_1_12
id_stage_inst/reg_file_inst/clk_gate_reg_file_reg[21]
                                      3.7240      0.0      1.0640      2.6600  0.0000  SNPS_CLOCK_GATE_HIGH_reg_file_id_1_11
id_stage_inst/reg_file_inst/clk_gate_reg_file_reg[22]
                                      3.7240      0.0      1.0640      2.6600  0.0000  SNPS_CLOCK_GATE_HIGH_reg_file_id_1_10
id_stage_inst/reg_file_inst/clk_gate_reg_file_reg[23]
                                      3.7240      0.0      1.0640      2.6600  0.0000  SNPS_CLOCK_GATE_HIGH_reg_file_id_1_9
id_stage_inst/reg_file_inst/clk_gate_reg_file_reg[24]
                                      3.7240      0.0      1.0640      2.6600  0.0000  SNPS_CLOCK_GATE_HIGH_reg_file_id_1_8
id_stage_inst/reg_file_inst/clk_gate_reg_file_reg[25]
                                      3.7240      0.0      1.0640      2.6600  0.0000  SNPS_CLOCK_GATE_HIGH_reg_file_id_1_7
id_stage_inst/reg_file_inst/clk_gate_reg_file_reg[26]
                                      3.7240      0.0      1.0640      2.6600  0.0000  SNPS_CLOCK_GATE_HIGH_reg_file_id_1_6
id_stage_inst/reg_file_inst/clk_gate_reg_file_reg[27]
                                      3.7240      0.0      1.0640      2.6600  0.0000  SNPS_CLOCK_GATE_HIGH_reg_file_id_1_5
id_stage_inst/reg_file_inst/clk_gate_reg_file_reg[28]
                                      3.7240      0.0      1.0640      2.6600  0.0000  SNPS_CLOCK_GATE_HIGH_reg_file_id_1_4
id_stage_inst/reg_file_inst/clk_gate_reg_file_reg[29]
                                      3.7240      0.0      1.0640      2.6600  0.0000  SNPS_CLOCK_GATE_HIGH_reg_file_id_1_3
id_stage_inst/reg_file_inst/clk_gate_reg_file_reg[2]
                                      3.7240      0.0      1.0640      2.6600  0.0000  SNPS_CLOCK_GATE_HIGH_reg_file_id_1_30
id_stage_inst/reg_file_inst/clk_gate_reg_file_reg[30]
                                      3.7240      0.0      1.0640      2.6600  0.0000  SNPS_CLOCK_GATE_HIGH_reg_file_id_1_2
id_stage_inst/reg_file_inst/clk_gate_reg_file_reg[31]
                                      3.7240      0.0      1.0640      2.6600  0.0000  SNPS_CLOCK_GATE_HIGH_reg_file_id_1_1
id_stage_inst/reg_file_inst/clk_gate_reg_file_reg[3]
                                      3.7240      0.0      1.0640      2.6600  0.0000  SNPS_CLOCK_GATE_HIGH_reg_file_id_1_29
id_stage_inst/reg_file_inst/clk_gate_reg_file_reg[4]
                                      3.7240      0.0      1.0640      2.6600  0.0000  SNPS_CLOCK_GATE_HIGH_reg_file_id_1_28
id_stage_inst/reg_file_inst/clk_gate_reg_file_reg[5]
                                      3.7240      0.0      1.0640      2.6600  0.0000  SNPS_CLOCK_GATE_HIGH_reg_file_id_1_27
id_stage_inst/reg_file_inst/clk_gate_reg_file_reg[6]
                                      3.7240      0.0      1.0640      2.6600  0.0000  SNPS_CLOCK_GATE_HIGH_reg_file_id_1_26
id_stage_inst/reg_file_inst/clk_gate_reg_file_reg[7]
                                      3.7240      0.0      1.0640      2.6600  0.0000  SNPS_CLOCK_GATE_HIGH_reg_file_id_1_25
id_stage_inst/reg_file_inst/clk_gate_reg_file_reg[8]
                                      3.7240      0.0      1.0640      2.6600  0.0000  SNPS_CLOCK_GATE_HIGH_reg_file_id_1_24
id_stage_inst/reg_file_inst/clk_gate_reg_file_reg[9]
                                      3.7240      0.0      1.0640      2.6600  0.0000  SNPS_CLOCK_GATE_HIGH_reg_file_id_1_23
if_stage_inst/btb_inst/clk_gate_btb_reg[0][TAG]
                                      3.7240      0.0      1.0640      2.6600  0.0000  SNPS_CLOCK_GATE_HIGH_BTB_if_1_0
if_stage_inst/btb_inst/clk_gate_btb_reg[10][TAG]
                                      3.7240      0.0      1.0640      2.6600  0.0000  SNPS_CLOCK_GATE_HIGH_BTB_if_1_6
if_stage_inst/btb_inst/clk_gate_btb_reg[11][TAG]
                                      3.7240      0.0      1.0640      2.6600  0.0000  SNPS_CLOCK_GATE_HIGH_BTB_if_1_5
if_stage_inst/btb_inst/clk_gate_btb_reg[12][TAG]
                                      3.7240      0.0      1.0640      2.6600  0.0000  SNPS_CLOCK_GATE_HIGH_BTB_if_1_4
if_stage_inst/btb_inst/clk_gate_btb_reg[13][TAG]
                                      3.7240      0.0      1.0640      2.6600  0.0000  SNPS_CLOCK_GATE_HIGH_BTB_if_1_3
if_stage_inst/btb_inst/clk_gate_btb_reg[14][TAG]
                                      3.7240      0.0      1.0640      2.6600  0.0000  SNPS_CLOCK_GATE_HIGH_BTB_if_1_2
if_stage_inst/btb_inst/clk_gate_btb_reg[15][TAG]
                                      3.7240      0.0      1.0640      2.6600  0.0000  SNPS_CLOCK_GATE_HIGH_BTB_if_1_1
if_stage_inst/btb_inst/clk_gate_btb_reg[1][TAG]
                                      3.7240      0.0      1.0640      2.6600  0.0000  SNPS_CLOCK_GATE_HIGH_BTB_if_1_15
if_stage_inst/btb_inst/clk_gate_btb_reg[2][TAG]
                                      3.7240      0.0      1.0640      2.6600  0.0000  SNPS_CLOCK_GATE_HIGH_BTB_if_1_14
if_stage_inst/btb_inst/clk_gate_btb_reg[3][TAG]
                                      3.7240      0.0      1.0640      2.6600  0.0000  SNPS_CLOCK_GATE_HIGH_BTB_if_1_13
if_stage_inst/btb_inst/clk_gate_btb_reg[4][TAG]
                                      3.7240      0.0      1.0640      2.6600  0.0000  SNPS_CLOCK_GATE_HIGH_BTB_if_1_12
if_stage_inst/btb_inst/clk_gate_btb_reg[5][TAG]
                                      3.7240      0.0      1.0640      2.6600  0.0000  SNPS_CLOCK_GATE_HIGH_BTB_if_1_11
if_stage_inst/btb_inst/clk_gate_btb_reg[6][TAG]
                                      3.7240      0.0      1.0640      2.6600  0.0000  SNPS_CLOCK_GATE_HIGH_BTB_if_1_10
if_stage_inst/btb_inst/clk_gate_btb_reg[7][TAG]
                                      3.7240      0.0      1.0640      2.6600  0.0000  SNPS_CLOCK_GATE_HIGH_BTB_if_1_9
if_stage_inst/btb_inst/clk_gate_btb_reg[8][TAG]
                                      3.7240      0.0      1.0640      2.6600  0.0000  SNPS_CLOCK_GATE_HIGH_BTB_if_1_8
if_stage_inst/btb_inst/clk_gate_btb_reg[9][TAG]
                                      3.7240      0.0      1.0640      2.6600  0.0000  SNPS_CLOCK_GATE_HIGH_BTB_if_1_7
if_stage_inst/instruction_reg/clk_gate_reg_data_reg
                                      3.7240      0.0      1.0640      2.6600  0.0000  SNPS_CLOCK_GATE_HIGH_gen_register_DATA_WIDTH32_12_5
if_stage_inst/pc_reg_inst/clk_gate_reg_data_reg
                                      3.7240      0.0      1.0640      2.6600  0.0000  SNPS_CLOCK_GATE_HIGH_gen_register_DATA_WIDTH32_12_9
--------------------------------  ----------  -------  ----------  ----------  ------  ---------------------------------------------------
Total                                                  13197.3240  12244.7776  0.0000

1
