Information: Propagating switching activity (low effort zero delay simulation). (PWR-6)
Warning: The derived static probability value (0.500000) for the clock net 'clk' conflicts with the annotated value (0.265152). Using the annotated value. (PWR-12)
Warning: The derived toggle rate value (1.052078) for the clock net 'clk' conflicts with the annotated value (0.573635). Using the annotated value. (PWR-12)
 
****************************************
Report : power
        -hier
        -analysis_effort low
Design : dlx
Version: W-2024.09-SP2
Date   : Wed Sep 16 16:41:19 2026
****************************************


Library(s) Used:

    NangateOpenCellLibrary (File: /home/repository/do/libnandgate/NangateOpenCellLibrary_typical_ecsm.db)


Operating Conditions: typical   Library: NangateOpenCellLibrary
Wire Load Model Mode: top

Design        Wire Load Model            Library
------------------------------------------------
dlx                    5K_hvratio_1_1    NangateOpenCellLibrary


Global Operating Voltage = 1.1  
Power-specific unit information :
    Voltage Units = 1V
    Capacitance Units = 1.000000ff
    Time Units = 1ns
    Dynamic Power Units = 1uW    (derived from V,C,T units)
    Leakage Power Units = 1nW


--------------------------------------------------------------------------------
                                       Switch   Int      Leak     Total
Hierarchy                              Power    Power    Power    Power    %
--------------------------------------------------------------------------------
dlx                                     766.994 2.62e+03 5.08e+05 3.90e+03 100.0
  id_stage_inst/reg_file_inst (reg_file_id_1)
                                        552.147 1.97e+03 1.17e+05 2.64e+03  67.7
1
