 
****************************************
Report : reference
Design : dlx
Version: W-2024.09-SP2
Date   : Wed Sep 16 04:28:59 2026
****************************************

Attributes:
    b - black box (unknown)
   bo - allows boundary optimization
    d - dont_touch
   mo - map_only
    h - hierarchical
    n - noncombinational
    r - removable
    s - synthetic operator
    u - contains unmapped logic

Reference          Library       Unit Area   Count    Total Area   Attributes
-----------------------------------------------------------------------------
AND2_X1            NangateOpenCellLibrary
                                  1.064000     905    962.920009  
AND2_X2            NangateOpenCellLibrary
                                  1.330000      11     14.630000  
AND2_X4            NangateOpenCellLibrary
                                  2.394000       4      9.576000  
AND3_X1            NangateOpenCellLibrary
                                  1.330000      89    118.370004  
AND3_X2            NangateOpenCellLibrary
                                  1.596000       5      7.980000  
AND3_X4            NangateOpenCellLibrary
                                  2.926000       1      2.926000  
AND4_X1            NangateOpenCellLibrary
                                  1.596000      78    124.487997  
AND4_X2            NangateOpenCellLibrary
                                  1.862000      12     22.344000  
AOI21_X1           NangateOpenCellLibrary
                                  1.064000     123    130.872001  
AOI22_X1           NangateOpenCellLibrary
                                  1.330000     204    271.320009  
AOI211_X1          NangateOpenCellLibrary
                                  1.330000       5      6.650000  
AOI211_X2          NangateOpenCellLibrary
                                  2.394000       1      2.394000  
AOI221_X1          NangateOpenCellLibrary
                                  1.596000       1      1.596000  
AOI222_X1          NangateOpenCellLibrary
                                  2.128000      17     36.176000  
AOI222_X2          NangateOpenCellLibrary
                                  3.724000       1      3.724000  
AOI222_X4          NangateOpenCellLibrary
                                  3.724000       1      3.724000  
BTB_if_1                       8522.905850       1   8522.905850  h, n
BUF_X1             NangateOpenCellLibrary
                                  0.798000      24     19.151999  
BUF_X2             NangateOpenCellLibrary
                                  1.064000      15     15.960000  
BUF_X4             NangateOpenCellLibrary
                                  1.862000       2      3.724000  
CLKBUF_X1          NangateOpenCellLibrary
                                  0.798000      33     26.333999  
CLKBUF_X2          NangateOpenCellLibrary
                                  1.064000       9      9.576000  
CLKBUF_X3          NangateOpenCellLibrary
                                  1.330000       2      2.660000  
DFF_X1             NangateOpenCellLibrary
                                  4.522000     791   3576.901870  n
DFF_X2             NangateOpenCellLibrary
                                  5.054000       4     20.216000  n
FA_X1              NangateOpenCellLibrary
                                  4.256000     141    600.096006  r
HA_X1              NangateOpenCellLibrary
                                  2.660000       3      7.980000  r
INV_X1             NangateOpenCellLibrary
                                  0.532000     980    521.360005  
INV_X2             NangateOpenCellLibrary
                                  0.798000      14     11.172000  
INV_X4             NangateOpenCellLibrary
                                  1.330000       9     11.970000  
MUX2_X1            NangateOpenCellLibrary
                                  1.862000     113    210.405999  
MUX2_X2            NangateOpenCellLibrary
                                  2.394000       5     11.970000  
NAND2_X1           NangateOpenCellLibrary
                                  0.798000    2111   1684.577954  
NAND2_X2           NangateOpenCellLibrary
                                  1.330000       7      9.310000  
NAND3_X1           NangateOpenCellLibrary
                                  1.064000      85     90.440001  
NAND3_X2           NangateOpenCellLibrary
                                  1.862000       1      1.862000  
NAND4_X1           NangateOpenCellLibrary
                                  1.330000     170    226.100007  
NAND4_X2           NangateOpenCellLibrary
                                  2.394000       3      7.182000  
NAND4_X4           NangateOpenCellLibrary
                                  4.788000       1      4.788000  
NOR2_X1            NangateOpenCellLibrary
                                  0.798000     436    347.927990  
NOR2_X2            NangateOpenCellLibrary
                                  1.330000       5      6.650000  
NOR3_X1            NangateOpenCellLibrary
                                  1.064000      21     22.344000  
NOR4_X1            NangateOpenCellLibrary
                                  1.330000      15     19.950001  
NOR4_X2            NangateOpenCellLibrary
                                  2.394000       1      2.394000  
OAI21_X1           NangateOpenCellLibrary
                                  1.064000     268    285.152003  
OAI21_X2           NangateOpenCellLibrary
                                  1.862000       4      7.448000  
OAI22_X1           NangateOpenCellLibrary
                                  1.330000     153    203.490007  
OAI211_X1          NangateOpenCellLibrary
                                  1.330000      82    109.060004  
OAI211_X2          NangateOpenCellLibrary
                                  2.394000       2      4.788000  
OAI221_X1          NangateOpenCellLibrary
                                  1.596000       2      3.192000  
OAI222_X1          NangateOpenCellLibrary
                                  2.128000      39     82.992001  
OR2_X1             NangateOpenCellLibrary
                                  1.064000    1027   1092.728011  
OR2_X2             NangateOpenCellLibrary
                                  1.330000       8     10.640000  
OR3_X1             NangateOpenCellLibrary
                                  1.330000      73     97.090003  
OR3_X2             NangateOpenCellLibrary
                                  1.596000       8     12.768000  
OR4_X1             NangateOpenCellLibrary
                                  1.596000      11     17.556000  
OR4_X2             NangateOpenCellLibrary
                                  1.862000       5      9.310000  
XNOR2_X1           NangateOpenCellLibrary
                                  1.596000     696   1110.815969  
XOR2_X1            NangateOpenCellLibrary
                                  1.596000     107    170.771995  
mem_if_1                         75.012001       1     75.012001  h, n
reg_file_id_1                  8429.805912       1   8429.805912  h, n
-----------------------------------------------------------------------------
Total 61 references                                 29438.219608

****************************************
Design: BTB_if_1 
****************************************
Reference          Library       Unit Area   Count    Total Area   Attributes
-----------------------------------------------------------------------------
AND2_X1            NangateOpenCellLibrary
                                  1.064000      51     54.264001  
AND2_X2            NangateOpenCellLibrary
                                  1.330000       1      1.330000  
AND3_X1            NangateOpenCellLibrary
                                  1.330000       1      1.330000  
AND4_X1            NangateOpenCellLibrary
                                  1.596000     148    236.207994  
AND4_X2            NangateOpenCellLibrary
                                  1.862000       1      1.862000  
AOI21_X1           NangateOpenCellLibrary
                                  1.064000       1      1.064000  
AOI22_X1           NangateOpenCellLibrary
                                  1.330000     445    591.850019  
AOI221_X1          NangateOpenCellLibrary
                                  1.596000       5      7.980000  
BUF_X1             NangateOpenCellLibrary
                                  0.798000      14     11.172000  
BUF_X2             NangateOpenCellLibrary
                                  1.064000      19     20.216000  
BUF_X4             NangateOpenCellLibrary
                                  1.862000       1      1.862000  
CLKBUF_X1          NangateOpenCellLibrary
                                  0.798000       4      3.192000  
CLKBUF_X2          NangateOpenCellLibrary
                                  1.064000       3      3.192000  
CLKBUF_X3          NangateOpenCellLibrary
                                  1.330000       1      1.330000  
DFF_X1             NangateOpenCellLibrary
                                  4.522000    1070   4838.539824  n
DFF_X2             NangateOpenCellLibrary
                                  5.054000      17     85.917998  n
INV_X1             NangateOpenCellLibrary
                                  0.532000     594    316.008003  
INV_X2             NangateOpenCellLibrary
                                  0.798000       8      6.384000  
MUX2_X1            NangateOpenCellLibrary
                                  1.862000     400    744.799995  
NAND2_X1           NangateOpenCellLibrary
                                  0.798000     593    473.213987  
NAND4_X1           NangateOpenCellLibrary
                                  1.330000     145    192.850006  
NOR2_X1            NangateOpenCellLibrary
                                  0.798000      74     59.051998  
NOR2_X2            NangateOpenCellLibrary
                                  1.330000       5      6.650000  
NOR2_X4            NangateOpenCellLibrary
                                  2.394000       2      4.788000  
NOR3_X1            NangateOpenCellLibrary
                                  1.064000       1      1.064000  
OAI21_X1           NangateOpenCellLibrary
                                  1.064000      19     20.216000  
OAI22_X1           NangateOpenCellLibrary
                                  1.330000     551    732.830024  
OAI211_X1          NangateOpenCellLibrary
                                  1.330000       2      2.660000  
OAI221_X1          NangateOpenCellLibrary
                                  1.596000       5      7.980000  
OR2_X1             NangateOpenCellLibrary
                                  1.064000      67     71.288001  
OR3_X1             NangateOpenCellLibrary
                                  1.330000       2      2.660000  
XNOR2_X1           NangateOpenCellLibrary
                                  1.596000      11     17.556000  
XOR2_X1            NangateOpenCellLibrary
                                  1.596000       1      1.596000  
-----------------------------------------------------------------------------
Total 33 references                                  8522.905850

****************************************
Design: mem_if_1 
****************************************
Reference          Library       Unit Area   Count    Total Area   Attributes
-----------------------------------------------------------------------------
INV_X1             NangateOpenCellLibrary
                                  0.532000       3      1.596000  
NAND2_X2           NangateOpenCellLibrary
                                  1.330000       1      1.330000  
NOR2_X1            NangateOpenCellLibrary
                                  0.798000       5      3.990000  
TBUF_X1            NangateOpenCellLibrary
                                  2.128000      32     68.096001  n
-----------------------------------------------------------------------------
Total 4 references                                     75.012001

****************************************
Design: reg_file_id_1 
****************************************
Reference          Library       Unit Area   Count    Total Area   Attributes
-----------------------------------------------------------------------------
AND2_X1            NangateOpenCellLibrary
                                  1.064000       1      1.064000  
AND4_X1            NangateOpenCellLibrary
                                  1.596000      95    151.619996  
AOI21_X1           NangateOpenCellLibrary
                                  1.064000      31     32.984000  
AOI22_X1           NangateOpenCellLibrary
                                  1.330000     994   1322.020043  
AOI211_X1          NangateOpenCellLibrary
                                  1.330000      64     85.120003  
AOI221_X1          NangateOpenCellLibrary
                                  1.596000       1      1.596000  
BUF_X1             NangateOpenCellLibrary
                                  0.798000      10      7.980000  
BUF_X2             NangateOpenCellLibrary
                                  1.064000       3      3.192000  
CLKBUF_X1          NangateOpenCellLibrary
                                  0.798000      45     35.909999  
CLKBUF_X2          NangateOpenCellLibrary
                                  1.064000       3      3.192000  
DFF_X1             NangateOpenCellLibrary
                                  4.522000    1089   4924.457821  n
INV_X1             NangateOpenCellLibrary
                                  0.532000      20     10.640000  
INV_X2             NangateOpenCellLibrary
                                  0.798000      37     29.525999  
INV_X4             NangateOpenCellLibrary
                                  1.330000       1      1.330000  
NAND2_X1           NangateOpenCellLibrary
                                  0.798000      44     35.111999  
NAND2_X2           NangateOpenCellLibrary
                                  1.330000      62     82.460003  
NAND3_X1           NangateOpenCellLibrary
                                  1.064000      46     48.944000  
NAND4_X1           NangateOpenCellLibrary
                                  1.330000     129    171.570006  
NOR2_X1            NangateOpenCellLibrary
                                  0.798000      65     51.869999  
NOR2_X2            NangateOpenCellLibrary
                                  1.330000       1      1.330000  
NOR3_X1            NangateOpenCellLibrary
                                  1.064000       7      7.448000  
NOR3_X2            NangateOpenCellLibrary
                                  1.862000       3      5.586000  
OAI21_X1           NangateOpenCellLibrary
                                  1.064000      34     36.176000  
OAI22_X1           NangateOpenCellLibrary
                                  1.330000     993   1320.690043  
OAI211_X1          NangateOpenCellLibrary
                                  1.330000      31     41.230001  
OAI221_X1          NangateOpenCellLibrary
                                  1.596000       7     11.172000  
OR2_X1             NangateOpenCellLibrary
                                  1.064000       4      4.256000  
OR3_X1             NangateOpenCellLibrary
                                  1.330000       1      1.330000  
-----------------------------------------------------------------------------
Total 28 references                                  8429.805912
1
