Information: Updating design information... (UID-85)
 
****************************************
Report : qor
Design : dlx
Version: W-2024.09-SP2
Date   : Wed Sep 16 05:11:03 2026
****************************************


  Timing Path Group 'clk'
  -----------------------------------
  Levels of Logic:              36.00
  Critical Path Length:          1.82
  Critical Path Slack:          -0.26
  Critical Path Clk Period:      1.60
  Total Negative Slack:        -32.92
  No. of Violating Paths:      194.00
  Worst Hold Violation:          0.00
  Total Hold Violation:          0.00
  No. of Hold Violations:        0.00
  -----------------------------------


  Cell Count
  -----------------------------------
  Hierarchical Cell Count:         55
  Hierarchical Port Count:        575
  Leaf Cell Count:              13184
  Buf/Inv Cell Count:            1137
  Buf Cell Count:                 192
  Inv Cell Count:                 945
  CT Buf/Inv Cell Count:            0
  Combinational Cell Count:     10530
  Sequential Cell Count:         2654
  Macro Count:                      0
  -----------------------------------


  Area
  -----------------------------------
  Combinational Area:    11964.680064
  Noncombinational Area: 12037.031586
  Buf/Inv Area:            685.216002
  Total Buffer Area:           168.91
  Total Inverter Area:         516.31
  Macro/Black Box Area:      0.000000
  Net Area:                  0.000000
  -----------------------------------
  Cell Area:             24001.711651
  Design Area:           24001.711651


  Design Rules
  -----------------------------------
  Total Number of Nets:         13536
  Nets With Violations:             2
  Max Trans Violations:             2
  Max Cap Violations:               2
  -----------------------------------


  Hostname: microsys.openstack.polito

  Compile CPU Statistics
  -----------------------------------------
  Resource Sharing:                    0.01
  Logic Optimization:                  0.41
  Mapping Optimization:               21.67
  -----------------------------------------
  Overall Compile Time:               34.84
  Overall Compile Wall Clock Time:    35.40

  --------------------------------------------------------------------

  Design  WNS: 0.26  TNS: 32.92  Number of Violating Paths: 194


  Design (Hold)  WNS: 0.00  TNS: 0.00  Number of Violating Paths: 0

  --------------------------------------------------------------------


1
