 
****************************************
Report : area
Design : dlx
Version: W-2024.09-SP2
Date   : Wed Sep 16 13:26:49 2026
****************************************

Library(s) Used:

    NangateOpenCellLibrary (File: /home/repository/do/libnandgate/NangateOpenCellLibrary_typical_ecsm.db)

Number of ports:                          852
Number of nets:                         14433
Number of cells:                        13475
Number of combinational cells:          10615
Number of sequential cells:              2736
Number of macros/black boxes:               0
Number of buf/inv:                       1272
Number of references:                     125

Combinational area:              12187.322052
Buf/Inv area:                      743.736002
Noncombinational area:           12178.011590
Macro/Black Box area:                0.000000
Net Interconnect area:      undefined  (Wire load has zero net area)

Total cell area:                 24365.333642
Total area:                 undefined

Hierarchical area distribution
------------------------------

                                  Global cell area            Local cell area
                                  -------------------  ------------------------------ 
Hierarchical cell                 Absolute    Percent  Combi-      Noncombi-   Black-
                                  Total       Total    national    national    boxes   Design
--------------------------------  ----------  -------  ----------  ----------  ------  ---------------------------------------------------
dlx                               24365.3336    100.0   9795.4500   7213.3877  0.0000  dlx
ex_stage_inst/mult_pp_inst/tree_i/clk_gate_valid_o_reg
                                      3.7240      0.0      1.0640      2.6600  0.0000  SNPS_CLOCK_GATE_HIGH_dadda_tree_1
hazard_unit_inst/clk_gate_status_table_reg[0]
                                      3.7240      0.0      1.0640      2.6600  0.0000  SNPS_CLOCK_GATE_HIGH_hazard_unit_id_1_0
hazard_unit_inst/clk_gate_status_table_reg[10]
                                      3.7240      0.0      1.0640      2.6600  0.0000  SNPS_CLOCK_GATE_HIGH_hazard_unit_id_1_10
hazard_unit_inst/clk_gate_status_table_reg[11]
                                      3.7240      0.0      1.0640      2.6600  0.0000  SNPS_CLOCK_GATE_HIGH_hazard_unit_id_1_11
hazard_unit_inst/clk_gate_status_table_reg[12]
                                      3.7240      0.0      1.0640      2.6600  0.0000  SNPS_CLOCK_GATE_HIGH_hazard_unit_id_1_12
hazard_unit_inst/clk_gate_status_table_reg[13]
                                      3.7240      0.0      1.0640      2.6600  0.0000  SNPS_CLOCK_GATE_HIGH_hazard_unit_id_1_13
hazard_unit_inst/clk_gate_status_table_reg[14]
                                      3.7240      0.0      1.0640      2.6600  0.0000  SNPS_CLOCK_GATE_HIGH_hazard_unit_id_1_14
hazard_unit_inst/clk_gate_status_table_reg[15]
                                      3.7240      0.0      1.0640      2.6600  0.0000  SNPS_CLOCK_GATE_HIGH_hazard_unit_id_1_15
hazard_unit_inst/clk_gate_status_table_reg[16]
                                      3.7240      0.0      1.0640      2.6600  0.0000  SNPS_CLOCK_GATE_HIGH_hazard_unit_id_1_16
hazard_unit_inst/clk_gate_status_table_reg[17]
                                      3.7240      0.0      1.0640      2.6600  0.0000  SNPS_CLOCK_GATE_HIGH_hazard_unit_id_1_17
hazard_unit_inst/clk_gate_status_table_reg[18]
                                      3.7240      0.0      1.0640      2.6600  0.0000  SNPS_CLOCK_GATE_HIGH_hazard_unit_id_1_18
hazard_unit_inst/clk_gate_status_table_reg[19]
                                      3.7240      0.0      1.0640      2.6600  0.0000  SNPS_CLOCK_GATE_HIGH_hazard_unit_id_1_19
hazard_unit_inst/clk_gate_status_table_reg[1]
                                      3.7240      0.0      1.0640      2.6600  0.0000  SNPS_CLOCK_GATE_HIGH_hazard_unit_id_1_1
hazard_unit_inst/clk_gate_status_table_reg[20]
                                      3.7240      0.0      1.0640      2.6600  0.0000  SNPS_CLOCK_GATE_HIGH_hazard_unit_id_1_20
hazard_unit_inst/clk_gate_status_table_reg[21]
                                      3.7240      0.0      1.0640      2.6600  0.0000  SNPS_CLOCK_GATE_HIGH_hazard_unit_id_1_21
hazard_unit_inst/clk_gate_status_table_reg[22]
                                      3.7240      0.0      1.0640      2.6600  0.0000  SNPS_CLOCK_GATE_HIGH_hazard_unit_id_1_22
hazard_unit_inst/clk_gate_status_table_reg[23]
                                      3.7240      0.0      1.0640      2.6600  0.0000  SNPS_CLOCK_GATE_HIGH_hazard_unit_id_1_23
hazard_unit_inst/clk_gate_status_table_reg[24]
                                      3.7240      0.0      1.0640      2.6600  0.0000  SNPS_CLOCK_GATE_HIGH_hazard_unit_id_1_24
hazard_unit_inst/clk_gate_status_table_reg[25]
                                      3.7240      0.0      1.0640      2.6600  0.0000  SNPS_CLOCK_GATE_HIGH_hazard_unit_id_1_25
hazard_unit_inst/clk_gate_status_table_reg[26]
                                      3.7240      0.0      1.0640      2.6600  0.0000  SNPS_CLOCK_GATE_HIGH_hazard_unit_id_1_26
hazard_unit_inst/clk_gate_status_table_reg[27]
                                      3.7240      0.0      1.0640      2.6600  0.0000  SNPS_CLOCK_GATE_HIGH_hazard_unit_id_1_27
hazard_unit_inst/clk_gate_status_table_reg[28]
                                      3.7240      0.0      1.0640      2.6600  0.0000  SNPS_CLOCK_GATE_HIGH_hazard_unit_id_1_28
hazard_unit_inst/clk_gate_status_table_reg[29]
                                      3.7240      0.0      1.0640      2.6600  0.0000  SNPS_CLOCK_GATE_HIGH_hazard_unit_id_1_29
hazard_unit_inst/clk_gate_status_table_reg[2]
                                      3.7240      0.0      1.0640      2.6600  0.0000  SNPS_CLOCK_GATE_HIGH_hazard_unit_id_1_2
hazard_unit_inst/clk_gate_status_table_reg[30]
                                      3.7240      0.0      1.0640      2.6600  0.0000  SNPS_CLOCK_GATE_HIGH_hazard_unit_id_1_30
hazard_unit_inst/clk_gate_status_table_reg[31]
                                      3.7240      0.0      1.0640      2.6600  0.0000  SNPS_CLOCK_GATE_HIGH_hazard_unit_id_1_31
hazard_unit_inst/clk_gate_status_table_reg[3]
                                      3.7240      0.0      1.0640      2.6600  0.0000  SNPS_CLOCK_GATE_HIGH_hazard_unit_id_1_3
hazard_unit_inst/clk_gate_status_table_reg[4]
                                      3.7240      0.0      1.0640      2.6600  0.0000  SNPS_CLOCK_GATE_HIGH_hazard_unit_id_1_4
hazard_unit_inst/clk_gate_status_table_reg[5]
                                      3.7240      0.0      1.0640      2.6600  0.0000  SNPS_CLOCK_GATE_HIGH_hazard_unit_id_1_5
hazard_unit_inst/clk_gate_status_table_reg[6]
                                      3.7240      0.0      1.0640      2.6600  0.0000  SNPS_CLOCK_GATE_HIGH_hazard_unit_id_1_6
hazard_unit_inst/clk_gate_status_table_reg[7]
                                      3.7240      0.0      1.0640      2.6600  0.0000  SNPS_CLOCK_GATE_HIGH_hazard_unit_id_1_7
hazard_unit_inst/clk_gate_status_table_reg[8]
                                      3.7240      0.0      1.0640      2.6600  0.0000  SNPS_CLOCK_GATE_HIGH_hazard_unit_id_1_8
hazard_unit_inst/clk_gate_status_table_reg[9]
                                      3.7240      0.0      1.0640      2.6600  0.0000  SNPS_CLOCK_GATE_HIGH_hazard_unit_id_1_9
id_stage_inst/pc_plus4_reg/clk_gate_reg_data_reg
                                      3.7240      0.0      1.0640      2.6600  0.0000  SNPS_CLOCK_GATE_HIGH_gen_register_DATA_WIDTH32_12_1
id_stage_inst/reg_file_inst        7028.2519     28.8   2278.5560   4630.5278  0.0000  reg_file_id_1
id_stage_inst/reg_file_inst/clk_gate_reg_file_reg[0]
                                      3.7240      0.0      1.0640      2.6600  0.0000  SNPS_CLOCK_GATE_HIGH_reg_file_id_1_0
id_stage_inst/reg_file_inst/clk_gate_reg_file_reg[10]
                                      3.7240      0.0      1.0640      2.6600  0.0000  SNPS_CLOCK_GATE_HIGH_reg_file_id_1_22
id_stage_inst/reg_file_inst/clk_gate_reg_file_reg[11]
                                      3.7240      0.0      1.0640      2.6600  0.0000  SNPS_CLOCK_GATE_HIGH_reg_file_id_1_21
id_stage_inst/reg_file_inst/clk_gate_reg_file_reg[12]
                                      3.7240      0.0      1.0640      2.6600  0.0000  SNPS_CLOCK_GATE_HIGH_reg_file_id_1_20
id_stage_inst/reg_file_inst/clk_gate_reg_file_reg[13]
                                      3.7240      0.0      1.0640      2.6600  0.0000  SNPS_CLOCK_GATE_HIGH_reg_file_id_1_19
id_stage_inst/reg_file_inst/clk_gate_reg_file_reg[14]
                                      3.7240      0.0      1.0640      2.6600  0.0000  SNPS_CLOCK_GATE_HIGH_reg_file_id_1_18
id_stage_inst/reg_file_inst/clk_gate_reg_file_reg[15]
                                      3.7240      0.0      1.0640      2.6600  0.0000  SNPS_CLOCK_GATE_HIGH_reg_file_id_1_17
id_stage_inst/reg_file_inst/clk_gate_reg_file_reg[16]
                                      3.7240      0.0      1.0640      2.6600  0.0000  SNPS_CLOCK_GATE_HIGH_reg_file_id_1_16
id_stage_inst/reg_file_inst/clk_gate_reg_file_reg[17]
                                      3.7240      0.0      1.0640      2.6600  0.0000  SNPS_CLOCK_GATE_HIGH_reg_file_id_1_15
id_stage_inst/reg_file_inst/clk_gate_reg_file_reg[18]
                                      3.7240      0.0      1.0640      2.6600  0.0000  SNPS_CLOCK_GATE_HIGH_reg_file_id_1_14
id_stage_inst/reg_file_inst/clk_gate_reg_file_reg[19]
                                      3.7240      0.0      1.0640      2.6600  0.0000  SNPS_CLOCK_GATE_HIGH_reg_file_id_1_13
id_stage_inst/reg_file_inst/clk_gate_reg_file_reg[1]
                                      3.7240      0.0      1.0640      2.6600  0.0000  SNPS_CLOCK_GATE_HIGH_reg_file_id_1_31
id_stage_inst/reg_file_inst/clk_gate_reg_file_reg[20]
                                      3.7240      0.0      1.0640      2.6600  0.0000  SNPS_CLOCK_GATE_HIGH_reg_file_id_1_12
id_stage_inst/reg_file_inst/clk_gate_reg_file_reg[21]
                                      3.7240      0.0      1.0640      2.6600  0.0000  SNPS_CLOCK_GATE_HIGH_reg_file_id_1_11
id_stage_inst/reg_file_inst/clk_gate_reg_file_reg[22]
                                      3.7240      0.0      1.0640      2.6600  0.0000  SNPS_CLOCK_GATE_HIGH_reg_file_id_1_10
id_stage_inst/reg_file_inst/clk_gate_reg_file_reg[23]
                                      3.7240      0.0      1.0640      2.6600  0.0000  SNPS_CLOCK_GATE_HIGH_reg_file_id_1_9
id_stage_inst/reg_file_inst/clk_gate_reg_file_reg[24]
                                      3.7240      0.0      1.0640      2.6600  0.0000  SNPS_CLOCK_GATE_HIGH_reg_file_id_1_8
id_stage_inst/reg_file_inst/clk_gate_reg_file_reg[25]
                                      3.7240      0.0      1.0640      2.6600  0.0000  SNPS_CLOCK_GATE_HIGH_reg_file_id_1_7
id_stage_inst/reg_file_inst/clk_gate_reg_file_reg[26]
                                      3.7240      0.0      1.0640      2.6600  0.0000  SNPS_CLOCK_GATE_HIGH_reg_file_id_1_6
id_stage_inst/reg_file_inst/clk_gate_reg_file_reg[27]
                                      3.7240      0.0      1.0640      2.6600  0.0000  SNPS_CLOCK_GATE_HIGH_reg_file_id_1_5
id_stage_inst/reg_file_inst/clk_gate_reg_file_reg[28]
                                      3.7240      0.0      1.0640      2.6600  0.0000  SNPS_CLOCK_GATE_HIGH_reg_file_id_1_4
id_stage_inst/reg_file_inst/clk_gate_reg_file_reg[29]
                                      3.7240      0.0      1.0640      2.6600  0.0000  SNPS_CLOCK_GATE_HIGH_reg_file_id_1_3
id_stage_inst/reg_file_inst/clk_gate_reg_file_reg[2]
                                      3.7240      0.0      1.0640      2.6600  0.0000  SNPS_CLOCK_GATE_HIGH_reg_file_id_1_30
id_stage_inst/reg_file_inst/clk_gate_reg_file_reg[30]
                                      3.7240      0.0      1.0640      2.6600  0.0000  SNPS_CLOCK_GATE_HIGH_reg_file_id_1_2
id_stage_inst/reg_file_inst/clk_gate_reg_file_reg[31]
                                      3.7240      0.0      1.0640      2.6600  0.0000  SNPS_CLOCK_GATE_HIGH_reg_file_id_1_1
id_stage_inst/reg_file_inst/clk_gate_reg_file_reg[3]
                                      3.7240      0.0      1.0640      2.6600  0.0000  SNPS_CLOCK_GATE_HIGH_reg_file_id_1_29
id_stage_inst/reg_file_inst/clk_gate_reg_file_reg[4]
                                      3.7240      0.0      1.0640      2.6600  0.0000  SNPS_CLOCK_GATE_HIGH_reg_file_id_1_28
id_stage_inst/reg_file_inst/clk_gate_reg_file_reg[5]
                                      3.7240      0.0      1.0640      2.6600  0.0000  SNPS_CLOCK_GATE_HIGH_reg_file_id_1_27
id_stage_inst/reg_file_inst/clk_gate_reg_file_reg[6]
                                      3.7240      0.0      1.0640      2.6600  0.0000  SNPS_CLOCK_GATE_HIGH_reg_file_id_1_26
id_stage_inst/reg_file_inst/clk_gate_reg_file_reg[7]
                                      3.7240      0.0      1.0640      2.6600  0.0000  SNPS_CLOCK_GATE_HIGH_reg_file_id_1_25
id_stage_inst/reg_file_inst/clk_gate_reg_file_reg[8]
                                      3.7240      0.0      1.0640      2.6600  0.0000  SNPS_CLOCK_GATE_HIGH_reg_file_id_1_24
id_stage_inst/reg_file_inst/clk_gate_reg_file_reg[9]
                                      3.7240      0.0      1.0640      2.6600  0.0000  SNPS_CLOCK_GATE_HIGH_reg_file_id_1_23
if_stage_inst/btb_inst/clk_gate_btb_reg[0][TAG]
                                      3.7240      0.0      1.0640      2.6600  0.0000  SNPS_CLOCK_GATE_HIGH_BTB_if_1_0
if_stage_inst/btb_inst/clk_gate_btb_reg[0][VALID]
                                      3.7240      0.0      1.0640      2.6600  0.0000  SNPS_CLOCK_GATE_HIGH_BTB_if_1_31
if_stage_inst/btb_inst/clk_gate_btb_reg[10][TAG]
                                      3.7240      0.0      1.0640      2.6600  0.0000  SNPS_CLOCK_GATE_HIGH_BTB_if_1_12
if_stage_inst/btb_inst/clk_gate_btb_reg[10][VALID]
                                      3.7240      0.0      1.0640      2.6600  0.0000  SNPS_CLOCK_GATE_HIGH_BTB_if_1_11
if_stage_inst/btb_inst/clk_gate_btb_reg[11][TAG]
                                      3.7240      0.0      1.0640      2.6600  0.0000  SNPS_CLOCK_GATE_HIGH_BTB_if_1_10
if_stage_inst/btb_inst/clk_gate_btb_reg[11][VALID]
                                      3.7240      0.0      1.0640      2.6600  0.0000  SNPS_CLOCK_GATE_HIGH_BTB_if_1_9
if_stage_inst/btb_inst/clk_gate_btb_reg[12][TAG]
                                      3.7240      0.0      1.0640      2.6600  0.0000  SNPS_CLOCK_GATE_HIGH_BTB_if_1_8
if_stage_inst/btb_inst/clk_gate_btb_reg[12][VALID]
                                      3.7240      0.0      1.0640      2.6600  0.0000  SNPS_CLOCK_GATE_HIGH_BTB_if_1_7
if_stage_inst/btb_inst/clk_gate_btb_reg[13][TAG]
                                      3.7240      0.0      1.0640      2.6600  0.0000  SNPS_CLOCK_GATE_HIGH_BTB_if_1_6
if_stage_inst/btb_inst/clk_gate_btb_reg[13][VALID]
                                      3.7240      0.0      1.0640      2.6600  0.0000  SNPS_CLOCK_GATE_HIGH_BTB_if_1_5
if_stage_inst/btb_inst/clk_gate_btb_reg[14][TAG]
                                      3.7240      0.0      1.0640      2.6600  0.0000  SNPS_CLOCK_GATE_HIGH_BTB_if_1_4
if_stage_inst/btb_inst/clk_gate_btb_reg[14][VALID]
                                      3.7240      0.0      1.0640      2.6600  0.0000  SNPS_CLOCK_GATE_HIGH_BTB_if_1_3
if_stage_inst/btb_inst/clk_gate_btb_reg[15][TAG]
                                      3.7240      0.0      1.0640      2.6600  0.0000  SNPS_CLOCK_GATE_HIGH_BTB_if_1_2
if_stage_inst/btb_inst/clk_gate_btb_reg[15][VALID]
                                      3.7240      0.0      1.0640      2.6600  0.0000  SNPS_CLOCK_GATE_HIGH_BTB_if_1_1
if_stage_inst/btb_inst/clk_gate_btb_reg[1][TAG]
                                      3.7240      0.0      1.0640      2.6600  0.0000  SNPS_CLOCK_GATE_HIGH_BTB_if_1_30
if_stage_inst/btb_inst/clk_gate_btb_reg[1][VALID]
                                      3.7240      0.0      1.0640      2.6600  0.0000  SNPS_CLOCK_GATE_HIGH_BTB_if_1_29
if_stage_inst/btb_inst/clk_gate_btb_reg[2][TAG]
                                      3.7240      0.0      1.0640      2.6600  0.0000  SNPS_CLOCK_GATE_HIGH_BTB_if_1_28
if_stage_inst/btb_inst/clk_gate_btb_reg[2][VALID]
                                      3.7240      0.0      1.0640      2.6600  0.0000  SNPS_CLOCK_GATE_HIGH_BTB_if_1_27
if_stage_inst/btb_inst/clk_gate_btb_reg[3][TAG]
                                      3.7240      0.0      1.0640      2.6600  0.0000  SNPS_CLOCK_GATE_HIGH_BTB_if_1_26
if_stage_inst/btb_inst/clk_gate_btb_reg[3][VALID]
                                      3.7240      0.0      1.0640      2.6600  0.0000  SNPS_CLOCK_GATE_HIGH_BTB_if_1_25
if_stage_inst/btb_inst/clk_gate_btb_reg[4][TAG]
                                      3.7240      0.0      1.0640      2.6600  0.0000  SNPS_CLOCK_GATE_HIGH_BTB_if_1_24
if_stage_inst/btb_inst/clk_gate_btb_reg[4][VALID]
                                      3.7240      0.0      1.0640      2.6600  0.0000  SNPS_CLOCK_GATE_HIGH_BTB_if_1_23
if_stage_inst/btb_inst/clk_gate_btb_reg[5][TAG]
                                      3.7240      0.0      1.0640      2.6600  0.0000  SNPS_CLOCK_GATE_HIGH_BTB_if_1_22
if_stage_inst/btb_inst/clk_gate_btb_reg[5][VALID]
                                      3.7240      0.0      1.0640      2.6600  0.0000  SNPS_CLOCK_GATE_HIGH_BTB_if_1_21
if_stage_inst/btb_inst/clk_gate_btb_reg[6][TAG]
                                      3.7240      0.0      1.0640      2.6600  0.0000  SNPS_CLOCK_GATE_HIGH_BTB_if_1_20
if_stage_inst/btb_inst/clk_gate_btb_reg[6][VALID]
                                      3.7240      0.0      1.0640      2.6600  0.0000  SNPS_CLOCK_GATE_HIGH_BTB_if_1_19
if_stage_inst/btb_inst/clk_gate_btb_reg[7][TAG]
                                      3.7240      0.0      1.0640      2.6600  0.0000  SNPS_CLOCK_GATE_HIGH_BTB_if_1_18
if_stage_inst/btb_inst/clk_gate_btb_reg[7][VALID]
                                      3.7240      0.0      1.0640      2.6600  0.0000  SNPS_CLOCK_GATE_HIGH_BTB_if_1_17
if_stage_inst/btb_inst/clk_gate_btb_reg[8][TAG]
                                      3.7240      0.0      1.0640      2.6600  0.0000  SNPS_CLOCK_GATE_HIGH_BTB_if_1_16
if_stage_inst/btb_inst/clk_gate_btb_reg[8][VALID]
                                      3.7240      0.0      1.0640      2.6600  0.0000  SNPS_CLOCK_GATE_HIGH_BTB_if_1_15
if_stage_inst/btb_inst/clk_gate_btb_reg[9][TAG]
                                      3.7240      0.0      1.0640      2.6600  0.0000  SNPS_CLOCK_GATE_HIGH_BTB_if_1_14
if_stage_inst/btb_inst/clk_gate_btb_reg[9][VALID]
                                      3.7240      0.0      1.0640      2.6600  0.0000  SNPS_CLOCK_GATE_HIGH_BTB_if_1_13
if_stage_inst/instruction_reg/clk_gate_reg_data_reg
                                      3.7240      0.0      1.0640      2.6600  0.0000  SNPS_CLOCK_GATE_HIGH_gen_register_DATA_WIDTH32_12_5
if_stage_inst/pc_reg_inst/clk_gate_reg_data_reg
                                      3.7240      0.0      1.0640      2.6600  0.0000  SNPS_CLOCK_GATE_HIGH_gen_register_DATA_WIDTH32_12_9
mem_if_inst                          75.0120      0.3      6.9160     68.0960  0.0000  mem_if_1
--------------------------------  ----------  -------  ----------  ----------  ------  ---------------------------------------------------
Total                                                  12187.3221  12178.0116  0.0000

1
