 
****************************************
Report : qor
Design : dlx
Version: W-2024.09-SP2
Date   : Thu Sep 17 15:14:57 2026
****************************************


  Timing Path Group 'clk'
  -----------------------------------
  Levels of Logic:              34.00
  Critical Path Length:          1.67
  Critical Path Slack:           0.00
  Critical Path Clk Period:      1.94
  Total Negative Slack:          0.00
  No. of Violating Paths:        0.00
  Worst Hold Violation:          0.00
  Total Hold Violation:          0.00
  No. of Hold Violations:        0.00
  -----------------------------------


  Cell Count
  -----------------------------------
  Hierarchical Cell Count:         54
  Hierarchical Port Count:        572
  Leaf Cell Count:              13262
  Buf/Inv Cell Count:            1166
  Buf Cell Count:                 223
  Inv Cell Count:                 943
  CT Buf/Inv Cell Count:            0
  Combinational Cell Count:     10611
  Sequential Cell Count:         2651
  Macro Count:                      0
  -----------------------------------


  Area
  -----------------------------------
  Combinational Area:    12019.742060
  Noncombinational Area: 12008.037585
  Buf/Inv Area:            706.496001
  Total Buffer Area:           194.45
  Total Inverter Area:         512.05
  Macro/Black Box Area:      0.000000
  Net Area:                  0.000000
  -----------------------------------
  Cell Area:             24027.779645
  Design Area:           24027.779645


  Design Rules
  -----------------------------------
  Total Number of Nets:         13584
  Nets With Violations:             0
  Max Trans Violations:             0
  Max Cap Violations:               0
  -----------------------------------


  Hostname: microsys.openstack.polito

  Compile CPU Statistics
  -----------------------------------------
  Resource Sharing:                    0.01
  Logic Optimization:                  0.45
  Mapping Optimization:               23.49
  -----------------------------------------
  Overall Compile Time:               36.68
  Overall Compile Wall Clock Time:    37.25

  --------------------------------------------------------------------

  Design  WNS: 0.00  TNS: 0.00  Number of Violating Paths: 0


  Design (Hold)  WNS: 0.00  TNS: 0.00  Number of Violating Paths: 0

  --------------------------------------------------------------------


1
