Information: Updating design information... (UID-85)
 
****************************************
Report : qor
Design : dlx
Version: W-2024.09-SP2
Date   : Wed Sep 16 05:27:45 2026
****************************************


  Timing Path Group 'clk'
  -----------------------------------
  Levels of Logic:              37.00
  Critical Path Length:          1.77
  Critical Path Slack:          -0.91
  Critical Path Clk Period:      0.90
  Total Negative Slack:       -910.31
  No. of Violating Paths:     1347.00
  Worst Hold Violation:          0.00
  Total Hold Violation:          0.00
  No. of Hold Violations:        0.00
  -----------------------------------


  Cell Count
  -----------------------------------
  Hierarchical Cell Count:         54
  Hierarchical Port Count:        572
  Leaf Cell Count:              14669
  Buf/Inv Cell Count:            1316
  Buf Cell Count:                 175
  Inv Cell Count:                1141
  CT Buf/Inv Cell Count:            0
  Combinational Cell Count:     12014
  Sequential Cell Count:         2655
  Macro Count:                      0
  -----------------------------------


  Area
  -----------------------------------
  Combinational Area:    13255.843980
  Noncombinational Area: 12017.347582
  Buf/Inv Area:            769.538003
  Total Buffer Area:           156.14
  Total Inverter Area:         613.40
  Macro/Black Box Area:      0.000000
  Net Area:                  0.000000
  -----------------------------------
  Cell Area:             25273.191563
  Design Area:           25273.191563


  Design Rules
  -----------------------------------
  Total Number of Nets:         15051
  Nets With Violations:             4
  Max Trans Violations:             0
  Max Cap Violations:               4
  -----------------------------------


  Hostname: microsys.openstack.polito

  Compile CPU Statistics
  -----------------------------------------
  Resource Sharing:                    0.01
  Logic Optimization:                  0.48
  Mapping Optimization:               15.37
  -----------------------------------------
  Overall Compile Time:               30.37
  Overall Compile Wall Clock Time:    30.88

  --------------------------------------------------------------------

  Design  WNS: 0.91  TNS: 910.31  Number of Violating Paths: 1347


  Design (Hold)  WNS: 0.00  TNS: 0.00  Number of Violating Paths: 0

  --------------------------------------------------------------------


1
