 
****************************************
Report : timing
        -path full
        -delay max
        -nworst 5
        -max_paths 20
Design : dlx
Version: W-2024.09-SP2
Date   : Wed Sep 16 13:41:33 2026
****************************************

Operating Conditions: typical   Library: NangateOpenCellLibrary
Wire Load Model Mode: top

  Startpoint: ex_stage_inst/rd_addr_reg/reg_data_reg[4]
              (rising edge-triggered flip-flop clocked by clk)
  Endpoint: if_stage_inst/predicted_target_reg/reg_data_reg[4]
            (rising edge-triggered flip-flop clocked by clk)
  Path Group: clk
  Path Type: max

  Des/Clust/Port     Wire Load Model       Library
  ------------------------------------------------
  dlx                5K_hvratio_1_1        NangateOpenCellLibrary

  Point                                                   Incr       Path
  --------------------------------------------------------------------------
  clock clk (rise edge)                                   0.00       0.00
  clock network delay (ideal)                             0.00       0.00
  ex_stage_inst/rd_addr_reg/reg_data_reg[4]/CK (DFF_X1)
                                                          0.00       0.00 r
  ex_stage_inst/rd_addr_reg/reg_data_reg[4]/QN (DFF_X1)
                                                          0.07       0.07 r
  U6391/ZN (XNOR2_X1)                                     0.06       0.13 r
  U7206/ZN (AND2_X1)                                      0.04       0.17 r
  U6770/ZN (AND3_X2)                                      0.06       0.23 r
  U6769/ZN (AND3_X2)                                      0.07       0.30 r
  U5614/ZN (NAND2_X1)                                     0.04       0.34 f
  U7288/ZN (OR2_X1)                                       0.06       0.40 f
  U7289/ZN (NAND4_X1)                                     0.04       0.45 r
  U8416/ZN (XNOR2_X1)                                     0.07       0.51 r
  U5391/ZN (OR2_X2)                                       0.05       0.56 r
  U8417/ZN (NAND2_X1)                                     0.04       0.60 f
  U8420/ZN (NOR2_X1)                                      0.05       0.64 r
  U6406/ZN (AOI21_X1)                                     0.03       0.68 f
  U8444/ZN (OAI21_X1)                                     0.05       0.72 r
  U6710/ZN (NAND2_X1)                                     0.04       0.76 f
  U5126/ZN (OAI211_X2)                                    0.06       0.82 r
  U6527/ZN (NAND2_X1)                                     0.05       0.87 f
  U6537/ZN (NAND2_X1)                                     0.04       0.91 r
  U6526/ZN (NAND2_X1)                                     0.03       0.94 f
  U6538/ZN (NAND2_X1)                                     0.03       0.98 r
  U9218/ZN (OAI21_X1)                                     0.03       1.01 f
  U9219/ZN (XNOR2_X1)                                     0.06       1.07 f
  U9220/ZN (INV_X1)                                       0.04       1.11 r
  U6393/ZN (AND3_X1)                                      0.05       1.16 r
  U6604/ZN (AND3_X1)                                      0.05       1.21 r
  U6673/ZN (OAI211_X1)                                    0.03       1.24 f
  U9236/ZN (NAND4_X1)                                     0.04       1.28 r
  U6552/ZN (NAND3_X1)                                     0.03       1.31 f
  U6447/ZN (NAND2_X1)                                     0.03       1.34 r
  U6534/ZN (XNOR2_X1)                                     0.06       1.40 r
  U6732/ZN (AND3_X1)                                      0.05       1.45 r
  U6733/ZN (NAND3_X1)                                     0.03       1.48 f
  U11079/ZN (AND3_X1)                                     0.04       1.52 f
  U11080/ZN (NOR2_X1)                                     0.04       1.56 r
  U11081/ZN (NAND2_X1)                                    0.03       1.60 f
  U11454/ZN (OR2_X2)                                      0.06       1.65 f
  U6409/Z (BUF_X2)                                        0.06       1.71 f
  U12144/ZN (OAI211_X1)                                   0.06       1.77 r
  if_stage_inst/predicted_target_reg/reg_data_reg[4]/D (DFF_X2)
                                                          0.01       1.78 r
  data arrival time                                                  1.78

  clock clk (rise edge)                                   1.80       1.80
  clock network delay (ideal)                             0.00       1.80
  if_stage_inst/predicted_target_reg/reg_data_reg[4]/CK (DFF_X2)
                                                          0.00       1.80 r
  library setup time                                     -0.04       1.76
  data required time                                                 1.76
  --------------------------------------------------------------------------
  data required time                                                 1.76
  data arrival time                                                 -1.78
  --------------------------------------------------------------------------
  slack (VIOLATED)                                                  -0.02


  Startpoint: ex_stage_inst/rd_addr_reg/reg_data_reg[4]
              (rising edge-triggered flip-flop clocked by clk)
  Endpoint: if_stage_inst/predicted_target_reg/reg_data_reg[5]
            (rising edge-triggered flip-flop clocked by clk)
  Path Group: clk
  Path Type: max

  Des/Clust/Port     Wire Load Model       Library
  ------------------------------------------------
  dlx                5K_hvratio_1_1        NangateOpenCellLibrary

  Point                                                   Incr       Path
  --------------------------------------------------------------------------
  clock clk (rise edge)                                   0.00       0.00
  clock network delay (ideal)                             0.00       0.00
  ex_stage_inst/rd_addr_reg/reg_data_reg[4]/CK (DFF_X1)
                                                          0.00       0.00 r
  ex_stage_inst/rd_addr_reg/reg_data_reg[4]/QN (DFF_X1)
                                                          0.07       0.07 r
  U6391/ZN (XNOR2_X1)                                     0.06       0.13 r
  U7206/ZN (AND2_X1)                                      0.04       0.17 r
  U6770/ZN (AND3_X2)                                      0.06       0.23 r
  U6769/ZN (AND3_X2)                                      0.07       0.30 r
  U5614/ZN (NAND2_X1)                                     0.04       0.34 f
  U7288/ZN (OR2_X1)                                       0.06       0.40 f
  U7289/ZN (NAND4_X1)                                     0.04       0.45 r
  U8416/ZN (XNOR2_X1)                                     0.07       0.51 r
  U5391/ZN (OR2_X2)                                       0.05       0.56 r
  U8417/ZN (NAND2_X1)                                     0.04       0.60 f
  U8420/ZN (NOR2_X1)                                      0.05       0.64 r
  U6406/ZN (AOI21_X1)                                     0.03       0.68 f
  U8444/ZN (OAI21_X1)                                     0.05       0.72 r
  U6710/ZN (NAND2_X1)                                     0.04       0.76 f
  U5126/ZN (OAI211_X2)                                    0.06       0.82 r
  U6527/ZN (NAND2_X1)                                     0.05       0.87 f
  U6537/ZN (NAND2_X1)                                     0.04       0.91 r
  U6526/ZN (NAND2_X1)                                     0.03       0.94 f
  U6538/ZN (NAND2_X1)                                     0.03       0.98 r
  U9218/ZN (OAI21_X1)                                     0.03       1.01 f
  U9219/ZN (XNOR2_X1)                                     0.06       1.07 f
  U9220/ZN (INV_X1)                                       0.04       1.11 r
  U6393/ZN (AND3_X1)                                      0.05       1.16 r
  U6604/ZN (AND3_X1)                                      0.05       1.21 r
  U6673/ZN (OAI211_X1)                                    0.03       1.24 f
  U9236/ZN (NAND4_X1)                                     0.04       1.28 r
  U6552/ZN (NAND3_X1)                                     0.03       1.31 f
  U6447/ZN (NAND2_X1)                                     0.03       1.34 r
  U6534/ZN (XNOR2_X1)                                     0.06       1.40 r
  U6732/ZN (AND3_X1)                                      0.05       1.45 r
  U6733/ZN (NAND3_X1)                                     0.03       1.48 f
  U11079/ZN (AND3_X1)                                     0.04       1.52 f
  U11080/ZN (NOR2_X1)                                     0.04       1.56 r
  U11081/ZN (NAND2_X1)                                    0.03       1.60 f
  U11454/ZN (OR2_X2)                                      0.06       1.65 f
  U6409/Z (BUF_X2)                                        0.06       1.71 f
  U11982/ZN (OAI211_X1)                                   0.06       1.77 r
  if_stage_inst/predicted_target_reg/reg_data_reg[5]/D (DFF_X2)
                                                          0.01       1.78 r
  data arrival time                                                  1.78

  clock clk (rise edge)                                   1.80       1.80
  clock network delay (ideal)                             0.00       1.80
  if_stage_inst/predicted_target_reg/reg_data_reg[5]/CK (DFF_X2)
                                                          0.00       1.80 r
  library setup time                                     -0.04       1.76
  data required time                                                 1.76
  --------------------------------------------------------------------------
  data required time                                                 1.76
  data arrival time                                                 -1.78
  --------------------------------------------------------------------------
  slack (VIOLATED)                                                  -0.02


  Startpoint: ex_stage_inst/rd_addr_reg/reg_data_reg[4]
              (rising edge-triggered flip-flop clocked by clk)
  Endpoint: if_stage_inst/predicted_target_reg/reg_data_reg[12]
            (rising edge-triggered flip-flop clocked by clk)
  Path Group: clk
  Path Type: max

  Des/Clust/Port     Wire Load Model       Library
  ------------------------------------------------
  dlx                5K_hvratio_1_1        NangateOpenCellLibrary

  Point                                                   Incr       Path
  --------------------------------------------------------------------------
  clock clk (rise edge)                                   0.00       0.00
  clock network delay (ideal)                             0.00       0.00
  ex_stage_inst/rd_addr_reg/reg_data_reg[4]/CK (DFF_X1)
                                                          0.00       0.00 r
  ex_stage_inst/rd_addr_reg/reg_data_reg[4]/QN (DFF_X1)
                                                          0.07       0.07 r
  U6391/ZN (XNOR2_X1)                                     0.06       0.13 r
  U7206/ZN (AND2_X1)                                      0.04       0.17 r
  U6770/ZN (AND3_X2)                                      0.06       0.23 r
  U6769/ZN (AND3_X2)                                      0.07       0.30 r
  U5614/ZN (NAND2_X1)                                     0.04       0.34 f
  U7288/ZN (OR2_X1)                                       0.06       0.40 f
  U7289/ZN (NAND4_X1)                                     0.04       0.45 r
  U8416/ZN (XNOR2_X1)                                     0.07       0.51 r
  U5391/ZN (OR2_X2)                                       0.05       0.56 r
  U8417/ZN (NAND2_X1)                                     0.04       0.60 f
  U8420/ZN (NOR2_X1)                                      0.05       0.64 r
  U6406/ZN (AOI21_X1)                                     0.03       0.68 f
  U8444/ZN (OAI21_X1)                                     0.05       0.72 r
  U6710/ZN (NAND2_X1)                                     0.04       0.76 f
  U5126/ZN (OAI211_X2)                                    0.06       0.82 r
  U6527/ZN (NAND2_X1)                                     0.05       0.87 f
  U6537/ZN (NAND2_X1)                                     0.04       0.91 r
  U6526/ZN (NAND2_X1)                                     0.03       0.94 f
  U6538/ZN (NAND2_X1)                                     0.03       0.98 r
  U9218/ZN (OAI21_X1)                                     0.03       1.01 f
  U9219/ZN (XNOR2_X1)                                     0.06       1.07 f
  U9220/ZN (INV_X1)                                       0.04       1.11 r
  U6393/ZN (AND3_X1)                                      0.05       1.16 r
  U6604/ZN (AND3_X1)                                      0.05       1.21 r
  U6673/ZN (OAI211_X1)                                    0.03       1.24 f
  U9236/ZN (NAND4_X1)                                     0.04       1.28 r
  U6552/ZN (NAND3_X1)                                     0.03       1.31 f
  U6447/ZN (NAND2_X1)                                     0.03       1.34 r
  U6534/ZN (XNOR2_X1)                                     0.06       1.40 r
  U6732/ZN (AND3_X1)                                      0.05       1.45 r
  U6733/ZN (NAND3_X1)                                     0.03       1.48 f
  U11079/ZN (AND3_X1)                                     0.04       1.52 f
  U11080/ZN (NOR2_X1)                                     0.04       1.56 r
  U11081/ZN (NAND2_X1)                                    0.03       1.60 f
  U11454/ZN (OR2_X2)                                      0.06       1.65 f
  U6409/Z (BUF_X2)                                        0.06       1.71 f
  U11792/ZN (OAI211_X1)                                   0.06       1.77 r
  if_stage_inst/predicted_target_reg/reg_data_reg[12]/D (DFF_X2)
                                                          0.01       1.78 r
  data arrival time                                                  1.78

  clock clk (rise edge)                                   1.80       1.80
  clock network delay (ideal)                             0.00       1.80
  if_stage_inst/predicted_target_reg/reg_data_reg[12]/CK (DFF_X2)
                                                          0.00       1.80 r
  library setup time                                     -0.04       1.76
  data required time                                                 1.76
  --------------------------------------------------------------------------
  data required time                                                 1.76
  data arrival time                                                 -1.78
  --------------------------------------------------------------------------
  slack (VIOLATED)                                                  -0.02


  Startpoint: ex_stage_inst/rd_addr_reg/reg_data_reg[4]
              (rising edge-triggered flip-flop clocked by clk)
  Endpoint: if_stage_inst/predicted_target_reg/reg_data_reg[17]
            (rising edge-triggered flip-flop clocked by clk)
  Path Group: clk
  Path Type: max

  Des/Clust/Port     Wire Load Model       Library
  ------------------------------------------------
  dlx                5K_hvratio_1_1        NangateOpenCellLibrary

  Point                                                   Incr       Path
  --------------------------------------------------------------------------
  clock clk (rise edge)                                   0.00       0.00
  clock network delay (ideal)                             0.00       0.00
  ex_stage_inst/rd_addr_reg/reg_data_reg[4]/CK (DFF_X1)
                                                          0.00       0.00 r
  ex_stage_inst/rd_addr_reg/reg_data_reg[4]/QN (DFF_X1)
                                                          0.07       0.07 r
  U6391/ZN (XNOR2_X1)                                     0.06       0.13 r
  U7206/ZN (AND2_X1)                                      0.04       0.17 r
  U6770/ZN (AND3_X2)                                      0.06       0.23 r
  U6769/ZN (AND3_X2)                                      0.07       0.30 r
  U5614/ZN (NAND2_X1)                                     0.04       0.34 f
  U7288/ZN (OR2_X1)                                       0.06       0.40 f
  U7289/ZN (NAND4_X1)                                     0.04       0.45 r
  U8416/ZN (XNOR2_X1)                                     0.07       0.51 r
  U5391/ZN (OR2_X2)                                       0.05       0.56 r
  U8417/ZN (NAND2_X1)                                     0.04       0.60 f
  U8420/ZN (NOR2_X1)                                      0.05       0.64 r
  U6406/ZN (AOI21_X1)                                     0.03       0.68 f
  U8444/ZN (OAI21_X1)                                     0.05       0.72 r
  U6710/ZN (NAND2_X1)                                     0.04       0.76 f
  U5126/ZN (OAI211_X2)                                    0.06       0.82 r
  U6527/ZN (NAND2_X1)                                     0.05       0.87 f
  U6537/ZN (NAND2_X1)                                     0.04       0.91 r
  U6526/ZN (NAND2_X1)                                     0.03       0.94 f
  U6538/ZN (NAND2_X1)                                     0.03       0.98 r
  U9218/ZN (OAI21_X1)                                     0.03       1.01 f
  U9219/ZN (XNOR2_X1)                                     0.06       1.07 f
  U9220/ZN (INV_X1)                                       0.04       1.11 r
  U6393/ZN (AND3_X1)                                      0.05       1.16 r
  U6604/ZN (AND3_X1)                                      0.05       1.21 r
  U6673/ZN (OAI211_X1)                                    0.03       1.24 f
  U9236/ZN (NAND4_X1)                                     0.04       1.28 r
  U6552/ZN (NAND3_X1)                                     0.03       1.31 f
  U6447/ZN (NAND2_X1)                                     0.03       1.34 r
  U6534/ZN (XNOR2_X1)                                     0.06       1.40 r
  U6732/ZN (AND3_X1)                                      0.05       1.45 r
  U6733/ZN (NAND3_X1)                                     0.03       1.48 f
  U11079/ZN (AND3_X1)                                     0.04       1.52 f
  U11080/ZN (NOR2_X1)                                     0.04       1.56 r
  U11081/ZN (NAND2_X1)                                    0.03       1.60 f
  U11454/ZN (OR2_X2)                                      0.06       1.65 f
  U6409/Z (BUF_X2)                                        0.06       1.71 f
  U11599/ZN (OAI211_X1)                                   0.06       1.77 r
  if_stage_inst/predicted_target_reg/reg_data_reg[17]/D (DFF_X2)
                                                          0.01       1.78 r
  data arrival time                                                  1.78

  clock clk (rise edge)                                   1.80       1.80
  clock network delay (ideal)                             0.00       1.80
  if_stage_inst/predicted_target_reg/reg_data_reg[17]/CK (DFF_X2)
                                                          0.00       1.80 r
  library setup time                                     -0.04       1.76
  data required time                                                 1.76
  --------------------------------------------------------------------------
  data required time                                                 1.76
  data arrival time                                                 -1.78
  --------------------------------------------------------------------------
  slack (VIOLATED)                                                  -0.02


  Startpoint: ex_stage_inst/rd_addr_reg/reg_data_reg[4]
              (rising edge-triggered flip-flop clocked by clk)
  Endpoint: if_stage_inst/predicted_target_reg/reg_data_reg[19]
            (rising edge-triggered flip-flop clocked by clk)
  Path Group: clk
  Path Type: max

  Des/Clust/Port     Wire Load Model       Library
  ------------------------------------------------
  dlx                5K_hvratio_1_1        NangateOpenCellLibrary

  Point                                                   Incr       Path
  --------------------------------------------------------------------------
  clock clk (rise edge)                                   0.00       0.00
  clock network delay (ideal)                             0.00       0.00
  ex_stage_inst/rd_addr_reg/reg_data_reg[4]/CK (DFF_X1)
                                                          0.00       0.00 r
  ex_stage_inst/rd_addr_reg/reg_data_reg[4]/QN (DFF_X1)
                                                          0.07       0.07 r
  U6391/ZN (XNOR2_X1)                                     0.06       0.13 r
  U7206/ZN (AND2_X1)                                      0.04       0.17 r
  U6770/ZN (AND3_X2)                                      0.06       0.23 r
  U6769/ZN (AND3_X2)                                      0.07       0.30 r
  U5614/ZN (NAND2_X1)                                     0.04       0.34 f
  U7288/ZN (OR2_X1)                                       0.06       0.40 f
  U7289/ZN (NAND4_X1)                                     0.04       0.45 r
  U8416/ZN (XNOR2_X1)                                     0.07       0.51 r
  U5391/ZN (OR2_X2)                                       0.05       0.56 r
  U8417/ZN (NAND2_X1)                                     0.04       0.60 f
  U8420/ZN (NOR2_X1)                                      0.05       0.64 r
  U6406/ZN (AOI21_X1)                                     0.03       0.68 f
  U8444/ZN (OAI21_X1)                                     0.05       0.72 r
  U6710/ZN (NAND2_X1)                                     0.04       0.76 f
  U5126/ZN (OAI211_X2)                                    0.06       0.82 r
  U6527/ZN (NAND2_X1)                                     0.05       0.87 f
  U6537/ZN (NAND2_X1)                                     0.04       0.91 r
  U6526/ZN (NAND2_X1)                                     0.03       0.94 f
  U6538/ZN (NAND2_X1)                                     0.03       0.98 r
  U9218/ZN (OAI21_X1)                                     0.03       1.01 f
  U9219/ZN (XNOR2_X1)                                     0.06       1.07 f
  U9220/ZN (INV_X1)                                       0.04       1.11 r
  U6393/ZN (AND3_X1)                                      0.05       1.16 r
  U6604/ZN (AND3_X1)                                      0.05       1.21 r
  U6673/ZN (OAI211_X1)                                    0.03       1.24 f
  U9236/ZN (NAND4_X1)                                     0.04       1.28 r
  U6552/ZN (NAND3_X1)                                     0.03       1.31 f
  U6447/ZN (NAND2_X1)                                     0.03       1.34 r
  U6534/ZN (XNOR2_X1)                                     0.06       1.40 r
  U6732/ZN (AND3_X1)                                      0.05       1.45 r
  U6733/ZN (NAND3_X1)                                     0.03       1.48 f
  U11079/ZN (AND3_X1)                                     0.04       1.52 f
  U11080/ZN (NOR2_X1)                                     0.04       1.56 r
  U11081/ZN (NAND2_X1)                                    0.03       1.60 f
  U11454/ZN (OR2_X2)                                      0.06       1.65 f
  U6409/Z (BUF_X2)                                        0.06       1.71 f
  U12199/ZN (OAI211_X1)                                   0.06       1.77 r
  if_stage_inst/predicted_target_reg/reg_data_reg[19]/D (DFF_X2)
                                                          0.01       1.78 r
  data arrival time                                                  1.78

  clock clk (rise edge)                                   1.80       1.80
  clock network delay (ideal)                             0.00       1.80
  if_stage_inst/predicted_target_reg/reg_data_reg[19]/CK (DFF_X2)
                                                          0.00       1.80 r
  library setup time                                     -0.04       1.76
  data required time                                                 1.76
  --------------------------------------------------------------------------
  data required time                                                 1.76
  data arrival time                                                 -1.78
  --------------------------------------------------------------------------
  slack (VIOLATED)                                                  -0.02


  Startpoint: ex_stage_inst/rd_addr_reg/reg_data_reg[4]
              (rising edge-triggered flip-flop clocked by clk)
  Endpoint: if_stage_inst/predicted_target_reg/reg_data_reg[23]
            (rising edge-triggered flip-flop clocked by clk)
  Path Group: clk
  Path Type: max

  Des/Clust/Port     Wire Load Model       Library
  ------------------------------------------------
  dlx                5K_hvratio_1_1        NangateOpenCellLibrary

  Point                                                   Incr       Path
  --------------------------------------------------------------------------
  clock clk (rise edge)                                   0.00       0.00
  clock network delay (ideal)                             0.00       0.00
  ex_stage_inst/rd_addr_reg/reg_data_reg[4]/CK (DFF_X1)
                                                          0.00       0.00 r
  ex_stage_inst/rd_addr_reg/reg_data_reg[4]/QN (DFF_X1)
                                                          0.07       0.07 r
  U6391/ZN (XNOR2_X1)                                     0.06       0.13 r
  U7206/ZN (AND2_X1)                                      0.04       0.17 r
  U6770/ZN (AND3_X2)                                      0.06       0.23 r
  U6769/ZN (AND3_X2)                                      0.07       0.30 r
  U5614/ZN (NAND2_X1)                                     0.04       0.34 f
  U7288/ZN (OR2_X1)                                       0.06       0.40 f
  U7289/ZN (NAND4_X1)                                     0.04       0.45 r
  U8416/ZN (XNOR2_X1)                                     0.07       0.51 r
  U5391/ZN (OR2_X2)                                       0.05       0.56 r
  U8417/ZN (NAND2_X1)                                     0.04       0.60 f
  U8420/ZN (NOR2_X1)                                      0.05       0.64 r
  U6406/ZN (AOI21_X1)                                     0.03       0.68 f
  U8444/ZN (OAI21_X1)                                     0.05       0.72 r
  U6710/ZN (NAND2_X1)                                     0.04       0.76 f
  U5126/ZN (OAI211_X2)                                    0.06       0.82 r
  U6527/ZN (NAND2_X1)                                     0.05       0.87 f
  U6537/ZN (NAND2_X1)                                     0.04       0.91 r
  U6526/ZN (NAND2_X1)                                     0.03       0.94 f
  U6538/ZN (NAND2_X1)                                     0.03       0.98 r
  U9218/ZN (OAI21_X1)                                     0.03       1.01 f
  U9219/ZN (XNOR2_X1)                                     0.06       1.07 f
  U9220/ZN (INV_X1)                                       0.04       1.11 r
  U6393/ZN (AND3_X1)                                      0.05       1.16 r
  U6604/ZN (AND3_X1)                                      0.05       1.21 r
  U6673/ZN (OAI211_X1)                                    0.03       1.24 f
  U9236/ZN (NAND4_X1)                                     0.04       1.28 r
  U6552/ZN (NAND3_X1)                                     0.03       1.31 f
  U6447/ZN (NAND2_X1)                                     0.03       1.34 r
  U6534/ZN (XNOR2_X1)                                     0.06       1.40 r
  U6732/ZN (AND3_X1)                                      0.05       1.45 r
  U6733/ZN (NAND3_X1)                                     0.03       1.48 f
  U11079/ZN (AND3_X1)                                     0.04       1.52 f
  U11080/ZN (NOR2_X1)                                     0.04       1.56 r
  U11081/ZN (NAND2_X1)                                    0.03       1.60 f
  U11454/ZN (OR2_X2)                                      0.06       1.65 f
  U6409/Z (BUF_X2)                                        0.06       1.71 f
  U11927/ZN (OAI211_X1)                                   0.06       1.77 r
  if_stage_inst/predicted_target_reg/reg_data_reg[23]/D (DFF_X2)
                                                          0.01       1.78 r
  data arrival time                                                  1.78

  clock clk (rise edge)                                   1.80       1.80
  clock network delay (ideal)                             0.00       1.80
  if_stage_inst/predicted_target_reg/reg_data_reg[23]/CK (DFF_X2)
                                                          0.00       1.80 r
  library setup time                                     -0.04       1.76
  data required time                                                 1.76
  --------------------------------------------------------------------------
  data required time                                                 1.76
  data arrival time                                                 -1.78
  --------------------------------------------------------------------------
  slack (VIOLATED)                                                  -0.02


  Startpoint: ex_stage_inst/rd_addr_reg/reg_data_reg[4]
              (rising edge-triggered flip-flop clocked by clk)
  Endpoint: if_stage_inst/pc_reg_inst/reg_data_reg[4]
            (rising edge-triggered flip-flop clocked by clk)
  Path Group: clk
  Path Type: max

  Des/Clust/Port     Wire Load Model       Library
  ------------------------------------------------
  dlx                5K_hvratio_1_1        NangateOpenCellLibrary

  Point                                                   Incr       Path
  --------------------------------------------------------------------------
  clock clk (rise edge)                                   0.00       0.00
  clock network delay (ideal)                             0.00       0.00
  ex_stage_inst/rd_addr_reg/reg_data_reg[4]/CK (DFF_X1)
                                                          0.00       0.00 r
  ex_stage_inst/rd_addr_reg/reg_data_reg[4]/QN (DFF_X1)
                                                          0.07       0.07 r
  U6391/ZN (XNOR2_X1)                                     0.06       0.13 r
  U7206/ZN (AND2_X1)                                      0.04       0.17 r
  U6770/ZN (AND3_X2)                                      0.06       0.23 r
  U6769/ZN (AND3_X2)                                      0.07       0.30 r
  U5614/ZN (NAND2_X1)                                     0.04       0.34 f
  U7288/ZN (OR2_X1)                                       0.06       0.40 f
  U7289/ZN (NAND4_X1)                                     0.04       0.45 r
  U8416/ZN (XNOR2_X1)                                     0.07       0.51 r
  U5391/ZN (OR2_X2)                                       0.05       0.56 r
  U8417/ZN (NAND2_X1)                                     0.04       0.60 f
  U8420/ZN (NOR2_X1)                                      0.05       0.64 r
  U6406/ZN (AOI21_X1)                                     0.03       0.68 f
  U8444/ZN (OAI21_X1)                                     0.05       0.72 r
  U6710/ZN (NAND2_X1)                                     0.04       0.76 f
  U5126/ZN (OAI211_X2)                                    0.06       0.82 r
  U6527/ZN (NAND2_X1)                                     0.05       0.87 f
  U6537/ZN (NAND2_X1)                                     0.04       0.91 r
  U6526/ZN (NAND2_X1)                                     0.03       0.94 f
  U6538/ZN (NAND2_X1)                                     0.03       0.98 r
  U9218/ZN (OAI21_X1)                                     0.03       1.01 f
  U9219/ZN (XNOR2_X1)                                     0.06       1.07 f
  U9220/ZN (INV_X1)                                       0.04       1.11 r
  U6393/ZN (AND3_X1)                                      0.05       1.16 r
  U6604/ZN (AND3_X1)                                      0.05       1.21 r
  U6673/ZN (OAI211_X1)                                    0.03       1.24 f
  U9236/ZN (NAND4_X1)                                     0.04       1.28 r
  U6552/ZN (NAND3_X1)                                     0.03       1.31 f
  U6447/ZN (NAND2_X1)                                     0.03       1.34 r
  U6534/ZN (XNOR2_X1)                                     0.06       1.40 r
  U6732/ZN (AND3_X1)                                      0.05       1.45 r
  U6733/ZN (NAND3_X1)                                     0.03       1.48 f
  U11079/ZN (AND3_X1)                                     0.04       1.52 f
  U11080/ZN (NOR2_X1)                                     0.04       1.56 r
  U11081/ZN (NAND2_X1)                                    0.03       1.60 f
  U11454/ZN (OR2_X2)                                      0.06       1.65 f
  U6409/Z (BUF_X2)                                        0.06       1.71 f
  U12144/ZN (OAI211_X1)                                   0.06       1.77 r
  if_stage_inst/pc_reg_inst/reg_data_reg[4]/D (DFF_X2)
                                                          0.01       1.78 r
  data arrival time                                                  1.78

  clock clk (rise edge)                                   1.80       1.80
  clock network delay (ideal)                             0.00       1.80
  if_stage_inst/pc_reg_inst/reg_data_reg[4]/CK (DFF_X2)
                                                          0.00       1.80 r
  library setup time                                     -0.04       1.76
  data required time                                                 1.76
  --------------------------------------------------------------------------
  data required time                                                 1.76
  data arrival time                                                 -1.78
  --------------------------------------------------------------------------
  slack (VIOLATED)                                                  -0.02


  Startpoint: ex_stage_inst/rd_addr_reg/reg_data_reg[4]
              (rising edge-triggered flip-flop clocked by clk)
  Endpoint: if_stage_inst/pc_reg_inst/reg_data_reg[5]
            (rising edge-triggered flip-flop clocked by clk)
  Path Group: clk
  Path Type: max

  Des/Clust/Port     Wire Load Model       Library
  ------------------------------------------------
  dlx                5K_hvratio_1_1        NangateOpenCellLibrary

  Point                                                   Incr       Path
  --------------------------------------------------------------------------
  clock clk (rise edge)                                   0.00       0.00
  clock network delay (ideal)                             0.00       0.00
  ex_stage_inst/rd_addr_reg/reg_data_reg[4]/CK (DFF_X1)
                                                          0.00       0.00 r
  ex_stage_inst/rd_addr_reg/reg_data_reg[4]/QN (DFF_X1)
                                                          0.07       0.07 r
  U6391/ZN (XNOR2_X1)                                     0.06       0.13 r
  U7206/ZN (AND2_X1)                                      0.04       0.17 r
  U6770/ZN (AND3_X2)                                      0.06       0.23 r
  U6769/ZN (AND3_X2)                                      0.07       0.30 r
  U5614/ZN (NAND2_X1)                                     0.04       0.34 f
  U7288/ZN (OR2_X1)                                       0.06       0.40 f
  U7289/ZN (NAND4_X1)                                     0.04       0.45 r
  U8416/ZN (XNOR2_X1)                                     0.07       0.51 r
  U5391/ZN (OR2_X2)                                       0.05       0.56 r
  U8417/ZN (NAND2_X1)                                     0.04       0.60 f
  U8420/ZN (NOR2_X1)                                      0.05       0.64 r
  U6406/ZN (AOI21_X1)                                     0.03       0.68 f
  U8444/ZN (OAI21_X1)                                     0.05       0.72 r
  U6710/ZN (NAND2_X1)                                     0.04       0.76 f
  U5126/ZN (OAI211_X2)                                    0.06       0.82 r
  U6527/ZN (NAND2_X1)                                     0.05       0.87 f
  U6537/ZN (NAND2_X1)                                     0.04       0.91 r
  U6526/ZN (NAND2_X1)                                     0.03       0.94 f
  U6538/ZN (NAND2_X1)                                     0.03       0.98 r
  U9218/ZN (OAI21_X1)                                     0.03       1.01 f
  U9219/ZN (XNOR2_X1)                                     0.06       1.07 f
  U9220/ZN (INV_X1)                                       0.04       1.11 r
  U6393/ZN (AND3_X1)                                      0.05       1.16 r
  U6604/ZN (AND3_X1)                                      0.05       1.21 r
  U6673/ZN (OAI211_X1)                                    0.03       1.24 f
  U9236/ZN (NAND4_X1)                                     0.04       1.28 r
  U6552/ZN (NAND3_X1)                                     0.03       1.31 f
  U6447/ZN (NAND2_X1)                                     0.03       1.34 r
  U6534/ZN (XNOR2_X1)                                     0.06       1.40 r
  U6732/ZN (AND3_X1)                                      0.05       1.45 r
  U6733/ZN (NAND3_X1)                                     0.03       1.48 f
  U11079/ZN (AND3_X1)                                     0.04       1.52 f
  U11080/ZN (NOR2_X1)                                     0.04       1.56 r
  U11081/ZN (NAND2_X1)                                    0.03       1.60 f
  U11454/ZN (OR2_X2)                                      0.06       1.65 f
  U6409/Z (BUF_X2)                                        0.06       1.71 f
  U11982/ZN (OAI211_X1)                                   0.06       1.77 r
  if_stage_inst/pc_reg_inst/reg_data_reg[5]/D (DFF_X2)
                                                          0.01       1.78 r
  data arrival time                                                  1.78

  clock clk (rise edge)                                   1.80       1.80
  clock network delay (ideal)                             0.00       1.80
  if_stage_inst/pc_reg_inst/reg_data_reg[5]/CK (DFF_X2)
                                                          0.00       1.80 r
  library setup time                                     -0.04       1.76
  data required time                                                 1.76
  --------------------------------------------------------------------------
  data required time                                                 1.76
  data arrival time                                                 -1.78
  --------------------------------------------------------------------------
  slack (VIOLATED)                                                  -0.02


  Startpoint: ex_stage_inst/rd_addr_reg/reg_data_reg[4]
              (rising edge-triggered flip-flop clocked by clk)
  Endpoint: if_stage_inst/pc_reg_inst/reg_data_reg[12]
            (rising edge-triggered flip-flop clocked by clk)
  Path Group: clk
  Path Type: max

  Des/Clust/Port     Wire Load Model       Library
  ------------------------------------------------
  dlx                5K_hvratio_1_1        NangateOpenCellLibrary

  Point                                                   Incr       Path
  --------------------------------------------------------------------------
  clock clk (rise edge)                                   0.00       0.00
  clock network delay (ideal)                             0.00       0.00
  ex_stage_inst/rd_addr_reg/reg_data_reg[4]/CK (DFF_X1)
                                                          0.00       0.00 r
  ex_stage_inst/rd_addr_reg/reg_data_reg[4]/QN (DFF_X1)
                                                          0.07       0.07 r
  U6391/ZN (XNOR2_X1)                                     0.06       0.13 r
  U7206/ZN (AND2_X1)                                      0.04       0.17 r
  U6770/ZN (AND3_X2)                                      0.06       0.23 r
  U6769/ZN (AND3_X2)                                      0.07       0.30 r
  U5614/ZN (NAND2_X1)                                     0.04       0.34 f
  U7288/ZN (OR2_X1)                                       0.06       0.40 f
  U7289/ZN (NAND4_X1)                                     0.04       0.45 r
  U8416/ZN (XNOR2_X1)                                     0.07       0.51 r
  U5391/ZN (OR2_X2)                                       0.05       0.56 r
  U8417/ZN (NAND2_X1)                                     0.04       0.60 f
  U8420/ZN (NOR2_X1)                                      0.05       0.64 r
  U6406/ZN (AOI21_X1)                                     0.03       0.68 f
  U8444/ZN (OAI21_X1)                                     0.05       0.72 r
  U6710/ZN (NAND2_X1)                                     0.04       0.76 f
  U5126/ZN (OAI211_X2)                                    0.06       0.82 r
  U6527/ZN (NAND2_X1)                                     0.05       0.87 f
  U6537/ZN (NAND2_X1)                                     0.04       0.91 r
  U6526/ZN (NAND2_X1)                                     0.03       0.94 f
  U6538/ZN (NAND2_X1)                                     0.03       0.98 r
  U9218/ZN (OAI21_X1)                                     0.03       1.01 f
  U9219/ZN (XNOR2_X1)                                     0.06       1.07 f
  U9220/ZN (INV_X1)                                       0.04       1.11 r
  U6393/ZN (AND3_X1)                                      0.05       1.16 r
  U6604/ZN (AND3_X1)                                      0.05       1.21 r
  U6673/ZN (OAI211_X1)                                    0.03       1.24 f
  U9236/ZN (NAND4_X1)                                     0.04       1.28 r
  U6552/ZN (NAND3_X1)                                     0.03       1.31 f
  U6447/ZN (NAND2_X1)                                     0.03       1.34 r
  U6534/ZN (XNOR2_X1)                                     0.06       1.40 r
  U6732/ZN (AND3_X1)                                      0.05       1.45 r
  U6733/ZN (NAND3_X1)                                     0.03       1.48 f
  U11079/ZN (AND3_X1)                                     0.04       1.52 f
  U11080/ZN (NOR2_X1)                                     0.04       1.56 r
  U11081/ZN (NAND2_X1)                                    0.03       1.60 f
  U11454/ZN (OR2_X2)                                      0.06       1.65 f
  U6409/Z (BUF_X2)                                        0.06       1.71 f
  U11792/ZN (OAI211_X1)                                   0.06       1.77 r
  if_stage_inst/pc_reg_inst/reg_data_reg[12]/D (DFF_X2)
                                                          0.01       1.78 r
  data arrival time                                                  1.78

  clock clk (rise edge)                                   1.80       1.80
  clock network delay (ideal)                             0.00       1.80
  if_stage_inst/pc_reg_inst/reg_data_reg[12]/CK (DFF_X2)
                                                          0.00       1.80 r
  library setup time                                     -0.04       1.76
  data required time                                                 1.76
  --------------------------------------------------------------------------
  data required time                                                 1.76
  data arrival time                                                 -1.78
  --------------------------------------------------------------------------
  slack (VIOLATED)                                                  -0.02


  Startpoint: ex_stage_inst/rd_addr_reg/reg_data_reg[4]
              (rising edge-triggered flip-flop clocked by clk)
  Endpoint: if_stage_inst/predicted_target_reg/reg_data_reg[9]
            (rising edge-triggered flip-flop clocked by clk)
  Path Group: clk
  Path Type: max

  Des/Clust/Port     Wire Load Model       Library
  ------------------------------------------------
  dlx                5K_hvratio_1_1        NangateOpenCellLibrary

  Point                                                   Incr       Path
  --------------------------------------------------------------------------
  clock clk (rise edge)                                   0.00       0.00
  clock network delay (ideal)                             0.00       0.00
  ex_stage_inst/rd_addr_reg/reg_data_reg[4]/CK (DFF_X1)
                                                          0.00       0.00 r
  ex_stage_inst/rd_addr_reg/reg_data_reg[4]/QN (DFF_X1)
                                                          0.07       0.07 r
  U6391/ZN (XNOR2_X1)                                     0.06       0.13 r
  U7206/ZN (AND2_X1)                                      0.04       0.17 r
  U6770/ZN (AND3_X2)                                      0.06       0.23 r
  U6769/ZN (AND3_X2)                                      0.07       0.30 r
  U5614/ZN (NAND2_X1)                                     0.04       0.34 f
  U7288/ZN (OR2_X1)                                       0.06       0.40 f
  U7289/ZN (NAND4_X1)                                     0.04       0.45 r
  U8416/ZN (XNOR2_X1)                                     0.07       0.51 r
  U5391/ZN (OR2_X2)                                       0.05       0.56 r
  U8417/ZN (NAND2_X1)                                     0.04       0.60 f
  U8420/ZN (NOR2_X1)                                      0.05       0.64 r
  U6406/ZN (AOI21_X1)                                     0.03       0.68 f
  U8444/ZN (OAI21_X1)                                     0.05       0.72 r
  U6710/ZN (NAND2_X1)                                     0.04       0.76 f
  U5126/ZN (OAI211_X2)                                    0.06       0.82 r
  U6527/ZN (NAND2_X1)                                     0.05       0.87 f
  U6537/ZN (NAND2_X1)                                     0.04       0.91 r
  U6526/ZN (NAND2_X1)                                     0.03       0.94 f
  U6538/ZN (NAND2_X1)                                     0.03       0.98 r
  U9218/ZN (OAI21_X1)                                     0.03       1.01 f
  U9219/ZN (XNOR2_X1)                                     0.06       1.07 f
  U9220/ZN (INV_X1)                                       0.04       1.11 r
  U6393/ZN (AND3_X1)                                      0.05       1.16 r
  U6604/ZN (AND3_X1)                                      0.05       1.21 r
  U6673/ZN (OAI211_X1)                                    0.03       1.24 f
  U9236/ZN (NAND4_X1)                                     0.04       1.28 r
  U6552/ZN (NAND3_X1)                                     0.03       1.31 f
  U6447/ZN (NAND2_X1)                                     0.03       1.34 r
  U6534/ZN (XNOR2_X1)                                     0.06       1.40 r
  U6732/ZN (AND3_X1)                                      0.05       1.45 r
  U6733/ZN (NAND3_X1)                                     0.03       1.48 f
  U11079/ZN (AND3_X1)                                     0.04       1.52 f
  U11080/ZN (NOR2_X1)                                     0.04       1.56 r
  U11081/ZN (NAND2_X1)                                    0.03       1.60 f
  U11454/ZN (OR2_X2)                                      0.06       1.65 f
  U6409/Z (BUF_X2)                                        0.06       1.71 f
  U11491/ZN (OAI211_X1)                                   0.06       1.77 r
  if_stage_inst/predicted_target_reg/reg_data_reg[9]/D (DFF_X2)
                                                          0.01       1.78 r
  data arrival time                                                  1.78

  clock clk (rise edge)                                   1.80       1.80
  clock network delay (ideal)                             0.00       1.80
  if_stage_inst/predicted_target_reg/reg_data_reg[9]/CK (DFF_X2)
                                                          0.00       1.80 r
  library setup time                                     -0.04       1.76
  data required time                                                 1.76
  --------------------------------------------------------------------------
  data required time                                                 1.76
  data arrival time                                                 -1.78
  --------------------------------------------------------------------------
  slack (VIOLATED)                                                  -0.02


  Startpoint: ex_stage_inst/rd_addr_reg/reg_data_reg[4]
              (rising edge-triggered flip-flop clocked by clk)
  Endpoint: if_stage_inst/predicted_target_reg/reg_data_reg[13]
            (rising edge-triggered flip-flop clocked by clk)
  Path Group: clk
  Path Type: max

  Des/Clust/Port     Wire Load Model       Library
  ------------------------------------------------
  dlx                5K_hvratio_1_1        NangateOpenCellLibrary

  Point                                                   Incr       Path
  --------------------------------------------------------------------------
  clock clk (rise edge)                                   0.00       0.00
  clock network delay (ideal)                             0.00       0.00
  ex_stage_inst/rd_addr_reg/reg_data_reg[4]/CK (DFF_X1)
                                                          0.00       0.00 r
  ex_stage_inst/rd_addr_reg/reg_data_reg[4]/QN (DFF_X1)
                                                          0.07       0.07 r
  U6391/ZN (XNOR2_X1)                                     0.06       0.13 r
  U7206/ZN (AND2_X1)                                      0.04       0.17 r
  U6770/ZN (AND3_X2)                                      0.06       0.23 r
  U6769/ZN (AND3_X2)                                      0.07       0.30 r
  U5614/ZN (NAND2_X1)                                     0.04       0.34 f
  U7288/ZN (OR2_X1)                                       0.06       0.40 f
  U7289/ZN (NAND4_X1)                                     0.04       0.45 r
  U8416/ZN (XNOR2_X1)                                     0.07       0.51 r
  U5391/ZN (OR2_X2)                                       0.05       0.56 r
  U8417/ZN (NAND2_X1)                                     0.04       0.60 f
  U8420/ZN (NOR2_X1)                                      0.05       0.64 r
  U6406/ZN (AOI21_X1)                                     0.03       0.68 f
  U8444/ZN (OAI21_X1)                                     0.05       0.72 r
  U6710/ZN (NAND2_X1)                                     0.04       0.76 f
  U5126/ZN (OAI211_X2)                                    0.06       0.82 r
  U6527/ZN (NAND2_X1)                                     0.05       0.87 f
  U6537/ZN (NAND2_X1)                                     0.04       0.91 r
  U6526/ZN (NAND2_X1)                                     0.03       0.94 f
  U6538/ZN (NAND2_X1)                                     0.03       0.98 r
  U9218/ZN (OAI21_X1)                                     0.03       1.01 f
  U9219/ZN (XNOR2_X1)                                     0.06       1.07 f
  U9220/ZN (INV_X1)                                       0.04       1.11 r
  U6393/ZN (AND3_X1)                                      0.05       1.16 r
  U6604/ZN (AND3_X1)                                      0.05       1.21 r
  U6673/ZN (OAI211_X1)                                    0.03       1.24 f
  U9236/ZN (NAND4_X1)                                     0.04       1.28 r
  U6552/ZN (NAND3_X1)                                     0.03       1.31 f
  U6447/ZN (NAND2_X1)                                     0.03       1.34 r
  U6534/ZN (XNOR2_X1)                                     0.06       1.40 r
  U6732/ZN (AND3_X1)                                      0.05       1.45 r
  U6733/ZN (NAND3_X1)                                     0.03       1.48 f
  U11079/ZN (AND3_X1)                                     0.04       1.52 f
  U11080/ZN (NOR2_X1)                                     0.04       1.56 r
  U11081/ZN (NAND2_X1)                                    0.03       1.60 f
  U11454/ZN (OR2_X2)                                      0.06       1.65 f
  U6409/Z (BUF_X2)                                        0.06       1.71 f
  U11737/ZN (OAI211_X1)                                   0.06       1.77 r
  if_stage_inst/predicted_target_reg/reg_data_reg[13]/D (DFF_X2)
                                                          0.01       1.78 r
  data arrival time                                                  1.78

  clock clk (rise edge)                                   1.80       1.80
  clock network delay (ideal)                             0.00       1.80
  if_stage_inst/predicted_target_reg/reg_data_reg[13]/CK (DFF_X2)
                                                          0.00       1.80 r
  library setup time                                     -0.04       1.76
  data required time                                                 1.76
  --------------------------------------------------------------------------
  data required time                                                 1.76
  data arrival time                                                 -1.78
  --------------------------------------------------------------------------
  slack (VIOLATED)                                                  -0.02


  Startpoint: ex_stage_inst/rd_addr_reg/reg_data_reg[4]
              (rising edge-triggered flip-flop clocked by clk)
  Endpoint: if_stage_inst/predicted_target_reg/reg_data_reg[11]
            (rising edge-triggered flip-flop clocked by clk)
  Path Group: clk
  Path Type: max

  Des/Clust/Port     Wire Load Model       Library
  ------------------------------------------------
  dlx                5K_hvratio_1_1        NangateOpenCellLibrary

  Point                                                   Incr       Path
  --------------------------------------------------------------------------
  clock clk (rise edge)                                   0.00       0.00
  clock network delay (ideal)                             0.00       0.00
  ex_stage_inst/rd_addr_reg/reg_data_reg[4]/CK (DFF_X1)
                                                          0.00       0.00 r
  ex_stage_inst/rd_addr_reg/reg_data_reg[4]/QN (DFF_X1)
                                                          0.07       0.07 r
  U6391/ZN (XNOR2_X1)                                     0.06       0.13 r
  U7206/ZN (AND2_X1)                                      0.04       0.17 r
  U6770/ZN (AND3_X2)                                      0.06       0.23 r
  U6769/ZN (AND3_X2)                                      0.07       0.30 r
  U5614/ZN (NAND2_X1)                                     0.04       0.34 f
  U7288/ZN (OR2_X1)                                       0.06       0.40 f
  U7289/ZN (NAND4_X1)                                     0.04       0.45 r
  U8416/ZN (XNOR2_X1)                                     0.07       0.51 r
  U5391/ZN (OR2_X2)                                       0.05       0.56 r
  U8417/ZN (NAND2_X1)                                     0.04       0.60 f
  U8420/ZN (NOR2_X1)                                      0.05       0.64 r
  U6406/ZN (AOI21_X1)                                     0.03       0.68 f
  U8444/ZN (OAI21_X1)                                     0.05       0.72 r
  U6710/ZN (NAND2_X1)                                     0.04       0.76 f
  U5126/ZN (OAI211_X2)                                    0.06       0.82 r
  U6527/ZN (NAND2_X1)                                     0.05       0.87 f
  U6537/ZN (NAND2_X1)                                     0.04       0.91 r
  U6526/ZN (NAND2_X1)                                     0.03       0.94 f
  U6538/ZN (NAND2_X1)                                     0.03       0.98 r
  U9218/ZN (OAI21_X1)                                     0.03       1.01 f
  U9219/ZN (XNOR2_X1)                                     0.06       1.07 f
  U9220/ZN (INV_X1)                                       0.04       1.11 r
  U6393/ZN (AND3_X1)                                      0.05       1.16 r
  U6604/ZN (AND3_X1)                                      0.05       1.21 r
  U6673/ZN (OAI211_X1)                                    0.03       1.24 f
  U9236/ZN (NAND4_X1)                                     0.04       1.28 r
  U6552/ZN (NAND3_X1)                                     0.03       1.31 f
  U6447/ZN (NAND2_X1)                                     0.03       1.34 r
  U6534/ZN (XNOR2_X1)                                     0.06       1.40 r
  U6732/ZN (AND3_X1)                                      0.05       1.45 r
  U6733/ZN (NAND3_X1)                                     0.03       1.48 f
  U11079/ZN (AND3_X1)                                     0.04       1.52 f
  U11080/ZN (NOR2_X1)                                     0.04       1.56 r
  U11081/ZN (NAND2_X1)                                    0.03       1.60 f
  U11454/ZN (OR2_X2)                                      0.06       1.65 f
  U6409/Z (BUF_X2)                                        0.06       1.71 f
  U11765/ZN (OAI211_X1)                                   0.06       1.77 r
  if_stage_inst/predicted_target_reg/reg_data_reg[11]/D (DFF_X2)
                                                          0.01       1.78 r
  data arrival time                                                  1.78

  clock clk (rise edge)                                   1.80       1.80
  clock network delay (ideal)                             0.00       1.80
  if_stage_inst/predicted_target_reg/reg_data_reg[11]/CK (DFF_X2)
                                                          0.00       1.80 r
  library setup time                                     -0.04       1.76
  data required time                                                 1.76
  --------------------------------------------------------------------------
  data required time                                                 1.76
  data arrival time                                                 -1.78
  --------------------------------------------------------------------------
  slack (VIOLATED)                                                  -0.02


  Startpoint: ex_stage_inst/rd_addr_reg/reg_data_reg[4]
              (rising edge-triggered flip-flop clocked by clk)
  Endpoint: if_stage_inst/pc_reg_inst/reg_data_reg[9]
            (rising edge-triggered flip-flop clocked by clk)
  Path Group: clk
  Path Type: max

  Des/Clust/Port     Wire Load Model       Library
  ------------------------------------------------
  dlx                5K_hvratio_1_1        NangateOpenCellLibrary

  Point                                                   Incr       Path
  --------------------------------------------------------------------------
  clock clk (rise edge)                                   0.00       0.00
  clock network delay (ideal)                             0.00       0.00
  ex_stage_inst/rd_addr_reg/reg_data_reg[4]/CK (DFF_X1)
                                                          0.00       0.00 r
  ex_stage_inst/rd_addr_reg/reg_data_reg[4]/QN (DFF_X1)
                                                          0.07       0.07 r
  U6391/ZN (XNOR2_X1)                                     0.06       0.13 r
  U7206/ZN (AND2_X1)                                      0.04       0.17 r
  U6770/ZN (AND3_X2)                                      0.06       0.23 r
  U6769/ZN (AND3_X2)                                      0.07       0.30 r
  U5614/ZN (NAND2_X1)                                     0.04       0.34 f
  U7288/ZN (OR2_X1)                                       0.06       0.40 f
  U7289/ZN (NAND4_X1)                                     0.04       0.45 r
  U8416/ZN (XNOR2_X1)                                     0.07       0.51 r
  U5391/ZN (OR2_X2)                                       0.05       0.56 r
  U8417/ZN (NAND2_X1)                                     0.04       0.60 f
  U8420/ZN (NOR2_X1)                                      0.05       0.64 r
  U6406/ZN (AOI21_X1)                                     0.03       0.68 f
  U8444/ZN (OAI21_X1)                                     0.05       0.72 r
  U6710/ZN (NAND2_X1)                                     0.04       0.76 f
  U5126/ZN (OAI211_X2)                                    0.06       0.82 r
  U6527/ZN (NAND2_X1)                                     0.05       0.87 f
  U6537/ZN (NAND2_X1)                                     0.04       0.91 r
  U6526/ZN (NAND2_X1)                                     0.03       0.94 f
  U6538/ZN (NAND2_X1)                                     0.03       0.98 r
  U9218/ZN (OAI21_X1)                                     0.03       1.01 f
  U9219/ZN (XNOR2_X1)                                     0.06       1.07 f
  U9220/ZN (INV_X1)                                       0.04       1.11 r
  U6393/ZN (AND3_X1)                                      0.05       1.16 r
  U6604/ZN (AND3_X1)                                      0.05       1.21 r
  U6673/ZN (OAI211_X1)                                    0.03       1.24 f
  U9236/ZN (NAND4_X1)                                     0.04       1.28 r
  U6552/ZN (NAND3_X1)                                     0.03       1.31 f
  U6447/ZN (NAND2_X1)                                     0.03       1.34 r
  U6534/ZN (XNOR2_X1)                                     0.06       1.40 r
  U6732/ZN (AND3_X1)                                      0.05       1.45 r
  U6733/ZN (NAND3_X1)                                     0.03       1.48 f
  U11079/ZN (AND3_X1)                                     0.04       1.52 f
  U11080/ZN (NOR2_X1)                                     0.04       1.56 r
  U11081/ZN (NAND2_X1)                                    0.03       1.60 f
  U11454/ZN (OR2_X2)                                      0.06       1.65 f
  U6409/Z (BUF_X2)                                        0.06       1.71 f
  U11491/ZN (OAI211_X1)                                   0.06       1.77 r
  if_stage_inst/pc_reg_inst/reg_data_reg[9]/D (DFF_X2)
                                                          0.01       1.78 r
  data arrival time                                                  1.78

  clock clk (rise edge)                                   1.80       1.80
  clock network delay (ideal)                             0.00       1.80
  if_stage_inst/pc_reg_inst/reg_data_reg[9]/CK (DFF_X2)
                                                          0.00       1.80 r
  library setup time                                     -0.04       1.76
  data required time                                                 1.76
  --------------------------------------------------------------------------
  data required time                                                 1.76
  data arrival time                                                 -1.78
  --------------------------------------------------------------------------
  slack (VIOLATED)                                                  -0.02


  Startpoint: ex_stage_inst/rd_addr_reg/reg_data_reg[4]
              (rising edge-triggered flip-flop clocked by clk)
  Endpoint: if_stage_inst/pc_reg_inst/reg_data_reg[13]
            (rising edge-triggered flip-flop clocked by clk)
  Path Group: clk
  Path Type: max

  Des/Clust/Port     Wire Load Model       Library
  ------------------------------------------------
  dlx                5K_hvratio_1_1        NangateOpenCellLibrary

  Point                                                   Incr       Path
  --------------------------------------------------------------------------
  clock clk (rise edge)                                   0.00       0.00
  clock network delay (ideal)                             0.00       0.00
  ex_stage_inst/rd_addr_reg/reg_data_reg[4]/CK (DFF_X1)
                                                          0.00       0.00 r
  ex_stage_inst/rd_addr_reg/reg_data_reg[4]/QN (DFF_X1)
                                                          0.07       0.07 r
  U6391/ZN (XNOR2_X1)                                     0.06       0.13 r
  U7206/ZN (AND2_X1)                                      0.04       0.17 r
  U6770/ZN (AND3_X2)                                      0.06       0.23 r
  U6769/ZN (AND3_X2)                                      0.07       0.30 r
  U5614/ZN (NAND2_X1)                                     0.04       0.34 f
  U7288/ZN (OR2_X1)                                       0.06       0.40 f
  U7289/ZN (NAND4_X1)                                     0.04       0.45 r
  U8416/ZN (XNOR2_X1)                                     0.07       0.51 r
  U5391/ZN (OR2_X2)                                       0.05       0.56 r
  U8417/ZN (NAND2_X1)                                     0.04       0.60 f
  U8420/ZN (NOR2_X1)                                      0.05       0.64 r
  U6406/ZN (AOI21_X1)                                     0.03       0.68 f
  U8444/ZN (OAI21_X1)                                     0.05       0.72 r
  U6710/ZN (NAND2_X1)                                     0.04       0.76 f
  U5126/ZN (OAI211_X2)                                    0.06       0.82 r
  U6527/ZN (NAND2_X1)                                     0.05       0.87 f
  U6537/ZN (NAND2_X1)                                     0.04       0.91 r
  U6526/ZN (NAND2_X1)                                     0.03       0.94 f
  U6538/ZN (NAND2_X1)                                     0.03       0.98 r
  U9218/ZN (OAI21_X1)                                     0.03       1.01 f
  U9219/ZN (XNOR2_X1)                                     0.06       1.07 f
  U9220/ZN (INV_X1)                                       0.04       1.11 r
  U6393/ZN (AND3_X1)                                      0.05       1.16 r
  U6604/ZN (AND3_X1)                                      0.05       1.21 r
  U6673/ZN (OAI211_X1)                                    0.03       1.24 f
  U9236/ZN (NAND4_X1)                                     0.04       1.28 r
  U6552/ZN (NAND3_X1)                                     0.03       1.31 f
  U6447/ZN (NAND2_X1)                                     0.03       1.34 r
  U6534/ZN (XNOR2_X1)                                     0.06       1.40 r
  U6732/ZN (AND3_X1)                                      0.05       1.45 r
  U6733/ZN (NAND3_X1)                                     0.03       1.48 f
  U11079/ZN (AND3_X1)                                     0.04       1.52 f
  U11080/ZN (NOR2_X1)                                     0.04       1.56 r
  U11081/ZN (NAND2_X1)                                    0.03       1.60 f
  U11454/ZN (OR2_X2)                                      0.06       1.65 f
  U6409/Z (BUF_X2)                                        0.06       1.71 f
  U11737/ZN (OAI211_X1)                                   0.06       1.77 r
  if_stage_inst/pc_reg_inst/reg_data_reg[13]/D (DFF_X2)
                                                          0.01       1.78 r
  data arrival time                                                  1.78

  clock clk (rise edge)                                   1.80       1.80
  clock network delay (ideal)                             0.00       1.80
  if_stage_inst/pc_reg_inst/reg_data_reg[13]/CK (DFF_X2)
                                                          0.00       1.80 r
  library setup time                                     -0.04       1.76
  data required time                                                 1.76
  --------------------------------------------------------------------------
  data required time                                                 1.76
  data arrival time                                                 -1.78
  --------------------------------------------------------------------------
  slack (VIOLATED)                                                  -0.02


  Startpoint: ex_stage_inst/rd_addr_reg/reg_data_reg[4]
              (rising edge-triggered flip-flop clocked by clk)
  Endpoint: if_stage_inst/pc_reg_inst/reg_data_reg[17]
            (rising edge-triggered flip-flop clocked by clk)
  Path Group: clk
  Path Type: max

  Des/Clust/Port     Wire Load Model       Library
  ------------------------------------------------
  dlx                5K_hvratio_1_1        NangateOpenCellLibrary

  Point                                                   Incr       Path
  --------------------------------------------------------------------------
  clock clk (rise edge)                                   0.00       0.00
  clock network delay (ideal)                             0.00       0.00
  ex_stage_inst/rd_addr_reg/reg_data_reg[4]/CK (DFF_X1)
                                                          0.00       0.00 r
  ex_stage_inst/rd_addr_reg/reg_data_reg[4]/QN (DFF_X1)
                                                          0.07       0.07 r
  U6391/ZN (XNOR2_X1)                                     0.06       0.13 r
  U7206/ZN (AND2_X1)                                      0.04       0.17 r
  U6770/ZN (AND3_X2)                                      0.06       0.23 r
  U6769/ZN (AND3_X2)                                      0.07       0.30 r
  U5614/ZN (NAND2_X1)                                     0.04       0.34 f
  U7288/ZN (OR2_X1)                                       0.06       0.40 f
  U7289/ZN (NAND4_X1)                                     0.04       0.45 r
  U8416/ZN (XNOR2_X1)                                     0.07       0.51 r
  U5391/ZN (OR2_X2)                                       0.05       0.56 r
  U8417/ZN (NAND2_X1)                                     0.04       0.60 f
  U8420/ZN (NOR2_X1)                                      0.05       0.64 r
  U6406/ZN (AOI21_X1)                                     0.03       0.68 f
  U8444/ZN (OAI21_X1)                                     0.05       0.72 r
  U6710/ZN (NAND2_X1)                                     0.04       0.76 f
  U5126/ZN (OAI211_X2)                                    0.06       0.82 r
  U6527/ZN (NAND2_X1)                                     0.05       0.87 f
  U6537/ZN (NAND2_X1)                                     0.04       0.91 r
  U6526/ZN (NAND2_X1)                                     0.03       0.94 f
  U6538/ZN (NAND2_X1)                                     0.03       0.98 r
  U9218/ZN (OAI21_X1)                                     0.03       1.01 f
  U9219/ZN (XNOR2_X1)                                     0.06       1.07 f
  U9220/ZN (INV_X1)                                       0.04       1.11 r
  U6393/ZN (AND3_X1)                                      0.05       1.16 r
  U6604/ZN (AND3_X1)                                      0.05       1.21 r
  U6673/ZN (OAI211_X1)                                    0.03       1.24 f
  U9236/ZN (NAND4_X1)                                     0.04       1.28 r
  U6552/ZN (NAND3_X1)                                     0.03       1.31 f
  U6447/ZN (NAND2_X1)                                     0.03       1.34 r
  U6534/ZN (XNOR2_X1)                                     0.06       1.40 r
  U6732/ZN (AND3_X1)                                      0.05       1.45 r
  U6733/ZN (NAND3_X1)                                     0.03       1.48 f
  U11079/ZN (AND3_X1)                                     0.04       1.52 f
  U11080/ZN (NOR2_X1)                                     0.04       1.56 r
  U11081/ZN (NAND2_X1)                                    0.03       1.60 f
  U11454/ZN (OR2_X2)                                      0.06       1.65 f
  U6409/Z (BUF_X2)                                        0.06       1.71 f
  U11599/ZN (OAI211_X1)                                   0.06       1.77 r
  if_stage_inst/pc_reg_inst/reg_data_reg[17]/D (DFF_X2)
                                                          0.01       1.78 r
  data arrival time                                                  1.78

  clock clk (rise edge)                                   1.80       1.80
  clock network delay (ideal)                             0.00       1.80
  if_stage_inst/pc_reg_inst/reg_data_reg[17]/CK (DFF_X2)
                                                          0.00       1.80 r
  library setup time                                     -0.04       1.76
  data required time                                                 1.76
  --------------------------------------------------------------------------
  data required time                                                 1.76
  data arrival time                                                 -1.78
  --------------------------------------------------------------------------
  slack (VIOLATED)                                                  -0.02


  Startpoint: ex_stage_inst/rd_addr_reg/reg_data_reg[4]
              (rising edge-triggered flip-flop clocked by clk)
  Endpoint: if_stage_inst/pc_reg_inst/reg_data_reg[19]
            (rising edge-triggered flip-flop clocked by clk)
  Path Group: clk
  Path Type: max

  Des/Clust/Port     Wire Load Model       Library
  ------------------------------------------------
  dlx                5K_hvratio_1_1        NangateOpenCellLibrary

  Point                                                   Incr       Path
  --------------------------------------------------------------------------
  clock clk (rise edge)                                   0.00       0.00
  clock network delay (ideal)                             0.00       0.00
  ex_stage_inst/rd_addr_reg/reg_data_reg[4]/CK (DFF_X1)
                                                          0.00       0.00 r
  ex_stage_inst/rd_addr_reg/reg_data_reg[4]/QN (DFF_X1)
                                                          0.07       0.07 r
  U6391/ZN (XNOR2_X1)                                     0.06       0.13 r
  U7206/ZN (AND2_X1)                                      0.04       0.17 r
  U6770/ZN (AND3_X2)                                      0.06       0.23 r
  U6769/ZN (AND3_X2)                                      0.07       0.30 r
  U5614/ZN (NAND2_X1)                                     0.04       0.34 f
  U7288/ZN (OR2_X1)                                       0.06       0.40 f
  U7289/ZN (NAND4_X1)                                     0.04       0.45 r
  U8416/ZN (XNOR2_X1)                                     0.07       0.51 r
  U5391/ZN (OR2_X2)                                       0.05       0.56 r
  U8417/ZN (NAND2_X1)                                     0.04       0.60 f
  U8420/ZN (NOR2_X1)                                      0.05       0.64 r
  U6406/ZN (AOI21_X1)                                     0.03       0.68 f
  U8444/ZN (OAI21_X1)                                     0.05       0.72 r
  U6710/ZN (NAND2_X1)                                     0.04       0.76 f
  U5126/ZN (OAI211_X2)                                    0.06       0.82 r
  U6527/ZN (NAND2_X1)                                     0.05       0.87 f
  U6537/ZN (NAND2_X1)                                     0.04       0.91 r
  U6526/ZN (NAND2_X1)                                     0.03       0.94 f
  U6538/ZN (NAND2_X1)                                     0.03       0.98 r
  U9218/ZN (OAI21_X1)                                     0.03       1.01 f
  U9219/ZN (XNOR2_X1)                                     0.06       1.07 f
  U9220/ZN (INV_X1)                                       0.04       1.11 r
  U6393/ZN (AND3_X1)                                      0.05       1.16 r
  U6604/ZN (AND3_X1)                                      0.05       1.21 r
  U6673/ZN (OAI211_X1)                                    0.03       1.24 f
  U9236/ZN (NAND4_X1)                                     0.04       1.28 r
  U6552/ZN (NAND3_X1)                                     0.03       1.31 f
  U6447/ZN (NAND2_X1)                                     0.03       1.34 r
  U6534/ZN (XNOR2_X1)                                     0.06       1.40 r
  U6732/ZN (AND3_X1)                                      0.05       1.45 r
  U6733/ZN (NAND3_X1)                                     0.03       1.48 f
  U11079/ZN (AND3_X1)                                     0.04       1.52 f
  U11080/ZN (NOR2_X1)                                     0.04       1.56 r
  U11081/ZN (NAND2_X1)                                    0.03       1.60 f
  U11454/ZN (OR2_X2)                                      0.06       1.65 f
  U6409/Z (BUF_X2)                                        0.06       1.71 f
  U12199/ZN (OAI211_X1)                                   0.06       1.77 r
  if_stage_inst/pc_reg_inst/reg_data_reg[19]/D (DFF_X2)
                                                          0.01       1.78 r
  data arrival time                                                  1.78

  clock clk (rise edge)                                   1.80       1.80
  clock network delay (ideal)                             0.00       1.80
  if_stage_inst/pc_reg_inst/reg_data_reg[19]/CK (DFF_X2)
                                                          0.00       1.80 r
  library setup time                                     -0.04       1.76
  data required time                                                 1.76
  --------------------------------------------------------------------------
  data required time                                                 1.76
  data arrival time                                                 -1.78
  --------------------------------------------------------------------------
  slack (VIOLATED)                                                  -0.02


  Startpoint: ex_stage_inst/rd_addr_reg/reg_data_reg[4]
              (rising edge-triggered flip-flop clocked by clk)
  Endpoint: if_stage_inst/pc_reg_inst/reg_data_reg[23]
            (rising edge-triggered flip-flop clocked by clk)
  Path Group: clk
  Path Type: max

  Des/Clust/Port     Wire Load Model       Library
  ------------------------------------------------
  dlx                5K_hvratio_1_1        NangateOpenCellLibrary

  Point                                                   Incr       Path
  --------------------------------------------------------------------------
  clock clk (rise edge)                                   0.00       0.00
  clock network delay (ideal)                             0.00       0.00
  ex_stage_inst/rd_addr_reg/reg_data_reg[4]/CK (DFF_X1)
                                                          0.00       0.00 r
  ex_stage_inst/rd_addr_reg/reg_data_reg[4]/QN (DFF_X1)
                                                          0.07       0.07 r
  U6391/ZN (XNOR2_X1)                                     0.06       0.13 r
  U7206/ZN (AND2_X1)                                      0.04       0.17 r
  U6770/ZN (AND3_X2)                                      0.06       0.23 r
  U6769/ZN (AND3_X2)                                      0.07       0.30 r
  U5614/ZN (NAND2_X1)                                     0.04       0.34 f
  U7288/ZN (OR2_X1)                                       0.06       0.40 f
  U7289/ZN (NAND4_X1)                                     0.04       0.45 r
  U8416/ZN (XNOR2_X1)                                     0.07       0.51 r
  U5391/ZN (OR2_X2)                                       0.05       0.56 r
  U8417/ZN (NAND2_X1)                                     0.04       0.60 f
  U8420/ZN (NOR2_X1)                                      0.05       0.64 r
  U6406/ZN (AOI21_X1)                                     0.03       0.68 f
  U8444/ZN (OAI21_X1)                                     0.05       0.72 r
  U6710/ZN (NAND2_X1)                                     0.04       0.76 f
  U5126/ZN (OAI211_X2)                                    0.06       0.82 r
  U6527/ZN (NAND2_X1)                                     0.05       0.87 f
  U6537/ZN (NAND2_X1)                                     0.04       0.91 r
  U6526/ZN (NAND2_X1)                                     0.03       0.94 f
  U6538/ZN (NAND2_X1)                                     0.03       0.98 r
  U9218/ZN (OAI21_X1)                                     0.03       1.01 f
  U9219/ZN (XNOR2_X1)                                     0.06       1.07 f
  U9220/ZN (INV_X1)                                       0.04       1.11 r
  U6393/ZN (AND3_X1)                                      0.05       1.16 r
  U6604/ZN (AND3_X1)                                      0.05       1.21 r
  U6673/ZN (OAI211_X1)                                    0.03       1.24 f
  U9236/ZN (NAND4_X1)                                     0.04       1.28 r
  U6552/ZN (NAND3_X1)                                     0.03       1.31 f
  U6447/ZN (NAND2_X1)                                     0.03       1.34 r
  U6534/ZN (XNOR2_X1)                                     0.06       1.40 r
  U6732/ZN (AND3_X1)                                      0.05       1.45 r
  U6733/ZN (NAND3_X1)                                     0.03       1.48 f
  U11079/ZN (AND3_X1)                                     0.04       1.52 f
  U11080/ZN (NOR2_X1)                                     0.04       1.56 r
  U11081/ZN (NAND2_X1)                                    0.03       1.60 f
  U11454/ZN (OR2_X2)                                      0.06       1.65 f
  U6409/Z (BUF_X2)                                        0.06       1.71 f
  U11927/ZN (OAI211_X1)                                   0.06       1.77 r
  if_stage_inst/pc_reg_inst/reg_data_reg[23]/D (DFF_X2)
                                                          0.01       1.78 r
  data arrival time                                                  1.78

  clock clk (rise edge)                                   1.80       1.80
  clock network delay (ideal)                             0.00       1.80
  if_stage_inst/pc_reg_inst/reg_data_reg[23]/CK (DFF_X2)
                                                          0.00       1.80 r
  library setup time                                     -0.04       1.76
  data required time                                                 1.76
  --------------------------------------------------------------------------
  data required time                                                 1.76
  data arrival time                                                 -1.78
  --------------------------------------------------------------------------
  slack (VIOLATED)                                                  -0.02


  Startpoint: ex_stage_inst/rd_addr_reg/reg_data_reg[4]
              (rising edge-triggered flip-flop clocked by clk)
  Endpoint: if_stage_inst/pc_reg_inst/reg_data_reg[24]
            (rising edge-triggered flip-flop clocked by clk)
  Path Group: clk
  Path Type: max

  Des/Clust/Port     Wire Load Model       Library
  ------------------------------------------------
  dlx                5K_hvratio_1_1        NangateOpenCellLibrary

  Point                                                   Incr       Path
  --------------------------------------------------------------------------
  clock clk (rise edge)                                   0.00       0.00
  clock network delay (ideal)                             0.00       0.00
  ex_stage_inst/rd_addr_reg/reg_data_reg[4]/CK (DFF_X1)
                                                          0.00       0.00 r
  ex_stage_inst/rd_addr_reg/reg_data_reg[4]/QN (DFF_X1)
                                                          0.07       0.07 r
  U6391/ZN (XNOR2_X1)                                     0.06       0.13 r
  U7206/ZN (AND2_X1)                                      0.04       0.17 r
  U6770/ZN (AND3_X2)                                      0.06       0.23 r
  U6769/ZN (AND3_X2)                                      0.07       0.30 r
  U5614/ZN (NAND2_X1)                                     0.04       0.34 f
  U7288/ZN (OR2_X1)                                       0.06       0.40 f
  U7289/ZN (NAND4_X1)                                     0.04       0.45 r
  U8416/ZN (XNOR2_X1)                                     0.07       0.51 r
  U5391/ZN (OR2_X2)                                       0.05       0.56 r
  U8417/ZN (NAND2_X1)                                     0.04       0.60 f
  U8420/ZN (NOR2_X1)                                      0.05       0.64 r
  U6406/ZN (AOI21_X1)                                     0.03       0.68 f
  U8444/ZN (OAI21_X1)                                     0.05       0.72 r
  U6710/ZN (NAND2_X1)                                     0.04       0.76 f
  U5126/ZN (OAI211_X2)                                    0.06       0.82 r
  U6527/ZN (NAND2_X1)                                     0.05       0.87 f
  U6537/ZN (NAND2_X1)                                     0.04       0.91 r
  U6526/ZN (NAND2_X1)                                     0.03       0.94 f
  U6538/ZN (NAND2_X1)                                     0.03       0.98 r
  U9218/ZN (OAI21_X1)                                     0.03       1.01 f
  U9219/ZN (XNOR2_X1)                                     0.06       1.07 f
  U9220/ZN (INV_X1)                                       0.04       1.11 r
  U6393/ZN (AND3_X1)                                      0.05       1.16 r
  U6604/ZN (AND3_X1)                                      0.05       1.21 r
  U6673/ZN (OAI211_X1)                                    0.03       1.24 f
  U9236/ZN (NAND4_X1)                                     0.04       1.28 r
  U6552/ZN (NAND3_X1)                                     0.03       1.31 f
  U6447/ZN (NAND2_X1)                                     0.03       1.34 r
  U6534/ZN (XNOR2_X1)                                     0.06       1.40 r
  U6732/ZN (AND3_X1)                                      0.05       1.45 r
  U6733/ZN (NAND3_X1)                                     0.03       1.48 f
  U11079/ZN (AND3_X1)                                     0.04       1.52 f
  U11080/ZN (NOR2_X1)                                     0.04       1.56 r
  U11081/ZN (NAND2_X1)                                    0.03       1.60 f
  U11454/ZN (OR2_X2)                                      0.06       1.65 f
  U6409/Z (BUF_X2)                                        0.06       1.71 f
  U12226/ZN (OAI211_X1)                                   0.06       1.77 r
  if_stage_inst/pc_reg_inst/reg_data_reg[24]/D (DFF_X2)
                                                          0.01       1.78 r
  data arrival time                                                  1.78

  clock clk (rise edge)                                   1.80       1.80
  clock network delay (ideal)                             0.00       1.80
  if_stage_inst/pc_reg_inst/reg_data_reg[24]/CK (DFF_X2)
                                                          0.00       1.80 r
  library setup time                                     -0.04       1.76
  data required time                                                 1.76
  --------------------------------------------------------------------------
  data required time                                                 1.76
  data arrival time                                                 -1.78
  --------------------------------------------------------------------------
  slack (VIOLATED)                                                  -0.02


  Startpoint: ex_stage_inst/rd_addr_reg/reg_data_reg[4]
              (rising edge-triggered flip-flop clocked by clk)
  Endpoint: if_stage_inst/pc_reg_inst/reg_data_reg[11]
            (rising edge-triggered flip-flop clocked by clk)
  Path Group: clk
  Path Type: max

  Des/Clust/Port     Wire Load Model       Library
  ------------------------------------------------
  dlx                5K_hvratio_1_1        NangateOpenCellLibrary

  Point                                                   Incr       Path
  --------------------------------------------------------------------------
  clock clk (rise edge)                                   0.00       0.00
  clock network delay (ideal)                             0.00       0.00
  ex_stage_inst/rd_addr_reg/reg_data_reg[4]/CK (DFF_X1)
                                                          0.00       0.00 r
  ex_stage_inst/rd_addr_reg/reg_data_reg[4]/QN (DFF_X1)
                                                          0.07       0.07 r
  U6391/ZN (XNOR2_X1)                                     0.06       0.13 r
  U7206/ZN (AND2_X1)                                      0.04       0.17 r
  U6770/ZN (AND3_X2)                                      0.06       0.23 r
  U6769/ZN (AND3_X2)                                      0.07       0.30 r
  U5614/ZN (NAND2_X1)                                     0.04       0.34 f
  U7288/ZN (OR2_X1)                                       0.06       0.40 f
  U7289/ZN (NAND4_X1)                                     0.04       0.45 r
  U8416/ZN (XNOR2_X1)                                     0.07       0.51 r
  U5391/ZN (OR2_X2)                                       0.05       0.56 r
  U8417/ZN (NAND2_X1)                                     0.04       0.60 f
  U8420/ZN (NOR2_X1)                                      0.05       0.64 r
  U6406/ZN (AOI21_X1)                                     0.03       0.68 f
  U8444/ZN (OAI21_X1)                                     0.05       0.72 r
  U6710/ZN (NAND2_X1)                                     0.04       0.76 f
  U5126/ZN (OAI211_X2)                                    0.06       0.82 r
  U6527/ZN (NAND2_X1)                                     0.05       0.87 f
  U6537/ZN (NAND2_X1)                                     0.04       0.91 r
  U6526/ZN (NAND2_X1)                                     0.03       0.94 f
  U6538/ZN (NAND2_X1)                                     0.03       0.98 r
  U9218/ZN (OAI21_X1)                                     0.03       1.01 f
  U9219/ZN (XNOR2_X1)                                     0.06       1.07 f
  U9220/ZN (INV_X1)                                       0.04       1.11 r
  U6393/ZN (AND3_X1)                                      0.05       1.16 r
  U6604/ZN (AND3_X1)                                      0.05       1.21 r
  U6673/ZN (OAI211_X1)                                    0.03       1.24 f
  U9236/ZN (NAND4_X1)                                     0.04       1.28 r
  U6552/ZN (NAND3_X1)                                     0.03       1.31 f
  U6447/ZN (NAND2_X1)                                     0.03       1.34 r
  U6534/ZN (XNOR2_X1)                                     0.06       1.40 r
  U6732/ZN (AND3_X1)                                      0.05       1.45 r
  U6733/ZN (NAND3_X1)                                     0.03       1.48 f
  U11079/ZN (AND3_X1)                                     0.04       1.52 f
  U11080/ZN (NOR2_X1)                                     0.04       1.56 r
  U11081/ZN (NAND2_X1)                                    0.03       1.60 f
  U11454/ZN (OR2_X2)                                      0.06       1.65 f
  U6409/Z (BUF_X2)                                        0.06       1.71 f
  U11765/ZN (OAI211_X1)                                   0.06       1.77 r
  if_stage_inst/pc_reg_inst/reg_data_reg[11]/D (DFF_X2)
                                                          0.01       1.78 r
  data arrival time                                                  1.78

  clock clk (rise edge)                                   1.80       1.80
  clock network delay (ideal)                             0.00       1.80
  if_stage_inst/pc_reg_inst/reg_data_reg[11]/CK (DFF_X2)
                                                          0.00       1.80 r
  library setup time                                     -0.04       1.76
  data required time                                                 1.76
  --------------------------------------------------------------------------
  data required time                                                 1.76
  data arrival time                                                 -1.78
  --------------------------------------------------------------------------
  slack (VIOLATED)                                                  -0.02


  Startpoint: ex_stage_inst/rd_addr_reg/reg_data_reg[4]
              (rising edge-triggered flip-flop clocked by clk)
  Endpoint: if_stage_inst/pc_reg_inst/reg_data_reg[25]
            (rising edge-triggered flip-flop clocked by clk)
  Path Group: clk
  Path Type: max

  Des/Clust/Port     Wire Load Model       Library
  ------------------------------------------------
  dlx                5K_hvratio_1_1        NangateOpenCellLibrary

  Point                                                   Incr       Path
  --------------------------------------------------------------------------
  clock clk (rise edge)                                   0.00       0.00
  clock network delay (ideal)                             0.00       0.00
  ex_stage_inst/rd_addr_reg/reg_data_reg[4]/CK (DFF_X1)
                                                          0.00       0.00 r
  ex_stage_inst/rd_addr_reg/reg_data_reg[4]/QN (DFF_X1)
                                                          0.07       0.07 r
  U6391/ZN (XNOR2_X1)                                     0.06       0.13 r
  U7206/ZN (AND2_X1)                                      0.04       0.17 r
  U6770/ZN (AND3_X2)                                      0.06       0.23 r
  U6769/ZN (AND3_X2)                                      0.07       0.30 r
  U5614/ZN (NAND2_X1)                                     0.04       0.34 f
  U7288/ZN (OR2_X1)                                       0.06       0.40 f
  U7289/ZN (NAND4_X1)                                     0.04       0.45 r
  U8416/ZN (XNOR2_X1)                                     0.07       0.51 r
  U5391/ZN (OR2_X2)                                       0.05       0.56 r
  U8417/ZN (NAND2_X1)                                     0.04       0.60 f
  U8420/ZN (NOR2_X1)                                      0.05       0.64 r
  U6406/ZN (AOI21_X1)                                     0.03       0.68 f
  U8444/ZN (OAI21_X1)                                     0.05       0.72 r
  U6710/ZN (NAND2_X1)                                     0.04       0.76 f
  U5126/ZN (OAI211_X2)                                    0.06       0.82 r
  U6527/ZN (NAND2_X1)                                     0.05       0.87 f
  U6537/ZN (NAND2_X1)                                     0.04       0.91 r
  U6526/ZN (NAND2_X1)                                     0.03       0.94 f
  U6538/ZN (NAND2_X1)                                     0.03       0.98 r
  U9218/ZN (OAI21_X1)                                     0.03       1.01 f
  U9219/ZN (XNOR2_X1)                                     0.06       1.07 f
  U9220/ZN (INV_X1)                                       0.04       1.11 r
  U6393/ZN (AND3_X1)                                      0.05       1.16 r
  U6604/ZN (AND3_X1)                                      0.05       1.21 r
  U6673/ZN (OAI211_X1)                                    0.03       1.24 f
  U9236/ZN (NAND4_X1)                                     0.04       1.28 r
  U6552/ZN (NAND3_X1)                                     0.03       1.31 f
  U6447/ZN (NAND2_X1)                                     0.03       1.34 r
  U6534/ZN (XNOR2_X1)                                     0.06       1.40 r
  U6732/ZN (AND3_X1)                                      0.05       1.45 r
  U6733/ZN (NAND3_X1)                                     0.03       1.48 f
  U11079/ZN (AND3_X1)                                     0.04       1.52 f
  U11080/ZN (NOR2_X1)                                     0.04       1.56 r
  U11081/ZN (NAND2_X1)                                    0.03       1.60 f
  U11454/ZN (OR2_X2)                                      0.06       1.65 f
  U6409/Z (BUF_X2)                                        0.06       1.71 f
  U12253/ZN (OAI211_X1)                                   0.06       1.77 r
  if_stage_inst/pc_reg_inst/reg_data_reg[25]/D (DFF_X2)
                                                          0.01       1.78 r
  data arrival time                                                  1.78

  clock clk (rise edge)                                   1.80       1.80
  clock network delay (ideal)                             0.00       1.80
  if_stage_inst/pc_reg_inst/reg_data_reg[25]/CK (DFF_X2)
                                                          0.00       1.80 r
  library setup time                                     -0.04       1.76
  data required time                                                 1.76
  --------------------------------------------------------------------------
  data required time                                                 1.76
  data arrival time                                                 -1.78
  --------------------------------------------------------------------------
  slack (VIOLATED)                                                  -0.02


1
